Full ablation: mb dynamics, D=201
Surfaces: ['paraboloid', 'hyperbolic_paraboloid', 'quartic_dome', 'sinusoidal']
Conditions: ['baseline', 'T', 'F', 'C', 'T+F'] + ATLAS
Seeds (10): [42, 1042, 2042, 3042, 4042, 5042, 6042, 7042, 8042, 9042]
AE epochs: 4000, SDE epochs: 3000
N_train: 200

============================================================
  paraboloid | seed=42 | mb | D=201
============================================================
    ATLAS  recon=0.0000  tangent=0.0010  E_mu=0.5113  E_Sig=0.0003  S2=0.199897
    baseline      Epoch 800/4000: loss=0.000009
      Epoch 1600/4000: loss=0.000001
      Epoch 2400/4000: loss=0.000001
      Epoch 3200/4000: loss=0.000001
      Epoch 4000/4000: loss=0.000000
  recon=0.0000  E_mu=0.0057  E_drift=0.012345  S2=0.000032  S3=0.000000
    T      Epoch 800/4000: loss=0.000077
      Epoch 1600/4000: loss=0.000032
      Epoch 2400/4000: loss=0.000024
      Epoch 3200/4000: loss=0.000022
      Epoch 4000/4000: loss=0.000022
  recon=0.0000  E_mu=0.0001  E_drift=0.015907  S2=0.000036  S3=0.000000
    F      Epoch 800/4000: loss=0.002078
      Epoch 1600/4000: loss=0.002049
      Epoch 2400/4000: loss=0.002173
      Epoch 3200/4000: loss=0.002113
      Epoch 4000/4000: loss=0.002108
  recon=0.0021  E_mu=10.8140  E_drift=0.002641  S2=0.000457  S3=0.000011
    C      Epoch 800/4000: loss=0.002076
      Epoch 1600/4000: loss=0.002049
      Epoch 2400/4000: loss=0.002172
      Epoch 3200/4000: loss=0.002112
      Epoch 4000/4000: loss=0.002107
  recon=0.0021  E_mu=10.8110  E_drift=0.000000  S2=0.000000  S3=0.000011
    T+F      Epoch 800/4000: loss=0.001185
      Epoch 1600/4000: loss=0.000850
      Epoch 2400/4000: loss=0.000807
      Epoch 3200/4000: loss=0.000760
      Epoch 4000/4000: loss=0.000772
  recon=0.0000  E_mu=0.0033  E_drift=0.016002  S2=0.000044  S3=0.000000

============================================================
  paraboloid | seed=1042 | mb | D=201
============================================================
    ATLAS  recon=0.0000  tangent=0.0011  E_mu=0.4792  E_Sig=0.0002  S2=0.106990
    baseline      Epoch 800/4000: loss=0.000009
      Epoch 1600/4000: loss=0.000001
      Epoch 2400/4000: loss=0.000000
      Epoch 3200/4000: loss=0.000000
      Epoch 4000/4000: loss=0.000000
  recon=0.0000  E_mu=0.0057  E_drift=0.023212  S2=0.000081  S3=0.000000
    T      Epoch 800/4000: loss=0.000113
      Epoch 1600/4000: loss=0.000027
      Epoch 2400/4000: loss=0.000019
      Epoch 3200/4000: loss=0.000020
      Epoch 4000/4000: loss=0.000019
  recon=0.0000  E_mu=0.0001  E_drift=0.008371  S2=0.000024  S3=0.000000
    F      Epoch 800/4000: loss=0.002101
      Epoch 1600/4000: loss=0.002113
      Epoch 2400/4000: loss=0.002100
      Epoch 3200/4000: loss=0.002153
      Epoch 4000/4000: loss=0.002131
  recon=0.0021  E_mu=12.0324  E_drift=0.002275  S2=0.000429  S3=0.000011
    C      Epoch 800/4000: loss=0.002100
      Epoch 1600/4000: loss=0.002112
      Epoch 2400/4000: loss=0.002100
      Epoch 3200/4000: loss=0.002153
      Epoch 4000/4000: loss=0.002131
  recon=0.0021  E_mu=12.0310  E_drift=0.000000  S2=0.000000  S3=0.000011
    T+F      Epoch 800/4000: loss=0.001050
      Epoch 1600/4000: loss=0.000668
      Epoch 2400/4000: loss=0.000277
      Epoch 3200/4000: loss=0.000087
      Epoch 4000/4000: loss=0.000059
  recon=0.0000  E_mu=0.0002  E_drift=0.013082  S2=0.000058  S3=0.000000

============================================================
  paraboloid | seed=2042 | mb | D=201
============================================================
    ATLAS  recon=0.0000  tangent=0.0011  E_mu=0.3656  E_Sig=0.0003  S2=0.095916
    baseline      Epoch 800/4000: loss=0.000003
      Epoch 1600/4000: loss=0.000001
      Epoch 2400/4000: loss=0.000000
      Epoch 3200/4000: loss=0.000000
      Epoch 4000/4000: loss=0.000000
  recon=0.0000  E_mu=0.0104  E_drift=0.016151  S2=0.000049  S3=0.000000
    T      Epoch 800/4000: loss=0.000475
      Epoch 1600/4000: loss=0.000075
      Epoch 2400/4000: loss=0.000052
      Epoch 3200/4000: loss=0.000047
      Epoch 4000/4000: loss=0.000045
  recon=0.0000  E_mu=0.0003  E_drift=0.008922  S2=0.000016  S3=0.000000
    F      Epoch 800/4000: loss=0.002103
      Epoch 1600/4000: loss=0.002096
      Epoch 2400/4000: loss=0.002036
      Epoch 3200/4000: loss=0.002158
      Epoch 4000/4000: loss=0.002143
  recon=0.0021  E_mu=12.4020  E_drift=0.001075  S2=0.000226  S3=0.000011
    C      Epoch 800/4000: loss=0.002100
      Epoch 1600/4000: loss=0.002095
      Epoch 2400/4000: loss=0.002035
      Epoch 3200/4000: loss=0.002157
      Epoch 4000/4000: loss=0.002142
  recon=0.0021  E_mu=12.3969  E_drift=0.000000  S2=0.000000  S3=0.000011
    T+F      Epoch 800/4000: loss=0.000839
      Epoch 1600/4000: loss=0.000291
      Epoch 2400/4000: loss=0.000191
      Epoch 3200/4000: loss=0.000138
      Epoch 4000/4000: loss=0.000116
  recon=0.0000  E_mu=0.0003  E_drift=0.009823  S2=0.000034  S3=0.000000

============================================================
  paraboloid | seed=3042 | mb | D=201
============================================================
slurmstepd: error: *** JOB 61419 ON dgx03 CANCELLED AT 2026-03-22T19:30:45 ***
