ATLAS benchmark: D=11, N=200, mode=oracle
Surfaces: ['paraboloid'], Seeds: [42, 1042, 2042, 3042, 4042, 5042, 6042, 7042, 8042, 9042]

============================================================
  paraboloid | seed=42
============================================================
    ATLAS E_mu=1.5662
    ATLAS MFPT err=124.5%  exit=0.0%

============================================================
  paraboloid | seed=1042
============================================================
    ATLAS E_mu=0.8324
    ATLAS MFPT err=102.2%  exit=0.0%

============================================================
  paraboloid | seed=2042
============================================================
    ATLAS E_mu=0.9547
    ATLAS MFPT err=32.2%  exit=0.0%

============================================================
  paraboloid | seed=3042
============================================================
    ATLAS E_mu=0.8817
    ATLAS MFPT err=26.8%  exit=0.0%

============================================================
  paraboloid | seed=4042
============================================================
    ATLAS E_mu=0.7930
    ATLAS MFPT err=14.5%  exit=0.0%

============================================================
  paraboloid | seed=5042
============================================================
    ATLAS E_mu=0.9369
    ATLAS MFPT err=31.4%  exit=0.0%

============================================================
  paraboloid | seed=6042
============================================================
    ATLAS E_mu=0.7784
    ATLAS MFPT err=24.1%  exit=0.0%

============================================================
  paraboloid | seed=7042
============================================================
    ATLAS E_mu=1.2955
    ATLAS MFPT err=19.6%  exit=0.0%

============================================================
  paraboloid | seed=8042
============================================================
    ATLAS E_mu=1.2511
    ATLAS MFPT err=90.1%  exit=0.0%

============================================================
  paraboloid | seed=9042
============================================================
    ATLAS E_mu=0.8373
    ATLAS MFPT err=49.2%  exit=0.0%

Total time: 15.6 min
Saved 10 rows to atlas_benchmark_d11.csv

============================================================

  paraboloid: E_mu=1.0127  MFPT_err=51.5%±39.3%  exit=0.0%
