ATLAS benchmark: D=11, N=200, mode=oracle
Surfaces: ['paraboloid'], Seeds: [42, 1042, 2042, 3042, 4042, 5042, 6042, 7042, 8042, 9042]

============================================================
  paraboloid | seed=42
============================================================
    ATLAS E_mu=1.2515
    ATLAS MFPT err=108.4%  exit=0.0%

============================================================
  paraboloid | seed=1042
============================================================
    ATLAS E_mu=0.9124
    ATLAS MFPT err=103.5%  exit=0.0%

============================================================
  paraboloid | seed=2042
============================================================
    ATLAS E_mu=0.9771
    ATLAS MFPT err=20.3%  exit=0.0%

============================================================
  paraboloid | seed=3042
============================================================
    ATLAS E_mu=0.9390
    ATLAS MFPT err=36.8%  exit=0.0%

============================================================
  paraboloid | seed=4042
============================================================
    ATLAS E_mu=0.8905
    ATLAS MFPT err=9.1%  exit=0.0%

============================================================
  paraboloid | seed=5042
============================================================
    ATLAS E_mu=0.9679
    ATLAS MFPT err=34.5%  exit=0.0%

============================================================
  paraboloid | seed=6042
============================================================
    ATLAS E_mu=0.8822
    ATLAS MFPT err=17.8%  exit=0.0%

============================================================
  paraboloid | seed=7042
============================================================
    ATLAS E_mu=1.1382
    ATLAS MFPT err=12.7%  exit=0.0%

============================================================
  paraboloid | seed=8042
============================================================
    ATLAS E_mu=1.1185
    ATLAS MFPT err=100.2%  exit=0.0%

============================================================
  paraboloid | seed=9042
============================================================
    ATLAS E_mu=0.9151
    ATLAS MFPT err=27.1%  exit=0.0%

Total time: 14.3 min
Saved 10 rows to atlas_benchmark_d11.csv

============================================================

  paraboloid: E_mu=0.9992  MFPT_err=47.0%±40.3%  exit=0.0%
