Full ablation: mb dynamics, D=11
Surfaces: ['paraboloid', 'hyperbolic_paraboloid', 'quartic_dome', 'sinusoidal']
Conditions: ['baseline', 'T', 'F', 'C', 'T+F'] + ATLAS
Seeds (10): [42, 1042, 2042, 3042, 4042, 5042, 6042, 7042, 8042, 9042]
AE epochs: 4000, SDE epochs: 3000
N_train: 200

============================================================
  paraboloid | seed=42 | mb | D=11
============================================================
    ATLAS  recon=0.0001  tangent=0.0010  E_mu=0.4647  E_b=0.4647  E_Lam=0.0007
    baseline      Epoch 800/4000: loss=0.000031
      Epoch 1600/4000: loss=0.000010
      Epoch 2400/4000: loss=0.000007
      Epoch 3200/4000: loss=0.000006
      Epoch 4000/4000: loss=0.000006
  recon=0.0000  E=0.0086  E_b=0.029326  E_Lam=0.001148
    T      Epoch 800/4000: loss=0.000152
      Epoch 1600/4000: loss=0.000032
      Epoch 2400/4000: loss=0.000017
      Epoch 3200/4000: loss=0.000017
      Epoch 4000/4000: loss=0.000018
  recon=0.0000  E=0.0001  E_b=0.017412  E_Lam=0.000021
    F      Epoch 800/4000: loss=0.002109
      Epoch 1600/4000: loss=0.001070
      Epoch 2400/4000: loss=0.000149
      Epoch 3200/4000: loss=0.000076
      Epoch 4000/4000: loss=0.000079
  recon=0.0001  E=0.0493  E_b=0.087820  E_Lam=0.005476
    C      Epoch 800/4000: loss=0.002528
      Epoch 1600/4000: loss=0.001992
      Epoch 2400/4000: loss=0.001545
      Epoch 3200/4000: loss=0.001483
      Epoch 4000/4000: loss=0.001686
  recon=0.0014  E=0.7055  E_b=3.950873  E_Lam=0.062149
    T+F      Epoch 800/4000: loss=0.000136
      Epoch 1600/4000: loss=0.000060
      Epoch 2400/4000: loss=0.000029
      Epoch 3200/4000: loss=0.000026
      Epoch 4000/4000: loss=0.000028
  recon=0.0000  E=0.0001  E_b=0.010959  E_Lam=0.000008

============================================================
  paraboloid | seed=1042 | mb | D=11
============================================================
    ATLAS  recon=0.0001  tangent=0.0012  E_mu=0.4288  E_b=0.4288  E_Lam=0.0008
    baseline      Epoch 800/4000: loss=0.000044
      Epoch 1600/4000: loss=0.000009
      Epoch 2400/4000: loss=0.000005
      Epoch 3200/4000: loss=0.000004
      Epoch 4000/4000: loss=0.000004
  recon=0.0000  E=0.0055  E_b=0.029810  E_Lam=0.000609
    T      Epoch 800/4000: loss=0.000177
      Epoch 1600/4000: loss=0.000023
      Epoch 2400/4000: loss=0.000014
      Epoch 3200/4000: loss=0.000010
      Epoch 4000/4000: loss=0.000010
  recon=0.0000  E=0.0000  E_b=0.015901  E_Lam=0.000035
    F      Epoch 800/4000: loss=0.001667
      Epoch 1600/4000: loss=0.000082
      Epoch 2400/4000: loss=0.000069
      Epoch 3200/4000: loss=0.000059
      Epoch 4000/4000: loss=0.000067
  recon=0.0001  E=0.0515  E_b=0.093275  E_Lam=0.004798
    C      Epoch 800/4000: loss=0.003121
      Epoch 1600/4000: loss=0.002856
      Epoch 2400/4000: loss=0.002972
      Epoch 3200/4000: loss=0.002807
      Epoch 4000/4000: loss=0.002988
  recon=0.0028  E=1.8897  E_b=6.230210  E_Lam=0.199642
    T+F      Epoch 800/4000: loss=0.001028
      Epoch 1600/4000: loss=0.000044
      Epoch 2400/4000: loss=0.000029
      Epoch 3200/4000: loss=0.000024
      Epoch 4000/4000: loss=0.000020
  recon=0.0000  E=0.0001  E_b=0.009416  E_Lam=0.000009

============================================================
  paraboloid | seed=2042 | mb | D=11
============================================================
    ATLAS  recon=0.0001  tangent=0.0011  E_mu=0.3924  E_b=0.3924  E_Lam=0.0008
    baseline      Epoch 800/4000: loss=0.000038
      Epoch 1600/4000: loss=0.000013
      Epoch 2400/4000: loss=0.000005
      Epoch 3200/4000: loss=0.000004
      Epoch 4000/4000: loss=0.000004
  recon=0.0000  E=0.0064  E_b=0.024858  E_Lam=0.000971
    T      Epoch 800/4000: loss=0.000207
      Epoch 1600/4000: loss=0.000038
      Epoch 2400/4000: loss=0.000024
      Epoch 3200/4000: loss=0.000019
      Epoch 4000/4000: loss=0.000018
  recon=0.0000  E=0.0001  E_b=0.013231  E_Lam=0.000069
    F      Epoch 800/4000: loss=0.000793
      Epoch 1600/4000: loss=0.000078
      Epoch 2400/4000: loss=0.000060
      Epoch 3200/4000: loss=0.000051
      Epoch 4000/4000: loss=0.000052
  recon=0.0000  E=0.0418  E_b=0.064249  E_Lam=0.004384
    C      Epoch 800/4000: loss=0.003062
      Epoch 1600/4000: loss=0.002751
      Epoch 2400/4000: loss=0.003067
      Epoch 3200/4000: loss=0.002758
      Epoch 4000/4000: loss=0.002829
  recon=0.0028  E=1.5519  E_b=5.976983  E_Lam=0.177891
    T+F      Epoch 800/4000: loss=0.000190
      Epoch 1600/4000: loss=0.000096
      Epoch 2400/4000: loss=0.000041
      Epoch 3200/4000: loss=0.000027
      Epoch 4000/4000: loss=0.000023
  recon=0.0000  E=0.0001  E_b=0.007883  E_Lam=0.000020

============================================================
  paraboloid | seed=3042 | mb | D=11
============================================================
    ATLAS  recon=0.0001  tangent=0.0011  E_mu=0.3635  E_b=0.3635  E_Lam=0.0008
    baseline      Epoch 800/4000: loss=0.000037
      Epoch 1600/4000: loss=0.000010
      Epoch 2400/4000: loss=0.000006
      Epoch 3200/4000: loss=0.000006
      Epoch 4000/4000: loss=0.000006
  recon=0.0000  E=0.0045  E_b=0.032878  E_Lam=0.000648
    T      Epoch 800/4000: loss=0.000366
      Epoch 1600/4000: loss=0.000026
      Epoch 2400/4000: loss=0.000015
      Epoch 3200/4000: loss=0.000012
      Epoch 4000/4000: loss=0.000011
  recon=0.0000  E=0.0000  E_b=0.011130  E_Lam=0.000034
    F      Epoch 800/4000: loss=0.001471
      Epoch 1600/4000: loss=0.000065
      Epoch 2400/4000: loss=0.000049
      Epoch 3200/4000: loss=0.000048
      Epoch 4000/4000: loss=0.000046
  recon=0.0000  E=0.0378  E_b=0.060703  E_Lam=0.004123
    C      Epoch 800/4000: loss=0.003121
      Epoch 1600/4000: loss=0.002946
      Epoch 2400/4000: loss=0.002789
      Epoch 3200/4000: loss=0.002820
      Epoch 4000/4000: loss=0.002664
  recon=0.0027  E=1.4571  E_b=5.977574  E_Lam=0.156096
    T+F      Epoch 800/4000: loss=0.000275
      Epoch 1600/4000: loss=0.000054
      Epoch 2400/4000: loss=0.000025
      Epoch 3200/4000: loss=0.000021
      Epoch 4000/4000: loss=0.000020
  recon=0.0000  E=0.0000  E_b=0.013752  E_Lam=0.000012

============================================================
  paraboloid | seed=4042 | mb | D=11
============================================================
    ATLAS  recon=0.0001  tangent=0.0015  E_mu=0.3781  E_b=0.3781  E_Lam=0.0007
    baseline      Epoch 800/4000: loss=0.000022
      Epoch 1600/4000: loss=0.000008
      Epoch 2400/4000: loss=0.000004
      Epoch 3200/4000: loss=0.000003
      Epoch 4000/4000: loss=0.000003
  recon=0.0000  E=0.0029  E_b=0.026388  E_Lam=0.000595
    T      Epoch 800/4000: loss=0.000095
      Epoch 1600/4000: loss=0.000028
      Epoch 2400/4000: loss=0.000016
      Epoch 3200/4000: loss=0.000011
      Epoch 4000/4000: loss=0.000009
  recon=0.0000  E=0.0000  E_b=0.017575  E_Lam=0.000018
    F      Epoch 800/4000: loss=0.001596
      Epoch 1600/4000: loss=0.000079
      Epoch 2400/4000: loss=0.000053
      Epoch 3200/4000: loss=0.000061
      Epoch 4000/4000: loss=0.000055
  recon=0.0000  E=0.0450  E_b=0.072134  E_Lam=0.004184
    C      Epoch 800/4000: loss=0.002885
      Epoch 1600/4000: loss=0.002836
      Epoch 2400/4000: loss=0.002965
      Epoch 3200/4000: loss=0.003005
      Epoch 4000/4000: loss=0.003002
  recon=0.0028  E=1.4111  E_b=4.471251  E_Lam=0.181655
    T+F      Epoch 800/4000: loss=0.000151
      Epoch 1600/4000: loss=0.000054
      Epoch 2400/4000: loss=0.000042
      Epoch 3200/4000: loss=0.000040
      Epoch 4000/4000: loss=0.000036
  recon=0.0000  E=0.0001  E_b=0.017925  E_Lam=0.000024

============================================================
  paraboloid | seed=5042 | mb | D=11
============================================================
    ATLAS  recon=0.0001  tangent=0.0015  E_mu=0.4201  E_b=0.4201  E_Lam=0.0007
    baseline      Epoch 800/4000: loss=0.000025
      Epoch 1600/4000: loss=0.000010
      Epoch 2400/4000: loss=0.000007
      Epoch 3200/4000: loss=0.000008
      Epoch 4000/4000: loss=0.000007
  recon=0.0000  E=0.0100  E_b=0.032472  E_Lam=0.001241
    T      Epoch 800/4000: loss=0.000254
      Epoch 1600/4000: loss=0.000019
      Epoch 2400/4000: loss=0.000014
      Epoch 3200/4000: loss=0.000011
      Epoch 4000/4000: loss=0.000009
  recon=0.0000  E=0.0000  E_b=0.015346  E_Lam=0.000025
    F      Epoch 800/4000: loss=0.001715
      Epoch 1600/4000: loss=0.000181
      Epoch 2400/4000: loss=0.000051
      Epoch 3200/4000: loss=0.000048
      Epoch 4000/4000: loss=0.000042
  recon=0.0000  E=0.0470  E_b=0.077028  E_Lam=0.004050
    C      Epoch 800/4000: loss=0.003100
      Epoch 1600/4000: loss=0.003204
      Epoch 2400/4000: loss=0.002779
      Epoch 3200/4000: loss=0.003031
      Epoch 4000/4000: loss=0.002824
  recon=0.0029  E=1.8979  E_b=6.281227  E_Lam=0.185129
    T+F      Epoch 800/4000: loss=0.000247
      Epoch 1600/4000: loss=0.000045
      Epoch 2400/4000: loss=0.000024
      Epoch 3200/4000: loss=0.000023
      Epoch 4000/4000: loss=0.000021
  recon=0.0000  E=0.0001  E_b=0.018623  E_Lam=0.000024

============================================================
  paraboloid | seed=6042 | mb | D=11
============================================================
    ATLAS  recon=0.0001  tangent=0.0013  E_mu=0.5152  E_b=0.5152  E_Lam=0.0009
    baseline      Epoch 800/4000: loss=0.000127
      Epoch 1600/4000: loss=0.000005
      Epoch 2400/4000: loss=0.000004
      Epoch 3200/4000: loss=0.000003
      Epoch 4000/4000: loss=0.000003
  recon=0.0000  E=0.0034  E_b=0.019963  E_Lam=0.000540
    T      Epoch 800/4000: loss=0.000180
      Epoch 1600/4000: loss=0.000045
      Epoch 2400/4000: loss=0.000032
      Epoch 3200/4000: loss=0.000009
      Epoch 4000/4000: loss=0.000009
  recon=0.0000  E=0.0000  E_b=0.015990  E_Lam=0.000069
    F      Epoch 800/4000: loss=0.001904
      Epoch 1600/4000: loss=0.000079
      Epoch 2400/4000: loss=0.000060
      Epoch 3200/4000: loss=0.000045
      Epoch 4000/4000: loss=0.000046
  recon=0.0000  E=0.0368  E_b=0.079187  E_Lam=0.003338
    C      Epoch 800/4000: loss=0.003443
      Epoch 1600/4000: loss=0.002947
      Epoch 2400/4000: loss=0.003240
      Epoch 3200/4000: loss=0.003025
      Epoch 4000/4000: loss=0.002910
  recon=0.0029  E=1.8448  E_b=8.128851  E_Lam=0.186728
    T+F      Epoch 800/4000: loss=0.000241
      Epoch 1600/4000: loss=0.000062
      Epoch 2400/4000: loss=0.000040
      Epoch 3200/4000: loss=0.000032
      Epoch 4000/4000: loss=0.000033
  recon=0.0000  E=0.0001  E_b=0.012952  E_Lam=0.000032

============================================================
  paraboloid | seed=7042 | mb | D=11
============================================================
    ATLAS  recon=0.0001  tangent=0.0019  E_mu=0.6294  E_b=0.6294  E_Lam=0.0007
    baseline      Epoch 800/4000: loss=0.000025
      Epoch 1600/4000: loss=0.000008
      Epoch 2400/4000: loss=0.000005
      Epoch 3200/4000: loss=0.000004
      Epoch 4000/4000: loss=0.000004
  recon=0.0000  E=0.0063  E_b=0.038239  E_Lam=0.000524
    T      Epoch 800/4000: loss=0.000119
      Epoch 1600/4000: loss=0.000036
      Epoch 2400/4000: loss=0.000026
      Epoch 3200/4000: loss=0.000019
      Epoch 4000/4000: loss=0.000018
  recon=0.0000  E=0.0001  E_b=0.014709  E_Lam=0.000028
    F      Epoch 800/4000: loss=0.000573
      Epoch 1600/4000: loss=0.000056
      Epoch 2400/4000: loss=0.000053
      Epoch 3200/4000: loss=0.000050
      Epoch 4000/4000: loss=0.000046
  recon=0.0000  E=0.0474  E_b=0.091178  E_Lam=0.004411
    C      Epoch 800/4000: loss=0.002767
      Epoch 1600/4000: loss=0.002705
      Epoch 2400/4000: loss=0.003027
      Epoch 3200/4000: loss=0.002939
      Epoch 4000/4000: loss=0.002669
  recon=0.0027  E=1.7054  E_b=7.749695  E_Lam=0.152460
    T+F      Epoch 800/4000: loss=0.000184
      Epoch 1600/4000: loss=0.000054
      Epoch 2400/4000: loss=0.000033
      Epoch 3200/4000: loss=0.000022
      Epoch 4000/4000: loss=0.000019
  recon=0.0000  E=0.0001  E_b=0.018484  E_Lam=0.000016

============================================================
  paraboloid | seed=8042 | mb | D=11
============================================================
    ATLAS  recon=0.0001  tangent=0.0012  E_mu=0.4310  E_b=0.4310  E_Lam=0.0009
    baseline      Epoch 800/4000: loss=0.000052
      Epoch 1600/4000: loss=0.000011
      Epoch 2400/4000: loss=0.000005
      Epoch 3200/4000: loss=0.000005
      Epoch 4000/4000: loss=0.000005
  recon=0.0000  E=0.0060  E_b=0.030673  E_Lam=0.000863
    T      Epoch 800/4000: loss=0.000130
      Epoch 1600/4000: loss=0.000029
      Epoch 2400/4000: loss=0.000013
      Epoch 3200/4000: loss=0.000011
      Epoch 4000/4000: loss=0.000011
  recon=0.0000  E=0.0000  E_b=0.013719  E_Lam=0.000043
    F      Epoch 800/4000: loss=0.001831
      Epoch 1600/4000: loss=0.000201
      Epoch 2400/4000: loss=0.000057
      Epoch 3200/4000: loss=0.000052
      Epoch 4000/4000: loss=0.000052
  recon=0.0000  E=0.0381  E_b=0.069698  E_Lam=0.004751
    C      Epoch 800/4000: loss=0.002988
      Epoch 1600/4000: loss=0.002944
      Epoch 2400/4000: loss=0.002861
      Epoch 3200/4000: loss=0.002892
      Epoch 4000/4000: loss=0.002851
  recon=0.0028  E=1.5812  E_b=5.118869  E_Lam=0.208004
    T+F      Epoch 800/4000: loss=0.000195
      Epoch 1600/4000: loss=0.000040
      Epoch 2400/4000: loss=0.000022
      Epoch 3200/4000: loss=0.000016
      Epoch 4000/4000: loss=0.000016
  recon=0.0000  E=0.0000  E_b=0.006844  E_Lam=0.000026

============================================================
  paraboloid | seed=9042 | mb | D=11
============================================================
    ATLAS  recon=0.0001  tangent=0.0009  E_mu=0.4497  E_b=0.4497  E_Lam=0.0007
    baseline      Epoch 800/4000: loss=0.000021
      Epoch 1600/4000: loss=0.000008
      Epoch 2400/4000: loss=0.000004
      Epoch 3200/4000: loss=0.000004
      Epoch 4000/4000: loss=0.000004
  recon=0.0000  E=0.0044  E_b=0.033127  E_Lam=0.000499
    T      Epoch 800/4000: loss=0.000290
      Epoch 1600/4000: loss=0.000023
      Epoch 2400/4000: loss=0.000011
      Epoch 3200/4000: loss=0.000009
      Epoch 4000/4000: loss=0.000009
  recon=0.0000  E=0.0000  E_b=0.013336  E_Lam=0.000024
    F      Epoch 800/4000: loss=0.001230
      Epoch 1600/4000: loss=0.000153
      Epoch 2400/4000: loss=0.000067
      Epoch 3200/4000: loss=0.000061
      Epoch 4000/4000: loss=0.000061
  recon=0.0001  E=0.0412  E_b=0.086285  E_Lam=0.004998
    C      Epoch 800/4000: loss=0.002988
      Epoch 1600/4000: loss=0.002926
      Epoch 2400/4000: loss=0.002825
      Epoch 3200/4000: loss=0.002900
      Epoch 4000/4000: loss=0.002920
  recon=0.0029  E=1.5974  E_b=5.403033  E_Lam=0.184585
    T+F      Epoch 800/4000: loss=0.000194
      Epoch 1600/4000: loss=0.000063
      Epoch 2400/4000: loss=0.000042
      Epoch 3200/4000: loss=0.000031
      Epoch 4000/4000: loss=0.000022
  recon=0.0000  E=0.0001  E_b=0.008961  E_Lam=0.000015

============================================================
  hyperbolic_paraboloid | seed=42 | mb | D=11
============================================================
    ATLAS  recon=0.0000  tangent=0.0010  E_mu=0.4052  E_b=0.4052  E_Lam=0.0007
    baseline      Epoch 800/4000: loss=0.000057
      Epoch 1600/4000: loss=0.000014
      Epoch 2400/4000: loss=0.000011
      Epoch 3200/4000: loss=0.000010
      Epoch 4000/4000: loss=0.000010
  recon=0.0000  E=0.0085  E_b=0.053008  E_Lam=0.001666
    T      Epoch 800/4000: loss=0.000172
      Epoch 1600/4000: loss=0.000063
      Epoch 2400/4000: loss=0.000031
      Epoch 3200/4000: loss=0.000017
      Epoch 4000/4000: loss=0.000019
  recon=0.0000  E=0.0001  E_b=0.030418  E_Lam=0.000029
    F      Epoch 800/4000: loss=0.000355
      Epoch 1600/4000: loss=0.000070
      Epoch 2400/4000: loss=0.000056
      Epoch 3200/4000: loss=0.000055
      Epoch 4000/4000: loss=0.000059
  recon=0.0000  E=0.0375  E_b=0.157136  E_Lam=0.004338
    C      Epoch 800/4000: loss=0.002443
      Epoch 1600/4000: loss=0.000411
      Epoch 2400/4000: loss=0.000224
      Epoch 3200/4000: loss=0.000172
      Epoch 4000/4000: loss=0.000151
  recon=0.0001  E=0.0398  E_b=3.463098  E_Lam=0.006027
    T+F      Epoch 800/4000: loss=0.001240
      Epoch 1600/4000: loss=0.000033
      Epoch 2400/4000: loss=0.000019
      Epoch 3200/4000: loss=0.000018
      Epoch 4000/4000: loss=0.000017
  recon=0.0000  E=0.0000  E_b=0.007633  E_Lam=0.000012

============================================================
  hyperbolic_paraboloid | seed=1042 | mb | D=11
============================================================
    ATLAS  recon=0.0000  tangent=0.0011  E_mu=0.4203  E_b=0.4203  E_Lam=0.0009
    baseline      Epoch 800/4000: loss=0.000028
      Epoch 1600/4000: loss=0.000004
      Epoch 2400/4000: loss=0.000003
      Epoch 3200/4000: loss=0.000002
      Epoch 4000/4000: loss=0.000002
  recon=0.0000  E=0.0034  E_b=0.028987  E_Lam=0.000338
    T      Epoch 800/4000: loss=0.000225
      Epoch 1600/4000: loss=0.000072
      Epoch 2400/4000: loss=0.000029
      Epoch 3200/4000: loss=0.000013
      Epoch 4000/4000: loss=0.000012
  recon=0.0000  E=0.0001  E_b=0.012172  E_Lam=0.000015
    F      Epoch 800/4000: loss=0.000553
      Epoch 1600/4000: loss=0.000101
      Epoch 2400/4000: loss=0.000055
      Epoch 3200/4000: loss=0.000051
      Epoch 4000/4000: loss=0.000055
  recon=0.0000  E=0.0369  E_b=0.067033  E_Lam=0.003471
    C      Epoch 800/4000: loss=0.003080
      Epoch 1600/4000: loss=0.002813
      Epoch 2400/4000: loss=0.003064
      Epoch 3200/4000: loss=0.002803
      Epoch 4000/4000: loss=0.003154
  recon=0.0029  E=1.2744  E_b=7.604910  E_Lam=0.201862
    T+F      Epoch 800/4000: loss=0.000275
      Epoch 1600/4000: loss=0.000052
      Epoch 2400/4000: loss=0.000022
      Epoch 3200/4000: loss=0.000014
      Epoch 4000/4000: loss=0.000012
  recon=0.0000  E=0.0000  E_b=0.014452  E_Lam=0.000009

============================================================
  hyperbolic_paraboloid | seed=2042 | mb | D=11
============================================================
    ATLAS  recon=0.0001  tangent=0.0013  E_mu=0.4135  E_b=0.4135  E_Lam=0.0008
    baseline      Epoch 800/4000: loss=0.000128
      Epoch 1600/4000: loss=0.000005
      Epoch 2400/4000: loss=0.000003
      Epoch 3200/4000: loss=0.000002
      Epoch 4000/4000: loss=0.000002
  recon=0.0000  E=0.0019  E_b=0.019637  E_Lam=0.000256
    T      Epoch 800/4000: loss=0.001598
      Epoch 1600/4000: loss=0.000035
      Epoch 2400/4000: loss=0.000019
      Epoch 3200/4000: loss=0.000012
      Epoch 4000/4000: loss=0.000011
  recon=0.0000  E=0.0000  E_b=0.013576  E_Lam=0.000029
    F      Epoch 800/4000: loss=0.000254
      Epoch 1600/4000: loss=0.000050
      Epoch 2400/4000: loss=0.000042
      Epoch 3200/4000: loss=0.000040
      Epoch 4000/4000: loss=0.000036
  recon=0.0000  E=0.0213  E_b=0.056505  E_Lam=0.001960
    C      Epoch 800/4000: loss=0.003390
      Epoch 1600/4000: loss=0.003255
      Epoch 2400/4000: loss=0.003022
      Epoch 3200/4000: loss=0.003195
      Epoch 4000/4000: loss=0.002927
  recon=0.0030  E=1.4046  E_b=8.205443  E_Lam=0.182467
    T+F      Epoch 800/4000: loss=0.000207
      Epoch 1600/4000: loss=0.000047
      Epoch 2400/4000: loss=0.000027
      Epoch 3200/4000: loss=0.000020
      Epoch 4000/4000: loss=0.000012
  recon=0.0000  E=0.0000  E_b=0.012899  E_Lam=0.000005

============================================================
  hyperbolic_paraboloid | seed=3042 | mb | D=11
============================================================
    ATLAS  recon=0.0000  tangent=0.0010  E_mu=0.3187  E_b=0.3187  E_Lam=0.0007
    baseline      Epoch 800/4000: loss=0.000066
      Epoch 1600/4000: loss=0.000009
      Epoch 2400/4000: loss=0.000004
      Epoch 3200/4000: loss=0.000003
      Epoch 4000/4000: loss=0.000002
  recon=0.0000  E=0.0018  E_b=0.020471  E_Lam=0.000258
    T