Full ablation: mb dynamics, D=201
Surfaces: ['paraboloid', 'hyperbolic_paraboloid', 'quartic_dome', 'sinusoidal']
Conditions: ['baseline', 'T', 'F', 'C', 'T+F'] + ATLAS
Seeds (10): [42, 1042, 2042, 3042, 4042, 5042, 6042, 7042, 8042, 9042]
AE epochs: 4000, SDE epochs: 3000
N_train: 200

============================================================
  paraboloid | seed=42 | mb | D=201
============================================================
    ATLAS  recon=0.0000  tangent=0.0010  E_mu=0.5113  E_b=0.5113  E_Lam=0.0008
    baseline      Epoch 800/4000: loss=0.000009
      Epoch 1600/4000: loss=0.000001
      Epoch 2400/4000: loss=0.000001
      Epoch 3200/4000: loss=0.000001
      Epoch 4000/4000: loss=0.000000
  recon=0.0000  E=0.0057  E_b=0.039644  E_Lam=0.000644
    T      Epoch 800/4000: loss=0.000077
      Epoch 1600/4000: loss=0.000032
      Epoch 2400/4000: loss=0.000024
      Epoch 3200/4000: loss=0.000022
      Epoch 4000/4000: loss=0.000022
  recon=0.0000  E=0.0001  E_b=0.023576  E_Lam=0.000011
    F      Epoch 800/4000: loss=0.002078
      Epoch 1600/4000: loss=0.002049
      Epoch 2400/4000: loss=0.002173
      Epoch 3200/4000: loss=0.002113
      Epoch 4000/4000: loss=0.002108
  recon=0.0021  E=10.8140  E_b=10.816524  E_Lam=0.426245
    C      Epoch 800/4000: loss=0.002076
      Epoch 1600/4000: loss=0.002049
      Epoch 2400/4000: loss=0.002172
      Epoch 3200/4000: loss=0.002112
      Epoch 4000/4000: loss=0.002107
  recon=0.0021  E=10.8110  E_b=10.814036  E_Lam=0.426245
    T+F      Epoch 800/4000: loss=0.001185
      Epoch 1600/4000: loss=0.000850
      Epoch 2400/4000: loss=0.000807
      Epoch 3200/4000: loss=0.000760
      Epoch 4000/4000: loss=0.000772
  recon=0.0000  E=0.0033  E_b=0.022383  E_Lam=0.000232

============================================================
  paraboloid | seed=1042 | mb | D=201
============================================================
    ATLAS  recon=0.0000  tangent=0.0011  E_mu=0.4792  E_b=0.4792  E_Lam=0.0009
    baseline      Epoch 800/4000: loss=0.000009
      Epoch 1600/4000: loss=0.000001
      Epoch 2400/4000: loss=0.000000
      Epoch 3200/4000: loss=0.000000
      Epoch 4000/4000: loss=0.000000
  recon=0.0000  E=0.0057  E_b=0.045598  E_Lam=0.000828
    T      Epoch 800/4000: loss=0.000113
      Epoch 1600/4000: loss=0.000027
      Epoch 2400/4000: loss=0.000019
      Epoch 3200/4000: loss=0.000020
      Epoch 4000/4000: loss=0.000019
  recon=0.0000  E=0.0001  E_b=0.015724  E_Lam=0.000010
    F      Epoch 800/4000: loss=0.002101
      Epoch 1600/4000: loss=0.002113
      Epoch 2400/4000: loss=0.002100
      Epoch 3200/4000: loss=0.002153
      Epoch 4000/4000: loss=0.002131
  recon=0.0021  E=12.0324  E_b=12.035214  E_Lam=0.428909
    C      Epoch 800/4000: loss=0.002100
      Epoch 1600/4000: loss=0.002112
      Epoch 2400/4000: loss=0.002100
      Epoch 3200/4000: loss=0.002153
      Epoch 4000/4000: loss=0.002131
  recon=0.0021  E=12.0310  E_b=12.032454  E_Lam=0.428909
    T+F      Epoch 800/4000: loss=0.001050
      Epoch 1600/4000: loss=0.000668
      Epoch 2400/4000: loss=0.000277
      Epoch 3200/4000: loss=0.000087
      Epoch 4000/4000: loss=0.000059
  recon=0.0000  E=0.0002  E_b=0.012311  E_Lam=0.000024

============================================================
  paraboloid | seed=2042 | mb | D=201
============================================================
    ATLAS  recon=0.0000  tangent=0.0011  E_mu=0.3656  E_b=0.3656  E_Lam=0.0008
    baseline      Epoch 800/4000: loss=0.000003
      Epoch 1600/4000: loss=0.000001
      Epoch 2400/4000: loss=0.000000
      Epoch 3200/4000: loss=0.000000
      Epoch 4000/4000: loss=0.000000
  recon=0.0000  E=0.0104  E_b=0.039657  E_Lam=0.000946
    T      Epoch 800/4000: loss=0.000475
      Epoch 1600/4000: loss=0.000075
      Epoch 2400/4000: loss=0.000052
      Epoch 3200/4000: loss=0.000047
      Epoch 4000/4000: loss=0.000045
  recon=0.0000  E=0.0003  E_b=0.016918  E_Lam=0.000030
    F      Epoch 800/4000: loss=0.002103
      Epoch 1600/4000: loss=0.002096
      Epoch 2400/4000: loss=0.002036
      Epoch 3200/4000: loss=0.002158
      Epoch 4000/4000: loss=0.002143
  recon=0.0021  E=12.4020  E_b=12.403036  E_Lam=0.410067
    C      Epoch 800/4000: loss=0.002100
      Epoch 1600/4000: loss=0.002095
      Epoch 2400/4000: loss=0.002035
      Epoch 3200/4000: loss=0.002157
      Epoch 4000/4000: loss=0.002142
  recon=0.0021  E=12.3969  E_b=12.402020  E_Lam=0.410066
    T+F      Epoch 800/4000: loss=0.000839
      Epoch 1600/4000: loss=0.000291
      Epoch 2400/4000: loss=0.000191
      Epoch 3200/4000: loss=0.000138
      Epoch 4000/4000: loss=0.000116
  recon=0.0000  E=0.0003  E_b=0.012309  E_Lam=0.000033

============================================================
  paraboloid | seed=3042 | mb | D=201
============================================================
    ATLAS  recon=0.0000  tangent=0.0011  E_mu=0.4126  E_b=0.4126  E_Lam=0.0008
    baseline      Epoch 800/4000: loss=0.000006
      Epoch 1600/4000: loss=0.000001
      Epoch 2400/4000: loss=0.000000
      Epoch 3200/4000: loss=0.000000
      Epoch 4000/4000: loss=0.000000
  recon=0.0000  E=0.0051  E_b=0.032381  E_Lam=0.000495
    T      Epoch 800/4000: loss=0.000086
      Epoch 1600/4000: loss=0.000028
      Epoch 2400/4000: loss=0.000023
      Epoch 3200/4000: loss=0.000022
      Epoch 4000/4000: loss=0.000022
  recon=0.0000  E=0.0001  E_b=0.010746  E_Lam=0.000006
    F      Epoch 800/4000: loss=0.002121
      Epoch 1600/4000: loss=0.002078
      Epoch 2400/4000: loss=0.002074
      Epoch 3200/4000: loss=0.002031
      Epoch 4000/4000: loss=0.002087
  recon=0.0021  E=8.6611  E_b=8.662928  E_Lam=0.409720
    C      Epoch 800/4000: loss=0.002119
      Epoch 1600/4000: loss=0.002078
      Epoch 2400/4000: loss=0.002074
      Epoch 3200/4000: loss=0.002030
      Epoch 4000/4000: loss=0.002087
  recon=0.0021  E=8.6593  E_b=8.661259  E_Lam=0.409720
    T+F      Epoch 800/4000: loss=0.001149
      Epoch 1600/4000: loss=0.000319
      Epoch 2400/4000: loss=0.000110
      Epoch 3200/4000: loss=0.000075
      Epoch 4000/4000: loss=0.000038
  recon=0.0000  E=0.0002  E_b=0.011791  E_Lam=0.000035

============================================================
  paraboloid | seed=4042 | mb | D=201
============================================================
    ATLAS  recon=0.0000  tangent=0.0011  E_mu=0.4483  E_b=0.4483  E_Lam=0.0009
    baseline      Epoch 800/4000: loss=0.000005
      Epoch 1600/4000: loss=0.000002
      Epoch 2400/4000: loss=0.000001
      Epoch 3200/4000: loss=0.000000
      Epoch 4000/4000: loss=0.000000
  recon=0.0000  E=0.0072  E_b=0.026176  E_Lam=0.001092
    T      Epoch 800/4000: loss=0.000114
      Epoch 1600/4000: loss=0.000027
      Epoch 2400/4000: loss=0.000022
      Epoch 3200/4000: loss=0.000022
      Epoch 4000/4000: loss=0.000022
  recon=0.0000  E=0.0001  E_b=0.018303  E_Lam=0.000013
    F      Epoch 800/4000: loss=0.002022
      Epoch 1600/4000: loss=0.002038
      Epoch 2400/4000: loss=0.002005
      Epoch 3200/4000: loss=0.002020
      Epoch 4000/4000: loss=0.002050
  recon=0.0021  E=7.9820  E_b=7.982632  E_Lam=0.409806
    C      Epoch 800/4000: loss=0.002020
      Epoch 1600/4000: loss=0.002037
      Epoch 2400/4000: loss=0.002005
      Epoch 3200/4000: loss=0.002019
      Epoch 4000/4000: loss=0.002050
  recon=0.0021  E=7.9816  E_b=7.982094  E_Lam=0.409806
    T+F      Epoch 800/4000: loss=0.001867
      Epoch 1600/4000: loss=0.000103
      Epoch 2400/4000: loss=0.000058
      Epoch 3200/4000: loss=0.000052
      Epoch 4000/4000: loss=0.000049
  recon=0.0000  E=0.0002  E_b=0.016612  E_Lam=0.000026

============================================================
  paraboloid | seed=5042 | mb | D=201
============================================================
    ATLAS  recon=0.0000  tangent=0.0011  E_mu=0.2953  E_b=0.2953  E_Lam=0.0008
    baseline      Epoch 800/4000: loss=0.000004
      Epoch 1600/4000: loss=0.000002
      Epoch 2400/4000: loss=0.000001
      Epoch 3200/4000: loss=0.000001
      Epoch 4000/4000: loss=0.000001
  recon=0.0000  E=0.0295  E_b=0.067517  E_Lam=0.003365
    T      Epoch 800/4000: loss=0.000080
      Epoch 1600/4000: loss=0.000030
      Epoch 2400/4000: loss=0.000029
      Epoch 3200/4000: loss=0.000031
      Epoch 4000/4000: loss=0.000028
  recon=0.0000  E=0.0002  E_b=0.016675  E_Lam=0.000012
    F      Epoch 800/4000: loss=0.002091
      Epoch 1600/4000: loss=0.002002
      Epoch 2400/4000: loss=0.002038
      Epoch 3200/4000: loss=0.002054
      Epoch 4000/4000: loss=0.001987
  recon=0.0021  E=11.9589  E_b=11.959341  E_Lam=0.421527
    C      Epoch 800/4000: loss=0.002089
      Epoch 1600/4000: loss=0.002001
      Epoch 2400/4000: loss=0.002037
      Epoch 3200/4000: loss=0.002053
      Epoch 4000/4000: loss=0.001986
  recon=0.0021  E=11.9591  E_b=11.959092  E_Lam=0.421527
    T+F      Epoch 800/4000: loss=0.000551
      Epoch 1600/4000: loss=0.000083
      Epoch 2400/4000: loss=0.000044
      Epoch 3200/4000: loss=0.000039
      Epoch 4000/4000: loss=0.000030
  recon=0.0000  E=0.0002  E_b=0.010416  E_Lam=0.000015

============================================================
  paraboloid | seed=6042 | mb | D=201
============================================================
    ATLAS  recon=0.0000  tangent=0.0012  E_mu=0.3309  E_b=0.3309  E_Lam=0.0008
    baseline      Epoch 800/4000: loss=0.000003
      Epoch 1600/4000: loss=0.000001
      Epoch 2400/4000: loss=0.000001
      Epoch 3200/4000: loss=0.000000
      Epoch 4000/4000: loss=0.000000
  recon=0.0000  E=0.0067  E_b=0.032475  E_Lam=0.000578
    T      Epoch 800/4000: loss=0.000261
      Epoch 1600/4000: loss=0.000026
      Epoch 2400/4000: loss=0.000023
      Epoch 3200/4000: loss=0.000022
      Epoch 4000/4000: loss=0.000023
  recon=0.0000  E=0.0002  E_b=0.026428  E_Lam=0.000020
    F      Epoch 800/4000: loss=0.002020
      Epoch 1600/4000: loss=0.002020
      Epoch 2400/4000: loss=0.002013
      Epoch 3200/4000: loss=0.002092
      Epoch 4000/4000: loss=0.002104
  recon=0.0020  E=12.5365  E_b=12.538537  E_Lam=0.420835
    C      Epoch 800/4000: loss=0.002018
      Epoch 1600/4000: loss=0.002019
      Epoch 2400/4000: loss=0.002013
      Epoch 3200/4000: loss=0.002091
      Epoch 4000/4000: loss=0.002103
  recon=0.0020  E=12.5336  E_b=12.536556  E_Lam=0.420835
    T+F      Epoch 800/4000: loss=0.001178
      Epoch 1600/4000: loss=0.000533
      Epoch 2400/4000: loss=0.000178
      Epoch 3200/4000: loss=0.000120
      Epoch 4000/4000: loss=0.000113
  recon=0.0000  E=0.0004  E_b=0.009847  E_Lam=0.000045

============================================================
  paraboloid | seed=7042 | mb | D=201
============================================================
    ATLAS  recon=0.0000  tangent=0.0012  E_mu=0.4698  E_b=0.4698  E_Lam=0.0008
    baseline      Epoch 800/4000: loss=0.000010
      Epoch 1600/4000: loss=0.000001
      Epoch 2400/4000: loss=0.000001
      Epoch 3200/4000: loss=0.000000
      Epoch 4000/4000: loss=0.000000
  recon=0.0000  E=0.0086  E_b=0.045117  E_Lam=0.000865
    T      Epoch 800/4000: loss=0.000267
      Epoch 1600/4000: loss=0.000076
      Epoch 2400/4000: loss=0.000029
      Epoch 3200/4000: loss=0.000027
      Epoch 4000/4000: loss=0.000025
  recon=0.0000  E=0.0001  E_b=0.017180  E_Lam=0.000012
    F      Epoch 800/4000: loss=0.002097
      Epoch 1600/4000: loss=0.002055
      Epoch 2400/4000: loss=0.002073
      Epoch 3200/4000: loss=0.002150
      Epoch 4000/4000: loss=0.002069
  recon=0.0021  E=11.8750  E_b=11.875769  E_Lam=0.394275
    C      Epoch 800/4000: loss=0.002092
      Epoch 1600/4000: loss=0.002055
      Epoch 2400/4000: loss=0.002072
      Epoch 3200/4000: loss=0.002150
      Epoch 4000/4000: loss=0.002069
  recon=0.0021  E=11.8709  E_b=11.875046  E_Lam=0.394275
    T+F      Epoch 800/4000: loss=0.005122
      Epoch 1600/4000: loss=0.000461
      Epoch 2400/4000: loss=0.000133
      Epoch 3200/4000: loss=0.000108
      Epoch 4000/4000: loss=0.000095
  recon=0.0000  E=0.0003  E_b=0.014930  E_Lam=0.000024

============================================================
  paraboloid | seed=8042 | mb | D=201
============================================================
    ATLAS  recon=0.0000  tangent=0.0014  E_mu=0.3743  E_b=0.3743  E_Lam=0.0009
    baseline      Epoch 800/4000: loss=0.000007
      Epoch 1600/4000: loss=0.000001
      Epoch 2400/4000: loss=0.000001
      Epoch 3200/4000: loss=0.000001
      Epoch 4000/4000: loss=0.000001
  recon=0.0000  E=0.0075  E_b=0.036610  E_Lam=0.000965
    T      Epoch 800/4000: loss=0.000102
      Epoch 1600/4000: loss=0.000036
      Epoch 2400/4000: loss=0.000027
      Epoch 3200/4000: loss=0.000024
      Epoch 4000/4000: loss=0.000027
  recon=0.0000  E=0.0001  E_b=0.013670  E_Lam=0.000012
    F      Epoch 800/4000: loss=0.002057
      Epoch 1600/4000: loss=0.002070
      Epoch 2400/4000: loss=0.002057
      Epoch 3200/4000: loss=0.002047
      Epoch 4000/4000: loss=0.002131
  recon=0.0021  E=8.5125  E_b=8.512617  E_Lam=0.445079
    C      Epoch 800/4000: loss=0.002055
      Epoch 1600/4000: loss=0.002070
      Epoch 2400/4000: loss=0.002056
      Epoch 3200/4000: loss=0.002047
      Epoch 4000/4000: loss=0.002130
  recon=0.0021  E=8.5113  E_b=8.512531  E_Lam=0.445079
    T+F      Epoch 800/4000: loss=0.001001
      Epoch 1600/4000: loss=0.000253
      Epoch 2400/4000: loss=0.000156
      Epoch 3200/4000: loss=0.000074
      Epoch 4000/4000: loss=0.000072
  recon=0.0000  E=0.0002  E_b=0.014011  E_Lam=0.000021

============================================================
  paraboloid | seed=9042 | mb | D=201
============================================================
    ATLAS  recon=0.0000  tangent=0.0011  E_mu=0.4958  E_b=0.4958  E_Lam=0.0008
    baseline      Epoch 800/4000: loss=0.000003
      Epoch 1600/4000: loss=0.000001
      Epoch 2400/4000: loss=0.000001
      Epoch 3200/4000: loss=0.000000
      Epoch 4000/4000: loss=0.000000
  recon=0.0000  E=0.0047  E_b=0.025259  E_Lam=0.000457
    T      Epoch 800/4000: loss=0.000073
      Epoch 1600/4000: loss=0.000035
      Epoch 2400/4000: loss=0.000025
      Epoch 3200/4000: loss=0.000023
      Epoch 4000/4000: loss=0.000021
  recon=0.0000  E=0.0001  E_b=0.018844  E_Lam=0.000010
    F      Epoch 800/4000: loss=0.002068
      Epoch 1600/4000: loss=0.002069
      Epoch 2400/4000: loss=0.002015
      Epoch 3200/4000: loss=0.002071
      Epoch 4000/4000: loss=0.001998
  recon=0.0021  E=8.5061  E_b=8.506950  E_Lam=0.422983
    C      Epoch 800/4000: loss=0.002066
      Epoch 1600/4000: loss=0.002068
      Epoch 2400/4000: loss=0.002014
      Epoch 3200/4000: loss=0.002070
      Epoch 4000/4000: loss=0.001997
  recon=0.0021  E=8.5042  E_b=8.506174  E_Lam=0.422983
    T+F      Epoch 800/4000: loss=0.001071
      Epoch 1600/4000: loss=0.000450
      Epoch 2400/4000: loss=0.000095
      Epoch 3200/4000: loss=0.000066
      Epoch 4000/4000: loss=0.000056
  recon=0.0000  E=0.0002  E_b=0.011734  E_Lam=0.000026

============================================================
  hyperbolic_paraboloid | seed=42 | mb | D=201
============================================================
    ATLAS  recon=0.0000  tangent=0.0012  E_mu=0.3520  E_b=0.3520  E_Lam=0.0007
    baseline      Epoch 800/4000: loss=0.000020
      Epoch 1600/4000: loss=0.000003
      Epoch 2400/4000: loss=0.000002
      Epoch 3200/4000: loss=0.000002
      Epoch 4000/4000: loss=0.000002
  recon=0.0000  E=0.0219  E_b=0.088895  E_Lam=0.003465
    T      Epoch 800/4000: loss=0.000247
      Epoch 1600/4000: loss=0.000022
      Epoch 2400/4000: loss=0.000013
      Epoch 3200/4000: loss=0.000011
      Epoch 4000/4000: loss=0.000009
  recon=0.0000  E=0.0001  E_b=0.019504  E_Lam=0.000019
    F      Epoch 800/4000: loss=0.002136
      Epoch 1600/4000: loss=0.002063
      Epoch 2400/4000: loss=0.002135
      Epoch 3200/4000: loss=0.002152
      Epoch 4000/4000: loss=0.002091
  recon=0.0021  E=11.4151  E_b=11.415114  E_Lam=0.426512
    C      Epoch 800/4000: loss=0.002132
      Epoch 1600/4000: loss=0.002063
      Epoch 2400/4000: loss=0.002134
      Epoch 3200/4000: loss=0.002152
      Epoch 4000/4000: loss=0.002091
  recon=0.0021  E=11.3936  E_b=11.417096  E_Lam=0.426508
    T+F      Epoch 800/4000: loss=0.001074
      Epoch 1600/4000: loss=0.000268
      Epoch 2400/4000: loss=0.000138
      Epoch 3200/4000: loss=0.000136
      Epoch 4000/4000: loss=0.000126
  recon=0.0000  E=0.0004  E_b=0.012840  E_Lam=0.000038

============================================================
  hyperbolic_paraboloid | seed=1042 | mb | D=201
============================================================
    ATLAS  recon=0.0000  tangent=0.0010  E_mu=0.2654  E_b=0.2654  E_Lam=0.0008
    baseline      Epoch 800/4000: loss=0.000006
      Epoch 1600/4000: loss=0.000004
      Epoch 2400/4000: loss=0.000004
      Epoch 3200/4000: loss=0.000004
      Epoch 4000/4000: loss=0.000005
  recon=0.0000  E=0.0650  E_b=0.110099  E_Lam=0.007432
    T      Epoch 800/4000: loss=0.000163
      Epoch 1600/4000: loss=0.000036
      Epoch 2400/4000: loss=0.000026
      Epoch 3200/4000: loss=0.000024
      Epoch 4000/4000: loss=0.000026
  recon=0.0000  E=0.0002  E_b=0.009676  E_Lam=0.000013
    F      Epoch 800/4000: loss=0.002061
      Epoch 1600/4000: loss=0.001973
      Epoch 2400/4000: loss=0.002075
      Epoch 3200/4000: loss=0.002016
      Epoch 4000/4000: loss=0.002103
  recon=0.0021  E=12.6236  E_b=12.624739  E_Lam=0.426844
    C      Epoch 800/4000: loss=0.002058
      Epoch 1600/4000: loss=0.001972
      Epoch 2400/4000: loss=0.002074
      Epoch 3200/4000: loss=0.002015
      Epoch 4000/4000: loss=0.002103
  recon=0.0021  E=12.6205  E_b=12.623645  E_Lam=0.426846
    T+F      Epoch 800/4000: loss=0.000731
      Epoch 1600/4000: loss=0.000424
      Epoch 2400/4000: loss=0.000174
      Epoch 3200/4000: loss=0.000131
      Epoch 4000/4000: loss=0.000125
  recon=0.0000  E=0.0004  E_b=0.009378  E_Lam=0.000034

============================================================
  hyperbolic_paraboloid | seed=2042 | mb | D=201
============================================================
    ATLAS  recon=0.0000  tangent=0.0012  E_mu=0.3244  E_b=0.3244  E_Lam=0.0008
    baseline      Epoch 800/4000: loss=0.000005
      Epoch 1600/4000: loss=0.000004
      Epoch 2400/4000: loss=0.000001
      Epoch 3200/4000: loss=0.000000
      Epoch 4000/4000: loss=0.000000
  recon=0.0000  E=0.0058  E_b=0.042303  E_Lam=0.000568
    T      Epoch 800/4000: loss=0.000351
      Epoch 1600/4000: loss=0.000055
      Epoch 2400/4000: loss=0.000032
      Epoch 3200/4000: loss=0.000024
      Epoch 4000/4000: loss=0.000022
  recon=0.0000  E=0.0002  E_b=0.014472  E_Lam=0.000011
    F      Epoch 800/4000: loss=0.002086
      Epoch 1600/4000: loss=0.002070
      Epoch 2400/4000: loss=0.002136
      Epoch 3200/4000: loss=0.002124
      Epoch 4000/4000: loss=0.002072
  recon=0.0021  E=12.7158  E_b=12.716177  E_Lam=0.407583
    C      Epoch 800/4000: loss=0.002083
      Epoch 1600/4000: loss=0.002069
      Epoch 2400/4000: loss=0.002136
      Epoch 3200/4000: loss=0.002124
      Epoch 4000/4000: loss=0.002072
  recon=0.0021  E=12.4818  E_b=12.718564  E_Lam=0.407581
    T+F      Epoch 800/4000: loss=0.000939
      Epoch 1600/4000: loss=0.000337
      Epoch 2400/4000: loss=0.000292
      Epoch 3200/4000: loss=0.000282
      Epoch 4000/4000: loss=0.000270
  recon=0.0000  E=0.0011  E_b=0.016984  E_Lam=0.000072

============================================================
  hyperbolic_paraboloid | seed=3042 | mb | D=201
============================================================
    ATLAS  recon=0.0000  tangent=0.0013  E_mu=0.3621  E_b=0.3621  E_Lam=0.0009
    baseline      Epoch 800/4000: loss=0.000007
      Epoch 1600/4000: loss=0.000002
      Epoch 2400/4000: loss=0.000001
      Epoch 3200/4000: loss=0.000001
      Epoch 4000/4000: loss=0.000001
  recon=0.0000  E=0.0143  E_b=0.177991  E_Lam=0.001746
    T      Epoch 800/4000: loss=0.000603
      Epoch 1600/4000: loss=0.000029
      Epoch 2400/4000: loss=0.000025
      Epoch 3200/4000: loss=0.000024
      Epoch 4000/4000: loss=0.000023
  recon=0.0000  E=0.0001  E_b=0.012769  E_Lam=0.000016
    F      Epoch 800/4000: loss=0.002085
      Epoch 1600/4000: loss=0.002051
      Epoch 2400/4000: loss=0.002151
      Epoch 3200/4000: loss=0.002094
      Epoch 4000/4000: loss=0.002003
  recon=0.0021  E=8.9479  E_b=8.949176  E_Lam=0.408834
    C      Epoch 800/4000: loss=0.002084
      Epoch 1600/4000: loss=0.002050
      Epoch 2400/4000: loss=0.002150
      Epoch 3200/4000: loss=0.002093
      Epoch 4000/4000: loss=0.002002
  recon=0.0021  E=8.9013  E_b=8.947955  E_Lam=0.408818
    T+F      Epoch 800/4000: loss=0.001007
      Epoch 1600/4000: loss=0.000317
      Epoch 2400/4000: loss=0.000101
      Epoch 3200/4000: loss=0.000040
      Epoch 4000/4000: loss=0.000032
  recon=0.0000  E=0.0002  E_b=0.016939  E_Lam=0.000018

============================================================
  hyperbolic_paraboloid | seed=4042 | mb | D=201
============================================================
    ATLAS  recon=0.0000  tangent=0.0013  E_mu=0.3186  E_b=0.3186  E_Lam=0.0010
    baseline      Epoch 800/4000: loss=0.000012
      Epoch 1600/4000: loss=0.000003
      Epoch 2400/4000: loss=0.000002
      Epoch 3200/4000: loss=0.000002
      Epoch 4000/4000: loss=0.000002
  recon=0.0000  E=0.0266  E_b=0.197717  E_Lam=0.003784
    T      Epoch 800/4000: loss=0.000209
      Epoch 1600/4000: loss=0.000083
      Epoch 2400/4000: loss=0.000059
      Epoch 3200/4000: loss=0.000053
      Epoch 4000/4000: loss=0.000052
  recon=0.0000  E=0.0003  E_b=0.030452  E_Lam=0.000026
    F      Epoch 800/4000: loss=0.002072
      Epoch 1600/4000: loss=0.002091
      Epoch 2400/4000: loss=0.002078
      Epoch 3200/4000: loss=0.002055
      Epoch 4000/4000: loss=0.001976
  recon=0.0021  E=7.8293  E_b=7.829632  E_Lam=0.410383
    C      Epoch 800/4000: loss=0.002070
      Epoch 1600/4000: loss=0.002090
      Epoch 2400/4000: loss=0.002077
      Epoch 3200/4000: loss=0.002054
      Epoch 4000/4000: loss=0.001975
  recon=0.0021  E=7.8267  E_b=7.829425  E_Lam=0.410383
    T+F      Epoch 800/4000: loss=0.000802
      Epoch 1600/4000: loss=0.000145
      Epoch 2400/4000: loss=0.000037
      Epoch 3200/4000: loss=0.000031
      Epoch 4000/4000: loss=0.000027
  recon=0.0000  E=0.0002  E_b=0.008255  E_Lam=0.000016

============================================================
  hyperbolic_paraboloid | seed=5042 | mb | D=201
============================================================
    ATLAS  recon=0.0000  tangent=0.0014  E_mu=0.3279  E_b=0.3279  E_Lam=0.0008
    baseline      Epoch 800/4000: loss=0.000006
      Epoch 1600/4000: loss=0.000004
      Epoch 2400/4000: loss=0.000002
      Epoch 3200/4000: loss=0.000002
      Epoch 4000/4000: loss=0.000001
  recon=0.0000  E=0.0209  E_b=0.124657  E_Lam=0.003082
    T      Epoch 800/4000: loss=0.000147
      Epoch 1600/4000: loss=0.000031
      Epoch 2400/4000: loss=0.000025
      Epoch 3200/4000: loss=0.000022
      Epoch 4000/4000: loss=0.000022
  recon=0.0000  E=0.0002  E_b=0.013246  E_Lam=0.000014
    F      Epoch 800/4000: loss=0.002052
      Epoch 1600/4000: loss=0.002092
      Epoch 2400/4000: loss=0.002114
      Epoch 3200/4000: loss=0.002103
      Epoch 4000/4000: loss=0.002114
  recon=0.0021  E=12.5463  E_b=12.546427  E_Lam=0.422304
    C      Epoch 800/4000: loss=0.002049
      Epoch 1600/4000: loss=0.002092
      Epoch 2400/4000: loss=0.002114
      Epoch 3200/4000: loss=0.002103
      Epoch 4000/4000: loss=0.002114
  recon=0.0021  E=12.5097  E_b=12.546654  E_Lam=0.422277
    T+F      Epoch 800/4000: loss=0.000560
      Epoch 1600/4000: loss=0.000152
      Epoch 2400/4000: loss=0.000133
      Epoch 3200/4000: loss=0.000125
      Epoch 4000/4000: loss=0.000126
  recon=0.0000  E=0.0006  E_b=0.011065  E_Lam=0.000042

============================================================
  hyperbolic_paraboloid | seed=6042 | mb | D=201
============================================================
    ATLAS  recon=0.0000  tangent=0.0014  E_mu=0.3701  E_b=0.3701  E_Lam=0.0008
    baseline      Epoch 800/4000: loss=0.000005
      Epoch 1600/4000: loss=0.000003
      Epoch 2400/4000: loss=0.000001
      Epoch 3200/4000: loss=0.000001
      Epoch 4000/4000: loss=0.000001
  recon=0.0000  E=0.0116  E_b=0.077175  E_Lam=0.001236
    T      Epoch 800/4000: loss=0.000401
      Epoch 1600/4000: loss=0.000053
      Epoch 2400/4000: loss=0.000029
      Epoch 3200/4000: loss=0.000026
      Epoch 4000/4000: loss=0.000029
  recon=0.0000  E=0.0002  E_b=0.033020  E_Lam=0.000015
    F      Epoch 800/4000: loss=0.002109
      Epoch 1600/4000: loss=0.002065
      Epoch 2400/4000: loss=0.002050
      Epoch 3200/4000: loss=0.002072
      Epoch 4000/4000: loss=0.002184
  recon=0.0021  E=12.8180  E_b=12.818779  E_Lam=0.422779
    C      Epoch 800/4000: loss=0.002106
      Epoch 1600/4000: loss=0.002065
      Epoch 2400/4000: loss=0.002050
      Epoch 3200/4000: loss=0.002071
      Epoch 4000/4000: loss=0.002183
  recon=0.0021  E=12.8124  E_b=12.818007  E_Lam=0.422773
    T+F      Epoch 800/4000: loss=0.000768
      Epoch 1600/4000: loss=0.000064
      Epoch 2400/4000: loss=0.000037
      Epoch 3200/4000: loss=0.000027
      Epoch 4000/4000: loss=0.000028
  recon=0.0000  E=0.0001  E_b=0.014010  E_Lam=0.000014

============================================================
  hyperbolic_paraboloid | seed=7042 | mb | D=201
============================================================
    ATLAS  recon=0.0000  tangent=0.0013  E_mu=0.4389  E_b=0.4389  E_Lam=0.0007
    baseline      Epoch 800/4000: loss=0.000006
      Epoch 1600/4000: loss=0.000002
      Epoch 2400/4000: loss=0.000001
      Epoch 3200/4000: loss=0.000001
      Epoch 4000/4000: loss=0.000001
  recon=0.0000  E=0.0208  E_b=0.098408  E_Lam=0.002582
    T      Epoch 800/4000: loss=0.000136
      Epoch 1600/4000: loss=0.000031
      Epoch 2400/4000: loss=0.000023
      Epoch 3200/4000: loss=0.000021
      Epoch 4000/4000: loss=0.000021
  recon=0.0000  E=0.0002  E_b=0.018736  E_Lam=0.000021
    F      Epoch 800/4000: loss=0.002099
      Epoch 1600/4000: loss=0.002022
      Epoch 2400/4000: loss=0.002059
      Epoch 3200/4000: loss=0.002081
      Epoch 4000/4000: loss=0.002061
  recon=0.0020  E=13.9691  E_b=14.010887  E_Lam=0.395919
    C      Epoch 800/4000: loss=0.002101
      Epoch 1600/4000: loss=0.002028
      Epoch 2400/4000: loss=0.002066
      Epoch 3200/4000: loss=0.002088
      Epoch 4000/4000: loss=0.002068
  recon=0.0020  E=13.9705  E_b=13.973622  E_Lam=0.395923
    T+F      Epoch 800/4000: loss=0.000714
      Epoch 1600/4000: loss=0.000226
      Epoch 2400/4000: loss=0.000116
      Epoch 3200/4000: loss=0.000097
      Epoch 4000/4000: loss=0.000094
  recon=0.0000  E=0.0003  E_b=0.014491  E_Lam=0.000024

============================================================
  hyperbolic_paraboloid | seed=8042 | mb | D=201
============================================================
    ATLAS  recon=0.0000  tangent=0.0013  E_mu=0.3340  E_b=0.3340  E_Lam=0.0009
    baseline      Epoch 800/4000: loss=0.000006
      Epoch 1600/4000: loss=0.000001
      Epoch 2400/4000: loss=0.000001
      Epoch 3200/4000: loss=0.000001
      Epoch 4000/4000: loss=0.000001
  recon=0.0000  E=0.0062  E_b=0.046330  E_Lam=0.000975
    T      Epoch 800/4000: loss=0.000118
      Epoch 1600/4000: loss=0.000036
      Epoch 2400/4000: loss=0.000024
      Epoch 3200/4000: loss=0.000024
      Epoch 4000/4000: loss=0.000023
  recon=0.0000  E=0.0002  E_b=0.026201  E_Lam=0.000017
    F      Epoch 800/4000: loss=0.002068
      Epoch 1600/4000: loss=0.002051
      Epoch 2400/4000: loss=0.001968
      Epoch 3200/4000: loss=0.002060
      Epoch 4000/4000: loss=0.002031
  recon=0.0021  E=9.4360  E_b=9.436052  E_Lam=0.444203
    C      Epoch 800/4000: loss=0.002064
      Epoch 1600/4000: loss=0.002050
      Epoch 2400/4000: loss=0.001967
      Epoch 3200/4000: loss=0.002059
      Epoch 4000/4000: loss=0.002029
  recon=0.0021  E=9.4274  E_b=9.436124  E_Lam=0.444203
    T+F      Epoch 800/4000: loss=0.000402
      Epoch 1600/4000: loss=0.000128
      Epoch 2400/4000: loss=0.000057
      Epoch 3200/4000: loss=0.000040
      Epoch 4000/4000: loss=0.000036
  recon=0.0000  E=0.0002  E_b=0.007593  E_Lam=0.000023

============================================================
  hyperbolic_paraboloid | seed=9042 | mb | D=201
============================================================
    ATLAS  recon=0.0000  tangent=0.0011  E_mu=0.3226  E_b=0.3226  E_Lam=0.0008
    baseline      Epoch 800/4000: loss=0.000013
      Epoch 1600/4000: loss=0.000002
      Epoch 2400/4000: loss=0.000000
      Epoch 3200/4000: loss=0.000000
      Epoch 4000/4000: loss=0.000000
  recon=0.0000  E=0.0035  E_b=0.035617  E_Lam=0.000544
    T      Epoch 800/4000: loss=0.000099
      Epoch 1600/4000: loss=0.000035
      Epoch 2400/4000: loss=0.000019
      Epoch 3200/4000: loss=0.000018
      Epoch 4000/4000: loss=0.000017
  recon=0.0000  E=0.0001  E_b=0.021929  E_Lam=0.000021
    F      Epoch 800/4000: loss=0.002098
      Epoch 1600/4000: loss=0.002045
      Epoch 2400/4000: loss=0.002034
      Epoch 3200/4000: loss=0.002082
      Epoch 4000/4000: loss=0.002037
  recon=0.0021  E=9.0818  E_b=9.081975  E_Lam=0.423158
    C      Epoch 800/4000: loss=0.002096
      Epoch 1600/4000: loss=0.002044
      Epoch 2400/4000: loss=0.002034
      Epoch 3200/4000: loss=0.002081
      Epoch 4000/4000: loss=0.002037
  recon=0.0021  E=9.0755  E_b=9.081801  E_Lam=0.423159
    T+F      Epoch 800/4000: loss=0.001176
      Epoch 1600/4000: loss=0.000359
      Epoch 2400/4000: loss=0.000130
      Epoch 3200/4000: loss=0.000090
      Epoch 4000/4000: loss=0.000083
  recon=0.0000  E=0.0003  E_b=0.014929  E_Lam=0.000024

============================================================
  quartic_dome | seed=42 | mb | D=201
============================================================
    ATLAS  recon=0.0000  tangent=0.0010  E_mu=0.3827  E_b=0.3827  E_Lam=0.0006
    baseline      Epoch 800/4000: loss=0.000003
      Epoch 1600/4000: loss=0.000001
      Epoch 2400/4000: loss=0.000001
      Epoch 3200/4000: loss=0.000000
      Epoch 4000/4000: loss=0.000000
  recon=0.0000  E=0.0116  E_b=0.043719  E_Lam=0.000981
    T      Epoch 800/4000: loss=0.000100
      Epoch 1600/4000: loss=0.000033
      Epoch 2400/4000: loss=0.000021
      Epoch 3200/4000: loss=0.000021
      Epoch 4000/4000: loss=0.000020
  recon=0.0000  E=0.0002  E_b=0.024850  E_Lam=0.000049
    F      Epoch 800/4000: loss=0.001908
      Epoch 1600/4000: loss=0.002080
      Epoch 2400/4000: loss=0.001966
      Epoch 3200/4000: loss=0.002031
      Epoch 4000/4000: loss=0.002000
  recon=0.0020  E=10.3275  E_b=10.327978  E_Lam=0.373329
    C      Epoch 800/4000: loss=0.001902
      Epoch 1600/4000: loss=0.002078
      Epoch 2400/4000: loss=0.001964
      Epoch 3200/4000: loss=0.002028
      Epoch 4000/4000: loss=0.001998
  recon=0.0020  E=10.3036  E_b=10.327798  E_Lam=0.373327
    T+F      Epoch 800/4000: loss=0.000928
      Epoch 1600/4000: loss=0.000679
      Epoch 2400/4000: loss=0.000237
      Epoch 3200/4000: loss=0.000122
      Epoch 4000/4000: loss=0.000097
  recon=0.0000  E=0.0004  E_b=0.011307  E_Lam=0.000024

============================================================
  quartic_dome | seed=1042 | mb | D=201
============================================================
    ATLAS  recon=0.0000  tangent=0.0011  E_mu=0.3514  E_b=0.3514  E_Lam=0.0007
    baseline      Epoch 800/4000: loss=0.000013
      Epoch 1600/4000: loss=0.000001
      Epoch 2400/4000: loss=0.000001
      Epoch 3200/4000: loss=0.000000
      Epoch 4000/4000: loss=0.000000
  recon=0.0000  E=0.0093  E_b=0.040181  E_Lam=0.000693
    T      Epoch 800/4000: loss=0.000281
      Epoch 1600/4000: loss=0.000053
      Epoch 2400/4000: loss=0.000031
      Epoch 3200/4000: loss=0.000030
      Epoch 4000/4000: loss=0.000029
  recon=0.0000  E=0.0003  E_b=0.027198  E_Lam=0.000023
    F      Epoch 800/4000: loss=0.002037
      Epoch 1600/4000: loss=0.002041
      Epoch 2400/4000: loss=0.001957
      Epoch 3200/4000: loss=0.002059
      Epoch 4000/4000: loss=0.002076
  recon=0.0020  E=11.9220  E_b=11.925008  E_Lam=0.376218
    C      Epoch 800/4000: loss=0.002034
      Epoch 1600/4000: loss=0.002040
      Epoch 2400/4000: loss=0.001956
      Epoch 3200/4000: loss=0.002058
      Epoch 4000/4000: loss=0.002075
  recon=0.0020  E=11.9208  E_b=11.922337  E_Lam=0.376218
    T+F      Epoch 800/4000: loss=0.001044
      Epoch 1600/4000: loss=0.000323
      Epoch 2400/4000: loss=0.000168
      Epoch 3200/4000: loss=0.000133
      Epoch 4000/4000: loss=0.000075
  recon=0.0000  E=0.0004  E_b=0.011474  E_Lam=0.000033

============================================================
  quartic_dome | seed=2042 | mb | D=201
============================================================
    ATLAS  recon=0.0000  tangent=0.0011  E_mu=0.2973  E_b=0.2973  E_Lam=0.0006
    baseline      Epoch 800/4000: loss=0.000005
      Epoch 1600/4000: loss=0.000001
      Epoch 2400/4000: loss=0.000000
      Epoch 3200/4000: loss=0.000000
      Epoch 4000/4000: loss=0.000000
  recon=0.0000  E=0.0052  E_b=0.023028  E_Lam=0.000297
    T      Epoch 800/4000: loss=0.000301
      Epoch 1600/4000: loss=0.000043
      Epoch 2400/4000: loss=0.000026
      Epoch 3200/4000: loss=0.000024
      Epoch 4000/4000: loss=0.000022
  recon=0.0000  E=0.0003  E_b=0.017677  E_Lam=0.000027
    F      Epoch 800/4000: loss=0.002029
      Epoch 1600/4000: loss=0.001962
      Epoch 2400/4000: loss=0.002046
      Epoch 3200/4000: loss=0.002062
      Epoch 4000/4000: loss=0.001999
  recon=0.0020  E=12.2829  E_b=12.284405  E_Lam=0.368506
    C      Epoch 800/4000: loss=0.002026
      Epoch 1600/4000: loss=0.001961
