Full ablation: mb dynamics, D=11
Surfaces: ['paraboloid', 'hyperbolic_paraboloid', 'quartic_dome', 'sinusoidal']
Conditions: ['baseline', 'T', 'F', 'C', 'T+F'] + ATLAS
Seeds (10): [42, 1042, 2042, 3042, 4042, 5042, 6042, 7042, 8042, 9042]
AE epochs: 4000, SDE epochs: 3000
N_train: 200

============================================================
  paraboloid | seed=42 | mb | D=11
============================================================
    ATLAS  recon=0.0001  tangent=0.0010  E_mu=0.4647  E_Sig=0.0002  S2=0.262236
    baseline      Epoch 800/4000: loss=0.000031
      Epoch 1600/4000: loss=0.000010
      Epoch 2400/4000: loss=0.000007
      Epoch 3200/4000: loss=0.000006
      Epoch 4000/4000: loss=0.000006
  recon=0.0000  E=0.0086  E_b=0.029326  E_Lam=0.001148
    T      Epoch 800/4000: loss=0.000152
      Epoch 1600/4000: loss=0.000032
      Epoch 2400/4000: loss=0.000017
      Epoch 3200/4000: loss=0.000017
slurmstepd: error: *** JOB 61464 ON dgx18 CANCELLED AT 2026-03-22T19:59:18 ***
