Full ablation: mb dynamics, D=201
Surfaces: ['paraboloid', 'hyperbolic_paraboloid', 'quartic_dome', 'sinusoidal']
Conditions: ['baseline', 'T', 'F', 'C', 'T+F'] + ATLAS
Seeds (10): [42, 1042, 2042, 3042, 4042, 5042, 6042, 7042, 8042, 9042]
AE epochs: 4000, SDE epochs: 3000
N_train: 200

============================================================
  paraboloid | seed=42 | mb | D=201
============================================================
    ATLAS  recon=0.0000  tangent=0.0010  E_mu=0.5113  E_Sig=0.0003  S2=0.199897
    baseline      Epoch 800/4000: loss=0.000009
      Epoch 1600/4000: loss=0.000001
      Epoch 2400/4000: loss=0.000001
      Epoch 3200/4000: loss=0.000001
      Epoch 4000/4000: loss=0.000000
  recon=0.0000  E=0.0057  E_b=0.039644  E_Lam=0.000644
    T      Epoch 800/4000: loss=0.000077
      Epoch 1600/4000: loss=0.000032
      Epoch 2400/4000: loss=0.000024
      Epoch 3200/4000: loss=0.000022
slurmstepd: error: *** JOB 61465 ON dgx04 CANCELLED AT 2026-03-22T19:59:18 ***
