Full ablation: rotation dynamics, D=201
Surfaces: ['paraboloid', 'hyperbolic_paraboloid', 'quartic_dome', 'sinusoidal']
Conditions: ['baseline', 'T', 'F', 'C', 'T+F'] + ATLAS
Seeds (10): [42, 1042, 2042, 3042, 4042, 5042, 6042, 7042, 8042, 9042]
AE epochs: 500, SDE epochs: 300
N_train: 50

============================================================
  paraboloid | seed=42 | rotation | D=201
============================================================
    ATLAS  recon=0.0012  tangent=0.2239  E_mu=0.2620  E_Sig=1.5642
    baseline      Epoch 100/500: loss=0.001249
      Epoch 200/500: loss=0.001194
      Epoch 300/500: loss=0.000739
      Epoch 400/500: loss=0.000286
      Epoch 500/500: loss=0.000083
  recon=0.0001  E_mu=2.1112  S2=0.022044  S3=0.000315
    T      Epoch 100/500: loss=0.069269
      Epoch 200/500: loss=0.054090
      Epoch 300/500: loss=0.009647
      Epoch 400/500: loss=0.030230
      Epoch 500/500: loss=0.002496
  recon=0.0001  E_mu=0.2500  S2=0.019760  S3=0.000022
    F      Epoch 100/500: loss=0.008245
      Epoch 200/500: loss=0.006590
      Epoch 300/500: loss=0.009776
      Epoch 400/500: loss=0.006076
      Epoch 500/500: loss=0.005818
  recon=0.0059  E_mu=12.2755  S2=0.000113  S3=0.002149
    C      Epoch 100/500: loss=0.005941
      Epoch 200/500: loss=0.005808
      Epoch 300/500: loss=0.005456
      Epoch 400/500: loss=0.003526
      Epoch 500/500: loss=0.003168
  recon=0.0031  E_mu=7.9865  S2=0.083382  S3=0.001951
    T+F      Epoch 100/500: loss=0.760728
      Epoch 200/500: loss=0.407506
      Epoch 300/500: loss=0.088588
      Epoch 400/500: loss=0.028031
      Epoch 500/500: loss=0.033808
  recon=0.0010  E_mu=0.4849  S2=0.002070  S3=0.000053

============================================================
  paraboloid | seed=1042 | rotation | D=201
============================================================
    ATLAS  recon=0.0018  tangent=0.2702  E_mu=0.2016  E_Sig=1.2877
    baseline      Epoch 100/500: loss=0.001000
      Epoch 200/500: loss=0.000869
      Epoch 300/500: loss=0.000524
      Epoch 400/500: loss=0.000387
      Epoch 500/500: loss=0.000133
  recon=0.0002  E_mu=2.7805  S2=0.015413  S3=0.000293
    T      Epoch 100/500: loss=0.041327
      Epoch 200/500: loss=0.018125
      Epoch 300/500: loss=0.017246
      Epoch 400/500: loss=0.005556
      Epoch 500/500: loss=0.004332
  recon=0.0001  E_mu=0.5206  S2=0.011265  S3=0.000031
    F      Epoch 100/500: loss=0.005831
      Epoch 200/500: loss=0.006105
      Epoch 300/500: loss=0.005576
      Epoch 400/500: loss=0.005467
      Epoch 500/500: loss=0.005886
  recon=0.0056  E_mu=11.9332  S2=0.000028  S3=0.002111
    C      Epoch 100/500: loss=0.005431
      Epoch 200/500: loss=0.005586
      Epoch 300/500: loss=0.005532
      Epoch 400/500: loss=0.005454
      Epoch 500/500: loss=0.005884
  recon=0.0056  E_mu=11.7910  S2=0.000000  S3=0.002111
    T+F      Epoch 100/500: loss=0.630083
      Epoch 200/500: loss=0.245851
      Epoch 300/500: loss=0.083522
      Epoch 400/500: loss=0.043075
      Epoch 500/500: loss=0.031818
  recon=0.0005  E_mu=0.5069  S2=0.013959  S3=0.000049

============================================================
  paraboloid | seed=2042 | rotation | D=201
============================================================
    ATLAS  recon=0.0009  tangent=0.2284  E_mu=0.2068  E_Sig=1.1709
    baseline      Epoch 100/500: loss=0.001584
      Epoch 200/500: loss=0.001472
      Epoch 300/500: loss=0.000438
      Epoch 400/500: loss=0.000162
      Epoch 500/500: loss=0.000124
  recon=0.0001  E_mu=2.0396  S2=0.027994  S3=0.000486
    T      Epoch 100/500: loss=0.048196
      Epoch 200/500: loss=0.023567
      Epoch 300/500: loss=0.019330
      Epoch 400/500: loss=0.006342
      Epoch 500/500: loss=0.003457
  recon=0.0002  E_mu=0.4733  S2=0.006623  S3=0.000079
    F      Epoch 100/500: loss=0.007031
      Epoch 200/500: loss=0.006921
      Epoch 300/500: loss=0.006317
      Epoch 400/500: loss=0.006284
      Epoch 500/500: loss=0.006325
  recon=0.0064  E_mu=11.4831  S2=0.000044  S3=0.002732
    C      Epoch 100/500: loss=0.006237
      Epoch 200/500: loss=0.006370
      Epoch 300/500: loss=0.006502
      Epoch 400/500: loss=0.003903
      Epoch 500/500: loss=0.003900
  recon=0.0039  E_mu=9.3228  S2=0.141161  S3=0.002456
    T+F      Epoch 100/500: loss=0.936158
      Epoch 200/500: loss=0.528585
      Epoch 300/500: loss=0.165626
      Epoch 400/500: loss=0.057003
      Epoch 500/500: loss=0.033465
  recon=0.0001  E_mu=0.4239  S2=0.002289  S3=0.000080

============================================================
  paraboloid | seed=3042 | rotation | D=201
============================================================
    ATLAS  recon=0.0009  tangent=0.1566  E_mu=0.2082  E_Sig=1.5565
    baseline      Epoch 100/500: loss=0.001337
      Epoch 200/500: loss=0.001287
      Epoch 300/500: loss=0.000897
      Epoch 400/500: loss=0.000373
      Epoch 500/500: loss=0.000071
  recon=0.0001  E_mu=1.3739  S2=0.056997  S3=0.000318
    T      Epoch 100/500: loss=0.040342
      Epoch 200/500: loss=0.023536
      Epoch 300/500: loss=0.026216
      Epoch 400/500: loss=0.017849
      Epoch 500/500: loss=0.002841
  recon=0.0001  E_mu=0.4501  S2=0.015486  S3=0.000029
    F      Epoch 100/500: loss=0.007427
      Epoch 200/500: loss=0.006098
      Epoch 300/500: loss=0.006022
      Epoch 400/500: loss=0.005894
      Epoch 500/500: loss=0.006026
  recon=0.0060  E_mu=11.0491  S2=0.000066  S3=0.002917
    C      Epoch 100/500: loss=0.006069
      Epoch 200/500: loss=0.005988
      Epoch 300/500: loss=0.005988
      Epoch 400/500: loss=0.005840
      Epoch 500/500: loss=0.006019
  recon=0.0060  E_mu=10.6925  S2=0.000000  S3=0.002915
    T+F      Epoch 100/500: loss=0.806722
      Epoch 200/500: loss=0.606824
      Epoch 300/500: loss=0.054920
      Epoch 400/500: loss=0.025822
      Epoch 500/500: loss=0.021142
  recon=0.0015  E_mu=0.2542  S2=0.006297  S3=0.000079

============================================================
  paraboloid | seed=4042 | rotation | D=201
============================================================
    ATLAS  recon=0.0015  tangent=0.2225  E_mu=0.1801  E_Sig=1.3309
    baseline      Epoch 100/500: loss=0.000977
      Epoch 200/500: loss=0.000925
      Epoch 300/500: loss=0.000981
      Epoch 400/500: loss=0.000649
      Epoch 500/500: loss=0.000283
  recon=0.0004  E_mu=4.1871  S2=0.044599  S3=0.001156
    T      Epoch 100/500: loss=0.055712
      Epoch 200/500: loss=0.030031
      Epoch 300/500: loss=0.013185
      Epoch 400/500: loss=0.017941
      Epoch 500/500: loss=0.003020
  recon=0.0001  E_mu=0.3788  S2=0.009647  S3=0.000034
    F      Epoch 100/500: loss=0.005832
      Epoch 200/500: loss=0.005362
      Epoch 300/500: loss=0.005440
      Epoch 400/500: loss=0.005410
      Epoch 500/500: loss=0.005211
  recon=0.0053  E_mu=11.2326  S2=0.000054  S3=0.002915
    C      Epoch 100/500: loss=0.005266
      Epoch 200/500: loss=0.005360
      Epoch 300/500: loss=0.005420
      Epoch 400/500: loss=0.005381
      Epoch 500/500: loss=0.005195
  recon=0.0053  E_mu=10.3477  S2=0.000000  S3=0.002910
    T+F      Epoch 100/500: loss=0.679854
      Epoch 200/500: loss=0.209720
      Epoch 300/500: loss=0.090125
      Epoch 400/500: loss=0.049980
      Epoch 500/500: loss=0.017112
  recon=0.0002  E_mu=0.3697  S2=0.003776  S3=0.000075

============================================================
  paraboloid | seed=5042 | rotation | D=201
============================================================
    ATLAS  recon=0.0008  tangent=0.2065  E_mu=0.2393  E_Sig=1.1870
    baseline      Epoch 100/500: loss=0.001272
      Epoch 200/500: loss=0.001324
      Epoch 300/500: loss=0.000702
      Epoch 400/500: loss=0.000674
      Epoch 500/500: loss=0.000243
  recon=0.0002  E_mu=2.8964  S2=0.031425  S3=0.000461
    T      Epoch 100/500: loss=0.040729
      Epoch 200/500: loss=0.026500
      Epoch 300/500: loss=0.017057
      Epoch 400/500: loss=0.006463
      Epoch 500/500: loss=0.007535
  recon=0.0002  E_mu=0.3755  S2=0.004305  S3=0.000034
    F      Epoch 100/500: loss=0.005988
      Epoch 200/500: loss=0.008659
      Epoch 300/500: loss=0.005867
      Epoch 400/500: loss=0.005948
      Epoch 500/500: loss=0.005984
  recon=0.0059  E_mu=11.9399  S2=0.000012  S3=0.002475
    C      Epoch 100/500: loss=0.005907
      Epoch 200/500: loss=0.004713
      Epoch 300/500: loss=0.002971
      Epoch 400/500: loss=0.001657
      Epoch 500/500: loss=0.001673
  recon=0.0013  E_mu=8.1491  S2=0.130493  S3=0.001980
    T+F      Epoch 100/500: loss=0.730718
      Epoch 200/500: loss=0.455263
      Epoch 300/500: loss=0.096140
      Epoch 400/500: loss=0.051804
      Epoch 500/500: loss=0.027038
  recon=0.0010  E_mu=0.5727  S2=0.004805  S3=0.000054

============================================================
  paraboloid | seed=6042 | rotation | D=201
============================================================
    ATLAS  recon=0.0012  tangent=0.2281  E_mu=0.2347  E_Sig=1.4676
    baseline      Epoch 100/500: loss=0.001660
      Epoch 200/500: loss=0.001338
      Epoch 300/500: loss=0.001057
      Epoch 400/500: loss=0.000338
      Epoch 500/500: loss=0.000174
  recon=0.0002  E_mu=2.8833  S2=0.032353  S3=0.000717
    T      Epoch 100/500: loss=0.034659
      Epoch 200/500: loss=0.030886
      Epoch 300/500: loss=0.018497
      Epoch 400/500: loss=0.014038
      Epoch 500/500: loss=0.006585
  recon=0.0003  E_mu=0.5293  S2=0.007142  S3=0.000093
    F      Epoch 100/500: loss=0.007725
      Epoch 200/500: loss=0.006174
      Epoch 300/500: loss=0.006150
      Epoch 400/500: loss=0.006474
      Epoch 500/500: loss=0.006239
  recon=0.0063  E_mu=12.0750  S2=0.000065  S3=0.003568
    C      Epoch 100/500: loss=0.006453
      Epoch 200/500: loss=0.005919
      Epoch 300/500: loss=0.006150
      Epoch 400/500: loss=0.006448
      Epoch 500/500: loss=0.006236
  recon=0.0063  E_mu=11.5703  S2=0.000000  S3=0.003566
    T+F      Epoch 100/500: loss=0.696980
      Epoch 200/500: loss=0.305892
      Epoch 300/500: loss=0.084690
      Epoch 400/500: loss=0.033674
      Epoch 500/500: loss=0.032402
  recon=0.0022  E_mu=0.5141  S2=0.002702  S3=0.000149

============================================================
  paraboloid | seed=7042 | rotation | D=201
============================================================
    ATLAS  recon=0.0005  tangent=0.2174  E_mu=0.2161  E_Sig=1.8024
    baseline      Epoch 100/500: loss=0.001751
      Epoch 200/500: loss=0.001638
      Epoch 300/500: loss=0.000560
      Epoch 400/500: loss=0.000293
      Epoch 500/500: loss=0.000270
  recon=0.0002  E_mu=1.5270  S2=0.042412  S3=0.000737
    T      Epoch 100/500: loss=0.050339
      Epoch 200/500: loss=0.053732
      Epoch 300/500: loss=0.035081
      Epoch 400/500: loss=0.027988
      Epoch 500/500: loss=0.017766
  recon=0.0010  E_mu=0.5215  S2=0.004022  S3=0.000112
    F      Epoch 100/500: loss=0.006418
      Epoch 200/500: loss=0.009281
      Epoch 300/500: loss=0.006417
      Epoch 400/500: loss=0.006474
      Epoch 500/500: loss=0.006409
  recon=0.0063  E_mu=10.7587  S2=0.000045  S3=0.004155
    C      Epoch 100/500: loss=0.006346
      Epoch 200/500: loss=0.005931
      Epoch 300/500: loss=0.006402
      Epoch 400/500: loss=0.006438
      Epoch 500/500: loss=0.006432
  recon=0.0063  E_mu=9.4515  S2=0.000000  S3=0.004140
    T+F      Epoch 100/500: loss=0.695307
      Epoch 200/500: loss=0.160836
      Epoch 300/500: loss=0.070252
      Epoch 400/500: loss=0.033636
      Epoch 500/500: loss=0.039364
  recon=0.0015  E_mu=0.1927  S2=0.015715  S3=0.000103

============================================================
  paraboloid | seed=8042 | rotation | D=201
============================================================
    ATLAS  recon=0.0010  tangent=0.2228  E_mu=0.1884  E_Sig=1.2504
    baseline      Epoch 100/500: loss=0.001396
      Epoch 200/500: loss=0.001495
      Epoch 300/500: loss=0.000510
      Epoch 400/500: loss=0.000239
      Epoch 500/500: loss=0.000143
  recon=0.0001  E_mu=2.6252  S2=0.147965  S3=0.000387
    T      Epoch 100/500: loss=0.045092
      Epoch 200/500: loss=0.029392
      Epoch 300/500: loss=0.008835
      Epoch 400/500: loss=0.016966
      Epoch 500/500: loss=0.002901
  recon=0.0001  E_mu=0.7613  S2=0.003845  S3=0.000092
    F      Epoch 100/500: loss=0.009648
      Epoch 200/500: loss=0.006249
      Epoch 300/500: loss=0.005737
      Epoch 400/500: loss=0.005860
      Epoch 500/500: loss=0.005836
  recon=0.0058  E_mu=11.6609  S2=0.000114  S3=0.003799
    C      Epoch 100/500: loss=0.005955
      Epoch 200/500: loss=0.005941
      Epoch 300/500: loss=0.003761
      Epoch 400/500: loss=0.005787
      Epoch 500/500: loss=0.005842
  recon=0.0058  E_mu=9.3461  S2=0.000000  S3=0.003738
    T+F      Epoch 100/500: loss=0.554610
      Epoch 200/500: loss=0.209811
      Epoch 300/500: loss=0.108531
      Epoch 400/500: loss=0.059285
      Epoch 500/500: loss=0.031704
  recon=0.0003  E_mu=0.6454  S2=0.004499  S3=0.000144

============================================================
  paraboloid | seed=9042 | rotation | D=201
============================================================
    ATLAS  recon=0.0003  tangent=0.1374  E_mu=0.1586  E_Sig=1.0841
    baseline      Epoch 100/500: loss=0.001566
      Epoch 200/500: loss=0.001463
      Epoch 300/500: loss=0.000498
      Epoch 400/500: loss=0.000206
      Epoch 500/500: loss=0.000126
  recon=0.0001  E_mu=2.5881  S2=0.023170  S3=0.000453
    T      Epoch 100/500: loss=0.052186
      Epoch 200/500: loss=0.038725
      Epoch 300/500: loss=0.007166
      Epoch 400/500: loss=0.004890
      Epoch 500/500: loss=0.002514
  recon=0.0002  E_mu=0.7089  S2=0.003313  S3=0.000038
    F      Epoch 100/500: loss=0.013562
      Epoch 200/500: loss=0.006399
      Epoch 300/500: loss=0.006357
      Epoch 400/500: loss=0.006277
      Epoch 500/500: loss=0.006226
  recon=0.0063  E_mu=11.7531  S2=0.000019  S3=0.003641
    C      Epoch 100/500: loss=0.006317
      Epoch 200/500: loss=0.006285
      Epoch 300/500: loss=0.006287
      Epoch 400/500: loss=0.004334
      Epoch 500/500: loss=0.004273
  recon=0.0040  E_mu=8.7208  S2=0.019379  S3=0.003226
    T+F      Epoch 100/500: loss=0.675178
      Epoch 200/500: loss=0.132875
      Epoch 300/500: loss=0.040706
      Epoch 400/500: loss=0.029469
      Epoch 500/500: loss=0.025139
  recon=0.0016  E_mu=0.3687  S2=0.007086  S3=0.000065

============================================================
  hyperbolic_paraboloid | seed=42 | rotation | D=201
============================================================
    ATLAS  recon=0.0005  tangent=0.2991  E_mu=0.2212  E_Sig=1.5639
    baseline      Epoch 100/500: loss=0.001501
      Epoch 200/500: loss=0.001439
      Epoch 300/500: loss=0.000493
      Epoch 400/500: loss=0.000150
      Epoch 500/500: loss=0.000110
  recon=0.0001  E_mu=2.8231  S2=0.036875  S3=0.000403
    T      Epoch 100/500: loss=0.075782
      Epoch 200/500: loss=0.028842
      Epoch 300/500: loss=0.014690
      Epoch 400/500: loss=0.024281
      Epoch 500/500: loss=0.010471
  recon=0.0006  E_mu=0.6573  S2=0.010285  S3=0.000050
    F      Epoch 100/500: loss=0.007864
      Epoch 200/500: loss=0.007673
      Epoch 300/500: loss=0.006425
      Epoch 400/500: loss=0.006609
      Epoch 500/500: loss=0.006060
  recon=0.0062  E_mu=5.0086  S2=0.000084  S3=0.002489
    C      Epoch 100/500: loss=0.006325
      Epoch 200/500: loss=0.005755
      Epoch 300/500: loss=0.003759
      Epoch 400/500: loss=0.003899
      Epoch 500/500: loss=0.003389
  recon=0.0035  E_mu=3.7558  S2=0.087684  S3=0.002271
    T+F      Epoch 100/500: loss=0.735548
      Epoch 200/500: loss=0.390538
      Epoch 300/500: loss=0.062703
      Epoch 400/500: loss=0.030202
      Epoch 500/500: loss=0.026968
  recon=0.0055  E_mu=0.2653  S2=0.003234  S3=0.000059

============================================================
  hyperbolic_paraboloid | seed=1042 | rotation | D=201
============================================================
    ATLAS  recon=0.0008  tangent=0.2416  E_mu=0.1907  E_Sig=1.0406
    baseline      Epoch 100/500: loss=0.001262
      Epoch 200/500: loss=0.001041
      Epoch 300/500: loss=0.000858
      Epoch 400/500: loss=0.000292
      Epoch 500/500: loss=0.000132
  recon=0.0001  E_mu=2.6717  S2=0.004759  S3=0.000261
    T      Epoch 100/500: loss=0.044476
      Epoch 200/500: loss=0.017302
      Epoch 300/500: loss=0.011105
      Epoch 400/500: loss=0.020157
      Epoch 500/500: loss=0.004197
  recon=0.0002  E_mu=0.3635  S2=0.005821  S3=0.000027
    F      Epoch 100/500: loss=0.009677
      Epoch 200/500: loss=0.006104
      Epoch 300/500: loss=0.005981
      Epoch 400/500: loss=0.005789
      Epoch 500/500: loss=0.006365
  recon=0.0060  E_mu=5.1056  S2=0.000080  S3=0.001704
    C      Epoch 100/500: loss=0.006007
      Epoch 200/500: loss=0.005945
      Epoch 300/500: loss=0.005959
      Epoch 400/500: loss=0.005762
      Epoch 500/500: loss=0.006345
  recon=0.0060  E_mu=5.1145  S2=0.000000  S3=0.001704
    T+F      Epoch 100/500: loss=0.600385
      Epoch 200/500: loss=0.140096
      Epoch 300/500: loss=0.040110
      Epoch 400/500: loss=0.024221
      Epoch 500/500: loss=0.034602
  recon=0.0027  E_mu=0.2794  S2=0.004208  S3=0.000040

============================================================
  hyperbolic_paraboloid | seed=2042 | rotation | D=201
============================================================
    ATLAS  recon=0.0004  tangent=0.2174  E_mu=0.1939  E_Sig=1.1182
    baseline      Epoch 100/500: loss=0.001066
      Epoch 200/500: loss=0.001002
      Epoch 300/500: loss=0.000813
      Epoch 400/500: loss=0.000222
      Epoch 500/500: loss=0.000102
  recon=0.0001  E_mu=2.2523  S2=0.018726  S3=0.000369
    T      Epoch 100/500: loss=0.095965
      Epoch 200/500: loss=0.057943
      Epoch 300/500: loss=0.016957
      Epoch 400/500: loss=0.021906
      Epoch 500/500: loss=0.015429
  recon=0.0007  E_mu=0.5044  S2=0.003022  S3=0.000111
    F      Epoch 100/500: loss=0.007259
      Epoch 200/500: loss=0.006400
      Epoch 300/500: loss=0.005979
      Epoch 400/500: loss=0.006008
      Epoch 500/500: loss=0.005881
  recon=0.0059  E_mu=4.7835  S2=0.000069  S3=0.002545
    C      Epoch 100/500: loss=0.005696
      Epoch 200/500: loss=0.005893
      Epoch 300/500: loss=0.005939
      Epoch 400/500: loss=0.005964
      Epoch 500/500: loss=0.005863
  recon=0.0059  E_mu=4.6415  S2=0.000000  S3=0.002534
    T+F      Epoch 100/500: loss=0.784468
      Epoch 200/500: loss=0.239292
      Epoch 300/500: loss=0.101935
      Epoch 400/500: loss=0.059027
      Epoch 500/500: loss=0.023750
  recon=0.0003  E_mu=0.2444  S2=0.004657  S3=0.000040

============================================================
  hyperbolic_paraboloid | seed=3042 | rotation | D=201
============================================================
    ATLAS  recon=0.0002  tangent=0.1518  E_mu=0.2044  E_Sig=1.1692
    baseline      Epoch 100/500: loss=0.001336
      Epoch 200/500: loss=0.001249
      Epoch 300/500: loss=0.000790
      Epoch 400/500: loss=0.000190
      Epoch 500/500: loss=0.000206
  recon=0.0001  E_mu=3.0351  S2=0.011875  S3=0.000664
    T      Epoch 100/500: loss=0.038813
      Epoch 200/500: loss=0.019890
      Epoch 300/500: loss=0.013751
      Epoch 400/500: loss=0.004219
      Epoch 500/500: loss=0.004930
  recon=0.0002  E_mu=0.2633  S2=0.005408  S3=0.000045
    F      Epoch 100/500: loss=0.006673
      Epoch 200/500: loss=0.008408
      Epoch 300/500: loss=0.006001
      Epoch 400/500: loss=0.005901
      Epoch 500/500: loss=0.005986
  recon=0.0059  E_mu=4.4343  S2=0.000074  S3=0.002649
    C      Epoch 100/500: loss=0.005938
      Epoch 200/500: loss=0.005948
      Epoch 300/500: loss=0.005928
      Epoch 400/500: loss=0.005759
      Epoch 500/500: loss=0.005968
  recon=0.0060  E_mu=4.3379  S2=0.000000  S3=0.002636
    T+F      Epoch 100/500: loss=0.761285
      Epoch 200/500: loss=0.548315
      Epoch 300/500: loss=0.049470
      Epoch 400/500: loss=0.019756
      Epoch 500/500: loss=0.005794
  recon=0.0001  E_mu=0.0824  S2=0.004351  S3=0.000089

============================================================
  hyperbolic_paraboloid | seed=4042 | rotation | D=201
============================================================
    ATLAS  recon=0.0003  tangent=0.1759  E_mu=0.1847  E_Sig=0.9137
    baseline      Epoch 100/500: loss=0.001165
      Epoch 200/500: loss=0.001054
      Epoch 300/500: loss=0.000643
      Epoch 400/500: loss=0.000245
      Epoch 500/500: loss=0.000269
  recon=0.0003  E_mu=2.3697  S2=0.008604  S3=0.000321
    T      Epoch 100/500: loss=0.062521
      Epoch 200/500: loss=0.016253
      Epoch 300/500: loss=0.028055
      Epoch 400/500: loss=0.005971
      Epoch 500/500: loss=0.010292
  recon=0.0012  E_mu=0.3626  S2=0.005447  S3=0.000042
    F      Epoch 100/500: loss=0.006693
      Epoch 200/500: loss=0.005622
      Epoch 300/500: loss=0.005714
      Epoch 400/500: loss=0.005762
      Epoch 500/500: loss=0.005554
  recon=0.0056  E_mu=4.8641  S2=0.000037  S3=0.002429
    C      Epoch 100/500: loss=0.005472
      Epoch 200/500: loss=0.005677
      Epoch 300/500: loss=0.005669
      Epoch 400/500: loss=0.005686
      Epoch 500/500: loss=0.005525
  recon=0.0056  E_mu=4.3780  S2=0.000000  S3=0.002415
    T+F      Epoch 100/500: loss=0.584969
      Epoch 200/500: loss=0.085639
      Epoch 300/500: loss=0.025413
      Epoch 400/500: loss=0.030889
      Epoch 500/500: loss=0.015202
  recon=0.0002  E_mu=0.2358  S2=0.006915  S3=0.000028

============================================================
  hyperbolic_paraboloid | seed=5042 | rotation | D=201
============================================================
    ATLAS  recon=0.0003  tangent=0.1851  E_mu=0.2088  E_Sig=1.1643
    baseline      Epoch 100/500: loss=0.001174
      Epoch 200/500: loss=0.001161
      Epoch 300/500: loss=0.001048
      Epoch 400/500: loss=0.000612
      Epoch 500/500: loss=0.000150
  recon=0.0001  E_mu=3.2537  S2=0.021484  S3=0.000721
    T      Epoch 100/500: loss=0.032711
      Epoch 200/500: loss=0.023558
      Epoch 300/500: loss=0.028893
      Epoch 400/500: loss=0.019223
      Epoch 500/500: loss=0.002717
  recon=0.0001  E_mu=0.4179  S2=0.007243  S3=0.000104
    F      Epoch 100/500: loss=0.005946
      Epoch 200/500: loss=0.005944
      Epoch 300/500: loss=0.005793
      Epoch 400/500: loss=0.005935
      Epoch 500/500: loss=0.005834
  recon=0.0058  E_mu=5.2577  S2=0.000065  S3=0.003845
    C      Epoch 100/500: loss=0.005572
      Epoch 200/500: loss=0.004071
      Epoch 300/500: loss=0.002994
      Epoch 400/500: loss=0.003183
      Epoch 500/500: loss=0.002932
  recon=0.0029  E_mu=3.4846  S2=0.021013  S3=0.003605
    T+F      Epoch 100/500: loss=0.750305
      Epoch 200/500: loss=0.223076
      Epoch 300/500: loss=0.059928
      Epoch 400/500: loss=0.023831
      Epoch 500/500: loss=0.024749
  recon=0.0025  E_mu=0.3292  S2=0.006835  S3=0.000120

============================================================
  hyperbolic_paraboloid | seed=6042 | rotation | D=201
============================================================
    ATLAS  recon=0.0004  tangent=0.2243  E_mu=0.2476  E_Sig=1.5173
    baseline      Epoch 100/500: loss=0.001346
      Epoch 200/500: loss=0.000971
      Epoch 300/500: loss=0.000254
      Epoch 400/500: loss=0.000354
      Epoch 500/500: loss=0.000214
  recon=0.0002  E_mu=3.2420  S2=0.024788  S3=0.000673
    T      Epoch 100/500: loss=0.272600
      Epoch 200/500: loss=0.187379
      Epoch 300/500: loss=0.104195
      Epoch 400/500: loss=0.040776
      Epoch 500/500: loss=0.023443
  recon=0.0086  E_mu=2.2673  S2=1.143969  S3=0.000182
    F      Epoch 100/500: loss=0.007535
      Epoch 200/500: loss=0.006737
      Epoch 300/500: loss=0.006038
      Epoch 400/500: loss=0.006423
      Epoch 500/500: loss=0.006151
  recon=0.0062  E_mu=5.0862  S2=0.000082  S3=0.003644
    C      Epoch 100/500: loss=0.006238
      Epoch 200/500: loss=0.006050
      Epoch 300/500: loss=0.006027
      Epoch 400/500: loss=0.006352
      Epoch 500/500: loss=0.006144
  recon=0.0062  E_mu=5.0440  S2=0.000000  S3=0.003644
    T+F      Epoch 100/500: loss=0.691149
      Epoch 200/500: loss=0.239132
      Epoch 300/500: loss=0.049764
      Epoch 400/500: loss=0.036670
      Epoch 500/500: loss=0.032213
  recon=0.0011  E_mu=0.2783  S2=0.007772  S3=0.000142

============================================================
  hyperbolic_paraboloid | seed=7042 | rotation | D=201
============================================================
    ATLAS  recon=0.0002  tangent=0.2029  E_mu=0.1904  E_Sig=1.3436
    baseline      Epoch 100/500: loss=0.001302
      Epoch 200/500: loss=0.001113
      Epoch 300/500: loss=0.000504
      Epoch 400/500: loss=0.000298
      Epoch 500/500: loss=0.000100
  recon=0.0001  E_mu=2.5389  S2=0.025163  S3=0.001005
    T      Epoch 100/500: loss=0.053522
      Epoch 200/500: loss=0.017229
      Epoch 300/500: loss=0.022961
      Epoch 400/500: loss=0.008181
      Epoch 500/500: loss=0.031714
  recon=0.0010  E_mu=0.6311  S2=0.002032  S3=0.000297
    F      Epoch 100/500: loss=0.007047
      Epoch 200/500: loss=0.006606
      Epoch 300/500: loss=0.005983
      Epoch 400/500: loss=0.006038
      Epoch 500/500: loss=0.005957
  recon=0.0059  E_mu=4.1673  S2=0.000160  S3=0.004463
    C      Epoch 100/500: loss=0.006021
      Epoch 200/500: loss=0.005838
      Epoch 300/500: loss=0.005947
      Epoch 400/500: loss=0.006025
      Epoch 500/500: loss=0.005971
  recon=0.0059  E_mu=4.8810  S2=0.000000  S3=0.004405
    T+F      Epoch 100/500: loss=0.791179
      Epoch 200/500: loss=0.273580
      Epoch 300/500: loss=0.056251
      Epoch 400/500: loss=0.097944
      Epoch 500/500: loss=0.020019
  recon=0.0001  E_mu=0.1845  S2=0.011630  S3=0.000078

============================================================
  hyperbolic_paraboloid | seed=8042 | rotation | D=201
============================================================
    ATLAS  recon=0.0005  tangent=0.2354  E_mu=0.2009  E_Sig=1.1351
    baseline      Epoch 100/500: loss=0.001328
      Epoch 200/500: loss=0.001282
      Epoch 300/500: loss=0.000498
      Epoch 400/500: loss=0.000130
      Epoch 500/500: loss=0.000073
  recon=0.0001  E_mu=2.9708  S2=0.005837  S3=0.000518
    T      Epoch 100/500: loss=0.068676
      Epoch 200/500: loss=0.059588
      Epoch 300/500: loss=0.022688
      Epoch 400/500: loss=0.012580
      Epoch 500/500: loss=0.005390
  recon=0.0002  E_mu=0.4322  S2=0.003537  S3=0.000125
    F      Epoch 100/500: loss=0.013194
      Epoch 200/500: loss=0.006084
      Epoch 300/500: loss=0.005560
      Epoch 400/500: loss=0.005658
      Epoch 500/500: loss=0.005777
  recon=0.0056  E_mu=5.5659  S2=0.000158  S3=0.002991
    C      Epoch 100/500: loss=0.005670
      Epoch 200/500: loss=0.005864
      Epoch 300/500: loss=0.005492
      Epoch 400/500: loss=0.005599
      Epoch 500/500: loss=0.005720
  recon=0.0056  E_mu=4.7360  S2=0.000000  S3=0.002906
    T+F      Epoch 100/500: loss=0.648470
      Epoch 200/500: loss=0.190896
      Epoch 300/500: loss=0.163027
      Epoch 400/500: loss=0.027669
      Epoch 500/500: loss=0.020644
  recon=0.0003  E_mu=0.4146  S2=0.004043  S3=0.000136

============================================================
  hyperbolic_paraboloid | seed=9042 | rotation | D=201
============================================================
    ATLAS  recon=0.0001  tangent=0.1430  E_mu=0.1691  E_Sig=0.8387
    baseline      Epoch 100/500: loss=0.001439
      Epoch 200/500: loss=0.001217
      Epoch 300/500: loss=0.000343
      Epoch 400/500: loss=0.000216
      Epoch 500/500: loss=0.000092
  recon=0.0001  E_mu=2.5402  S2=0.021042  S3=0.000434
    T      Epoch 100/500: loss=0.032075
      Epoch 200/500: loss=0.031387
      Epoch 300/500: loss=0.021757
      Epoch 400/500: loss=0.023810
      Epoch 500/500: loss=0.004137
  recon=0.0002  E_mu=0.4610  S2=0.004801  S3=0.000047
    F      Epoch 100/500: loss=0.006816
      Epoch 200/500: loss=0.006377
      Epoch 300/500: loss=0.006255
      Epoch 400/500: loss=0.006244
      Epoch 500/500: loss=0.006414
  recon=0.0062  E_mu=5.2082  S2=0.000078  S3=0.003501
    C      Epoch 100/500: loss=0.006156
      Epoch 200/500: loss=0.006078
      Epoch 300/500: loss=0.006153
      Epoch 400/500: loss=0.006143
      Epoch 500/500: loss=0.006033
  recon=0.0062  E_mu=5.1282  S2=0.000000  S3=0.003501
    T+F      Epoch 100/500: loss=0.782729
      Epoch 200/500: loss=0.137352
      Epoch 300/500: loss=0.061240
      Epoch 400/500: loss=0.030804
      Epoch 500/500: loss=0.014493
  recon=0.0005  E_mu=0.2257  S2=0.004884  S3=0.000038

============================================================
  quartic_dome | seed=42 | rotation | D=201
============================================================
    ATLAS  recon=0.0005  tangent=0.1626  E_mu=0.8693  E_Sig=0.8486
    baseline      Epoch 100/500: loss=0.000733
      Epoch 200/500: loss=0.000629
      Epoch 300/500: loss=0.000623
      Epoch 400/500: loss=0.000527
      Epoch 500/500: loss=0.000282
  recon=0.0002  E_mu=2.4808  S2=0.002674  S3=0.000254
    T      Epoch 100/500: loss=0.079371
      Epoch 200/500: loss=0.072136
      Epoch 300/500: loss=0.031369
      Epoch 400/500: loss=0.031984
      Epoch 500/500: loss=0.015214
  recon=0.0004  E_mu=0.9033  S2=0.004113  S3=0.000015
    F      Epoch 100/500: loss=0.006897
      Epoch 200/500: loss=0.005651
      Epoch 300/500: loss=0.005576
      Epoch 400/500: loss=0.005671
      Epoch 500/500: loss=0.005349
  recon=0.0054  E_mu=5.4064  S2=0.000173  S3=0.000694
    C      Epoch 100/500: loss=0.005492
      Epoch 200/500: loss=0.005379
      Epoch 300/500: loss=0.005508
      Epoch 400/500: loss=0.004960
      Epoch 500/500: loss=0.002830
  recon=0.0029  E_mu=4.8755  S2=0.016733  S3=0.000569
    T+F      Epoch 100/500: loss=0.310916
      Epoch 200/500: loss=0.168855
      Epoch 300/500: loss=0.101367
      Epoch 400/500: loss=0.077299
      Epoch 500/500: loss=0.085378
  recon=0.0011  E_mu=1.2645  S2=0.002638  S3=0.000051

============================================================
  quartic_dome | seed=1042 | rotation | D=201
============================================================
    ATLAS  recon=0.0007  tangent=0.2462  E_mu=0.5798  E_Sig=0.6803
    baseline      Epoch 100/500: loss=0.000616
      Epoch 200/500: loss=0.000560
      Epoch 300/500: loss=0.000441
      Epoch 400/500: loss=0.000324
      Epoch 500/500: loss=0.000127
  recon=0.0001  E_mu=2.3480  S2=0.003524  S3=0.000143
    T      Epoch 100/500: loss=0.070918
      Epoch 200/500: loss=0.032250
      Epoch 300/500: loss=0.035767
      Epoch 400/500: loss=0.023491
      Epoch 500/500: loss=0.020778
  recon=0.0056  E_mu=1.1418  S2=0.002615  S3=0.000013
    F      Epoch 100/500: loss=0.006486
      Epoch 200/500: loss=0.005241
      Epoch 300/500: loss=0.005178
      Epoch 400/500: loss=0.005101
      Epoch 500/500: loss=0.005504
  recon=0.0052  E_mu=5.3853  S2=0.000252  S3=0.000613
    C      Epoch 100/500: loss=0.005207
      Epoch 200/500: loss=0.005196
      Epoch 300/500: loss=0.005133
      Epoch 400/500: loss=0.005038
      Epoch 500/500: loss=0.005488
  recon=0.0052  E_mu=5.1030  S2=0.000000  S3=0.000613
    T+F      Epoch 100/500: loss=0.351025
      Epoch 200/500: loss=0.170416
      Epoch 300/500: loss=0.108491
      Epoch 400/500: loss=0.055798
      Epoch 500/500: loss=0.045882
  recon=0.0005  E_mu=0.6656  S2=0.001712  S3=0.000029

============================================================
  quartic_dome | seed=2042 | rotation | D=201
============================================================
    ATLAS  recon=0.0003  tangent=0.1887  E_mu=0.4402  E_Sig=0.6568
    baseline      Epoch 100/500: loss=0.000847
      Epoch 200/500: loss=0.000841
      Epoch 300/500: loss=0.000515
      Epoch 400/500: loss=0.000099
      Epoch 500/500: loss=0.000057
  recon=0.0001  E_mu=2.4329  S2=0.004992  S3=0.000170
    T      Epoch 100/500: loss=0.047297
      Epoch 200/500: loss=0.033497
      Epoch 300/500: loss=0.030775
      Epoch 400/500: loss=0.012995
      Epoch 500/500: loss=0.011336
  recon=0.0002  E_mu=0.9412  S2=0.003316  S3=0.000016
    F      Epoch 100/500: loss=0.007085
      Epoch 200/500: loss=0.007816
      Epoch 300/500: loss=0.062743
      Epoch 400/500: loss=0.005724
      Epoch 500/500: loss=0.005679
  recon=0.0057  E_mu=5.4382  S2=0.000561  S3=0.000846
    C      Epoch 100/500: loss=0.005500
      Epoch 200/500: loss=0.005640
      Epoch 300/500: loss=0.005635
      Epoch 400/500: loss=0.005326
      Epoch 500/500: loss=0.003467
  recon=0.0032  E_mu=4.8956  S2=0.026795  S3=0.000709
    T+F      Epoch 100/500: loss=0.343828
      Epoch 200/500: loss=0.168632
      Epoch 300/500: loss=0.129982
      Epoch 400/500: loss=0.105128
      Epoch 500/500: loss=0.063038
  recon=0.0006  E_mu=0.7160  S2=0.001982  S3=0.000049

============================================================
  quartic_dome | seed=3042 | rotation | D=201
============================================================
    ATLAS  recon=0.0002  tangent=0.1171  E_mu=0.5415  E_Sig=0.6168
    baseline      Epoch 100/500: loss=0.000823
      Epoch 200/500: loss=0.000754
      Epoch 300/500: loss=0.000504
      Epoch 400/500: loss=0.000177
      Epoch 500/500: loss=0.000086
  recon=0.0001  E_mu=1.6497  S2=0.003219  S3=0.000195
    T      Epoch 100/500: loss=0.062253
      Epoch 200/500: loss=0.054945
      Epoch 300/500: loss=0.039815
      Epoch 400/500: loss=0.037739
      Epoch 500/500: loss=0.025395
  recon=0.0026  E_mu=0.7652  S2=0.003864  S3=0.000025
    F      Epoch 100/500: loss=0.007875
      Epoch 200/500: loss=0.005604
      Epoch 300/500: loss=0.005578
      Epoch 400/500: loss=0.005348
      Epoch 500/500: loss=0.005475
  recon=0.0055  E_mu=5.3981  S2=0.000266  S3=0.000719
    C      Epoch 100/500: loss=0.005510
      Epoch 200/500: loss=0.005449
      Epoch 300/500: loss=0.005452
      Epoch 400/500: loss=0.005319
      Epoch 500/500: loss=0.005155
  recon=0.0049  E_mu=4.9362  S2=0.000316  S3=0.000632
    T+F      Epoch 100/500: loss=0.236616
      Epoch 200/500: loss=0.158017
      Epoch 300/500: loss=0.097134
      Epoch 400/500: loss=0.065311
      Epoch 500/500: loss=0.053214
  recon=0.0007  E_mu=0.5039  S2=0.002030  S3=0.000049

============================================================
  quartic_dome | seed=4042 | rotation | D=201
============================================================
    ATLAS  recon=0.0003  tangent=0.1425  E_mu=0.4096  E_Sig=0.6612
    baseline      Epoch 100/500: loss=0.000653
      Epoch 200/500: loss=0.000678
      Epoch 300/500: loss=0.000604
      Epoch 400/500: loss=0.000499
      Epoch 500/500: loss=0.000333
  recon=0.0004  E_mu=2.3774  S2=0.008648  S3=0.000351
    T      Epoch 100/500: loss=0.047986
      Epoch 200/500: loss=0.036995
      Epoch 300/500: loss=0.026091
      Epoch 400/500: loss=0.017488
      Epoch 500/500: loss=0.007691
  recon=0.0002  E_mu=1.0614  S2=0.003037  S3=0.000014
    F      Epoch 100/500: loss=0.005346
      Epoch 200/500: loss=0.007957
      Epoch 300/500: loss=0.005135
      Epoch 400/500: loss=0.005049
      Epoch 500/500: loss=0.004882
  recon=0.0050  E_mu=5.3216  S2=0.000189  S3=0.000864
    C      Epoch 100/500: loss=0.004836
      Epoch 200/500: loss=0.005052
      Epoch 300/500: loss=0.005057
      Epoch 400/500: loss=0.005032
      Epoch 500/500: loss=0.004864
  recon=0.0050  E_mu=5.2571  S2=0.000000  S3=0.000854
    T+F      Epoch 100/500: loss=0.270096
      Epoch 200/500: loss=0.155135
      Epoch 300/500: loss=0.117661
      Epoch 400/500: loss=0.056848
      Epoch 500/500: loss=0.051593
  recon=0.0056  E_mu=0.7315  S2=0.002154  S3=0.000043

============================================================
  quartic_dome | seed=5042 | rotation | D=201
============================================================
    ATLAS  recon=0.0003  tangent=0.1375  E_mu=0.6424  E_Sig=0.7508
    baseline      Epoch 100/500: loss=0.000798
      Epoch 200/500: loss=0.000819
      Epoch 300/500: loss=0.000556
      Epoch 400/500: loss=0.000144
      Epoch 500/500: loss=0.000114
  recon=0.0001  E_mu=2.3919  S2=0.004118  S3=0.000164
    T      Epoch 100/500: loss=0.061835
      Epoch 200/500: loss=0.037677
      Epoch 300/500: loss=0.025528
      Epoch 400/500: loss=0.013479
      Epoch 500/500: loss=0.019351
  recon=0.0007  E_mu=0.7852  S2=0.002956  S3=0.000023
    F      Epoch 100/500: loss=0.007223
      Epoch 200/500: loss=0.006210
      Epoch 300/500: loss=0.005357
      Epoch 400/500: loss=0.005430
      Epoch 500/500: loss=0.005445
  recon=0.0053  E_mu=5.3308  S2=0.000421  S3=0.000775
    C      Epoch 100/500: loss=0.005363
      Epoch 200/500: loss=0.005346
      Epoch 300/500: loss=0.005283
      Epoch 400/500: loss=0.005400
      Epoch 500/500: loss=0.005422
  recon=0.0053  E_mu=5.0161  S2=0.000000  S3=0.000775
    T+F      Epoch 100/500: loss=0.232165
      Epoch 200/500: loss=0.131703
      Epoch 300/500: loss=0.083984
      Epoch 400/500: loss=0.066177
      Epoch 500/500: loss=0.039342
  recon=0.0003  E_mu=0.9060  S2=0.002284  S3=0.000030

============================================================
  quartic_dome | seed=6042 | rotation | D=201
============================================================
    ATLAS  recon=0.0003  tangent=0.1731  E_mu=0.7749  E_Sig=1.0388
    baseline      Epoch 100/500: loss=0.001002
      Epoch 200/500: loss=0.000781
      Epoch 300/500: loss=0.000207
      Epoch 400/500: loss=0.000120
      Epoch 500/500: loss=0.000121
  recon=0.0001  E_mu=2.0609  S2=0.003442  S3=0.000209
    T      Epoch 100/500: loss=0.058368
      Epoch 200/500: loss=0.050882
      Epoch 300/500: loss=0.030192
      Epoch 400/500: loss=0.033412
      Epoch 500/500: loss=0.049701
  recon=0.0099  E_mu=0.7535  S2=0.001667  S3=0.000044
    F      Epoch 100/500: loss=0.008490
      Epoch 200/500: loss=0.006873
      Epoch 300/500: loss=0.005968
      Epoch 400/500: loss=0.006606
      Epoch 500/500: loss=0.005667
  recon=0.0057  E_mu=5.3703  S2=0.000418  S3=0.000818
    C      Epoch 100/500: loss=0.005761
      Epoch 200/500: loss=0.005549
      Epoch 300/500: loss=0.005523
      Epoch 400/500: loss=0.005809
      Epoch 500/500: loss=0.005627
  recon=0.0057  E_mu=4.7287  S2=0.000000  S3=0.000816
    T+F      Epoch 100/500: loss=0.283312
      Epoch 200/500: loss=0.154932
      Epoch 300/500: loss=0.056737
      Epoch 400/500: loss=0.051536
      Epoch 500/500: loss=0.032015
  recon=0.0001  E_mu=0.5147  S2=0.001418  S3=0.000048

============================================================
  quartic_dome | seed=7042 | rotation | D=201
============================================================
    ATLAS  recon=0.0002  tangent=0.1906  E_mu=0.6126  E_Sig=0.7062
    baseline      Epoch 100/500: loss=0.000945
      Epoch 200/500: loss=0.000930
      Epoch 300/500: loss=0.000395
      Epoch 400/500: loss=0.000186
      Epoch 500/500: loss=0.000127
  recon=0.0001  E_mu=1.7408  S2=0.007020  S3=0.000256
    T      Epoch 100/500: loss=0.067903
      Epoch 200/500: loss=0.077180
      Epoch 300/500: loss=0.047532
      Epoch 400/500: loss=0.023455
      Epoch 500/500: loss=0.020762
  recon=0.0005  E_mu=0.6788  S2=0.004500  S3=0.000054
    F      Epoch 100/500: loss=0.009955
      Epoch 200/500: loss=0.005583
      Epoch 300/500: loss=0.005645
      Epoch 400/500: loss=0.005689
      Epoch 500/500: loss=0.005608
  recon=0.0055  E_mu=5.2861  S2=0.000230  S3=0.000905
    C      Epoch 100/500: loss=0.005588
      Epoch 200/500: loss=0.005291
      Epoch 300/500: loss=0.005612
      Epoch 400/500: loss=0.005673
      Epoch 500/500: loss=0.005612
  recon=0.0055  E_mu=5.0897  S2=0.000000  S3=0.000905
    T+F      Epoch 100/500: loss=0.351077
      Epoch 200/500: loss=0.165859
      Epoch 300/500: loss=0.121034
      Epoch 400/500: loss=0.087611
      Epoch 500/500: loss=0.051689
  recon=0.0003  E_mu=0.5026  S2=0.002998  S3=0.000082

============================================================
  quartic_dome | seed=8042 | rotation | D=201
============================================================
    ATLAS  recon=0.0005  tangent=0.1725  E_mu=0.5380  E_Sig=0.8662
    baseline      Epoch 100/500: loss=0.002798
      Epoch 200/500: loss=0.000931
      Epoch 300/500: loss=0.000518
      Epoch 400/500: loss=0.000134
      Epoch 500/500: loss=0.000101
  recon=0.0001  E_mu=2.5293  S2=0.004784  S3=0.000180
    T      Epoch 100/500: loss=0.076364
      Epoch 200/500: loss=0.043053
      Epoch 300/500: loss=0.023517
      Epoch 400/500: loss=0.021893
      Epoch 500/500: loss=0.022441
  recon=0.0007  E_mu=1.1454  S2=0.001317  S3=0.000025
    F      Epoch 100/500: loss=0.007722
      Epoch 200/500: loss=0.005452
      Epoch 300/500: loss=0.005046
      Epoch 400/500: loss=0.005170
      Epoch 500/500: loss=0.005180
  recon=0.0051  E_mu=5.4507  S2=0.000306  S3=0.000802
    C      Epoch 100/500: loss=0.005240
      Epoch 200/500: loss=0.005407
      Epoch 300/500: loss=0.005009
      Epoch 400/500: loss=0.005108
      Epoch 500/500: loss=0.005175
  recon=0.0051  E_mu=5.3468  S2=0.000000  S3=0.000802
    T+F      Epoch 100/500: loss=0.303746
      Epoch 200/500: loss=0.166433
      Epoch 300/500: loss=0.081082
      Epoch 400/500: loss=0.067476
      Epoch 500/500: loss=0.038279
  recon=0.0004  E_mu=0.6763  S2=0.001398  S3=0.000036

============================================================
  quartic_dome | seed=9042 | rotation | D=201
============================================================
    ATLAS  recon=0.0001  tangent=0.0915  E_mu=0.4198  E_Sig=0.5237
    baseline      Epoch 100/500: loss=0.000927
      Epoch 200/500: loss=0.001009
      Epoch 300/500: loss=0.000359
      Epoch 400/500: loss=0.000121
      Epoch 500/500: loss=0.000083
  recon=0.0001  E_mu=2.0830  S2=0.005573  S3=0.000185
    T      Epoch 100/500: loss=0.080188
      Epoch 200/500: loss=0.030472
      Epoch 300/500: loss=0.038147
      Epoch 400/500: loss=0.013039
      Epoch 500/500: loss=0.012942
  recon=0.0006  E_mu=0.8862  S2=0.004355  S3=0.000014
    F      Epoch 100/500: loss=0.009708
      Epoch 200/500: loss=0.006988
      Epoch 300/500: loss=0.005686
      Epoch 400/500: loss=0.005647
      Epoch 500/500: loss=0.005630
  recon=0.0057  E_mu=5.3447  S2=0.000219  S3=0.000773
    C      Epoch 100/500: loss=0.005778
      Epoch 200/500: loss=0.005575
      Epoch 300/500: loss=0.005628
      Epoch 400/500: loss=0.005605
      Epoch 500/500: loss=0.005532
  recon=0.0056  E_mu=6.0912  S2=0.000000  S3=0.000745
    T+F      Epoch 100/500: loss=0.298078
      Epoch 200/500: loss=0.173137
      Epoch 300/500: loss=0.087895
      Epoch 400/500: loss=0.066244
      Epoch 500/500: loss=0.032150
  recon=0.0016  E_mu=0.5714  S2=0.002900  S3=0.000029

============================================================
  sinusoidal | seed=42 | rotation | D=201
============================================================
    ATLAS  recon=0.0004  tangent=0.1544  E_mu=0.2245  E_Sig=0.6681
    baseline      Epoch 100/500: loss=0.000621
      Epoch 200/500: loss=0.000462
      Epoch 300/500: loss=0.000434
      Epoch 400/500: loss=0.000131
      Epoch 500/500: loss=0.000106
  recon=0.0001  E_mu=1.8287  S2=0.002920  S3=0.000132
    T      Epoch 100/500: loss=0.042809
      Epoch 200/500: loss=0.019488
      Epoch 300/500: loss=0.016029
      Epoch 400/500: loss=0.016136
      Epoch 500/500: loss=0.003367
  recon=0.0001  E_mu=0.1998  S2=0.007541  S3=0.000005
    F      Epoch 100/500: loss=0.007233
      Epoch 200/500: loss=0.007087
      Epoch 300/500: loss=0.007157
      Epoch 400/500: loss=0.007478
      Epoch 500/500: loss=0.006755
  recon=0.0069  E_mu=5.1305  S2=0.000138  S3=0.000790
    C      Epoch 100/500: loss=0.006884
      Epoch 200/500: loss=0.007134
      Epoch 300/500: loss=0.007127
      Epoch 400/500: loss=0.007242
      Epoch 500/500: loss=0.006777
  recon=0.0070  E_mu=5.0347  S2=0.000000  S3=0.000790
    T+F      Epoch 100/500: loss=0.307740
      Epoch 200/500: loss=0.122690
      Epoch 300/500: loss=0.084159
      Epoch 400/500: loss=0.038702
      Epoch 500/500: loss=0.028341
  recon=0.0003  E_mu=0.3420  S2=0.002656  S3=0.000018

============================================================
  sinusoidal | seed=1042 | rotation | D=201
============================================================
    ATLAS  recon=0.0005  tangent=0.2125  E_mu=0.2192  E_Sig=0.4978
    baseline      Epoch 100/500: loss=0.000449
      Epoch 200/500: loss=0.000409
      Epoch 300/500: loss=0.000266
      Epoch 400/500: loss=0.000083
      Epoch 500/500: loss=0.000073
  recon=0.0001  E_mu=1.7357  S2=0.002192  S3=0.000105
    T      Epoch 100/500: loss=0.033037
      Epoch 200/500: loss=0.016609
      Epoch 300/500: loss=0.013481
      Epoch 400/500: loss=0.004867
      Epoch 500/500: loss=0.008202
  recon=0.0006  E_mu=0.1989  S2=0.003292  S3=0.000009
    F      Epoch 100/500: loss=0.007052
      Epoch 200/500: loss=0.006298
      Epoch 300/500: loss=0.006440
      Epoch 400/500: loss=0.006233
      Epoch 500/500: loss=0.006737
  recon=0.0064  E_mu=5.6212  S2=0.000104  S3=0.000772
    C      Epoch 100/500: loss=0.006377
      Epoch 200/500: loss=0.003990
      Epoch 300/500: loss=0.004067
      Epoch 400/500: loss=0.003317
      Epoch 500/500: loss=0.003671
  recon=0.0034  E_mu=3.5769  S2=0.004383  S3=0.000630
    T+F      Epoch 100/500: loss=0.179579
      Epoch 200/500: loss=0.115907
      Epoch 300/500: loss=0.071603
      Epoch 400/500: loss=0.040090
      Epoch 500/500: loss=0.028484
  recon=0.0003  E_mu=0.4809  S2=0.001143  S3=0.000018

============================================================
  sinusoidal | seed=2042 | rotation | D=201
============================================================
    ATLAS  recon=0.0003  tangent=0.1286  E_mu=0.2144  E_Sig=0.5029
    baseline      Epoch 100/500: loss=0.000569
      Epoch 200/500: loss=0.000501
      Epoch 300/500: loss=0.000216
      Epoch 400/500: loss=0.000115
      Epoch 500/500: loss=0.000070
  recon=0.0001  E_mu=1.6508  S2=0.002421  S3=0.000183
    T      Epoch 100/500: loss=0.025252
      Epoch 200/500: loss=0.021196
      Epoch 300/500: loss=0.008951
      Epoch 400/500: loss=0.014485
      Epoch 500/500: loss=0.005090
  recon=0.0005  E_mu=0.1374  S2=0.007002  S3=0.000022
    F      Epoch 100/500: loss=0.007533
      Epoch 200/500: loss=0.009847
      Epoch 300/500: loss=0.007138
      Epoch 400/500: loss=0.007342
      Epoch 500/500: loss=0.007056
  recon=0.0071  E_mu=5.3062  S2=0.000086  S3=0.000802
    C      Epoch 100/500: loss=0.003419
      Epoch 200/500: loss=0.003280
      Epoch 300/500: loss=0.003310
      Epoch 400/500: loss=0.003026
      Epoch 500/500: loss=0.003188
  recon=0.0030  E_mu=3.0743  S2=0.026388  S3=0.000527
    T+F      Epoch 100/500: loss=0.249442
      Epoch 200/500: loss=0.193886
      Epoch 300/500: loss=0.072340
      Epoch 400/500: loss=0.050121
      Epoch 500/500: loss=0.023643
  recon=0.0002  E_mu=0.3661  S2=0.001783  S3=0.000018

============================================================
  sinusoidal | seed=3042 | rotation | D=201
============================================================
    ATLAS  recon=0.0002  tangent=0.1109  E_mu=0.1873  E_Sig=0.5464
    baseline      Epoch 100/500: loss=0.000600
      Epoch 200/500: loss=0.000436
      Epoch 300/500: loss=0.000388
      Epoch 400/500: loss=0.000207
      Epoch 500/500: loss=0.000132
  recon=0.0001  E_mu=1.6243  S2=0.003697  S3=0.000204
    T      Epoch 100/500: loss=0.027131
      Epoch 200/500: loss=0.019959
      Epoch 300/500: loss=0.028268
      Epoch 400/500: loss=0.006748
      Epoch 500/500: loss=0.002476
  recon=0.0001  E_mu=0.1342  S2=0.008031  S3=0.000004
    F      Epoch 100/500: loss=0.008339
      Epoch 200/500: loss=0.010533
      Epoch 300/500: loss=0.007054
      Epoch 400/500: loss=0.006895
      Epoch 500/500: loss=0.006911
  recon=0.0069  E_mu=4.7362  S2=0.000064  S3=0.000852
    C      Epoch 100/500: loss=0.005449
      Epoch 200/500: loss=0.006946
      Epoch 300/500: loss=0.007002
      Epoch 400/500: loss=0.006813
      Epoch 500/500: loss=0.006898
  recon=0.0069  E_mu=4.4117  S2=0.000000  S3=0.000850
    T+F      Epoch 100/500: loss=0.247914
      Epoch 200/500: loss=0.180736
      Epoch 300/500: loss=0.071162
      Epoch 400/500: loss=0.025911
      Epoch 500/500: loss=0.020052
  recon=0.0004  E_mu=0.2909  S2=0.000937  S3=0.000016

============================================================
  sinusoidal | seed=4042 | rotation | D=201
============================================================
    ATLAS  recon=0.0002  tangent=0.1071  E_mu=0.2514  E_Sig=0.5567
    baseline      Epoch 100/500: loss=0.000515
      Epoch 200/500: loss=0.000375
      Epoch 300/500: loss=0.000353
      Epoch 400/500: loss=0.000154
      Epoch 500/500: loss=0.000118
  recon=0.0001  E_mu=1.8162  S2=0.001700  S3=0.000164
    T      Epoch 100/500: loss=0.053017
      Epoch 200/500: loss=0.023320
      Epoch 300/500: loss=0.012558
      Epoch 400/500: loss=0.014138
      Epoch 500/500: loss=0.013482
  recon=0.0006  E_mu=0.1769  S2=0.008442  S3=0.000013
    F      Epoch 100/500: loss=0.007003
      Epoch 200/500: loss=0.008051
      Epoch 300/500: loss=0.008627
      Epoch 400/500: loss=0.006842
      Epoch 500/500: loss=0.006681
  recon=0.0067  E_mu=4.9026  S2=0.000031  S3=0.000880
    C      Epoch 100/500: loss=0.005744
      Epoch 200/500: loss=0.006788
      Epoch 300/500: loss=0.006854
      Epoch 400/500: loss=0.006825
      Epoch 500/500: loss=0.006670
  recon=0.0068  E_mu=4.7543  S2=0.000000  S3=0.000880
    T+F      Epoch 100/500: loss=0.218246
      Epoch 200/500: loss=0.139053
      Epoch 300/500: loss=0.096200
      Epoch 400/500: loss=0.043602
      Epoch 500/500: loss=0.034457
  recon=0.0012  E_mu=0.4315  S2=0.000786  S3=0.000032

============================================================
  sinusoidal | seed=5042 | rotation | D=201
============================================================
    ATLAS  recon=0.0002  tangent=0.1058  E_mu=0.2075  E_Sig=0.5746
    baseline      Epoch 100/500: loss=0.000590
      Epoch 200/500: loss=0.000576
      Epoch 300/500: loss=0.000274
      Epoch 400/500: loss=0.000093
      Epoch 500/500: loss=0.000092
  recon=0.0001  E_mu=2.1271  S2=0.003072  S3=0.000182
    T      Epoch 100/500: loss=0.035326
      Epoch 200/500: loss=0.011996
      Epoch 300/500: loss=0.013181
      Epoch 400/500: loss=0.008891
      Epoch 500/500: loss=0.013126
  recon=0.0013  E_mu=0.2076  S2=0.005184  S3=0.000053
    F      Epoch 100/500: loss=0.007822
      Epoch 200/500: loss=0.006983
      Epoch 300/500: loss=0.007024
      Epoch 400/500: loss=0.007243
      Epoch 500/500: loss=0.007196
  recon=0.0070  E_mu=5.2091  S2=0.000044  S3=0.000899
    C      Epoch 100/500: loss=0.003414
      Epoch 200/500: loss=0.003206
      Epoch 300/500: loss=0.002416
      Epoch 400/500: loss=0.002063
      Epoch 500/500: loss=0.000976
  recon=0.0006  E_mu=2.8432  S2=0.099182  S3=0.000452
    T+F      Epoch 100/500: loss=0.253100
      Epoch 200/500: loss=0.157883
      Epoch 300/500: loss=0.078498
      Epoch 400/500: loss=0.041966
      Epoch 500/500: loss=0.027057
  recon=0.0001  E_mu=0.4970  S2=0.002161  S3=0.000020

============================================================
  sinusoidal | seed=6042 | rotation | D=201
============================================================
    ATLAS  recon=0.0003  tangent=0.1588  E_mu=0.2246  E_Sig=0.5926
    baseline      Epoch 100/500: loss=0.000708
      Epoch 200/500: loss=0.000433
      Epoch 300/500: loss=0.000275
      Epoch 400/500: loss=0.000129
      Epoch 500/500: loss=0.000111
  recon=0.0001  E_mu=1.8246  S2=0.002706  S3=0.000236
    T      Epoch 100/500: loss=0.043303
      Epoch 200/500: loss=0.023239
      Epoch 300/500: loss=0.010844
      Epoch 400/500: loss=0.010212
      Epoch 500/500: loss=0.007802
  recon=0.0003  E_mu=0.1746  S2=0.006585  S3=0.000028
    F      Epoch 100/500: loss=0.008297
      Epoch 200/500: loss=0.008025
      Epoch 300/500: loss=0.006972
      Epoch 400/500: loss=0.007512
      Epoch 500/500: loss=0.007200
  recon=0.0072  E_mu=5.4138  S2=0.000115  S3=0.000927
    C      Epoch 100/500: loss=0.007313
      Epoch 200/500: loss=0.006608
      Epoch 300/500: loss=0.006954
      Epoch 400/500: loss=0.007480
      Epoch 500/500: loss=0.007188
  recon=0.0072  E_mu=5.2281  S2=0.000000  S3=0.000925
    T+F      Epoch 100/500: loss=0.257266
      Epoch 200/500: loss=0.131617
      Epoch 300/500: loss=0.058861
      Epoch 400/500: loss=0.034361
      Epoch 500/500: loss=0.036417
  recon=0.0007  E_mu=0.5662  S2=0.001304  S3=0.000047

============================================================
  sinusoidal | seed=7042 | rotation | D=201
============================================================
    ATLAS  recon=0.0002  tangent=0.1376  E_mu=0.2216  E_Sig=0.6277
    baseline      Epoch 100/500: loss=0.000772
      Epoch 200/500: loss=0.000510
      Epoch 300/500: loss=0.000292
      Epoch 400/500: loss=0.000251
      Epoch 500/500: loss=0.000117
  recon=0.0001  E_mu=1.6441  S2=0.004201  S3=0.000273
    T      Epoch 100/500: loss=0.038685
      Epoch 200/500: loss=0.037260
      Epoch 300/500: loss=0.022031
      Epoch 400/500: loss=0.009439
      Epoch 500/500: loss=0.007185
  recon=0.0002  E_mu=0.1580  S2=0.007453  S3=0.000027
    F      Epoch 100/500: loss=0.012952
      Epoch 200/500: loss=0.009390
      Epoch 300/500: loss=0.007350
      Epoch 400/500: loss=0.007294
      Epoch 500/500: loss=0.007275
  recon=0.0072  E_mu=4.7988  S2=0.000054  S3=0.000986
    C      Epoch 100/500: loss=0.004402
      Epoch 200/500: loss=0.002690
      Epoch 300/500: loss=0.002635
      Epoch 400/500: loss=0.002620
      Epoch 500/500: loss=0.002503
  recon=0.0024  E_mu=2.8856  S2=0.145004  S3=0.000661
    T+F      Epoch 100/500: loss=0.314749
      Epoch 200/500: loss=0.197323
      Epoch 300/500: loss=0.069693
      Epoch 400/500: loss=0.034126
      Epoch 500/500: loss=0.026255
  recon=0.0004  E_mu=0.2851  S2=0.006893  S3=0.000026

============================================================
  sinusoidal | seed=8042 | rotation | D=201
============================================================
    ATLAS  recon=0.0004  tangent=0.1479  E_mu=0.2058  E_Sig=0.5940
    baseline      Epoch 100/500: loss=0.000679
      Epoch 200/500: loss=0.000676
      Epoch 300/500: loss=0.000359
      Epoch 400/500: loss=0.000097
      Epoch 500/500: loss=0.000098
  recon=0.0001  E_mu=1.5341  S2=0.002631  S3=0.000187
    T      Epoch 100/500: loss=0.055022
      Epoch 200/500: loss=0.031914
      Epoch 300/500: loss=0.016140
      Epoch 400/500: loss=0.007441
      Epoch 500/500: loss=0.016032
  recon=0.0019  E_mu=0.2059  S2=0.003400  S3=0.000064
    F      Epoch 100/500: loss=0.010720
      Epoch 200/500: loss=0.006944
      Epoch 300/500: loss=0.006526
      Epoch 400/500: loss=0.006750
      Epoch 500/500: loss=0.006750
  recon=0.0066  E_mu=5.5545  S2=0.000112  S3=0.000873
    C      Epoch 100/500: loss=0.006803
      Epoch 200/500: loss=0.002794
      Epoch 300/500: loss=0.002450
      Epoch 400/500: loss=0.002295
      Epoch 500/500: loss=0.002439
  recon=0.0023  E_mu=2.9748  S2=0.017581  S3=0.000594
    T+F      Epoch 100/500: loss=0.287690
      Epoch 200/500: loss=0.196184
      Epoch 300/500: loss=0.082434
      Epoch 400/500: loss=0.040583
      Epoch 500/500: loss=0.032088
  recon=0.0007  E_mu=0.3733  S2=0.001013  S3=0.000090

============================================================
  sinusoidal | seed=9042 | rotation | D=201
============================================================
    ATLAS  recon=0.0001  tangent=0.0699  E_mu=0.1798  E_Sig=0.4036
    baseline      Epoch 100/500: loss=0.000879
      Epoch 200/500: loss=0.000545
      Epoch 300/500: loss=0.000317
      Epoch 400/500: loss=0.000198
      Epoch 500/500: loss=0.000101
  recon=0.0001  E_mu=1.7176  S2=0.003147  S3=0.000189
    T      Epoch 100/500: loss=0.042283
      Epoch 200/500: loss=0.030385
      Epoch 300/500: loss=0.012329
      Epoch 400/500: loss=0.008439
      Epoch 500/500: loss=0.011918
  recon=0.0012  E_mu=0.1531  S2=0.005636  S3=0.000011
    F      Epoch 100/500: loss=0.017130
      Epoch 200/500: loss=0.007573
      Epoch 300/500: loss=0.012088
      Epoch 400/500: loss=0.007269
      Epoch 500/500: loss=0.007161
  recon=0.0073  E_mu=5.1534  S2=0.000058  S3=0.000927
    C      Epoch 100/500: loss=0.007331
      Epoch 200/500: loss=0.007270
      Epoch 300/500: loss=0.007256
      Epoch 400/500: loss=0.007243
      Epoch 500/500: loss=0.007128
  recon=0.0073  E_mu=5.2883  S2=0.000000  S3=0.000925
    T+F      Epoch 100/500: loss=0.289829
      Epoch 200/500: loss=0.152237
      Epoch 300/500: loss=0.042893
      Epoch 400/500: loss=0.031202
      Epoch 500/500: loss=0.018754
  recon=0.0002  E_mu=0.2979  S2=0.001346  S3=0.000020


Total time: 60.2 min
Saved 240 rows to full_ablation_rotation_d201.csv

================================================================================
ABLATION SUMMARY (rotation, D=201)
================================================================================

  paraboloid:
          cond         recon       tangent          E_mu       E_Sigma       S2_loss
/network/rit/lab/Yelab/aeml/experiments/full_ablation.py:361: RuntimeWarning: Mean of empty slice
  f"{np.nanmean(s2):>5.6f}")
         ATLAS  0.0010±0.0004  0.2114±0.0360  0.2096±0.0288  1.3702±0.2113    nan
      baseline  0.0002±0.0001  0.1534±0.0617  2.5012±0.7636  5.2639±2.6975  0.044437
             T  0.0002±0.0003  0.0098±0.0071  0.4969±0.1447  0.2363±0.2123  0.008541
             F  0.0060±0.0003  1.9958±0.0049  11.6161±0.4575  52.0286±6.0841  0.000056
             C  0.0048±0.0016  1.5835±0.4017  9.7378±1.2606  46.8132±7.1978  0.037441
           T+F  0.0010±0.0007  0.0232±0.0076  0.4333±0.1332  0.6721±0.2625  0.006320

  hyperbolic_paraboloid:
          cond         recon       tangent          E_mu       E_Sigma       S2_loss
         ATLAS  0.0004±0.0002  0.2076±0.0442  0.2012±0.0205  1.1805±0.2238    nan
      baseline  0.0001±0.0001  0.1472±0.0248  2.7698±0.3338  4.6639±1.5245  0.017915
             T  0.0013±0.0025  0.0205±0.0175  0.6361±0.5556  0.4549±0.2542  0.119157
             F  0.0059±0.0002  1.9914±0.0117  4.9481±0.3874  51.9024±5.4778  0.000089
             C  0.0054±0.0011  1.6966±0.3046  4.5501±0.5376  49.5586±5.2498  0.010870
           T+F  0.0013±0.0017  0.0202±0.0072  0.2540±0.0827  0.5850±0.2385  0.005853

  quartic_dome:
          cond         recon       tangent          E_mu       E_Sigma       S2_loss
         ATLAS  0.0003±0.0002  0.1622±0.0410  0.5828±0.1428  0.7349±0.1402    nan
      baseline  0.0001±0.0001  0.2123±0.0671  2.2095±0.2962  3.5619±1.8594  0.004799
             T  0.0021±0.0030  0.0285±0.0070  0.9062±0.1575  0.3637±0.1754  0.003174
             F  0.0054±0.0002  1.9959±0.0022  5.3732±0.0500  21.0257±0.9835  0.000304
             C  0.0048±0.0009  1.7078±0.2756  5.1340±0.3634  19.6635±2.0357  0.004384
           T+F  0.0011±0.0016  0.0550±0.0108  0.7052±0.2218  0.7390±0.2382  0.002151

  sinusoidal:
          cond         recon       tangent          E_mu       E_Sigma       S2_loss
         ATLAS  0.0003±0.0001  0.1334±0.0368  0.2136±0.0192  0.5564±0.0710    nan
      baseline  0.0001±0.0000  0.1887±0.0173  1.7503±0.1559  2.8873±0.4040  0.002869
             T  0.0007±0.0006  0.0157±0.0104  0.1746±0.0266  0.2286±0.1091  0.006256
             F  0.0069±0.0003  1.9911±0.0080  5.1826±0.2878  32.1623±2.1283  0.000081
             C  0.0047±0.0025  1.4810±0.4801  4.0072±0.9820  24.3176±9.2150  0.029254
           T+F  0.0005±0.0003  0.0309±0.0127  0.3931±0.0921  0.5368±0.0975  0.002002
