Full ablation: mb dynamics, D=201
Surfaces: ['paraboloid', 'hyperbolic_paraboloid', 'quartic_dome', 'sinusoidal']
Conditions: ['baseline', 'T', 'F', 'C', 'T+F'] + ATLAS
Seeds (10): [42, 1042, 2042, 3042, 4042, 5042, 6042, 7042, 8042, 9042]
AE epochs: 4000, SDE epochs: 3000
N_train: 200

============================================================
  paraboloid | seed=42 | mb | D=201
============================================================
    ATLAS  recon=0.0084  E_mu=1.5603
    baseline      Epoch 800/4000: loss=0.000003
      Epoch 1600/4000: loss=0.000001
      Epoch 2400/4000: loss=0.000001
      Epoch 3200/4000: loss=0.000001
      Epoch 4000/4000: loss=0.000001
  recon=0.0000  E_mu=0.0218  S2=0.000258
    T      Epoch 800/4000: loss=0.000122
      Epoch 1600/4000: loss=0.000039
      Epoch 2400/4000: loss=0.000026
      Epoch 3200/4000: loss=0.000023
      Epoch 4000/4000: loss=0.000021
  recon=0.0000  E_mu=0.0002  S2=0.001646
    F      Epoch 800/4000: loss=0.001474
      Epoch 1600/4000: loss=0.001375
slurmstepd: error: *** JOB 60939 ON dgx04 CANCELLED AT 2026-03-18T21:48:19 ***
