Full ablation: mb dynamics, D=11
Surfaces: ['paraboloid', 'hyperbolic_paraboloid', 'quartic_dome', 'sinusoidal']
Conditions: ['baseline', 'T', 'F', 'C', 'T+F'] + ATLAS
Seeds (10): [42, 1042, 2042, 3042, 4042, 5042, 6042, 7042, 8042, 9042]
AE epochs: 4000, SDE epochs: 3000
N_train: 200

============================================================
  paraboloid | seed=42 | mb | D=11
============================================================
    ATLAS  recon=0.0003  tangent=0.0055  E_mu=0.9022  E_Sig=0.0005
    baseline      Epoch 800/4000: loss=0.000058
      Epoch 1600/4000: loss=0.000008
      Epoch 2400/4000: loss=0.000005
      Epoch 3200/4000: loss=0.000005
      Epoch 4000/4000: loss=0.000005
  recon=0.0000  E_mu=0.0068  S2=0.002348  S3=0.000014
    T      Epoch 800/4000: loss=0.000125
      Epoch 1600/4000: loss=0.000019
      Epoch 2400/4000: loss=0.000015
      Epoch 3200/4000: loss=0.000013
      Epoch 4000/4000: loss=0.000013
  recon=0.0000  E_mu=0.0001  S2=0.002762  S3=0.000000
    F      Epoch 800/4000: loss=0.001183
      Epoch 1600/4000: loss=0.000107
      Epoch 2400/4000: loss=0.000055
      Epoch 3200/4000: loss=0.000046
      Epoch 4000/4000: loss=0.000050
  recon=0.0000  E_mu=0.0376  S2=0.001203  S3=0.000108
    C      Epoch 800/4000: loss=0.002727
      Epoch 1600/4000: loss=0.002054
      Epoch 2400/4000: loss=0.001482
      Epoch 3200/4000: loss=0.001625
      Epoch 4000/4000: loss=0.001379
  recon=0.0012  E_mu=0.5643  S2=0.511694  S3=0.000857
    T+F      Epoch 800/4000: loss=0.000136
      Epoch 1600/4000: loss=0.000030
      Epoch 2400/4000: loss=0.000020
      Epoch 3200/4000: loss=0.000016
      Epoch 4000/4000: loss=0.000015
  recon=0.0000  E_mu=0.0001  S2=0.004620  S3=0.000000

============================================================
  paraboloid | seed=1042 | mb | D=11
============================================================
    ATLAS  recon=0.0006  tangent=0.0110  E_mu=0.5841  E_Sig=0.0006
    baseline      Epoch 800/4000: loss=0.000025
      Epoch 1600/4000: loss=0.000006
      Epoch 2400/4000: loss=0.000004
      Epoch 3200/4000: loss=0.000004
      Epoch 4000/4000: loss=0.000004
  recon=0.0000  E_mu=0.0085  S2=0.000563  S3=0.000013
    T      Epoch 800/4000: loss=0.000055
      Epoch 1600/4000: loss=0.000022
      Epoch 2400/4000: loss=0.000017
      Epoch 3200/4000: loss=0.000018
      Epoch 4000/4000: loss=0.000016
  recon=0.0000  E_mu=0.0001  S2=0.000421  S3=0.000000
    F      Epoch 800/4000: loss=0.002129
      Epoch 1600/4000: loss=0.002235
      Epoch 2400/4000: loss=0.002082
      Epoch 3200/4000: loss=0.002240
      Epoch 4000/4000: loss=0.002090
  recon=0.0021  E_mu=1.5423  S2=0.001084  S3=0.001623
    C      Epoch 800/4000: loss=0.002374
      Epoch 1600/4000: loss=0.002471
      Epoch 2400/4000: loss=0.002313
      Epoch 3200/4000: loss=0.002497
      Epoch 4000/4000: loss=0.002324
  recon=0.0023  E_mu=1.6528  S2=0.784698  S3=0.001724
    T+F      Epoch 800/4000: loss=0.001179
      Epoch 1600/4000: loss=0.000066
      Epoch 2400/4000: loss=0.000027
      Epoch 3200/4000: loss=0.000023
      Epoch 4000/4000: loss=0.000021
  recon=0.0000  E_mu=0.0001  S2=0.000240  S3=0.000000

============================================================
  paraboloid | seed=2042 | mb | D=11
============================================================
    ATLAS  recon=0.0007  tangent=0.0161  E_mu=0.7315  E_Sig=0.0006
    baseline      Epoch 800/4000: loss=0.000027
      Epoch 1600/4000: loss=0.000011
      Epoch 2400/4000: loss=0.000007
      Epoch 3200/4000: loss=0.000008
      Epoch 4000/4000: loss=0.000007
  recon=0.0000  E_mu=0.0119  S2=0.000336  S3=0.000020
    T      Epoch 800/4000: loss=0.000173
      Epoch 1600/4000: loss=0.000053
      Epoch 2400/4000: loss=0.000017
      Epoch 3200/4000: loss=0.000017
      Epoch 4000/4000: loss=0.000016
  recon=0.0000  E_mu=0.0001  S2=0.000346  S3=0.000000
    F      Epoch 800/4000: loss=0.001144
      Epoch 1600/4000: loss=0.000065
      Epoch 2400/4000: loss=0.000038
      Epoch 3200/4000: loss=0.000038
      Epoch 4000/4000: loss=0.000038
  recon=0.0000  E_mu=0.0410  S2=0.005541  S3=0.000073
    C      Epoch 800/4000: loss=0.002440
      Epoch 1600/4000: loss=0.002471
      Epoch 2400/4000: loss=0.002355
      Epoch 3200/4000: loss=0.002428
      Epoch 4000/4000: loss=0.002408
  recon=0.0023  E_mu=1.6302  S2=0.566135  S3=0.001654
    T+F      Epoch 800/4000: loss=0.000378
      Epoch 1600/4000: loss=0.000051
      Epoch 2400/4000: loss=0.000037
      Epoch 3200/4000: loss=0.000036
      Epoch 4000/4000: loss=0.000032
  recon=0.0000  E_mu=0.0001  S2=0.000297  S3=0.000000

============================================================
  paraboloid | seed=3042 | mb | D=11
============================================================
    ATLAS  recon=0.0006  tangent=0.0139  E_mu=0.5935  E_Sig=0.0005
    baseline      Epoch 800/4000: loss=0.000080
      Epoch 1600/4000: loss=0.000044
      Epoch 2400/4000: loss=0.000003
      Epoch 3200/4000: loss=0.000002
      Epoch 4000/4000: loss=0.000002
  recon=0.0000  E_mu=0.0021  S2=0.000369  S3=0.000006
    T      Epoch 800/4000: loss=0.000300
      Epoch 1600/4000: loss=0.000040
      Epoch 2400/4000: loss=0.000014
      Epoch 3200/4000: loss=0.000011
      Epoch 4000/4000: loss=0.000010
  recon=0.0000  E_mu=0.0000  S2=0.001109  S3=0.000001
    F      Epoch 800/4000: loss=0.001702
      Epoch 1600/4000: loss=0.000081
      Epoch 2400/4000: loss=0.000046
      Epoch 3200/4000: loss=0.000043
      Epoch 4000/4000: loss=0.000045
  recon=0.0000  E_mu=0.0370  S2=0.000565  S3=0.000096
    C      Epoch 800/4000: loss=0.002647
      Epoch 1600/4000: loss=0.002540
      Epoch 2400/4000: loss=0.002493
      Epoch 3200/4000: loss=0.002530
      Epoch 4000/4000: loss=0.002431
  recon=0.0024  E_mu=1.3648  S2=0.777647  S3=0.001765
    T+F      Epoch 800/4000: loss=0.000834
      Epoch 1600/4000: loss=0.000052
      Epoch 2400/4000: loss=0.000029
      Epoch 3200/4000: loss=0.000024
      Epoch 4000/4000: loss=0.000022
  recon=0.0000  E_mu=0.0000  S2=0.001066  S3=0.000000

============================================================
  paraboloid | seed=4042 | mb | D=11
============================================================
    ATLAS  recon=0.0010  tangent=0.0204  E_mu=0.7927  E_Sig=0.0006
    baseline      Epoch 800/4000: loss=0.000116
      Epoch 1600/4000: loss=0.000007
      Epoch 2400/4000: loss=0.000005
      Epoch 3200/4000: loss=0.000004
      Epoch 4000/4000: loss=0.000004
  recon=0.0000  E_mu=0.0042  S2=0.001175  S3=0.000009
    T      Epoch 800/4000: loss=0.000149
      Epoch 1600/4000: loss=0.000021
      Epoch 2400/4000: loss=0.000010
      Epoch 3200/4000: loss=0.000009
      Epoch 4000/4000: loss=0.000009
  recon=0.0000  E_mu=0.0000  S2=0.000652  S3=0.000001
    F      Epoch 800/4000: loss=0.001182
      Epoch 1600/4000: loss=0.000246
      Epoch 2400/4000: loss=0.000087
      Epoch 3200/4000: loss=0.000060
      Epoch 4000/4000: loss=0.000046
  recon=0.0000  E_mu=0.0429  S2=0.001027  S3=0.000091
    C      Epoch 800/4000: loss=0.002422
      Epoch 1600/4000: loss=0.002381
      Epoch 2400/4000: loss=0.002186
      Epoch 3200/4000: loss=0.002351
      Epoch 4000/4000: loss=0.002336
  recon=0.0022  E_mu=1.4357  S2=0.653337  S3=0.001725
    T+F      Epoch 800/4000: loss=0.001265
      Epoch 1600/4000: loss=0.000040
      Epoch 2400/4000: loss=0.000019
      Epoch 3200/4000: loss=0.000015
      Epoch 4000/4000: loss=0.000014
  recon=0.0000  E_mu=0.0000  S2=0.000841  S3=0.000000

============================================================
  paraboloid | seed=5042 | mb | D=11
============================================================
    ATLAS  recon=0.0004  tangent=0.0068  E_mu=0.7532  E_Sig=0.0008
    baseline      Epoch 800/4000: loss=0.000082
      Epoch 1600/4000: loss=0.000010
      Epoch 2400/4000: loss=0.000006
      Epoch 3200/4000: loss=0.000005
      Epoch 4000/4000: loss=0.000005
  recon=0.0000  E_mu=0.0084  S2=0.000311  S3=0.000017
    T      Epoch 800/4000: loss=0.000124
      Epoch 1600/4000: loss=0.000035
      Epoch 2400/4000: loss=0.000010
      Epoch 3200/4000: loss=0.000010
      Epoch 4000/4000: loss=0.000008
  recon=0.0000  E_mu=0.0000  S2=0.000190  S3=0.000001
    F      Epoch 800/4000: loss=0.001167
      Epoch 1600/4000: loss=0.000370
      Epoch 2400/4000: loss=0.000233
      Epoch 3200/4000: loss=0.000046
      Epoch 4000/4000: loss=0.000037
  recon=0.0000  E_mu=0.0382  S2=0.002732  S3=0.000090
    C      Epoch 800/4000: loss=0.002558
      Epoch 1600/4000: loss=0.002525
      Epoch 2400/4000: loss=0.002482
      Epoch 3200/4000: loss=0.002587
      Epoch 4000/4000: loss=0.002554
  recon=0.0024  E_mu=1.9604  S2=0.367053  S3=0.001819
    T+F      Epoch 800/4000: loss=0.000091
      Epoch 1600/4000: loss=0.000041
      Epoch 2400/4000: loss=0.000022
      Epoch 3200/4000: loss=0.000021
      Epoch 4000/4000: loss=0.000019
  recon=0.0000  E_mu=0.0001  S2=0.000498  S3=0.000000

============================================================
  paraboloid | seed=6042 | mb | D=11
============================================================
    ATLAS  recon=0.0010  tangent=0.0192  E_mu=0.8165  E_Sig=0.0006
    baseline      Epoch 800/4000: loss=0.000055
      Epoch 1600/4000: loss=0.000009
      Epoch 2400/4000: loss=0.000004
      Epoch 3200/4000: loss=0.000004
      Epoch 4000/4000: loss=0.000004
  recon=0.0000  E_mu=0.0052  S2=0.003175  S3=0.000013
    T      Epoch 800/4000: loss=0.000176
      Epoch 1600/4000: loss=0.000043
      Epoch 2400/4000: loss=0.000019
      Epoch 3200/4000: loss=0.000013
      Epoch 4000/4000: loss=0.000009
  recon=0.0000  E_mu=0.0000  S2=0.003762  S3=0.000001
    F      Epoch 800/4000: loss=0.001142
      Epoch 1600/4000: loss=0.000177
      Epoch 2400/4000: loss=0.000047
      Epoch 3200/4000: loss=0.000040
      Epoch 4000/4000: loss=0.000036
  recon=0.0000  E_mu=0.0456  S2=0.000943  S3=0.000093
    C      Epoch 800/4000: loss=0.002686
      Epoch 1600/4000: loss=0.002448
      Epoch 2400/4000: loss=0.002659
      Epoch 3200/4000: loss=0.002491
      Epoch 4000/4000: loss=0.002426
  recon=0.0025  E_mu=1.8353  S2=0.602057  S3=0.001785
    T+F      Epoch 800/4000: loss=0.000173
      Epoch 1600/4000: loss=0.000073
      Epoch 2400/4000: loss=0.000045
      Epoch 3200/4000: loss=0.000041
      Epoch 4000/4000: loss=0.000039
  recon=0.0000  E_mu=0.0001  S2=0.003744  S3=0.000000

============================================================
  paraboloid | seed=7042 | mb | D=11
============================================================
    ATLAS  recon=0.0004  tangent=0.0080  E_mu=1.0775  E_Sig=0.0007
    baseline      Epoch 800/4000: loss=0.000069
      Epoch 1600/4000: loss=0.000007
      Epoch 2400/4000: loss=0.000005
      Epoch 3200/4000: loss=0.000003
      Epoch 4000/4000: loss=0.000003
  recon=0.0000  E_mu=0.0045  S2=0.003227  S3=0.000009
    T      Epoch 800/4000: loss=0.000147
      Epoch 1600/4000: loss=0.000034
      Epoch 2400/4000: loss=0.000025
      Epoch 3200/4000: loss=0.000020
      Epoch 4000/4000: loss=0.000018
  recon=0.0000  E_mu=0.0001  S2=0.000343  S3=0.000000
    F      Epoch 800/4000: loss=0.000272
      Epoch 1600/4000: loss=0.000049
      Epoch 2400/4000: loss=0.000043
      Epoch 3200/4000: loss=0.000046
      Epoch 4000/4000: loss=0.000046
  recon=0.0000  E_mu=0.0397  S2=0.001127  S3=0.000091
    C      Epoch 800/4000: loss=0.003193
      Epoch 1600/4000: loss=0.002819
      Epoch 2400/4000: loss=0.002896
      Epoch 3200/4000: loss=0.003027
      Epoch 4000/4000: loss=0.002926
  recon=0.0028  E_mu=1.6824  S2=0.777531  S3=0.001783
    T+F      Epoch 800/4000: loss=0.000508
      Epoch 1600/4000: loss=0.000041
      Epoch 2400/4000: loss=0.000030
      Epoch 3200/4000: loss=0.000029
      Epoch 4000/4000: loss=0.000027
  recon=0.0000  E_mu=0.0001  S2=0.001750  S3=0.000000

============================================================
  paraboloid | seed=8042 | mb | D=11
============================================================
    ATLAS  recon=0.0010  tangent=0.0216  E_mu=0.5862  E_Sig=0.0006
    baseline      Epoch 800/4000: loss=0.000310
      Epoch 1600/4000: loss=0.000012
      Epoch 2400/4000: loss=0.000007
      Epoch 3200/4000: loss=0.000006
      Epoch 4000/4000: loss=0.000006
  recon=0.0000  E_mu=0.0105  S2=0.000219  S3=0.000020
    T      Epoch 800/4000: loss=0.000078
      Epoch 1600/4000: loss=0.000052
      Epoch 2400/4000: loss=0.000015
      Epoch 3200/4000: loss=0.000012
      Epoch 4000/4000: loss=0.000012
  recon=0.0000  E_mu=0.0001  S2=0.000288  S3=0.000000
    F      Epoch 800/4000: loss=0.000993
      Epoch 1600/4000: loss=0.000338
      Epoch 2400/4000: loss=0.000069
      Epoch 3200/4000: loss=0.000051
      Epoch 4000/4000: loss=0.000049
  recon=0.0000  E_mu=0.0349  S2=0.000415  S3=0.000101
    C      Epoch 800/4000: loss=0.002590
      Epoch 1600/4000: loss=0.001343
      Epoch 2400/4000: loss=0.001039
      Epoch 3200/4000: loss=0.001046
      Epoch 4000/4000: loss=0.001139
  recon=0.0010  E_mu=0.6581  S2=0.579022  S3=0.000670
    T+F      Epoch 800/4000: loss=0.000300
      Epoch 1600/4000: loss=0.000090
      Epoch 2400/4000: loss=0.000039
      Epoch 3200/4000: loss=0.000034
      Epoch 4000/4000: loss=0.000030
  recon=0.0000  E_mu=0.0001  S2=0.000329  S3=0.000000

============================================================
  paraboloid | seed=9042 | mb | D=11
============================================================
    ATLAS  recon=0.0005  tangent=0.0086  E_mu=0.8481  E_Sig=0.0005
    baseline      Epoch 800/4000: loss=0.000016
      Epoch 1600/4000: loss=0.000008
      Epoch 2400/4000: loss=0.000004
      Epoch 3200/4000: loss=0.000004
      Epoch 4000/4000: loss=0.000004
  recon=0.0000  E_mu=0.0052  S2=0.001058  S3=0.000011
    T      Epoch 800/4000: loss=0.000449
      Epoch 1600/4000: loss=0.000020
      Epoch 2400/4000: loss=0.000011
      Epoch 3200/4000: loss=0.000009
      Epoch 4000/4000: loss=0.000010
  recon=0.0000  E_mu=0.0000  S2=0.000868  S3=0.000000
    F      Epoch 800/4000: loss=0.001394
      Epoch 1600/4000: loss=0.000186
      Epoch 2400/4000: loss=0.000053
      Epoch 3200/4000: loss=0.000044
      Epoch 4000/4000: loss=0.000044
  recon=0.0000  E_mu=0.0356  S2=0.007271  S3=0.000098
    C      Epoch 800/4000: loss=0.002741
      Epoch 1600/4000: loss=0.002714
      Epoch 2400/4000: loss=0.002819
      Epoch 3200/4000: loss=0.002562
      Epoch 4000/4000: loss=0.002757
  recon=0.0026  E_mu=1.7773  S2=0.778918  S3=0.001689
    T+F      Epoch 800/4000: loss=0.000320
      Epoch 1600/4000: loss=0.000075
      Epoch 2400/4000: loss=0.000055
      Epoch 3200/4000: loss=0.000025
      Epoch 4000/4000: loss=0.000017
  recon=0.0000  E_mu=0.0001  S2=0.000935  S3=0.000000

============================================================
  hyperbolic_paraboloid | seed=42 | mb | D=11
============================================================
    ATLAS  recon=0.0002  tangent=0.0057  E_mu=0.8483  E_Sig=0.0005
    baseline      Epoch 800/4000: loss=0.000056
      Epoch 1600/4000: loss=0.000019
      Epoch 2400/4000: loss=0.000014
      Epoch 3200/4000: loss=0.000015
      Epoch 4000/4000: loss=0.000017
  recon=0.0000  E_mu=0.0131  S2=0.001409  S3=0.000043
    T      Epoch 800/4000: loss=0.000343
      Epoch 1600/4000: loss=0.000150
      Epoch 2400/4000: loss=0.000041
      Epoch 3200/4000: loss=0.000033
      Epoch 4000/4000: loss=0.000030
  recon=0.0000  E_mu=0.0002  S2=0.000474  S3=0.000001
    F      Epoch 800/4000: loss=0.000244
      Epoch 1600/4000: loss=0.000064
      Epoch 2400/4000: loss=0.000046
      Epoch 3200/4000: loss=0.000045
      Epoch 4000/4000: loss=0.000051
  recon=0.0000  E_mu=0.0295  S2=0.000749  S3=0.000077
    C      Epoch 800/4000: loss=0.003144
      Epoch 1600/4000: loss=0.002719
      Epoch 2400/4000: loss=0.002659
      Epoch 3200/4000: loss=0.002709
      Epoch 4000/4000: loss=0.003002
  recon=0.0027  E_mu=1.2462  S2=0.442576  S3=0.001716
    T+F      Epoch 800/4000: loss=0.000247
      Epoch 1600/4000: loss=0.000073
      Epoch 2400/4000: loss=0.000040
      Epoch 3200/4000: loss=0.000021
      Epoch 4000/4000: loss=0.000018
  recon=0.0000  E_mu=0.0001  S2=0.000665  S3=0.000000

============================================================
  hyperbolic_paraboloid | seed=1042 | mb | D=11
============================================================
    ATLAS  recon=0.0004  tangent=0.0120  E_mu=0.5172  E_Sig=0.0005
    baseline      Epoch 800/4000: loss=0.000024
      Epoch 1600/4000: loss=0.000008
      Epoch 2400/4000: loss=0.000003
      Epoch 3200/4000: loss=0.000002
      Epoch 4000/4000: loss=0.000002
  recon=0.0000  E_mu=0.0029  S2=0.000214  S3=0.000009
    T      Epoch 800/4000: loss=0.000110
      Epoch 1600/4000: loss=0.000089
      Epoch 2400/4000: loss=0.000013
      Epoch 3200/4000: loss=0.000011
      Epoch 4000/4000: loss=0.000009
  recon=0.0000  E_mu=0.0001  S2=0.000275  S3=0.000000
    F      Epoch 800/4000: loss=0.000504
      Epoch 1600/4000: loss=0.000054
      Epoch 2400/4000: loss=0.000036
      Epoch 3200/4000: loss=0.000038
      Epoch 4000/4000: loss=0.000032
  recon=0.0000  E_mu=0.0271  S2=0.001538  S3=0.000062
    C      Epoch 800/4000: loss=0.002769
      Epoch 1600/4000: loss=0.002789
      Epoch 2400/4000: loss=0.002689
      Epoch 3200/4000: loss=0.002730
      Epoch 4000/4000: loss=0.002635
  recon=0.0026  E_mu=1.1094  S2=0.525688  S3=0.001717
    T+F      Epoch 800/4000: loss=0.000398
      Epoch 1600/4000: loss=0.000156
      Epoch 2400/4000: loss=0.000021
      Epoch 3200/4000: loss=0.000012
      Epoch 4000/4000: loss=0.000009
  recon=0.0000  E_mu=0.0000  S2=0.000422  S3=0.000000

============================================================
  hyperbolic_paraboloid | seed=2042 | mb | D=11
============================================================
    ATLAS  recon=0.0004  tangent=0.0164  E_mu=0.5755  E_Sig=0.0007
    baseline      Epoch 800/4000: loss=0.000068
      Epoch 1600/4000: loss=0.000009
      Epoch 2400/4000: loss=0.000003
      Epoch 3200/4000: loss=0.000002
      Epoch 4000/4000: loss=0.000002
  recon=0.0000  E_mu=0.0026  S2=0.000447  S3=0.000007
    T      Epoch 800/4000: loss=0.000232
      Epoch 1600/4000: loss=0.000069
      Epoch 2400/4000: loss=0.000018
      Epoch 3200/4000: loss=0.000011
      Epoch 4000/4000: loss=0.000009
  recon=0.0000  E_mu=0.0001  S2=0.000156  S3=0.000000
    F      Epoch 800/4000: loss=0.000214
      Epoch 1600/4000: loss=0.000043
      Epoch 2400/4000: loss=0.000032
      Epoch 3200/4000: loss=0.000030
      Epoch 4000/4000: loss=0.000031
  recon=0.0000  E_mu=0.0241  S2=0.000435  S3=0.000050
    C      Epoch 800/4000: loss=0.002421
      Epoch 1600/4000: loss=0.002356
      Epoch 2400/4000: loss=0.002222
      Epoch 3200/4000: loss=0.002257
      Epoch 4000/4000: loss=0.002266
  recon=0.0022  E_mu=1.4969  S2=0.588589  S3=0.001712
    T+F      Epoch 800/4000: loss=0.000951
      Epoch 1600/4000: loss=0.000055
      Epoch 2400/4000: loss=0.000021
      Epoch 3200/4000: loss=0.000013
      Epoch 4000/4000: loss=0.000010
  recon=0.0000  E_mu=0.0000  S2=0.000485  S3=0.000000

============================================================
  hyperbolic_paraboloid | seed=3042 | mb | D=11
============================================================
    ATLAS  recon=0.0004  tangent=0.0159  E_mu=0.6166  E_Sig=0.0006
    baseline      Epoch 800/4000: loss=0.000050
      Epoch 1600/4000: loss=0.000017
      Epoch 2400/4000: loss=0.000013
      Epoch 3200/4000: loss=0.000012
      Epoch 4000/4000: loss=0.000011
  recon=0.0000  E_mu=0.0072  S2=0.000347  S3=0.000021
    T      Epoch 800/4000: loss=0.000387
      Epoch 1600/4000: loss=0.000062
      Epoch 2400/4000: loss=0.000031
      Epoch 3200/4000: loss=0.000018
      Epoch 4000/4000: loss=0.000016
  recon=0.0000  E_mu=0.0001  S2=0.001217  S3=0.000001
    F      Epoch 800/4000: loss=0.000579
      Epoch 1600/4000: loss=0.000049
      Epoch 2400/4000: loss=0.000038
      Epoch 3200/4000: loss=0.000035
      Epoch 4000/4000: loss=0.000036
  recon=0.0000  E_mu=0.0230  S2=0.006669  S3=0.000067
    C      Epoch 800/4000: loss=0.002429
      Epoch 1600/4000: loss=0.001686
      Epoch 2400/4000: loss=0.001386
      Epoch 3200/4000: loss=0.001325
      Epoch 4000/4000: loss=0.001398
  recon=0.0013  E_mu=0.4579  S2=0.056314  S3=0.001061
    T+F      Epoch 800/4000: loss=0.000773
      Epoch 1600/4000: loss=0.000067
      Epoch 2400/4000: loss=0.000015
      Epoch 3200/4000: loss=0.000013
      Epoch 4000/4000: loss=0.000013
  recon=0.0000  E_mu=0.0000  S2=0.001525  S3=0.000000

============================================================
  hyperbolic_paraboloid | seed=4042 | mb | D=11
============================================================
    ATLAS  recon=0.0004  tangent=0.0214  E_mu=0.5956  E_Sig=0.0006
    baseline      Epoch 800/4000: loss=0.000055
      Epoch 1600/4000: loss=0.000011
      Epoch 2400/4000: loss=0.000006
      Epoch 3200/4000: loss=0.000002
      Epoch 4000/4000: loss=0.000001
  recon=0.0000  E_mu=0.0012  S2=0.000417  S3=0.000004
    T      Epoch 800/4000: loss=0.000446
      Epoch 1600/4000: loss=0.000194
      Epoch 2400/4000: loss=0.000035
      Epoch 3200/4000: loss=0.000010
      Epoch 4000/4000: loss=0.000008
  recon=0.0000  E_mu=0.0000  S2=0.000412  S3=0.000000
    F      Epoch 800/4000: loss=0.001518
      Epoch 1600/4000: loss=0.000067
      Epoch 2400/4000: loss=0.000041
      Epoch 3200/4000: loss=0.000040
      Epoch 4000/4000: loss=0.000044
  recon=0.0000  E_mu=0.0403  S2=0.000333  S3=0.000079
    C      Epoch 800/4000: loss=0.002575
      Epoch 1600/4000: loss=0.002343
      Epoch 2400/4000: loss=0.002308
      Epoch 3200/4000: loss=0.002339
      Epoch 4000/4000: loss=0.002463
  recon=0.0023  E_mu=1.3053  S2=0.667525  S3=0.001674
    T+F      Epoch 800/4000: loss=0.000245
      Epoch 1600/4000: loss=0.000108
      Epoch 2400/4000: loss=0.000035
      Epoch 3200/4000: loss=0.000030
      Epoch 4000/4000: loss=0.000020
  recon=0.0000  E_mu=0.0001  S2=0.000512  S3=0.000000

============================================================
  hyperbolic_paraboloid | seed=5042 | mb | D=11
============================================================
    ATLAS  recon=0.0002  tangent=0.0070  E_mu=0.7106  E_Sig=0.0008
    baseline      Epoch 800/4000: loss=0.000021
      Epoch 1600/4000: loss=0.000004
      Epoch 2400/4000: loss=0.000003
      Epoch 3200/4000: loss=0.000002
      Epoch 4000/4000: loss=0.000002
  recon=0.0000  E_mu=0.0026  S2=0.000554  S3=0.000006
    T      Epoch 800/4000: loss=0.000343
      Epoch 1600/4000: loss=0.000171
      Epoch 2400/4000: loss=0.000040
      Epoch 3200/4000: loss=0.000020
      Epoch 4000/4000: loss=0.000013
  recon=0.0000  E_mu=0.0001  S2=0.000464  S3=0.000000
    F      Epoch 800/4000: loss=0.000603
      Epoch 1600/4000: loss=0.000052
      Epoch 2400/4000: loss=0.000044
      Epoch 3200/4000: loss=0.000047
      Epoch 4000/4000: loss=0.000041
  recon=0.0000  E_mu=0.0376  S2=0.000593  S3=0.000078
    C      Epoch 800/4000: loss=0.002793
      Epoch 1600/4000: loss=0.002675
      Epoch 2400/4000: loss=0.002701
      Epoch 3200/4000: loss=0.002651
      Epoch 4000/4000: loss=0.002646
  recon=0.0026  E_mu=1.7810  S2=0.355377  S3=0.001799
    T+F      Epoch 800/4000: loss=0.000266
      Epoch 1600/4000: loss=0.000098
      Epoch 2400/4000: loss=0.000051
      Epoch 3200/4000: loss=0.000038
      Epoch 4000/4000: loss=0.000025
  recon=0.0000  E_mu=0.0001  S2=0.001721  S3=0.000000

============================================================
  hyperbolic_paraboloid | seed=6042 | mb | D=11
============================================================
    ATLAS  recon=0.0006  tangent=0.0217  E_mu=0.6165  E_Sig=0.0007
    baseline      Epoch 800/4000: loss=0.000050
      Epoch 1600/4000: loss=0.000010
      Epoch 2400/4000: loss=0.000004
      Epoch 3200/4000: loss=0.000002
      Epoch 4000/4000: loss=0.000002
  recon=0.0000  E_mu=0.0023  S2=0.000433  S3=0.000005
    T      Epoch 800/4000: loss=0.000301
      Epoch 1600/4000: loss=0.000058
      Epoch 2400/4000: loss=0.000041
      Epoch 3200/4000: loss=0.000014
      Epoch 4000/4000: loss=0.000011
  recon=0.0000  E_mu=0.0001  S2=0.004444  S3=0.000000
    F      Epoch 800/4000: loss=0.000812
      Epoch 1600/4000: loss=0.000055
      Epoch 2400/4000: loss=0.000035
      Epoch 3200/4000: loss=0.000031
      Epoch 4000/4000: loss=0.000027
  recon=0.0000  E_mu=0.0241  S2=0.000468  S3=0.000051
    C      Epoch 800/4000: loss=0.002698
      Epoch 1600/4000: loss=0.002396
      Epoch 2400/4000: loss=0.002399
      Epoch 3200/4000: loss=0.002515
      Epoch 4000/4000: loss=0.002328
  recon=0.0024  E_mu=1.7945  S2=0.542239  S3=0.001755
    T+F      Epoch 800/4000: loss=0.000348
      Epoch 1600/4000: loss=0.000081
      Epoch 2400/4000: loss=0.000040
      Epoch 3200/4000: loss=0.000021
      Epoch 4000/4000: loss=0.000015
  recon=0.0000  E_mu=0.0000  S2=0.000721  S3=0.000000

============================================================
  hyperbolic_paraboloid | seed=7042 | mb | D=11
============================================================
    ATLAS  recon=0.0002  tangent=0.0088  E_mu=0.9822  E_Sig=0.0007
    baseline      Epoch 800/4000: loss=0.000039
      Epoch 1600/4000: loss=0.000009
      Epoch 2400/4000: loss=0.000005
      Epoch 3200/4000: loss=0.000004
      Epoch 4000/4000: loss=0.000003
  recon=0.0000  E_mu=0.0033  S2=0.001356  S3=0.000008
    T      Epoch 800/4000: loss=0.000168
      Epoch 1600/4000: loss=0.000070
      Epoch 2400/4000: loss=0.000054
      Epoch 3200/4000: loss=0.000051
      Epoch 4000/4000: loss=0.000046
  recon=0.0000  E_mu=0.0001  S2=0.000733  S3=0.000001
    F      Epoch 800/4000: loss=0.000229
      Epoch 1600/4000: loss=0.000074
      Epoch 2400/4000: loss=0.000036
      Epoch 3200/4000: loss=0.000035
      Epoch 4000/4000: loss=0.000032
  recon=0.0000  E_mu=0.0215  S2=0.001321  S3=0.000058
    C      Epoch 800/4000: loss=0.002583
      Epoch 1600/4000: loss=0.002552
      Epoch 2400/4000: loss=0.002487
      Epoch 3200/4000: loss=0.002524
      Epoch 4000/4000: loss=0.002477
  recon=0.0024  E_mu=1.2719  S2=0.635528  S3=0.001786
    T+F      Epoch 800/4000: loss=0.000258
      Epoch 1600/4000: loss=0.000039
      Epoch 2400/4000: loss=0.000021
      Epoch 3200/4000: loss=0.000019
      Epoch 4000/4000: loss=0.000015
  recon=0.0000  E_mu=0.0000  S2=0.000926  S3=0.000000

============================================================
  hyperbolic_paraboloid | seed=8042 | mb | D=11
============================================================
    ATLAS  recon=0.0005  tangent=0.0246  E_mu=0.4780  E_Sig=0.0007
    baseline      Epoch 800/4000: loss=0.000026
      Epoch 1600/4000: loss=0.000012
      Epoch 2400/4000: loss=0.000007
      Epoch 3200/4000: loss=0.000005
      Epoch 4000/4000: loss=0.000006
  recon=0.0000  E_mu=0.0035  S2=0.000162  S3=0.000012
    T      Epoch 800/4000: loss=0.000250
      Epoch 1600/4000: loss=0.000085
      Epoch 2400/4000: loss=0.000019
      Epoch 3200/4000: loss=0.000015
      Epoch 4000/4000: loss=0.000016
  recon=0.0000  E_mu=0.0001  S2=0.000494  S3=0.000000
    F      Epoch 800/4000: loss=0.000881
      Epoch 1600/4000: loss=0.000071
      Epoch 2400/4000: loss=0.000043
      Epoch 3200/4000: loss=0.000038
      Epoch 4000/4000: loss=0.000037
  recon=0.0000  E_mu=0.0267  S2=0.001128  S3=0.000070
    C      Epoch 800/4000: loss=0.002493
      Epoch 1600/4000: loss=0.002395
      Epoch 2400/4000: loss=0.002201
      Epoch 3200/4000: loss=0.002249
      Epoch 4000/4000: loss=0.002301
  recon=0.0022  E_mu=1.4702  S2=0.453469  S3=0.001604
    T+F      Epoch 800/4000: loss=0.000405
      Epoch 1600/4000: loss=0.000065
      Epoch 2400/4000: loss=0.000032
      Epoch 3200/4000: loss=0.000024
      Epoch 4000/4000: loss=0.000025
  recon=0.0000  E_mu=0.0001  S2=0.000422  S3=0.000000

============================================================
  hyperbolic_paraboloid | seed=9042 | mb | D=11
============================================================
    ATLAS  recon=0.0002  tangent=0.0094  E_mu=0.6122  E_Sig=0.0005
    baseline      Epoch 800/4000: loss=0.000032
      Epoch 1600/4000: loss=0.000019
      Epoch 2400/4000: loss=0.000009
      Epoch 3200/4000: loss=0.000004
      Epoch 4000/4000: loss=0.000004
  recon=0.0000  E_mu=0.0047  S2=0.000329  S3=0.000014
    T      Epoch 800/4000: loss=0.000162
      Epoch 1600/4000: loss=0.000086
      Epoch 2400/4000: loss=0.000061
      Epoch 3200/4000: loss=0.000040
      Epoch 4000/4000: loss=0.000036
  recon=0.0000  E_mu=0.0002  S2=0.000768  S3=0.000000
    F      Epoch 800/4000: loss=0.000933
      Epoch 1600/4000: loss=0.000057
      Epoch 2400/4000: loss=0.000042
      Epoch 3200/4000: loss=0.000036
      Epoch 4000/4000: loss=0.000038
  recon=0.0000  E_mu=0.0241  S2=0.000405  S3=0.000065
    C      Epoch 800/4000: loss=0.002546
      Epoch 1600/4000: loss=0.002374
      Epoch 2400/4000: loss=0.002643
      Epoch 3200/4000: loss=0.002481
      Epoch 4000/4000: loss=0.002524
  recon=0.0024  E_mu=1.3489  S2=0.652188  S3=0.001703
    T+F      Epoch 800/4000: loss=0.000178
      Epoch 1600/4000: loss=0.000061
      Epoch 2400/4000: loss=0.000031
      Epoch 3200/4000: loss=0.000016
      Epoch 4000/4000: loss=0.000012
  recon=0.0000  E_mu=0.0000  S2=0.000999  S3=0.000000

============================================================
  quartic_dome | seed=42 | mb | D=11
============================================================
    ATLAS  recon=0.0003  tangent=0.0059  E_mu=0.8540  E_Sig=0.0004
    baseline      Epoch 800/4000: loss=0.000019
      Epoch 1600/4000: loss=0.000006
      Epoch 2400/4000: loss=0.000005
      Epoch 3200/4000: loss=0.000005
      Epoch 4000/4000: loss=0.000005
  recon=0.0000  E_mu=0.0068  S2=0.000440  S3=0.000009
    T      Epoch 800/4000: loss=0.000256
      Epoch 1600/4000: loss=0.000048
      Epoch 2400/4000: loss=0.000024
      Epoch 3200/4000: loss=0.000024
      Epoch 4000/4000: loss=0.000027
  recon=0.0000  E_mu=0.0002  S2=0.000644  S3=0.000000
    F      Epoch 800/4000: loss=0.001143
      Epoch 1600/4000: loss=0.000126
      Epoch 2400/4000: loss=0.000046
      Epoch 3200/4000: loss=0.000038
      Epoch 4000/4000: loss=0.000042
  recon=0.0000  E_mu=0.0273  S2=0.000868  S3=0.000067
    C      Epoch 800/4000: loss=0.002361
      Epoch 1600/4000: loss=0.002171
      Epoch 2400/4000: loss=0.002135
      Epoch 3200/4000: loss=0.002357
      Epoch 4000/4000: loss=0.002424
  recon=0.0022  E_mu=1.5817  S2=0.658335  S3=0.001278
    T+F      Epoch 800/4000: loss=0.000221
      Epoch 1600/4000: loss=0.000102
      Epoch 2400/4000: loss=0.000039
      Epoch 3200/4000: loss=0.000032
      Epoch 4000/4000: loss=0.000034
  recon=0.0000  E_mu=0.0002  S2=0.000761  S3=0.000000

============================================================
  quartic_dome | seed=1042 | mb | D=11
============================================================
    ATLAS  recon=0.0005  tangent=0.0118  E_mu=0.5356  E_Sig=0.0004
    baseline      Epoch 800/4000: loss=0.000031
      Epoch 1600/4000: loss=0.000006
      Epoch 2400/4000: loss=0.000004
      Epoch 3200/4000: loss=0.000003
      Epoch 4000/4000: loss=0.000003
  recon=0.0000  E_mu=0.0040  S2=0.000233  S3=0.000006
    T      Epoch 800/4000: loss=0.000175
      Epoch 1600/4000: loss=0.000046
      Epoch 2400/4000: loss=0.000024
      Epoch 3200/4000: loss=0.000018
      Epoch 4000/4000: loss=0.000016
  recon=0.0000  E_mu=0.0001  S2=0.000135  S3=0.000000
    F      Epoch 800/4000: loss=0.001806
      Epoch 1600/4000: loss=0.001177
      Epoch 2400/4000: loss=0.000507
      Epoch 3200/4000: loss=0.000084
      Epoch 4000/4000: loss=0.000046
  recon=0.0000  E_mu=0.0290  S2=0.000618  S3=0.000055
    C      Epoch 800/4000: loss=0.002082
      Epoch 1600/4000: loss=0.002089
      Epoch 2400/4000: loss=0.001954
      Epoch 3200/4000: loss=0.002124
      Epoch 4000/4000: loss=0.001964
  recon=0.0019  E_mu=1.5290  S2=0.722488  S3=0.001239
    T+F      Epoch 800/4000: loss=0.000328
      Epoch 1600/4000: loss=0.000069
      Epoch 2400/4000: loss=0.000051
      Epoch 3200/4000: loss=0.000049
      Epoch 4000/4000: loss=0.000042
  recon=0.0000  E_mu=0.0003  S2=0.000466  S3=0.000000

============================================================
  quartic_dome | seed=2042 | mb | D=11
============================================================
    ATLAS  recon=0.0007  tangent=0.0157  E_mu=0.6208  E_Sig=0.0005
    baseline      Epoch 800/4000: loss=0.000018
      Epoch 1600/4000: loss=0.000008
      Epoch 2400/4000: loss=0.000006
      Epoch 3200/4000: loss=0.000005
      Epoch 4000/4000: loss=0.000005
  recon=0.0000  E_mu=0.0057  S2=0.000193  S3=0.000010
    T      Epoch 800/4000: loss=0.000152
      Epoch 1600/4000: loss=0.000049
      Epoch 2400/4000: loss=0.000028
      Epoch 3200/4000: loss=0.000027
      Epoch 4000/4000: loss=0.000026
  recon=0.0000  E_mu=0.0002  S2=0.000172  S3=0.000000
    F      Epoch 800/4000: loss=0.001027
      Epoch 1600/4000: loss=0.000073
      Epoch 2400/4000: loss=0.000037
      Epoch 3200/4000: loss=0.000037
      Epoch 4000/4000: loss=0.000039
  recon=0.0000  E_mu=0.0326  S2=0.000233  S3=0.000054
    C      Epoch 800/4000: loss=0.002099
      Epoch 1600/4000: loss=0.002126
      Epoch 2400/4000: loss=0.002017
      Epoch 3200/4000: loss=0.002057
      Epoch 4000/4000: loss=0.002063
  recon=0.0020  E_mu=1.5592  S2=0.567240  S3=0.001210
    T+F      Epoch 800/4000: loss=0.000296
      Epoch 1600/4000: loss=0.000114
      Epoch 2400/4000: loss=0.000049
      Epoch 3200/4000: loss=0.000047
      Epoch 4000/4000: loss=0.000047
  recon=0.0000  E_mu=0.0002  S2=0.000281  S3=0.000000

============================================================
  quartic_dome | seed=3042 | mb | D=11
============================================================
    ATLAS  recon=0.0006  tangent=0.0149  E_mu=0.5771  E_Sig=0.0005
    baseline      Epoch 800/4000: loss=0.000022
      Epoch 1600/4000: loss=0.000006
      Epoch 2400/4000: loss=0.000005
      Epoch 3200/4000: loss=0.000004
      Epoch 4000/4000: loss=0.000004
  recon=0.0000  E_mu=0.0042  S2=0.000870  S3=0.000007
    T      Epoch 800/4000: loss=0.000440
      Epoch 1600/4000: loss=0.000044
      Epoch 2400/4000: loss=0.000028
      Epoch 3200/4000: loss=0.000024
      Epoch 4000/4000: loss=0.000024
  recon=0.0000  E_mu=0.0001  S2=0.000455  S3=0.000000
    F      Epoch 800/4000: loss=0.001139
      Epoch 1600/4000: loss=0.000054
      Epoch 2400/4000: loss=0.000040
      Epoch 3200/4000: loss=0.000035
      Epoch 4000/4000: loss=0.000036
  recon=0.0000  E_mu=0.0217  S2=0.001654  S3=0.000060
    C      Epoch 800/4000: loss=0.002264
      Epoch 1600/4000: loss=0.002171
      Epoch 2400/4000: loss=0.002111
      Epoch 3200/4000: loss=0.002139
      Epoch 4000/4000: loss=0.002067
  recon=0.0021  E_mu=1.3396  S2=0.765780  S3=0.001293
    T+F      Epoch 800/4000: loss=0.000336
      Epoch 1600/4000: loss=0.000093
      Epoch 2400/4000: loss=0.000039
      Epoch 3200/4000: loss=0.000033
      Epoch 4000/4000: loss=0.000030
  recon=0.0000  E_mu=0.0001  S2=0.001716  S3=0.000000

============================================================
  quartic_dome | seed=4042 | mb | D=11
============================================================
    ATLAS  recon=0.0009  tangent=0.0206  E_mu=0.6624  E_Sig=0.0005
    baseline      Epoch 800/4000: loss=0.000018
      Epoch 1600/4000: loss=0.000005
      Epoch 2400/4000: loss=0.000004
      Epoch 3200/4000: loss=0.000003
      Epoch 4000/4000: loss=0.000004
  recon=0.0000  E_mu=0.0035  S2=0.000675  S3=0.000006
    T      Epoch 800/4000: loss=0.000304
      Epoch 1600/4000: loss=0.000117
      Epoch 2400/4000: loss=0.000027
      Epoch 3200/4000: loss=0.000018
      Epoch 4000/4000: loss=0.000019
  recon=0.0000  E_mu=0.0001  S2=0.000293  S3=0.000001
    F      Epoch 800/4000: loss=0.001415
      Epoch 1600/4000: loss=0.000401
      Epoch 2400/4000: loss=0.000105
      Epoch 3200/4000: loss=0.000059
      Epoch 4000/4000: loss=0.000048
  recon=0.0000  E_mu=0.0291  S2=0.002167  S3=0.000055
    C      Epoch 800/4000: loss=0.002123
      Epoch 1600/4000: loss=0.002092
      Epoch 2400/4000: loss=0.001917
      Epoch 3200/4000: loss=0.002036
      Epoch 4000/4000: loss=0.002042
  recon=0.0019  E_mu=1.2956  S2=0.637524  S3=0.001287
    T+F      Epoch 800/4000: loss=0.000319
      Epoch 1600/4000: loss=0.000118
      Epoch 2400/4000: loss=0.000087
      Epoch 3200/4000: loss=0.000057
      Epoch 4000/4000: loss=0.000055
  recon=0.0000  E_mu=0.0002  S2=0.001491  S3=0.000000

============================================================
  quartic_dome | seed=5042 | mb | D=11
============================================================
    ATLAS  recon=0.0004  tangent=0.0072  E_mu=0.6605  E_Sig=0.0005
    baseline      Epoch 800/4000: loss=0.000068
      Epoch 1600/4000: loss=0.000009
      Epoch 2400/4000: loss=0.000005
      Epoch 3200/4000: loss=0.000004
      Epoch 4000/4000: loss=0.000004
  recon=0.0000  E_mu=0.0052  S2=0.000351  S3=0.000009
    T      Epoch 800/4000: loss=0.000460
      Epoch 1600/4000: loss=0.000030
      Epoch 2400/4000: loss=0.000025
      Epoch 3200/4000: loss=0.000029
      Epoch 4000/4000: loss=0.000024
  recon=0.0000  E_mu=0.0001  S2=0.000145  S3=0.000000
    F      Epoch 800/4000: loss=0.000953
      Epoch 1600/4000: loss=0.000689
      Epoch 2400/4000: loss=0.000224
      Epoch 3200/4000: loss=0.000053
      Epoch 4000/4000: loss=0.000037
  recon=0.0000  E_mu=0.0273  S2=0.000372  S3=0.000060
    C      Epoch 800/4000: loss=0.002219
      Epoch 1600/4000: loss=0.002153
      Epoch 2400/4000: loss=0.002141
      Epoch 3200/4000: loss=0.002230
      Epoch 4000/4000: loss=0.002194
  recon=0.0020  E_mu=1.7320  S2=0.733474  S3=0.001306
    T+F      Epoch 800/4000: loss=0.000297
      Epoch 1600/4000: loss=0.000101
      Epoch 2400/4000: loss=0.000074
      Epoch 3200/4000: loss=0.000068
      Epoch 4000/4000: loss=0.000050
  recon=0.0000  E_mu=0.0002  S2=0.000234  S3=0.000000

============================================================
  quartic_dome | seed=6042 | mb | D=11
============================================================
    ATLAS  recon=0.0009  tangent=0.0190  E_mu=0.7021  E_Sig=0.0005
    baseline      Epoch 800/4000: loss=0.000023
      Epoch 1600/4000: loss=0.000006
      Epoch 2400/4000: loss=0.000004
      Epoch 3200/4000: loss=0.000003
      Epoch 4000/4000: loss=0.000002
  recon=0.0000  E_mu=0.0033  S2=0.000412  S3=0.000006
    T      Epoch 800/4000: loss=0.000124
      Epoch 1600/4000: loss=0.000043
      Epoch 2400/4000: loss=0.000026
      Epoch 3200/4000: loss=0.000025
      Epoch 4000/4000: loss=0.000022
  recon=0.0000  E_mu=0.0002  S2=0.000280  S3=0.000000
    F      Epoch 800/4000: loss=0.000995
      Epoch 1600/4000: loss=0.000192
      Epoch 2400/4000: loss=0.000042
      Epoch 3200/4000: loss=0.000036
      Epoch 4000/4000: loss=0.000031
  recon=0.0000  E_mu=0.0304  S2=0.000437  S3=0.000055
    C      Epoch 800/4000: loss=0.002408
      Epoch 1600/4000: loss=0.002111
      Epoch 2400/4000: loss=0.002289
      Epoch 3200/4000: loss=0.002141
      Epoch 4000/4000: loss=0.002090
  recon=0.0021  E_mu=1.6940  S2=0.644674  S3=0.001292
    T+F      Epoch 800/4000: loss=0.000241
      Epoch 1600/4000: loss=0.000192
      Epoch 2400/4000: loss=0.000070
      Epoch 3200/4000: loss=0.000054
      Epoch 4000/4000: loss=0.000050
  recon=0.0000  E_mu=0.0002  S2=0.007107  S3=0.000000

============================================================
  quartic_dome | seed=7042 | mb | D=11
============================================================
    ATLAS  recon=0.0004  tangent=0.0092  E_mu=0.9686  E_Sig=0.0006
    baseline      Epoch 800/4000: loss=0.000019
      Epoch 1600/4000: loss=0.000007
      Epoch 2400/4000: loss=0.000003
      Epoch 3200/4000: loss=0.000003
      Epoch 4000/4000: loss=0.000003
  recon=0.0000  E_mu=0.0024  S2=0.000506  S3=0.000004
    T      Epoch 800/4000: loss=0.000217
      Epoch 1600/4000: loss=0.000051
      Epoch 2400/4000: loss=0.000034
      Epoch 3200/4000: loss=0.000022
      Epoch 4000/4000: loss=0.000019
  recon=0.0000  E_mu=0.0001  S2=0.000762  S3=0.000000
    F      Epoch 800/4000: loss=0.000195
      Epoch 1600/4000: loss=0.000047
      Epoch 2400/4000: loss=0.000037
      Epoch 3200/4000: loss=0.000039
      Epoch 4000/4000: loss=0.000038
  recon=0.0000  E_mu=0.0228  S2=0.000446  S3=0.000056
    C      Epoch 800/4000: loss=0.002481
      Epoch 1600/4000: loss=0.002428
      Epoch 2400/4000: loss=0.002509
      Epoch 3200/4000: loss=0.002612
      Epoch 4000/4000: loss=0.002532
  recon=0.0024  E_mu=1.5053  S2=0.843623  S3=0.001271
    T+F      Epoch 800/4000: loss=0.000219
      Epoch 1600/4000: loss=0.000073
      Epoch 2400/4000: loss=0.000037
      Epoch 3200/4000: loss=0.000037
      Epoch 4000/4000: loss=0.000033
  recon=0.0000  E_mu=0.0001  S2=0.001441  S3=0.000000

============================================================
  quartic_dome | seed=8042 | mb | D=11
============================================================
    ATLAS  recon=0.0009  tangent=0.0220  E_mu=0.5060  E_Sig=0.0005
    baseline      Epoch 800/4000: loss=0.000094
      Epoch 1600/4000: loss=0.000008
      Epoch 2400/4000: loss=0.000005
      Epoch 3200/4000: loss=0.000005
      Epoch 4000/4000: loss=0.000005
  recon=0.0000  E_mu=0.0050  S2=0.000224  S3=0.000010
    T      Epoch 800/4000: loss=0.001136
      Epoch 1600/4000: loss=0.000048
      Epoch 2400/4000: loss=0.000021
      Epoch 3200/4000: loss=0.000016
      Epoch 4000/4000: loss=0.000017
  recon=0.0000  E_mu=0.0001  S2=0.000199  S3=0.000001
    F      Epoch 800/4000: loss=0.000917
      Epoch 1600/4000: loss=0.000211
      Epoch 2400/4000: loss=0.000056
      Epoch 3200/4000: loss=0.000038
      Epoch 4000/4000: loss=0.000038
  recon=0.0000  E_mu=0.0240  S2=0.000633  S3=0.000057
    C      Epoch 800/4000: loss=0.002231
      Epoch 1600/4000: loss=0.002191
      Epoch 2400/4000: loss=0.001977
      Epoch 3200/4000: loss=0.002017
      Epoch 4000/4000: loss=0.001999
  recon=0.0020  E_mu=1.3673  S2=0.439602  S3=0.001204
    T+F      Epoch 800/4000: loss=0.000430
      Epoch 1600/4000: loss=0.000085
      Epoch 2400/4000: loss=0.000056
      Epoch 3200/4000: loss=0.000039
      Epoch 4000/4000: loss=0.000040
  recon=0.0000  E_mu=0.0001  S2=0.000266  S3=0.000001

============================================================
  quartic_dome | seed=9042 | mb | D=11
============================================================
    ATLAS  recon=0.0004  tangent=0.0102  E_mu=0.7230  E_Sig=0.0004
    baseline      Epoch 800/4000: loss=0.000017
      Epoch 1600/4000: loss=0.000006
      Epoch 2400/4000: loss=0.000003
      Epoch 3200/4000: loss=0.000003
      Epoch 4000/4000: loss=0.000003
  recon=0.0000  E_mu=0.0031  S2=0.000409  S3=0.000005
    T      Epoch 800/4000: loss=0.000319
      Epoch 1600/4000: loss=0.000047
      Epoch 2400/4000: loss=0.000034
      Epoch 3200/4000: loss=0.000026
      Epoch 4000/4000: loss=0.000028
  recon=0.0000  E_mu=0.0001  S2=0.000462  S3=0.000000
    F      Epoch 800/4000: loss=0.000983
      Epoch 1600/4000: loss=0.000210
      Epoch 2400/4000: loss=0.000045
      Epoch 3200/4000: loss=0.000039
      Epoch 4000/4000: loss=0.000040
  recon=0.0000  E_mu=0.0191  S2=0.000705  S3=0.000058
    C      Epoch 800/4000: loss=0.002373
      Epoch 1600/4000: loss=0.002311
      Epoch 2400/4000: loss=0.002434
      Epoch 3200/4000: loss=0.002213
      Epoch 4000/4000: loss=0.002372
  recon=0.0023  E_mu=1.6399  S2=0.735728  S3=0.001214
    T+F      Epoch 800/4000: loss=0.000324
      Epoch 1600/4000: loss=0.000185
      Epoch 2400/4000: loss=0.000113
      Epoch 3200/4000: loss=0.000086
      Epoch 4000/4000: loss=0.000078
  recon=0.0000  E_mu=0.0003  S2=0.000459  S3=0.000000

============================================================
  sinusoidal | seed=42 | mb | D=11
============================================================
    ATLAS  recon=0.0002  tangent=0.0050  E_mu=0.9365  E_Sig=0.0005
    baseline      Epoch 800/4000: loss=0.000012
      Epoch 1600/4000: loss=0.000005
      Epoch 2400/4000: loss=0.000002
      Epoch 3200/4000: loss=0.000002
      Epoch 4000/4000: loss=0.000002
  recon=0.0000  E_mu=0.0019  S2=0.004209  S3=0.000005
    T      Epoch 800/4000: loss=0.000290
      Epoch 1600/4000: loss=0.000010
      Epoch 2400/4000: loss=0.000006
      Epoch 3200/4000: loss=0.000006
      Epoch 4000/4000: loss=0.000007
  recon=0.0000  E_mu=0.0000  S2=0.000766  S3=0.000000
    F      Epoch 800/4000: loss=0.000129
      Epoch 1600/4000: loss=0.000053
      Epoch 2400/4000: loss=0.000036
      Epoch 3200/4000: loss=0.000022
      Epoch 4000/4000: loss=0.000019
  recon=0.0000  E_mu=0.0100  S2=0.001175  S3=0.000031
    C      Epoch 800/4000: loss=0.000629
      Epoch 1600/4000: loss=0.000403
      Epoch 2400/4000: loss=0.000329
      Epoch 3200/4000: loss=0.000292
      Epoch 4000/4000: loss=0.000300
  recon=0.0002  E_mu=0.1157  S2=0.679777  S3=0.000329
    T+F      Epoch 800/4000: loss=0.000098
      Epoch 1600/4000: loss=0.000044
      Epoch 2400/4000: loss=0.000011
      Epoch 3200/4000: loss=0.000009
slurmstepd: error: *** JOB 60957 ON dgx06 CANCELLED AT 2026-03-19T22:39:59 ***
