Full ablation: mb dynamics, D=11
Surfaces: ['paraboloid', 'hyperbolic_paraboloid', 'quartic_dome', 'sinusoidal']
Conditions: ['baseline', 'T', 'F', 'C', 'T+F'] + ATLAS
Seeds (10): [42, 1042, 2042, 3042, 4042, 5042, 6042, 7042, 8042, 9042]
AE epochs: 4000, SDE epochs: 3000
N_train: 200

============================================================
  paraboloid | seed=42 | mb | D=11
============================================================
    ATLAS  recon=0.0008  E_mu=1.5662
    baseline      Epoch 800/4000: loss=0.000069
      Epoch 1600/4000: loss=0.000010
      Epoch 2400/4000: loss=0.000004
      Epoch 3200/4000: loss=0.000003
      Epoch 4000/4000: loss=0.000004
  recon=0.0000  E_mu=0.0065  S2=0.001352  S3=0.000012
    T      Epoch 800/4000: loss=0.000936
      Epoch 1600/4000: loss=0.000025
      Epoch 2400/4000: loss=0.000010
      Epoch 3200/4000: loss=0.000011
      Epoch 4000/4000: loss=0.000010
  recon=0.0000  E_mu=0.0001  S2=0.001710  S3=0.000000
    F      Epoch 800/4000: loss=0.001314
      Epoch 1600/4000: loss=0.000148
      Epoch 2400/4000: loss=0.000042
      Epoch 3200/4000: loss=0.000042
      Epoch 4000/4000: loss=0.000047
  recon=0.0000  E_mu=0.0322  S2=0.000580  S3=0.000095
    C      Epoch 800/4000: loss=0.003062
      Epoch 1600/4000: loss=0.002753
      Epoch 2400/4000: loss=0.002675
      Epoch 3200/4000: loss=0.003181
      Epoch 4000/4000: loss=0.003180
  recon=0.0028  E_mu=1.7953  S2=0.734872  S3=0.001333
    T+F      Epoch 800/4000: loss=0.000257
      Epoch 1600/4000: loss=0.000042
      Epoch 2400/4000: loss=0.000030
      Epoch 3200/4000: loss=0.000026
      Epoch 4000/4000: loss=0.000024
  recon=0.0000  E_mu=0.0001  S2=0.000484  S3=0.000000

============================================================
  paraboloid | seed=1042 | mb | D=11
============================================================
    ATLAS  recon=0.0019  E_mu=0.8324
    baseline      Epoch 800/4000: loss=0.000026
      Epoch 1600/4000: loss=0.000006
      Epoch 2400/4000: loss=0.000003
      Epoch 3200/4000: loss=0.000002
      Epoch 4000/4000: loss=0.000002
  recon=0.0000  E_mu=0.0044  S2=0.000187  S3=0.000006
    T      Epoch 800/4000: loss=0.000121
      Epoch 1600/4000: loss=0.000018
      Epoch 2400/4000: loss=0.000009
      Epoch 3200/4000: loss=0.000008
      Epoch 4000/4000: loss=0.000008
  recon=0.0000  E_mu=0.0000  S2=0.000114  S3=0.000000
    F      Epoch 800/4000: loss=0.001376
      Epoch 1600/4000: loss=0.000068
      Epoch 2400/4000: loss=0.000042
      Epoch 3200/4000: loss=0.000041
      Epoch 4000/4000: loss=0.000041
  recon=0.0000  E_mu=0.0363  S2=0.000123  S3=0.000076
    C      Epoch 800/4000: loss=0.002381
      Epoch 1600/4000: loss=0.002408
      Epoch 2400/4000: loss=0.002337
      Epoch 3200/4000: loss=0.002509
      Epoch 4000/4000: loss=0.002397
  recon=0.0023  E_mu=1.4615  S2=0.650087  S3=0.001253
    T+F      Epoch 800/4000: loss=0.000166
      Epoch 1600/4000: loss=0.000047
      Epoch 2400/4000: loss=0.000033
      Epoch 3200/4000: loss=0.000024
      Epoch 4000/4000: loss=0.000024
  recon=0.0000  E_mu=0.0001  S2=0.000189  S3=0.000000

============================================================
  paraboloid | seed=2042 | mb | D=11
============================================================
    ATLAS  recon=0.0016  E_mu=0.9547
    baseline      Epoch 800/4000: loss=0.000028
      Epoch 1600/4000: loss=0.000008
      Epoch 2400/4000: loss=0.000006
      Epoch 3200/4000: loss=0.000007
      Epoch 4000/4000: loss=0.000007
slurmstepd: error: *** JOB 60946 ON dgx03 CANCELLED AT 2026-03-18T23:21:01 ***
