Full ablation: rotation dynamics, D=11
Surfaces: ['paraboloid', 'hyperbolic_paraboloid', 'quartic_dome', 'sinusoidal']
Conditions: ['baseline', 'T', 'F', 'C', 'T+F'] + ATLAS
Seeds (10): [42, 1042, 2042, 3042, 4042, 5042, 6042, 7042, 8042, 9042]
AE epochs: 500, SDE epochs: 300
N_train: 50

============================================================
  paraboloid | seed=42 | rotation | D=11
============================================================
    ATLAS  recon=0.0241  tangent=0.2524  E_mu=0.1667  E_Sig=1.2058
    baseline      Epoch 100/500: loss=0.018654
      Epoch 200/500: loss=0.010097
      Epoch 300/500: loss=0.001782
      Epoch 400/500: loss=0.000742
      Epoch 500/500: loss=0.000952
  recon=0.0017  E_mu=1.0896  S2=0.246054  S3=0.071471
    T      Epoch 100/500: loss=0.023698
      Epoch 200/500: loss=0.008745
      Epoch 300/500: loss=0.006478
      Epoch 400/500: loss=0.002403
      Epoch 500/500: loss=0.002498
  recon=0.0006  E_mu=0.0498  S2=0.279240  S3=0.031671
    F      Epoch 100/500: loss=0.076245
      Epoch 200/500: loss=0.018465
      Epoch 300/500: loss=0.018663
      Epoch 400/500: loss=0.017928
      Epoch 500/500: loss=0.017056
  recon=0.0169  E_mu=9.6646  S2=0.001641  S3=0.615602
    C      Epoch 100/500: loss=0.024314
      Epoch 200/500: loss=0.018158
      Epoch 300/500: loss=0.014150
      Epoch 400/500: loss=0.010303
      Epoch 500/500: loss=0.006313
  recon=0.0038  E_mu=3.2158  S2=1.003911  S3=0.206920
    T+F      Epoch 100/500: loss=0.468872
      Epoch 200/500: loss=0.038427
      Epoch 300/500: loss=0.008950
      Epoch 400/500: loss=0.011219
      Epoch 500/500: loss=0.008317
  recon=0.0008  E_mu=0.1205  S2=0.044710  S3=0.013271

============================================================
  paraboloid | seed=1042 | rotation | D=11
============================================================
    ATLAS  recon=0.0409  tangent=0.2647  E_mu=0.1530  E_Sig=1.0682
    baseline      Epoch 100/500: loss=0.016204
      Epoch 200/500: loss=0.006816
      Epoch 300/500: loss=0.001513
      Epoch 400/500: loss=0.000929
      Epoch 500/500: loss=0.000691
  recon=0.0006  E_mu=2.0323  S2=0.359123  S3=0.079633
    T      Epoch 100/500: loss=0.024464
      Epoch 200/500: loss=0.007094
      Epoch 300/500: loss=0.006497
      Epoch 400/500: loss=0.004422
      Epoch 500/500: loss=0.002280
  recon=0.0005  E_mu=0.0563  S2=0.461671  S3=0.006945
    F      Epoch 100/500: loss=0.081737
      Epoch 200/500: loss=0.018526
      Epoch 300/500: loss=0.014931
      Epoch 400/500: loss=0.015059
      Epoch 500/500: loss=0.014321
  recon=0.0133  E_mu=9.3508  S2=0.002966  S3=0.573967
    C      Epoch 100/500: loss=0.021483
      Epoch 200/500: loss=0.018107
      Epoch 300/500: loss=0.012314
      Epoch 400/500: loss=0.007598
      Epoch 500/500: loss=0.006618
  recon=0.0049  E_mu=4.6585  S2=0.557420  S3=0.323215
    T+F      Epoch 100/500: loss=0.312612
      Epoch 200/500: loss=0.030504
      Epoch 300/500: loss=0.026756
      Epoch 400/500: loss=0.008413
      Epoch 500/500: loss=0.002478
  recon=0.0000  E_mu=0.1508  S2=0.024372  S3=0.009912

============================================================
  paraboloid | seed=2042 | rotation | D=11
============================================================
    ATLAS  recon=0.0253  tangent=0.2422  E_mu=0.1708  E_Sig=1.2058
    baseline      Epoch 100/500: loss=0.026320
      Epoch 200/500: loss=0.009942
      Epoch 300/500: loss=0.001677
      Epoch 400/500: loss=0.000502
      Epoch 500/500: loss=0.001295
  recon=0.0009  E_mu=0.8188  S2=0.268216  S3=0.045744
    T      Epoch 100/500: loss=0.029678
      Epoch 200/500: loss=0.005269
      Epoch 300/500: loss=0.002576
      Epoch 400/500: loss=0.002016
      Epoch 500/500: loss=0.002456
  recon=0.0006  E_mu=0.0463  S2=0.210395  S3=0.008713
    F      Epoch 100/500: loss=0.068572
      Epoch 200/500: loss=0.022903
      Epoch 300/500: loss=0.023605
      Epoch 400/500: loss=0.018769
      Epoch 500/500: loss=0.016211
  recon=0.0123  E_mu=4.9801  S2=0.007917  S3=0.629547
    C      Epoch 100/500: loss=0.031319
      Epoch 200/500: loss=0.023934
      Epoch 300/500: loss=0.018331
      Epoch 400/500: loss=0.007435
      Epoch 500/500: loss=0.005885
  recon=0.0046  E_mu=2.4151  S2=1.158354  S3=0.241890
    T+F      Epoch 100/500: loss=0.412362
      Epoch 200/500: loss=0.031087
      Epoch 300/500: loss=0.013758
      Epoch 400/500: loss=0.006283
      Epoch 500/500: loss=0.009002
  recon=0.0011  E_mu=0.0978  S2=0.043108  S3=0.009827

============================================================
  paraboloid | seed=3042 | rotation | D=11
============================================================
    ATLAS  recon=0.0223  tangent=0.1762  E_mu=0.1108  E_Sig=1.1154
    baseline      Epoch 100/500: loss=0.025698
      Epoch 200/500: loss=0.005883
      Epoch 300/500: loss=0.001166
      Epoch 400/500: loss=0.000477
      Epoch 500/500: loss=0.000326
  recon=0.0003  E_mu=0.3488  S2=0.227790  S3=0.064192
    T      Epoch 100/500: loss=0.020649
      Epoch 200/500: loss=0.009190
      Epoch 300/500: loss=0.006320
      Epoch 400/500: loss=0.002026
      Epoch 500/500: loss=0.003721
  recon=0.0009  E_mu=0.0394  S2=0.213317  S3=0.035144
    F      Epoch 100/500: loss=0.078090
      Epoch 200/500: loss=0.022382
      Epoch 300/500: loss=0.023782
      Epoch 400/500: loss=0.021052
      Epoch 500/500: loss=0.016777
  recon=0.0147  E_mu=6.1071  S2=0.022614  S3=0.689590
    C      Epoch 100/500: loss=0.032232
      Epoch 200/500: loss=0.021720
      Epoch 300/500: loss=0.010501
      Epoch 400/500: loss=0.004900
      Epoch 500/500: loss=0.003163
  recon=0.0006  E_mu=0.6149  S2=0.557231  S3=0.112534
    T+F      Epoch 100/500: loss=0.548769
      Epoch 200/500: loss=0.035259
      Epoch 300/500: loss=0.008464
      Epoch 400/500: loss=0.009393
      Epoch 500/500: loss=0.002442
  recon=0.0000  E_mu=0.0383  S2=0.039588  S3=0.031334

============================================================
  paraboloid | seed=4042 | rotation | D=11
============================================================
    ATLAS  recon=0.0259  tangent=0.2201  E_mu=0.1395  E_Sig=0.9280
    baseline      Epoch 100/500: loss=0.015158
      Epoch 200/500: loss=0.007542
      Epoch 300/500: loss=0.001608
      Epoch 400/500: loss=0.000527
      Epoch 500/500: loss=0.000659
  recon=0.0006  E_mu=0.6300  S2=1.039733  S3=0.064848
    T      Epoch 100/500: loss=0.018702
      Epoch 200/500: loss=0.008294
      Epoch 300/500: loss=0.005155
      Epoch 400/500: loss=0.004413
      Epoch 500/500: loss=0.004568
  recon=0.0005  E_mu=0.0684  S2=0.462914  S3=0.018073
    F      Epoch 100/500: loss=0.056658
      Epoch 200/500: loss=0.016814
      Epoch 300/500: loss=0.016013
      Epoch 400/500: loss=0.013184
      Epoch 500/500: loss=0.010600
  recon=0.0086  E_mu=5.2542  S2=0.010770  S3=0.603411
    C      Epoch 100/500: loss=0.021973
      Epoch 200/500: loss=0.011760
      Epoch 300/500: loss=0.010240
      Epoch 400/500: loss=0.008837
      Epoch 500/500: loss=0.009774
  recon=0.0068  E_mu=3.5586  S2=0.992477  S3=0.378982
    T+F      Epoch 100/500: loss=0.312504
      Epoch 200/500: loss=0.052106
      Epoch 300/500: loss=0.019672
      Epoch 400/500: loss=0.016793
      Epoch 500/500: loss=0.005687
  recon=0.0001  E_mu=0.1798  S2=0.101205  S3=0.035078

============================================================
  paraboloid | seed=5042 | rotation | D=11
============================================================
    ATLAS  recon=0.0174  tangent=0.2180  E_mu=0.1507  E_Sig=1.0012
    baseline      Epoch 100/500: loss=0.022344
      Epoch 200/500: loss=0.010723
      Epoch 300/500: loss=0.002001
      Epoch 400/500: loss=0.000636
      Epoch 500/500: loss=0.000438
  recon=0.0005  E_mu=1.6032  S2=0.105906  S3=0.078137
    T      Epoch 100/500: loss=0.017850
      Epoch 200/500: loss=0.004035
      Epoch 300/500: loss=0.004739
      Epoch 400/500: loss=0.003129
      Epoch 500/500: loss=0.001295
  recon=0.0003  E_mu=0.1242  S2=0.133426  S3=0.010978
    F      Epoch 100/500: loss=0.070809
      Epoch 200/500: loss=0.021031
      Epoch 300/500: loss=0.019962
      Epoch 400/500: loss=0.021807
      Epoch 500/500: loss=0.020778
  recon=0.0203  E_mu=7.9963  S2=0.006462  S3=0.659045
    C      Epoch 100/500: loss=0.027171
      Epoch 200/500: loss=0.021602
      Epoch 300/500: loss=0.012681
      Epoch 400/500: loss=0.011332
      Epoch 500/500: loss=0.009506
  recon=0.0075  E_mu=2.9358  S2=0.361447  S3=0.318890
    T+F      Epoch 100/500: loss=0.608248
      Epoch 200/500: loss=0.040144
      Epoch 300/500: loss=0.017925
      Epoch 400/500: loss=0.009191
      Epoch 500/500: loss=0.003267
  recon=0.0002  E_mu=0.1101  S2=0.036999  S3=0.010519

============================================================
  paraboloid | seed=6042 | rotation | D=11
============================================================
    ATLAS  recon=0.0246  tangent=0.2471  E_mu=0.2011  E_Sig=1.2364
    baseline      Epoch 100/500: loss=0.024272
      Epoch 200/500: loss=0.005861
      Epoch 300/500: loss=0.001188
      Epoch 400/500: loss=0.000728
      Epoch 500/500: loss=0.000488
  recon=0.0003  E_mu=0.8714  S2=0.153339  S3=0.077858
    T      Epoch 100/500: loss=0.029025
      Epoch 200/500: loss=0.006657
      Epoch 300/500: loss=0.003566
      Epoch 400/500: loss=0.006305
      Epoch 500/500: loss=0.001624
  recon=0.0004  E_mu=0.0667  S2=0.125363  S3=0.038639
    F      Epoch 100/500: loss=0.062324
      Epoch 200/500: loss=0.055483
      Epoch 300/500: loss=0.035581
      Epoch 400/500: loss=0.025503
      Epoch 500/500: loss=0.018239
  recon=0.0167  E_mu=6.9857  S2=0.013129  S3=0.956938
    C      Epoch 100/500: loss=0.031861
      Epoch 200/500: loss=0.015450
      Epoch 300/500: loss=0.009332
      Epoch 400/500: loss=0.007580
      Epoch 500/500: loss=0.004816
  recon=0.0032  E_mu=1.1186  S2=0.540011  S3=0.136492
    T+F      Epoch 100/500: loss=0.359394
      Epoch 200/500: loss=0.023255
      Epoch 300/500: loss=0.019456
      Epoch 400/500: loss=0.005715
      Epoch 500/500: loss=0.003768
  recon=0.0003  E_mu=0.0502  S2=0.027172  S3=0.007815

============================================================
  paraboloid | seed=7042 | rotation | D=11
============================================================
    ATLAS  recon=0.0100  tangent=0.2515  E_mu=0.1716  E_Sig=1.4106
    baseline      Epoch 100/500: loss=0.023850
      Epoch 200/500: loss=0.004058
      Epoch 300/500: loss=0.001367
      Epoch 400/500: loss=0.001018
      Epoch 500/500: loss=0.000748
  recon=0.0007  E_mu=0.5263  S2=0.219167  S3=0.104545
    T      Epoch 100/500: loss=0.028509
      Epoch 200/500: loss=0.008407
      Epoch 300/500: loss=0.007600
      Epoch 400/500: loss=0.003436
      Epoch 500/500: loss=0.003734
  recon=0.0009  E_mu=0.0347  S2=0.238271  S3=0.020334
    F      Epoch 100/500: loss=0.064907
      Epoch 200/500: loss=0.033098
      Epoch 300/500: loss=0.033341
      Epoch 400/500: loss=0.027562
      Epoch 500/500: loss=0.019893
  recon=0.0168  E_mu=4.2988  S2=0.018993  S3=0.937503
    C      Epoch 100/500: loss=0.032689
      Epoch 200/500: loss=0.013468
      Epoch 300/500: loss=0.008699
      Epoch 400/500: loss=0.007737
      Epoch 500/500: loss=0.006697
  recon=0.0050  E_mu=2.2541  S2=0.659635  S3=0.308043
    T+F      Epoch 100/500: loss=0.259551
      Epoch 200/500: loss=0.045266
      Epoch 300/500: loss=0.036622
      Epoch 400/500: loss=0.016729
      Epoch 500/500: loss=0.007744
  recon=0.0008  E_mu=0.0885  S2=0.095256  S3=0.029541

============================================================
  paraboloid | seed=8042 | rotation | D=11
============================================================
    ATLAS  recon=0.0205  tangent=0.2330  E_mu=0.1502  E_Sig=0.8952
    baseline      Epoch 100/500: loss=0.024748
      Epoch 200/500: loss=0.008476
      Epoch 300/500: loss=0.002745
      Epoch 400/500: loss=0.000902
      Epoch 500/500: loss=0.000556
  recon=0.0006  E_mu=0.9006  S2=0.708354  S3=0.051765
    T      Epoch 100/500: loss=0.032435
      Epoch 200/500: loss=0.011836
      Epoch 300/500: loss=0.007818
      Epoch 400/500: loss=0.003304
      Epoch 500/500: loss=0.004057
  recon=0.0010  E_mu=0.0597  S2=0.167007  S3=0.025412
    F      Epoch 100/500: loss=0.057924
      Epoch 200/500: loss=0.023283
      Epoch 300/500: loss=0.018283
      Epoch 400/500: loss=0.011093
      Epoch 500/500: loss=0.009953
  recon=0.0081  E_mu=2.3532  S2=0.046829  S3=0.511572
    C      Epoch 100/500: loss=0.029075
      Epoch 200/500: loss=0.023330
      Epoch 300/500: loss=0.011496
      Epoch 400/500: loss=0.008497
      Epoch 500/500: loss=0.007324
  recon=0.0061  E_mu=1.7236  S2=0.655178  S3=0.331652
    T+F      Epoch 100/500: loss=0.141434
      Epoch 200/500: loss=0.026600
      Epoch 300/500: loss=0.013402
      Epoch 400/500: loss=0.006210
      Epoch 500/500: loss=0.028367
  recon=0.0010  E_mu=0.1089  S2=0.087933  S3=0.020110

============================================================
  paraboloid | seed=9042 | rotation | D=11
============================================================
    ATLAS  recon=0.0068  tangent=0.1569  E_mu=0.0972  E_Sig=0.8033
    baseline      Epoch 100/500: loss=0.027107
      Epoch 200/500: loss=0.008321
      Epoch 300/500: loss=0.002093
      Epoch 400/500: loss=0.000829
      Epoch 500/500: loss=0.001341
  recon=0.0007  E_mu=1.0370  S2=0.262601  S3=0.120521
    T      Epoch 100/500: loss=0.018614
      Epoch 200/500: loss=0.005667
      Epoch 300/500: loss=0.002714
      Epoch 400/500: loss=0.002405
      Epoch 500/500: loss=0.003811
  recon=0.0007  E_mu=0.0385  S2=0.507064  S3=0.026185
    F      Epoch 100/500: loss=0.071009
      Epoch 200/500: loss=0.028960
      Epoch 300/500: loss=0.020558
      Epoch 400/500: loss=0.014262
      Epoch 500/500: loss=0.013124
  recon=0.0111  E_mu=3.3270  S2=0.092641  S3=0.559082
    C      Epoch 100/500: loss=0.034140
      Epoch 200/500: loss=0.014801
      Epoch 300/500: loss=0.012168
      Epoch 400/500: loss=0.007504
      Epoch 500/500: loss=0.005718
  recon=0.0035  E_mu=1.9266  S2=0.861659  S3=0.201733
    T+F      Epoch 100/500: loss=0.114457
      Epoch 200/500: loss=0.020369
      Epoch 300/500: loss=0.017753
      Epoch 400/500: loss=0.005331
      Epoch 500/500: loss=0.004440
  recon=0.0004  E_mu=0.0760  S2=0.081746  S3=0.042553

============================================================
  hyperbolic_paraboloid | seed=42 | rotation | D=11
============================================================
    ATLAS  recon=0.0094  tangent=0.3080  E_mu=0.1664  E_Sig=1.2817
    baseline      Epoch 100/500: loss=0.019730
      Epoch 200/500: loss=0.005047
      Epoch 300/500: loss=0.001279
      Epoch 400/500: loss=0.000879
      Epoch 500/500: loss=0.001451
  recon=0.0011  E_mu=0.7775  S2=0.036118  S3=0.078398
    T      Epoch 100/500: loss=0.020342
      Epoch 200/500: loss=0.018167
      Epoch 300/500: loss=0.006554
      Epoch 400/500: loss=0.006123
      Epoch 500/500: loss=0.003841
  recon=0.0007  E_mu=0.0652  S2=0.208568  S3=0.029188
    F      Epoch 100/500: loss=0.081599
      Epoch 200/500: loss=0.024076
      Epoch 300/500: loss=0.021198
      Epoch 400/500: loss=0.023000
      Epoch 500/500: loss=0.022201
  recon=0.0191  E_mu=1.9447  S2=0.004534  S3=0.584670
    C      Epoch 100/500: loss=0.027199
      Epoch 200/500: loss=0.013719
      Epoch 300/500: loss=0.008544
      Epoch 400/500: loss=0.004577
      Epoch 500/500: loss=0.003956
  recon=0.0012  E_mu=1.0313  S2=0.161692  S3=0.104232
    T+F      Epoch 100/500: loss=0.039952
      Epoch 200/500: loss=0.015397
      Epoch 300/500: loss=0.013737
      Epoch 400/500: loss=0.005351
      Epoch 500/500: loss=0.003087
  recon=0.0005  E_mu=0.0675  S2=0.044519  S3=0.024614

============================================================
  hyperbolic_paraboloid | seed=1042 | rotation | D=11
============================================================
    ATLAS  recon=0.0173  tangent=0.2541  E_mu=0.1833  E_Sig=0.9224
    baseline      Epoch 100/500: loss=0.017621
      Epoch 200/500: loss=0.003264
      Epoch 300/500: loss=0.000911
      Epoch 400/500: loss=0.000474
      Epoch 500/500: loss=0.000439
  recon=0.0004  E_mu=1.1941  S2=0.067057  S3=0.035272
    T      Epoch 100/500: loss=0.011944
      Epoch 200/500: loss=0.004283
      Epoch 300/500: loss=0.003208
      Epoch 400/500: loss=0.001881
      Epoch 500/500: loss=0.001363
  recon=0.0004  E_mu=0.0537  S2=0.083841  S3=0.005924
    F      Epoch 100/500: loss=0.088027
      Epoch 200/500: loss=0.037725
      Epoch 300/500: loss=0.017522
      Epoch 400/500: loss=0.017069
      Epoch 500/500: loss=0.015843
  recon=0.0164  E_mu=3.0518  S2=0.006665  S3=0.395983
    C      Epoch 100/500: loss=0.021503
      Epoch 200/500: loss=0.017976
      Epoch 300/500: loss=0.018107
      Epoch 400/500: loss=0.009365
      Epoch 500/500: loss=0.006055
  recon=0.0042  E_mu=3.4211  S2=0.100193  S3=0.163056
    T+F      Epoch 100/500: loss=0.364512
      Epoch 200/500: loss=0.008553
      Epoch 300/500: loss=0.006298
      Epoch 400/500: loss=0.002053
      Epoch 500/500: loss=0.001363
  recon=0.0000  E_mu=0.0609  S2=0.019342  S3=0.003656

============================================================
  hyperbolic_paraboloid | seed=2042 | rotation | D=11
============================================================
    ATLAS  recon=0.0063  tangent=0.2474  E_mu=0.1952  E_Sig=1.0426
    baseline      Epoch 100/500: loss=0.016515
      Epoch 200/500: loss=0.004359
      Epoch 300/500: loss=0.001306
      Epoch 400/500: loss=0.001684
      Epoch 500/500: loss=0.000722
  recon=0.0008  E_mu=0.9329  S2=0.099804  S3=0.104944
    T      Epoch 100/500: loss=0.100750
      Epoch 200/500: loss=0.068336
      Epoch 300/500: loss=0.048135
      Epoch 400/500: loss=0.040682
      Epoch 500/500: loss=0.027122
  recon=0.0147  E_mu=7.3198  S2=0.449628  S3=0.198397
    F      Epoch 100/500: loss=0.066929
      Epoch 200/500: loss=0.016144
      Epoch 300/500: loss=0.015003
      Epoch 400/500: loss=0.013549
      Epoch 500/500: loss=0.010595
  recon=0.0104  E_mu=1.5819  S2=0.003415  S3=0.611753
    C      Epoch 100/500: loss=0.019062
      Epoch 200/500: loss=0.018912
      Epoch 300/500: loss=0.017055
      Epoch 400/500: loss=0.015504
      Epoch 500/500: loss=0.009276
  recon=0.0100  E_mu=1.9458  S2=0.307889  S3=0.387014
    T+F      Epoch 100/500: loss=0.603088
      Epoch 200/500: loss=0.034036
      Epoch 300/500: loss=0.009683
      Epoch 400/500: loss=0.003356
      Epoch 500/500: loss=0.002530
  recon=0.0001  E_mu=0.0427  S2=0.033171  S3=0.005086

============================================================
  hyperbolic_paraboloid | seed=3042 | rotation | D=11
============================================================
    ATLAS  recon=0.0042  tangent=0.1673  E_mu=0.1177  E_Sig=0.7997
    baseline      Epoch 100/500: loss=0.017687
      Epoch 200/500: loss=0.002544
      Epoch 300/500: loss=0.001011
      Epoch 400/500: loss=0.001157
      Epoch 500/500: loss=0.000597
  recon=0.0004  E_mu=0.6273  S2=0.180317  S3=0.095750
    T      Epoch 100/500: loss=0.013908
      Epoch 200/500: loss=0.006408
      Epoch 300/500: loss=0.004101
      Epoch 400/500: loss=0.002751
      Epoch 500/500: loss=0.002439
  recon=0.0008  E_mu=0.0486  S2=0.179749  S3=0.032872
    F      Epoch 100/500: loss=0.064041
      Epoch 200/500: loss=0.022523
      Epoch 300/500: loss=0.021490
      Epoch 400/500: loss=0.017579
      Epoch 500/500: loss=0.009333
  recon=0.0065  E_mu=0.9324  S2=0.020613  S3=0.358668
    C      Epoch 100/500: loss=0.024997
      Epoch 200/500: loss=0.012485
      Epoch 300/500: loss=0.005309
      Epoch 400/500: loss=0.003825
      Epoch 500/500: loss=0.004531
  recon=0.0022  E_mu=1.3809  S2=0.541940  S3=0.173630
    T+F      Epoch 100/500: loss=0.104801
      Epoch 200/500: loss=0.016462
      Epoch 300/500: loss=0.013799
      Epoch 400/500: loss=0.004840
      Epoch 500/500: loss=0.003401
  recon=0.0002  E_mu=0.0444  S2=0.041057  S3=0.031981

============================================================
  hyperbolic_paraboloid | seed=4042 | rotation | D=11
============================================================
    ATLAS  recon=0.0051  tangent=0.1949  E_mu=0.1374  E_Sig=0.7984
    baseline      Epoch 100/500: loss=0.020051
      Epoch 200/500: loss=0.004025
      Epoch 300/500: loss=0.001783
      Epoch 400/500: loss=0.002134
      Epoch 500/500: loss=0.000406
  recon=0.0004  E_mu=0.6584  S2=0.102337  S3=0.055598
    T      Epoch 100/500: loss=0.008045
      Epoch 200/500: loss=0.003489
      Epoch 300/500: loss=0.002932
      Epoch 400/500: loss=0.001841
      Epoch 500/500: loss=0.001855
  recon=0.0004  E_mu=0.0240  S2=0.201337  S3=0.007354
    F      Epoch 100/500: loss=0.081369
      Epoch 200/500: loss=0.019254
      Epoch 300/500: loss=0.020660
      Epoch 400/500: loss=0.017408
      Epoch 500/500: loss=0.012875
  recon=0.0121  E_mu=1.2953  S2=0.005295  S3=0.426749
    C      Epoch 100/500: loss=0.025662
      Epoch 200/500: loss=0.018287
      Epoch 300/500: loss=0.010232
      Epoch 400/500: loss=0.004867
      Epoch 500/500: loss=0.003444
  recon=0.0018  E_mu=1.6598  S2=0.610038  S3=0.155394
    T+F      Epoch 100/500: loss=0.069440
      Epoch 200/500: loss=0.020921
      Epoch 300/500: loss=0.006425
      Epoch 400/500: loss=0.002702
      Epoch 500/500: loss=0.001457
  recon=0.0001  E_mu=0.0226  S2=0.049084  S3=0.004377

============================================================
  hyperbolic_paraboloid | seed=5042 | rotation | D=11
============================================================
    ATLAS  recon=0.0045  tangent=0.2115  E_mu=0.1495  E_Sig=1.0368
    baseline      Epoch 100/500: loss=0.019963
      Epoch 200/500: loss=0.001585
      Epoch 300/500: loss=0.000890
      Epoch 400/500: loss=0.000401
      Epoch 500/500: loss=0.000263
  recon=0.0002  E_mu=0.4129  S2=0.143247  S3=0.035968
    T      Epoch 100/500: loss=0.024075
      Epoch 200/500: loss=0.006107
      Epoch 300/500: loss=0.004981
      Epoch 400/500: loss=0.002693
      Epoch 500/500: loss=0.002490
  recon=0.0007  E_mu=0.0723  S2=0.230650  S3=0.011980
    F      Epoch 100/500: loss=0.069309
      Epoch 200/500: loss=0.020335
      Epoch 300/500: loss=0.020273
      Epoch 400/500: loss=0.019694
      Epoch 500/500: loss=0.019187
  recon=0.0179  E_mu=2.3332  S2=0.003286  S3=1.076104
    C      Epoch 100/500: loss=0.025527
      Epoch 200/500: loss=0.018336
      Epoch 300/500: loss=0.007508
      Epoch 400/500: loss=0.004694
      Epoch 500/500: loss=0.003821
  recon=0.0018  E_mu=1.7601  S2=0.521589  S3=0.315351
    T+F      Epoch 100/500: loss=0.652298
      Epoch 200/500: loss=0.029592
      Epoch 300/500: loss=0.015872
      Epoch 400/500: loss=0.006284
      Epoch 500/500: loss=0.005196
  recon=0.0006  E_mu=0.0745  S2=0.029384  S3=0.010639

============================================================
  hyperbolic_paraboloid | seed=6042 | rotation | D=11
============================================================
    ATLAS  recon=0.0063  tangent=0.2529  E_mu=0.1674  E_Sig=1.1739
    baseline      Epoch 100/500: loss=0.020000
      Epoch 200/500: loss=0.001697
      Epoch 300/500: loss=0.000855
      Epoch 400/500: loss=0.000911
      Epoch 500/500: loss=0.000248
  recon=0.0003  E_mu=0.5244  S2=0.110764  S3=0.080393
    T      Epoch 100/500: loss=0.100715
      Epoch 200/500: loss=0.017416
      Epoch 300/500: loss=0.006818
      Epoch 400/500: loss=0.007770
      Epoch 500/500: loss=0.003327
  recon=0.0010  E_mu=0.0696  S2=0.145329  S3=0.025815
    F      Epoch 100/500: loss=0.070494
      Epoch 200/500: loss=0.022732
      Epoch 300/500: loss=0.022848
      Epoch 400/500: loss=0.017877
      Epoch 500/500: loss=0.009351
  recon=0.0089  E_mu=2.5633  S2=0.009083  S3=0.646568
    C      Epoch 100/500: loss=0.030412
      Epoch 200/500: loss=0.008932
      Epoch 300/500: loss=0.005218
      Epoch 400/500: loss=0.004796
      Epoch 500/500: loss=0.003074
  recon=0.0013  E_mu=1.5647  S2=0.232836  S3=0.224114
    T+F      Epoch 100/500: loss=0.538850
      Epoch 200/500: loss=0.023857
      Epoch 300/500: loss=0.010619
      Epoch 400/500: loss=0.012573
      Epoch 500/500: loss=0.006804
  recon=0.0004  E_mu=0.0426  S2=0.074595  S3=0.019196

============================================================
  hyperbolic_paraboloid | seed=7042 | rotation | D=11
============================================================
    ATLAS  recon=0.0033  tangent=0.2448  E_mu=0.1335  E_Sig=1.1265
    baseline      Epoch 100/500: loss=0.016189
      Epoch 200/500: loss=0.002910
      Epoch 300/500: loss=0.001082
      Epoch 400/500: loss=0.000903
      Epoch 500/500: loss=0.000273
  recon=0.0003  E_mu=0.3140  S2=0.734596  S3=0.123460
    T      Epoch 100/500: loss=0.016846
      Epoch 200/500: loss=0.005578
      Epoch 300/500: loss=0.014368
      Epoch 400/500: loss=0.006144
      Epoch 500/500: loss=0.001565
  recon=0.0004  E_mu=0.0333  S2=0.262538  S3=0.028355
    F      Epoch 100/500: loss=0.075585
      Epoch 200/500: loss=0.023113
      Epoch 300/500: loss=0.021358
      Epoch 400/500: loss=0.016432
      Epoch 500/500: loss=0.006320
  recon=0.0054  E_mu=0.8346  S2=0.067721  S3=0.686508
    C      Epoch 100/500: loss=0.021192
      Epoch 200/500: loss=0.013108
      Epoch 300/500: loss=0.005277
      Epoch 400/500: loss=0.007639
      Epoch 500/500: loss=0.004424
  recon=0.0016  E_mu=0.4570  S2=2.531449  S3=0.213441
    T+F      Epoch 100/500: loss=0.505009
      Epoch 200/500: loss=0.018465
      Epoch 300/500: loss=0.013683
      Epoch 400/500: loss=0.010378
      Epoch 500/500: loss=0.002421
  recon=0.0000  E_mu=0.0315  S2=0.096450  S3=0.013834

============================================================
  hyperbolic_paraboloid | seed=8042 | rotation | D=11
============================================================
    ATLAS  recon=0.0053  tangent=0.2366  E_mu=0.1483  E_Sig=0.8786
    baseline      Epoch 100/500: loss=0.022180
      Epoch 200/500: loss=0.004814
      Epoch 300/500: loss=0.001171
      Epoch 400/500: loss=0.000324
      Epoch 500/500: loss=0.000367
  recon=0.0003  E_mu=0.4498  S2=0.126257  S3=0.058269
    T      Epoch 100/500: loss=0.016022
      Epoch 200/500: loss=0.011440
      Epoch 300/500: loss=0.002733
      Epoch 400/500: loss=0.002208
      Epoch 500/500: loss=0.009710
  recon=0.0019  E_mu=0.0631  S2=0.096687  S3=0.017256
    F      Epoch 100/500: loss=0.058781
      Epoch 200/500: loss=0.044997
      Epoch 300/500: loss=0.016908
      Epoch 400/500: loss=0.015007
      Epoch 500/500: loss=0.012373
  recon=0.0128  E_mu=1.4759  S2=0.007259  S3=0.598798
    C      Epoch 100/500: loss=0.026688
      Epoch 200/500: loss=0.021357
      Epoch 300/500: loss=0.014675
      Epoch 400/500: loss=0.012364
      Epoch 500/500: loss=0.005225
  recon=0.0022  E_mu=1.6582  S2=0.720665  S3=0.284599
    T+F      Epoch 100/500: loss=0.074024
      Epoch 200/500: loss=0.015817
      Epoch 300/500: loss=0.010242
      Epoch 400/500: loss=0.004281
      Epoch 500/500: loss=0.004835
  recon=0.0008  E_mu=0.0258  S2=0.053294  S3=0.035962

============================================================
  hyperbolic_paraboloid | seed=9042 | rotation | D=11
============================================================
    ATLAS  recon=0.0020  tangent=0.1407  E_mu=0.1135  E_Sig=0.5556
    baseline      Epoch 100/500: loss=0.016278
      Epoch 200/500: loss=0.002359
      Epoch 300/500: loss=0.001275
      Epoch 400/500: loss=0.000918
      Epoch 500/500: loss=0.001015
  recon=0.0015  E_mu=0.3452  S2=0.103320  S3=0.052793
    T      Epoch 100/500: loss=0.018602
      Epoch 200/500: loss=0.007523
      Epoch 300/500: loss=0.003371
      Epoch 400/500: loss=0.004222
      Epoch 500/500: loss=0.001546
  recon=0.0005  E_mu=0.0470  S2=0.197948  S3=0.011459
    F      Epoch 100/500: loss=0.096151
      Epoch 200/500: loss=0.042571
      Epoch 300/500: loss=0.029907
      Epoch 400/500: loss=0.024018
      Epoch 500/500: loss=0.021988
  recon=0.0227  E_mu=2.4112  S2=0.002615  S3=1.006897
    C      Epoch 100/500: loss=0.025541
      Epoch 200/500: loss=0.011829
      Epoch 300/500: loss=0.006882
      Epoch 400/500: loss=0.004808
      Epoch 500/500: loss=0.003430
  recon=0.0009  E_mu=0.9541  S2=0.488961  S3=0.119331
    T+F      Epoch 100/500: loss=0.138757
      Epoch 200/500: loss=0.020660
      Epoch 300/500: loss=0.009476
      Epoch 400/500: loss=0.006854
      Epoch 500/500: loss=0.006663
  recon=0.0007  E_mu=0.0249  S2=0.196102  S3=0.007556

============================================================
  quartic_dome | seed=42 | rotation | D=11
============================================================
    ATLAS  recon=0.0083  tangent=0.1446  E_mu=0.8207  E_Sig=0.5766
    baseline      Epoch 100/500: loss=0.010150
      Epoch 200/500: loss=0.004442
      Epoch 300/500: loss=0.000792
      Epoch 400/500: loss=0.000798
      Epoch 500/500: loss=0.000536
  recon=0.0005  E_mu=1.4299  S2=0.053705  S3=0.030876
    T      Epoch 100/500: loss=0.039803
      Epoch 200/500: loss=0.020970
      Epoch 300/500: loss=0.021720
      Epoch 400/500: loss=0.010529
      Epoch 500/500: loss=0.003956
  recon=0.0003  E_mu=0.1956  S2=0.079451  S3=0.023254
    F      Epoch 100/500: loss=0.063761
      Epoch 200/500: loss=0.010417
      Epoch 300/500: loss=0.010765
      Epoch 400/500: loss=0.009931
      Epoch 500/500: loss=0.008920
  recon=0.0089  E_mu=4.1756  S2=0.002032  S3=0.142871
    C      Epoch 100/500: loss=0.016041
      Epoch 200/500: loss=0.011024
      Epoch 300/500: loss=0.009703
      Epoch 400/500: loss=0.007695
      Epoch 500/500: loss=0.007718
  recon=0.0056  E_mu=2.2933  S2=0.102850  S3=0.078164
    T+F      Epoch 100/500: loss=0.092981
      Epoch 200/500: loss=0.025354
      Epoch 300/500: loss=0.019931
      Epoch 400/500: loss=0.017213
      Epoch 500/500: loss=0.011371
  recon=0.0010  E_mu=0.3545  S2=0.016783  S3=0.004998

============================================================
  quartic_dome | seed=1042 | rotation | D=11
============================================================
    ATLAS  recon=0.0147  tangent=0.2331  E_mu=0.5165  E_Sig=0.5101
    baseline      Epoch 100/500: loss=0.008856
      Epoch 200/500: loss=0.005008
      Epoch 300/500: loss=0.001282
      Epoch 400/500: loss=0.000576
      Epoch 500/500: loss=0.000372
  recon=0.0003  E_mu=1.9972  S2=0.027459  S3=0.036364
    T      Epoch 100/500: loss=0.036698
      Epoch 200/500: loss=0.019927
      Epoch 300/500: loss=0.019882
      Epoch 400/500: loss=0.009677
      Epoch 500/500: loss=0.009864
  recon=0.0009  E_mu=0.3137  S2=0.063692  S3=0.002943
    F      Epoch 100/500: loss=0.074256
      Epoch 200/500: loss=0.010961
      Epoch 300/500: loss=0.008235
      Epoch 400/500: loss=0.008325
      Epoch 500/500: loss=0.007609
  recon=0.0076  E_mu=4.6880  S2=0.001941  S3=0.127285
    C      Epoch 100/500: loss=0.013915
      Epoch 200/500: loss=0.010374
      Epoch 300/500: loss=0.009055
      Epoch 400/500: loss=0.009312
      Epoch 500/500: loss=0.008583
  recon=0.0077  E_mu=4.6961  S2=0.236987  S3=0.132207
    T+F      Epoch 100/500: loss=0.077211
      Epoch 200/500: loss=0.023640
      Epoch 300/500: loss=0.010447
      Epoch 400/500: loss=0.008248
      Epoch 500/500: loss=0.007676
  recon=0.0003  E_mu=0.2556  S2=0.016865  S3=0.002973

============================================================
  quartic_dome | seed=2042 | rotation | D=11
============================================================
    ATLAS  recon=0.0052  tangent=0.1782  E_mu=0.4684  E_Sig=0.7173
    baseline      Epoch 100/500: loss=0.013003
      Epoch 200/500: loss=0.004305
      Epoch 300/500: loss=0.001059
      Epoch 400/500: loss=0.000545
      Epoch 500/500: loss=0.000322
  recon=0.0005  E_mu=1.0421  S2=0.060751  S3=0.027155
    T      Epoch 100/500: loss=0.045562
      Epoch 200/500: loss=0.023202
      Epoch 300/500: loss=0.015586
      Epoch 400/500: loss=0.016321
      Epoch 500/500: loss=0.013463
  recon=0.0008  E_mu=0.2239  S2=0.066612  S3=0.004955
    F      Epoch 100/500: loss=0.053181
      Epoch 200/500: loss=0.013132
      Epoch 300/500: loss=0.011963
      Epoch 400/500: loss=0.009446
      Epoch 500/500: loss=0.008715
  recon=0.0069  E_mu=3.3218  S2=0.004021  S3=0.151175
    C      Epoch 100/500: loss=0.017261
      Epoch 200/500: loss=0.013450
      Epoch 300/500: loss=0.013672
      Epoch 400/500: loss=0.012255
      Epoch 500/500: loss=0.012391
  recon=0.0110  E_mu=4.8029  S2=0.065273  S3=0.216117
    T+F      Epoch 100/500: loss=0.091042
      Epoch 200/500: loss=0.032646
      Epoch 300/500: loss=0.023562
      Epoch 400/500: loss=0.016742
      Epoch 500/500: loss=0.012158
  recon=0.0006  E_mu=0.2292  S2=0.015103  S3=0.004701

============================================================
  quartic_dome | seed=3042 | rotation | D=11
============================================================
    ATLAS  recon=0.0036  tangent=0.1180  E_mu=0.4433  E_Sig=0.4263
    baseline      Epoch 100/500: loss=0.014602
      Epoch 200/500: loss=0.004301
      Epoch 300/500: loss=0.000805
      Epoch 400/500: loss=0.000524
      Epoch 500/500: loss=0.000450
  recon=0.0003  E_mu=0.4795  S2=0.033852  S3=0.029692
    T      Epoch 100/500: loss=0.035320
      Epoch 200/500: loss=0.020478
      Epoch 300/500: loss=0.018806
      Epoch 400/500: loss=0.008933
      Epoch 500/500: loss=0.005571
  recon=0.0006  E_mu=0.2001  S2=0.046721  S3=0.022864
    F      Epoch 100/500: loss=0.063159
      Epoch 200/500: loss=0.012954
      Epoch 300/500: loss=0.014161
      Epoch 400/500: loss=0.011761
      Epoch 500/500: loss=0.008261
  recon=0.0073  E_mu=2.6052  S2=0.003854  S3=0.102835
    C      Epoch 100/500: loss=0.020131
      Epoch 200/500: loss=0.013154
      Epoch 300/500: loss=0.009640
      Epoch 400/500: loss=0.007044
      Epoch 500/500: loss=0.004406
  recon=0.0020  E_mu=1.0968  S2=0.101764  S3=0.065593
    T+F      Epoch 100/500: loss=0.065523
      Epoch 200/500: loss=0.026689
      Epoch 300/500: loss=0.046797
      Epoch 400/500: loss=0.023616
      Epoch 500/500: loss=0.012152
  recon=0.0008  E_mu=0.1987  S2=0.012912  S3=0.005297

============================================================
  quartic_dome | seed=4042 | rotation | D=11
============================================================
    ATLAS  recon=0.0044  tangent=0.1317  E_mu=0.4210  E_Sig=0.5293
    baseline      Epoch 100/500: loss=0.009612
      Epoch 200/500: loss=0.004864
      Epoch 300/500: loss=0.002199
      Epoch 400/500: loss=0.000660
      Epoch 500/500: loss=0.000389
  recon=0.0004  E_mu=1.0102  S2=0.090734  S3=0.034601
    T      Epoch 100/500: loss=0.035814
      Epoch 200/500: loss=0.018915
      Epoch 300/500: loss=0.012664
      Epoch 400/500: loss=0.007347
      Epoch 500/500: loss=0.005285
  recon=0.0004  E_mu=0.1482  S2=0.124390  S3=0.003165
    F      Epoch 100/500: loss=0.050254
      Epoch 200/500: loss=0.010689
      Epoch 300/500: loss=0.009863
      Epoch 400/500: loss=0.007424
      Epoch 500/500: loss=0.005914
  recon=0.0047  E_mu=2.4715  S2=0.003203  S3=0.109812
    C      Epoch 100/500: loss=0.015350
      Epoch 200/500: loss=0.007701
      Epoch 300/500: loss=0.007184
      Epoch 400/500: loss=0.006732
      Epoch 500/500: loss=0.006177
  recon=0.0045  E_mu=2.2732  S2=0.146928  S3=0.096597
    T+F      Epoch 100/500: loss=0.084152
      Epoch 200/500: loss=0.034436
      Epoch 300/500: loss=0.015612
      Epoch 400/500: loss=0.014522
      Epoch 500/500: loss=0.013915
  recon=0.0011  E_mu=0.2381  S2=0.034695  S3=0.021381

============================================================
  quartic_dome | seed=5042 | rotation | D=11
============================================================
    ATLAS  recon=0.0042  tangent=0.1309  E_mu=0.5381  E_Sig=0.6671
    baseline      Epoch 100/500: loss=0.014336
      Epoch 200/500: loss=0.005470
      Epoch 300/500: loss=0.002280
      Epoch 400/500: loss=0.000539
      Epoch 500/500: loss=0.000324
  recon=0.0003  E_mu=1.1623  S2=0.028864  S3=0.026866
    T      Epoch 100/500: loss=0.029415
      Epoch 200/500: loss=0.011810
      Epoch 300/500: loss=0.008219
      Epoch 400/500: loss=0.007485
      Epoch 500/500: loss=0.009702
  recon=0.0016  E_mu=0.2286  S2=0.044337  S3=0.006949
    F      Epoch 100/500: loss=0.059313
      Epoch 200/500: loss=0.014184
      Epoch 300/500: loss=0.013184
      Epoch 400/500: loss=0.013925
      Epoch 500/500: loss=0.013297
  recon=0.0130  E_mu=3.9998  S2=0.003456  S3=0.172514
    C      Epoch 100/500: loss=0.019407
      Epoch 200/500: loss=0.015388
      Epoch 300/500: loss=0.008195
      Epoch 400/500: loss=0.007560
      Epoch 500/500: loss=0.007358
  recon=0.0050  E_mu=2.1642  S2=0.110565  S3=0.086367
    T+F      Epoch 100/500: loss=0.099271
      Epoch 200/500: loss=0.020184
      Epoch 300/500: loss=0.016683
      Epoch 400/500: loss=0.006580
      Epoch 500/500: loss=0.008095
  recon=0.0011  E_mu=0.2166  S2=0.015941  S3=0.004500

============================================================
  quartic_dome | seed=6042 | rotation | D=11
============================================================
    ATLAS  recon=0.0057  tangent=0.1865  E_mu=0.7706  E_Sig=0.7557
    baseline      Epoch 100/500: loss=0.013494
      Epoch 200/500: loss=0.005313
      Epoch 300/500: loss=0.000883
      Epoch 400/500: loss=0.000555
      Epoch 500/500: loss=0.000510
  recon=0.0003  E_mu=0.8432  S2=0.049356  S3=0.043820
    T      Epoch 100/500: loss=0.037048
      Epoch 200/500: loss=0.018545
      Epoch 300/500: loss=0.010955
      Epoch 400/500: loss=0.008757
      Epoch 500/500: loss=0.008531
  recon=0.0009  E_mu=0.2118  S2=0.071443  S3=0.008162
    F      Epoch 100/500: loss=0.050094
      Epoch 200/500: loss=0.045401
      Epoch 300/500: loss=0.021846
      Epoch 400/500: loss=0.013013
      Epoch 500/500: loss=0.009725
  recon=0.0088  E_mu=3.5644  S2=0.004893  S3=0.144024
    C      Epoch 100/500: loss=0.020916
      Epoch 200/500: loss=0.010263
      Epoch 300/500: loss=0.008885
      Epoch 400/500: loss=0.007790
      Epoch 500/500: loss=0.005486
  recon=0.0039  E_mu=2.0643  S2=0.155223  S3=0.090809
    T+F      Epoch 100/500: loss=0.112581
      Epoch 200/500: loss=0.033044
      Epoch 300/500: loss=0.027872
      Epoch 400/500: loss=0.015047
      Epoch 500/500: loss=0.017725
  recon=0.0011  E_mu=0.2500  S2=0.023323  S3=0.012426

============================================================
  quartic_dome | seed=7042 | rotation | D=11
============================================================
    ATLAS  recon=0.0033  tangent=0.2117  E_mu=0.5749  E_Sig=0.5575
    baseline      Epoch 100/500: loss=0.011240
      Epoch 200/500: loss=0.003626
      Epoch 300/500: loss=0.000896
      Epoch 400/500: loss=0.001376
      Epoch 500/500: loss=0.000413
  recon=0.0005  E_mu=0.7563  S2=0.179550  S3=0.059236
    T      Epoch 100/500: loss=0.048479
      Epoch 200/500: loss=0.027840
      Epoch 300/500: loss=0.018017
      Epoch 400/500: loss=0.020254
      Epoch 500/500: loss=0.008805
  recon=0.0008  E_mu=0.1954  S2=0.140322  S3=0.004731
    F      Epoch 100/500: loss=0.045724
      Epoch 200/500: loss=0.039146
      Epoch 300/500: loss=0.016564
      Epoch 400/500: loss=0.011763
      Epoch 500/500: loss=0.007138
  recon=0.0066  E_mu=1.9052  S2=0.008802  S3=0.126858
    C      Epoch 100/500: loss=0.015080
      Epoch 200/500: loss=0.009271
      Epoch 300/500: loss=0.007694
      Epoch 400/500: loss=0.008391
      Epoch 500/500: loss=0.004123
  recon=0.0023  E_mu=1.0788  S2=0.353997  S3=0.117850
    T+F      Epoch 100/500: loss=0.112754
      Epoch 200/500: loss=0.049310
      Epoch 300/500: loss=0.025915
      Epoch 400/500: loss=0.014784
      Epoch 500/500: loss=0.009000
  recon=0.0004  E_mu=0.1688  S2=0.024623  S3=0.004567

============================================================
  quartic_dome | seed=8042 | rotation | D=11
============================================================
    ATLAS  recon=0.0068  tangent=0.1480  E_mu=0.5129  E_Sig=0.5303
    baseline      Epoch 100/500: loss=0.014574
      Epoch 200/500: loss=0.004939
      Epoch 300/500: loss=0.001847
      Epoch 400/500: loss=0.000535
      Epoch 500/500: loss=0.000407
  recon=0.0005  E_mu=1.3381  S2=0.045488  S3=0.033797
    T      Epoch 100/500: loss=0.039708
      Epoch 200/500: loss=0.015960
      Epoch 300/500: loss=0.018537
      Epoch 400/500: loss=0.006586
      Epoch 500/500: loss=0.005379
  recon=0.0003  E_mu=0.2951  S2=0.047272  S3=0.004359
    F      Epoch 100/500: loss=0.047137
      Epoch 200/500: loss=0.015525
      Epoch 300/500: loss=0.010984
      Epoch 400/500: loss=0.005827
      Epoch 500/500: loss=0.004981
  recon=0.0045  E_mu=2.2844  S2=0.010072  S3=0.099210
    C      Epoch 100/500: loss=0.019736
      Epoch 200/500: loss=0.013948
      Epoch 300/500: loss=0.007429
      Epoch 400/500: loss=0.006216
      Epoch 500/500: loss=0.005215
  recon=0.0040  E_mu=1.9475  S2=0.188391  S3=0.094444
    T+F      Epoch 100/500: loss=0.122297
      Epoch 200/500: loss=0.033860
      Epoch 300/500: loss=0.031680
      Epoch 400/500: loss=0.015954
      Epoch 500/500: loss=0.014839
  recon=0.0003  E_mu=0.2308  S2=0.025483  S3=0.008135

============================================================
  quartic_dome | seed=9042 | rotation | D=11
============================================================
    ATLAS  recon=0.0019  tangent=0.0855  E_mu=0.3528  E_Sig=0.3952
    baseline      Epoch 100/500: loss=0.013201
      Epoch 200/500: loss=0.005175
      Epoch 300/500: loss=0.001009
      Epoch 400/500: loss=0.000544
      Epoch 500/500: loss=0.000386
  recon=0.0004  E_mu=1.4169  S2=0.050459  S3=0.041483
    T      Epoch 100/500: loss=0.037295
      Epoch 200/500: loss=0.021557
      Epoch 300/500: loss=0.013741
      Epoch 400/500: loss=0.009224
      Epoch 500/500: loss=0.006183
  recon=0.0006  E_mu=0.3019  S2=0.114124  S3=0.003621
    F      Epoch 100/500: loss=0.084762
      Epoch 200/500: loss=0.026710
      Epoch 300/500: loss=0.013192
      Epoch 400/500: loss=0.007545
      Epoch 500/500: loss=0.006730
  recon=0.0059  E_mu=2.3703  S2=0.004116  S3=0.094052
    C      Epoch 100/500: loss=0.019998
      Epoch 200/500: loss=0.009491
      Epoch 300/500: loss=0.008298
      Epoch 400/500: loss=0.007156
      Epoch 500/500: loss=0.005213
  recon=0.0034  E_mu=1.5528  S2=0.121473  S3=0.071620
    T+F      Epoch 100/500: loss=0.082419
      Epoch 200/500: loss=0.048676
      Epoch 300/500: loss=0.027314
      Epoch 400/500: loss=0.013099
      Epoch 500/500: loss=0.013687
  recon=0.0009  E_mu=0.1955  S2=0.011678  S3=0.004601

============================================================
  sinusoidal | seed=42 | rotation | D=11
============================================================
    ATLAS  recon=0.0076  tangent=0.1269  E_mu=0.1341  E_Sig=0.4050
    baseline      Epoch 100/500: loss=0.006826
      Epoch 200/500: loss=0.002660
      Epoch 300/500: loss=0.001306
      Epoch 400/500: loss=0.000738
      Epoch 500/500: loss=0.000348
  recon=0.0004  E_mu=0.4358  S2=0.044930  S3=0.022295
    T      Epoch 100/500: loss=0.010478
      Epoch 200/500: loss=0.004364
      Epoch 300/500: loss=0.004286
      Epoch 400/500: loss=0.001164
      Epoch 500/500: loss=0.001290
  recon=0.0003  E_mu=0.0163  S2=0.082792  S3=0.001099
    F      Epoch 100/500: loss=0.087913
      Epoch 200/500: loss=0.006933
      Epoch 300/500: loss=0.006136
      Epoch 400/500: loss=0.005529
      Epoch 500/500: loss=0.004607
  recon=0.0037  E_mu=1.1894  S2=0.003187  S3=0.078088
    C      Epoch 100/500: loss=0.012406
      Epoch 200/500: loss=0.007977
      Epoch 300/500: loss=0.005204
      Epoch 400/500: loss=0.003426
      Epoch 500/500: loss=0.003051
  recon=0.0031  E_mu=0.7181  S2=0.113444  S3=0.048914
    T+F      Epoch 100/500: loss=0.018961
      Epoch 200/500: loss=0.006330
      Epoch 300/500: loss=0.003136
      Epoch 400/500: loss=0.001836
      Epoch 500/500: loss=0.001629
  recon=0.0001  E_mu=0.0204  S2=0.007898  S3=0.001877

============================================================
  sinusoidal | seed=1042 | rotation | D=11
============================================================
    ATLAS  recon=0.0129  tangent=0.2088  E_mu=0.1604  E_Sig=0.4934
    baseline      Epoch 100/500: loss=0.005285
      Epoch 200/500: loss=0.002382
      Epoch 300/500: loss=0.000796
      Epoch 400/500: loss=0.000528
      Epoch 500/500: loss=0.000288
  recon=0.0003  E_mu=0.6618  S2=0.023537  S3=0.021617
    T      Epoch 100/500: loss=0.007400
      Epoch 200/500: loss=0.003484
      Epoch 300/500: loss=0.002261
      Epoch 400/500: loss=0.000526
      Epoch 500/500: loss=0.001278
  recon=0.0005  E_mu=0.0127  S2=0.027585  S3=0.001472
    F      Epoch 100/500: loss=0.082664
      Epoch 200/500: loss=0.004901
      Epoch 300/500: loss=0.003934
      Epoch 400/500: loss=0.003321
      Epoch 500/500: loss=0.002535
  recon=0.0023  E_mu=1.4044  S2=0.002193  S3=0.066505
    C      Epoch 100/500: loss=0.009677
      Epoch 200/500: loss=0.006216
      Epoch 300/500: loss=0.004933
      Epoch 400/500: loss=0.004689
      Epoch 500/500: loss=0.003253
  recon=0.0020  E_mu=1.1775  S2=0.307781  S3=0.063333
    T+F      Epoch 100/500: loss=0.025281
      Epoch 200/500: loss=0.002696
      Epoch 300/500: loss=0.001197
      Epoch 400/500: loss=0.000903
      Epoch 500/500: loss=0.000758
  recon=0.0001  E_mu=0.0258  S2=0.003538  S3=0.001537

============================================================
  sinusoidal | seed=2042 | rotation | D=11
============================================================
    ATLAS  recon=0.0046  tangent=0.1277  E_mu=0.1478  E_Sig=0.3991
    baseline      Epoch 100/500: loss=0.006369
      Epoch 200/500: loss=0.002257
      Epoch 300/500: loss=0.001823
      Epoch 400/500: loss=0.000904
      Epoch 500/500: loss=0.000472
  recon=0.0006  E_mu=0.4199  S2=0.072470  S3=0.034994
    T      Epoch 100/500: loss=0.009392
      Epoch 200/500: loss=0.002030
      Epoch 300/500: loss=0.001423
      Epoch 400/500: loss=0.000780
      Epoch 500/500: loss=0.000400
  recon=0.0001  E_mu=0.0119  S2=0.071808  S3=0.000765
    F      Epoch 100/500: loss=0.056504
      Epoch 200/500: loss=0.006141
      Epoch 300/500: loss=0.005420
      Epoch 400/500: loss=0.002455
      Epoch 500/500: loss=0.004234
  recon=0.0022  E_mu=0.9396  S2=0.002494  S3=0.082709
    C      Epoch 100/500: loss=0.011185
      Epoch 200/500: loss=0.005906
      Epoch 300/500: loss=0.004213
      Epoch 400/500: loss=0.004394
      Epoch 500/500: loss=0.005200
  recon=0.0071  E_mu=1.0059  S2=0.181313  S3=0.088390
    T+F      Epoch 100/500: loss=0.021670
      Epoch 200/500: loss=0.006640
      Epoch 300/500: loss=0.004537
      Epoch 400/500: loss=0.002902
      Epoch 500/500: loss=0.001617
  recon=0.0003  E_mu=0.0282  S2=0.009843  S3=0.001770

============================================================
  sinusoidal | seed=3042 | rotation | D=11
============================================================
    ATLAS  recon=0.0033  tangent=0.1248  E_mu=0.1105  E_Sig=0.4071
    baseline      Epoch 100/500: loss=0.008561
      Epoch 200/500: loss=0.002878
      Epoch 300/500: loss=0.000864
      Epoch 400/500: loss=0.000394
      Epoch 500/500: loss=0.000355
  recon=0.0002  E_mu=0.2474  S2=0.029203  S3=0.023869
    T      Epoch 100/500: loss=0.011307
      Epoch 200/500: loss=0.001646
      Epoch 300/500: loss=0.001345
      Epoch 400/500: loss=0.000624
      Epoch 500/500: loss=0.000521
  recon=0.0001  E_mu=0.0080  S2=0.074263  S3=0.000887
    F      Epoch 100/500: loss=0.082098
      Epoch 200/500: loss=0.007744
      Epoch 300/500: loss=0.007410
      Epoch 400/500: loss=0.004300
      Epoch 500/500: loss=0.003293
  recon=0.0022  E_mu=0.7310  S2=0.003507  S3=0.072088
    C      Epoch 100/500: loss=0.012540
      Epoch 200/500: loss=0.005756
      Epoch 300/500: loss=0.004831
      Epoch 400/500: loss=0.003917
      Epoch 500/500: loss=0.003193
  recon=0.0014  E_mu=0.5073  S2=0.061159  S3=0.060614
    T+F      Epoch 100/500: loss=0.033897
      Epoch 200/500: loss=0.006540
      Epoch 300/500: loss=0.008276
      Epoch 400/500: loss=0.001679
      Epoch 500/500: loss=0.001354
  recon=0.0000  E_mu=0.0177  S2=0.024961  S3=0.001462

============================================================
  sinusoidal | seed=4042 | rotation | D=11
============================================================
    ATLAS  recon=0.0036  tangent=0.0967  E_mu=0.1736  E_Sig=0.4142
    baseline      Epoch 100/500: loss=0.007919
      Epoch 200/500: loss=0.001869
      Epoch 300/500: loss=0.000869
      Epoch 400/500: loss=0.000491
      Epoch 500/500: loss=0.000371
  recon=0.0004  E_mu=0.3249  S2=0.088957  S3=0.026829
    T      Epoch 100/500: loss=0.009654
      Epoch 200/500: loss=0.003088
      Epoch 300/500: loss=0.003132
      Epoch 400/500: loss=0.001222
      Epoch 500/500: loss=0.000793
  recon=0.0003  E_mu=0.0112  S2=0.124261  S3=0.001101
    F      Epoch 100/500: loss=0.030203
      Epoch 200/500: loss=0.006388
      Epoch 300/500: loss=0.004999
      Epoch 400/500: loss=0.002374
      Epoch 500/500: loss=0.002020
  recon=0.0016  E_mu=0.7411  S2=0.009936  S3=0.073700
    C      Epoch 100/500: loss=0.011837
      Epoch 200/500: loss=0.004826
      Epoch 300/500: loss=0.004855
      Epoch 400/500: loss=0.002940
      Epoch 500/500: loss=0.002607
  recon=0.0013  E_mu=0.7293  S2=0.027488  S3=0.067625
    T+F      Epoch 100/500: loss=0.045451
      Epoch 200/500: loss=0.007086
      Epoch 300/500: loss=0.013711
      Epoch 400/500: loss=0.002892
      Epoch 500/500: loss=0.000953
  recon=0.0000  E_mu=0.0117  S2=0.017755  S3=0.008053

============================================================
  sinusoidal | seed=5042 | rotation | D=11
============================================================
    ATLAS  recon=0.0037  tangent=0.1078  E_mu=0.1093  E_Sig=0.4060
    baseline      Epoch 100/500: loss=0.006505
      Epoch 200/500: loss=0.002205
      Epoch 300/500: loss=0.001286
      Epoch 400/500: loss=0.000879
      Epoch 500/500: loss=0.000480
  recon=0.0005  E_mu=0.3274  S2=0.040048  S3=0.025412
    T      Epoch 100/500: loss=0.010118
      Epoch 200/500: loss=0.005501
      Epoch 300/500: loss=0.002632
      Epoch 400/500: loss=0.001263
      Epoch 500/500: loss=0.002064
  recon=0.0010  E_mu=0.0232  S2=0.026732  S3=0.001728
    F      Epoch 100/500: loss=0.045476
      Epoch 200/500: loss=0.009138
      Epoch 300/500: loss=0.006672
      Epoch 400/500: loss=0.003276
      Epoch 500/500: loss=0.002431
  recon=0.0020  E_mu=1.0063  S2=0.002987  S3=0.077559
    C      Epoch 100/500: loss=0.011953
      Epoch 200/500: loss=0.006036
      Epoch 300/500: loss=0.004602
      Epoch 400/500: loss=0.003765
      Epoch 500/500: loss=0.003370
  recon=0.0020  E_mu=0.7448  S2=0.059024  S3=0.065585
    T+F      Epoch 100/500: loss=0.072262
      Epoch 200/500: loss=0.008090
      Epoch 300/500: loss=0.004070
      Epoch 400/500: loss=0.001782
      Epoch 500/500: loss=0.001179
  recon=0.0001  E_mu=0.0163  S2=0.012504  S3=0.001253

============================================================
  sinusoidal | seed=6042 | rotation | D=11
============================================================
    ATLAS  recon=0.0050  tangent=0.1578  E_mu=0.1670  E_Sig=0.4486
    baseline      Epoch 100/500: loss=0.008007
      Epoch 200/500: loss=0.002201
      Epoch 300/500: loss=0.000671
      Epoch 400/500: loss=0.000438
      Epoch 500/500: loss=0.000211
  recon=0.0002  E_mu=0.3211  S2=0.037265  S3=0.036048
    T      Epoch 100/500: loss=0.012152
      Epoch 200/500: loss=0.002290
      Epoch 300/500: loss=0.001588
      Epoch 400/500: loss=0.003432
      Epoch 500/500: loss=0.000718
  recon=0.0001  E_mu=0.0181  S2=0.052782  S3=0.001398
    F      Epoch 100/500: loss=0.045335
      Epoch 200/500: loss=0.034691
      Epoch 300/500: loss=0.005593
      Epoch 400/500: loss=0.004887
      Epoch 500/500: loss=0.002597
  recon=0.0024  E_mu=1.1215  S2=0.006599  S3=0.106456
    C      Epoch 100/500: loss=0.015122
      Epoch 200/500: loss=0.006250
      Epoch 300/500: loss=0.004675
      Epoch 400/500: loss=0.003268
      Epoch 500/500: loss=0.002410
  recon=0.0013  E_mu=0.5589  S2=0.064887  S3=0.066781
    T+F      Epoch 100/500: loss=0.040643
      Epoch 200/500: loss=0.008245
      Epoch 300/500: loss=0.005666
      Epoch 400/500: loss=0.002423
      Epoch 500/500: loss=0.001586
  recon=0.0000  E_mu=0.0227  S2=0.009461  S3=0.020835

============================================================
  sinusoidal | seed=7042 | rotation | D=11
============================================================
    ATLAS  recon=0.0027  tangent=0.1495  E_mu=0.1553  E_Sig=0.4662
    baseline      Epoch 100/500: loss=0.005588
      Epoch 200/500: loss=0.003804
      Epoch 300/500: loss=0.001814
      Epoch 400/500: loss=0.001139
      Epoch 500/500: loss=0.000478
  recon=0.0005  E_mu=0.2392  S2=0.043306  S3=0.048563
    T      Epoch 100/500: loss=0.015838
      Epoch 200/500: loss=0.004024
      Epoch 300/500: loss=0.002561
      Epoch 400/500: loss=0.001501
      Epoch 500/500: loss=0.001848
  recon=0.0002  E_mu=0.0125  S2=0.133514  S3=0.002019
    F      Epoch 100/500: loss=0.039819
      Epoch 200/500: loss=0.010669
      Epoch 300/500: loss=0.007270
      Epoch 400/500: loss=0.004580
      Epoch 500/500: loss=0.002868
  recon=0.0024  E_mu=0.6836  S2=0.004310  S3=0.121750
    C      Epoch 100/500: loss=0.009654
      Epoch 200/500: loss=0.006018
      Epoch 300/500: loss=0.004496
      Epoch 400/500: loss=0.003795
      Epoch 500/500: loss=0.003214
  recon=0.0019  E_mu=0.4260  S2=0.107546  S3=0.104574
    T+F      Epoch 100/500: loss=0.067836
      Epoch 200/500: loss=0.016306
      Epoch 300/500: loss=0.005102
      Epoch 400/500: loss=0.015424
      Epoch 500/500: loss=0.001920
  recon=0.0001  E_mu=0.0184  S2=0.025797  S3=0.002567

============================================================
  sinusoidal | seed=8042 | rotation | D=11
============================================================
    ATLAS  recon=0.0038  tangent=0.1222  E_mu=0.1436  E_Sig=0.3486
    baseline      Epoch 100/500: loss=0.011477
      Epoch 200/500: loss=0.002584
      Epoch 300/500: loss=0.000832
      Epoch 400/500: loss=0.000789
      Epoch 500/500: loss=0.000470
  recon=0.0004  E_mu=0.3898  S2=0.031632  S3=0.032138
    T      Epoch 100/500: loss=0.013079
      Epoch 200/500: loss=0.004301
      Epoch 300/500: loss=0.001654
      Epoch 400/500: loss=0.002414
      Epoch 500/500: loss=0.001226
  recon=0.0002  E_mu=0.0140  S2=0.029301  S3=0.017636
    F      Epoch 100/500: loss=0.052308
      Epoch 200/500: loss=0.019368
      Epoch 300/500: loss=0.006665
      Epoch 400/500: loss=0.003877
      Epoch 500/500: loss=0.003976
  recon=0.0031  E_mu=0.9661  S2=0.001810  S3=0.105404
    C      Epoch 100/500: loss=0.015117
      Epoch 200/500: loss=0.006086
      Epoch 300/500: loss=0.004356
      Epoch 400/500: loss=0.003808
      Epoch 500/500: loss=0.002769
  recon=0.0013  E_mu=0.5529  S2=0.035229  S3=0.054027
    T+F      Epoch 100/500: loss=0.039676
      Epoch 200/500: loss=0.015424
      Epoch 300/500: loss=0.004723
      Epoch 400/500: loss=0.001480
      Epoch 500/500: loss=0.002441
  recon=0.0002  E_mu=0.0175  S2=0.025765  S3=0.002590

============================================================
  sinusoidal | seed=9042 | rotation | D=11
============================================================
    ATLAS  recon=0.0015  tangent=0.0620  E_mu=0.0904  E_Sig=0.2383
    baseline      Epoch 100/500: loss=0.006961
      Epoch 200/500: loss=0.002159
      Epoch 300/500: loss=0.000690
      Epoch 400/500: loss=0.000472
      Epoch 500/500: loss=0.000425
  recon=0.0003  E_mu=0.3197  S2=0.032767  S3=0.026149
    T      Epoch 100/500: loss=0.009519
      Epoch 200/500: loss=0.003239
      Epoch 300/500: loss=0.001710
      Epoch 400/500: loss=0.001138
      Epoch 500/500: loss=0.000608
  recon=0.0001  E_mu=0.0153  S2=0.083614  S3=0.001581
    F      Epoch 100/500: loss=0.060892
      Epoch 200/500: loss=0.017283
      Epoch 300/500: loss=0.005599
      Epoch 400/500: loss=0.003522
      Epoch 500/500: loss=0.002977
  recon=0.0024  E_mu=0.8206  S2=0.006248  S3=0.098073
    C      Epoch 100/500: loss=0.011169
      Epoch 200/500: loss=0.005305
      Epoch 300/500: loss=0.004049
      Epoch 400/500: loss=0.003077
      Epoch 500/500: loss=0.003089
  recon=0.0017  E_mu=0.3954  S2=0.016382  S3=0.045305
    T+F      Epoch 100/500: loss=0.031618
      Epoch 200/500: loss=0.010593
      Epoch 300/500: loss=0.006036
      Epoch 400/500: loss=0.001609
      Epoch 500/500: loss=0.001241
  recon=0.0001  E_mu=0.0144  S2=0.011808  S3=0.001283


Total time: 61.0 min
Saved 240 rows to full_ablation_rotation_d11.csv

================================================================================
ABLATION SUMMARY (rotation, D=11)
================================================================================

  paraboloid:
          cond         recon       tangent          E_mu       E_Sigma       S2_loss
/network/rit/lab/Yelab/aeml/experiments/full_ablation.py:361: RuntimeWarning: Mean of empty slice
  f"{np.nanmean(s2):>5.6f}")
         ATLAS  0.0218±0.0089  0.2262±0.0331  0.1512±0.0287  1.0870±0.1750    nan
      baseline  0.0007±0.0004  0.0567±0.0221  0.9858±0.4776  1.1802±0.4103  0.359028
             T  0.0006±0.0002  0.0072±0.0075  0.0584±0.0246  0.0711±0.0195  0.279867
             F  0.0139±0.0037  0.6023±0.1173  6.0318±2.3356  24.5212±10.0037  0.022396
             C  0.0046±0.0019  0.3610±0.1424  2.4422±1.1362  9.1006±4.1409  0.734732
           T+F  0.0005±0.0004  0.0070±0.0038  0.1021±0.0406  0.1400±0.0686  0.058209

  hyperbolic_paraboloid:
          cond         recon       tangent          E_mu       E_Sigma       S2_loss
         ATLAS  0.0063±0.0041  0.2258±0.0459  0.1512±0.0255  0.9616±0.2032    nan
      baseline  0.0006±0.0004  0.0460±0.0257  0.6236±0.2653  0.8684±0.3928  0.170382
             T  0.0022±0.0042  0.0092±0.0138  0.7796±2.1801  0.2232±0.3762  0.205627
             F  0.0132±0.0054  0.5714±0.1986  1.8424±0.7002  29.2235±12.5048  0.013049
             C  0.0027±0.0026  0.1572±0.1196  1.5833±0.7458  4.6700±4.7918  0.621725
           T+F  0.0003±0.0003  0.0052±0.0037  0.0437±0.0176  0.0876±0.0418  0.063700

  quartic_dome:
          cond         recon       tangent          E_mu       E_Sigma       S2_loss
         ATLAS  0.0058±0.0034  0.1568±0.0428  0.5419±0.1407  0.5665±0.1112    nan
      baseline  0.0004±0.0001  0.0943±0.0156  1.1476±0.4041  0.7493±0.2002  0.062022
             T  0.0007±0.0004  0.0161±0.0063  0.2314±0.0517  0.1157±0.0560  0.079836
             F  0.0074±0.0023  0.4634±0.1069  3.1386±0.8946  7.0219±1.5782  0.004639
             C  0.0049±0.0025  0.3601±0.1443  2.3970±1.2493  5.1824±2.1676  0.158345
           T+F  0.0008±0.0003  0.0182±0.0051  0.2338±0.0475  0.1653±0.0460  0.019741

  sinusoidal:
          cond         recon       tangent          E_mu       E_Sigma       S2_loss
         ATLAS  0.0049±0.0031  0.1284±0.0370  0.1392±0.0262  0.4026±0.0667    nan
      baseline  0.0004±0.0001  0.0627±0.0232  0.3687±0.1154  0.5848±0.1174  0.044411
             T  0.0003±0.0003  0.0037±0.0054  0.0143±0.0040  0.0193±0.0130  0.070665
             F  0.0024±0.0006  0.2177±0.0313  0.9604±0.2180  3.6591±0.8910  0.004327
             C  0.0023±0.0017  0.1594±0.0517  0.6816±0.2383  2.4187±1.2421  0.097425
           T+F  0.0001±0.0001  0.0038±0.0049  0.0193±0.0048  0.0244±0.0122  0.014933
