Full ablation: mb dynamics, D=201
Surfaces: ['paraboloid', 'hyperbolic_paraboloid', 'quartic_dome', 'sinusoidal']
Conditions: ['baseline', 'T', 'F', 'C', 'T+F'] + ATLAS
Seeds (10): [42, 1042, 2042, 3042, 4042, 5042, 6042, 7042, 8042, 9042]
AE epochs: 4000, SDE epochs: 3000
N_train: 200

============================================================
  paraboloid | seed=42 | mb | D=201
============================================================
    ATLAS  recon=0.0000  tangent=0.0052  E_mu=0.9644  E_Sig=0.0006
    baseline      Epoch 800/4000: loss=0.000003
      Epoch 1600/4000: loss=0.000001
      Epoch 2400/4000: loss=0.000001
      Epoch 3200/4000: loss=0.000001
      Epoch 4000/4000: loss=0.000001
  recon=0.0000  E_mu=0.0179  S2=0.000053  S3=0.000000
    T      Epoch 800/4000: loss=0.000099
      Epoch 1600/4000: loss=0.000033
      Epoch 2400/4000: loss=0.000019
      Epoch 3200/4000: loss=0.000016
      Epoch 4000/4000: loss=0.000016
  recon=0.0000  E_mu=0.0002  S2=0.000022  S3=0.000000
    F      Epoch 800/4000: loss=0.001885
      Epoch 1600/4000: loss=0.001858
      Epoch 2400/4000: loss=0.001920
      Epoch 3200/4000: loss=0.001844
      Epoch 4000/4000: loss=0.001871
  recon=0.0019  E_mu=10.8140  S2=0.000409  S3=0.000011
    C      Epoch 800/4000: loss=0.001882
      Epoch 1600/4000: loss=0.001857
      Epoch 2400/4000: loss=0.001919
      Epoch 3200/4000: loss=0.001843
      Epoch 4000/4000: loss=0.001871
  recon=0.0019  E_mu=10.8068  S2=0.000000  S3=0.000011
    T+F      Epoch 800/4000: loss=0.000762
      Epoch 1600/4000: loss=0.000589
      Epoch 2400/4000: loss=0.000570
      Epoch 3200/4000: loss=0.000556
      Epoch 4000/4000: loss=0.000561
  recon=0.0000  E_mu=0.0026  S2=0.000227  S3=0.000000

============================================================
  paraboloid | seed=1042 | mb | D=201
============================================================
    ATLAS  recon=0.0000  tangent=0.0103  E_mu=0.6753  E_Sig=0.0006
    baseline      Epoch 800/4000: loss=0.000010
      Epoch 1600/4000: loss=0.000002
      Epoch 2400/4000: loss=0.000001
      Epoch 3200/4000: loss=0.000000
      Epoch 4000/4000: loss=0.000000
  recon=0.0000  E_mu=0.0083  S2=0.000018  S3=0.000000
    T      Epoch 800/4000: loss=0.000139
      Epoch 1600/4000: loss=0.000023
      Epoch 2400/4000: loss=0.000017
      Epoch 3200/4000: loss=0.000016
      Epoch 4000/4000: loss=0.000018
  recon=0.0000  E_mu=0.0001  S2=0.000428  S3=0.000000
    F      Epoch 800/4000: loss=0.001826
      Epoch 1600/4000: loss=0.001910
      Epoch 2400/4000: loss=0.001800
      Epoch 3200/4000: loss=0.001803
      Epoch 4000/4000: loss=0.001943
  recon=0.0018  E_mu=12.0324  S2=0.000047  S3=0.000011
    C      Epoch 800/4000: loss=0.001823
      Epoch 1600/4000: loss=0.001910
      Epoch 2400/4000: loss=0.001799
      Epoch 3200/4000: loss=0.001803
      Epoch 4000/4000: loss=0.001942
  recon=0.0018  E_mu=11.9007  S2=0.000000  S3=0.000011
    T+F      Epoch 800/4000: loss=0.000661
      Epoch 1600/4000: loss=0.000438
      Epoch 2400/4000: loss=0.000116
      Epoch 3200/4000: loss=0.000084
      Epoch 4000/4000: loss=0.000068
  recon=0.0000  E_mu=0.0003  S2=0.000014  S3=0.000000

============================================================
  paraboloid | seed=2042 | mb | D=201
============================================================
    ATLAS  recon=0.0000  tangent=0.0162  E_mu=0.6771  E_Sig=0.0008
    baseline      Epoch 800/4000: loss=0.000006
      Epoch 1600/4000: loss=0.000001
      Epoch 2400/4000: loss=0.000001
      Epoch 3200/4000: loss=0.000000
      Epoch 4000/4000: loss=0.000000
  recon=0.0000  E_mu=0.0043  S2=0.000043  S3=0.000000
    T      Epoch 800/4000: loss=0.000056
      Epoch 1600/4000: loss=0.000019
      Epoch 2400/4000: loss=0.000016
      Epoch 3200/4000: loss=0.000013
      Epoch 4000/4000: loss=0.000013
  recon=0.0000  E_mu=0.0001  S2=0.000016  S3=0.000000
    F      Epoch 800/4000: loss=0.001785
      Epoch 1600/4000: loss=0.001822
      Epoch 2400/4000: loss=0.001836
      Epoch 3200/4000: loss=0.001807
      Epoch 4000/4000: loss=0.001831
  recon=0.0018  E_mu=12.4020  S2=0.000082  S3=0.000011
    C      Epoch 800/4000: loss=0.001783
      Epoch 1600/4000: loss=0.001822
      Epoch 2400/4000: loss=0.001835
      Epoch 3200/4000: loss=0.001806
      Epoch 4000/4000: loss=0.001831
  recon=0.0018  E_mu=12.3886  S2=0.000000  S3=0.000011
    T+F      Epoch 800/4000: loss=0.000836
      Epoch 1600/4000: loss=0.000478
      Epoch 2400/4000: loss=0.000419
      Epoch 3200/4000: loss=0.000382
      Epoch 4000/4000: loss=0.000401
  recon=0.0000  E_mu=0.0019  S2=0.000029  S3=0.000000

============================================================
  paraboloid | seed=3042 | mb | D=201
============================================================
    ATLAS  recon=0.0000  tangent=0.0155  E_mu=0.6468  E_Sig=0.0007
    baseline      Epoch 800/4000: loss=0.000025
      Epoch 1600/4000: loss=0.000001
      Epoch 2400/4000: loss=0.000001
      Epoch 3200/4000: loss=0.000001
      Epoch 4000/4000: loss=0.000000
  recon=0.0000  E_mu=0.0095  S2=0.000027  S3=0.000000
    T      Epoch 800/4000: loss=0.000506
      Epoch 1600/4000: loss=0.000028
      Epoch 2400/4000: loss=0.000021
      Epoch 3200/4000: loss=0.000019
      Epoch 4000/4000: loss=0.000020
  recon=0.0000  E_mu=0.0001  S2=0.000023  S3=0.000000
    F      Epoch 800/4000: loss=0.001885
      Epoch 1600/4000: loss=0.001781
      Epoch 2400/4000: loss=0.001829
      Epoch 3200/4000: loss=0.001793
      Epoch 4000/4000: loss=0.001864
  recon=0.0018  E_mu=8.6611  S2=0.000071  S3=0.000011
    C      Epoch 800/4000: loss=0.001883
      Epoch 1600/4000: loss=0.001780
      Epoch 2400/4000: loss=0.001828
      Epoch 3200/4000: loss=0.001792
      Epoch 4000/4000: loss=0.001863
  recon=0.0018  E_mu=8.6535  S2=0.000000  S3=0.000011
    T+F      Epoch 800/4000: loss=0.001408
      Epoch 1600/4000: loss=0.000502
      Epoch 2400/4000: loss=0.000262
      Epoch 3200/4000: loss=0.000096
      Epoch 4000/4000: loss=0.000064
  recon=0.0000  E_mu=0.0002  S2=0.000016  S3=0.000000

============================================================
  paraboloid | seed=4042 | mb | D=201
============================================================
    ATLAS  recon=0.0001  tangent=0.0261  E_mu=0.7766  E_Sig=0.0006
    baseline      Epoch 800/4000: loss=0.000003
      Epoch 1600/4000: loss=0.000001
      Epoch 2400/4000: loss=0.000001
      Epoch 3200/4000: loss=0.000001
      Epoch 4000/4000: loss=0.000001
  recon=0.0000  E_mu=0.0156  S2=0.000121  S3=0.000000
    T      Epoch 800/4000: loss=0.000165
      Epoch 1600/4000: loss=0.000051
      Epoch 2400/4000: loss=0.000024
      Epoch 3200/4000: loss=0.000022
      Epoch 4000/4000: loss=0.000021
  recon=0.0000  E_mu=0.0002  S2=0.000029  S3=0.000000
    F      Epoch 800/4000: loss=0.001830
      Epoch 1600/4000: loss=0.001775
      Epoch 2400/4000: loss=0.001791
      Epoch 3200/4000: loss=0.001818
      Epoch 4000/4000: loss=0.001810
  recon=0.0018  E_mu=7.9820  S2=0.000096  S3=0.000011
    C      Epoch 800/4000: loss=0.001829
      Epoch 1600/4000: loss=0.001774
      Epoch 2400/4000: loss=0.001791
      Epoch 3200/4000: loss=0.001818
      Epoch 4000/4000: loss=0.001810
  recon=0.0018  E_mu=7.9669  S2=0.000000  S3=0.000011
    T+F      Epoch 800/4000: loss=0.000540
      Epoch 1600/4000: loss=0.000291
      Epoch 2400/4000: loss=0.000099
      Epoch 3200/4000: loss=0.000056
      Epoch 4000/4000: loss=0.000035
  recon=0.0000  E_mu=0.0002  S2=0.000052  S3=0.000000

============================================================
  paraboloid | seed=5042 | mb | D=201
============================================================
    ATLAS  recon=0.0000  tangent=0.0071  E_mu=0.8165  E_Sig=0.0009
    baseline      Epoch 800/4000: loss=0.000013
      Epoch 1600/4000: loss=0.000000
      Epoch 2400/4000: loss=0.000000
      Epoch 3200/4000: loss=0.000000
      Epoch 4000/4000: loss=0.000000
  recon=0.0000  E_mu=0.0053  S2=0.000015  S3=0.000000
    T      Epoch 800/4000: loss=0.000053
      Epoch 1600/4000: loss=0.000023
      Epoch 2400/4000: loss=0.000017
      Epoch 3200/4000: loss=0.000014
      Epoch 4000/4000: loss=0.000012
  recon=0.0000  E_mu=0.0001  S2=0.000009  S3=0.000000
    F      Epoch 800/4000: loss=0.001812
      Epoch 1600/4000: loss=0.001939
      Epoch 2400/4000: loss=0.001809
      Epoch 3200/4000: loss=0.001928
      Epoch 4000/4000: loss=0.001864
  recon=0.0018  E_mu=11.9590  S2=0.000179  S3=0.000011
    C      Epoch 800/4000: loss=0.001811
      Epoch 1600/4000: loss=0.001939
      Epoch 2400/4000: loss=0.001808
      Epoch 3200/4000: loss=0.001927
      Epoch 4000/4000: loss=0.001863
  recon=0.0018  E_mu=11.9573  S2=0.000000  S3=0.000011
    T+F      Epoch 800/4000: loss=0.000906
      Epoch 1600/4000: loss=0.000810
      Epoch 2400/4000: loss=0.000670
      Epoch 3200/4000: loss=0.000698
      Epoch 4000/4000: loss=0.000680
  recon=0.0000  E_mu=0.0033  S2=0.000032  S3=0.000000

============================================================
  paraboloid | seed=6042 | mb | D=201
============================================================
    ATLAS  recon=0.0001  tangent=0.0190  E_mu=0.7996  E_Sig=0.0007
    baseline      Epoch 800/4000: loss=0.000004
      Epoch 1600/4000: loss=0.000001
      Epoch 2400/4000: loss=0.000001
      Epoch 3200/4000: loss=0.000001
      Epoch 4000/4000: loss=0.000001
  recon=0.0000  E_mu=0.0245  S2=0.000058  S3=0.000000
    T      Epoch 800/4000: loss=0.000615
      Epoch 1600/4000: loss=0.000033
      Epoch 2400/4000: loss=0.000025
      Epoch 3200/4000: loss=0.000023
      Epoch 4000/4000: loss=0.000023
  recon=0.0000  E_mu=0.0002  S2=0.000014  S3=0.000000
    F      Epoch 800/4000: loss=0.001912
      Epoch 1600/4000: loss=0.001919
      Epoch 2400/4000: loss=0.001899
      Epoch 3200/4000: loss=0.001887
      Epoch 4000/4000: loss=0.001868
  recon=0.0019  E_mu=12.5365  S2=0.000254  S3=0.000011
    C      Epoch 800/4000: loss=0.001909
      Epoch 1600/4000: loss=0.001918
      Epoch 2400/4000: loss=0.001898
      Epoch 3200/4000: loss=0.001886
      Epoch 4000/4000: loss=0.001866
  recon=0.0019  E_mu=12.5349  S2=0.000000  S3=0.000011
    T+F      Epoch 800/4000: loss=0.000637
      Epoch 1600/4000: loss=0.000215
      Epoch 2400/4000: loss=0.000143
      Epoch 3200/4000: loss=0.000126
      Epoch 4000/4000: loss=0.000124
  recon=0.0000  E_mu=0.0005  S2=0.000117  S3=0.000000

============================================================
  paraboloid | seed=7042 | mb | D=201
============================================================
    ATLAS  recon=0.0000  tangent=0.0094  E_mu=1.1005  E_Sig=0.0007
    baseline      Epoch 800/4000: loss=0.000007
      Epoch 1600/4000: loss=0.000002
      Epoch 2400/4000: loss=0.000001
      Epoch 3200/4000: loss=0.000001
      Epoch 4000/4000: loss=0.000001
  recon=0.0000  E_mu=0.0225  S2=0.000057  S3=0.000000
    T      Epoch 800/4000: loss=0.000116
      Epoch 1600/4000: loss=0.000033
      Epoch 2400/4000: loss=0.000024
      Epoch 3200/4000: loss=0.000023
      Epoch 4000/4000: loss=0.000023
  recon=0.0000  E_mu=0.0001  S2=0.000020  S3=0.000000
    F      Epoch 800/4000: loss=0.001921
      Epoch 1600/4000: loss=0.001941
      Epoch 2400/4000: loss=0.001855
      Epoch 3200/4000: loss=0.001890
      Epoch 4000/4000: loss=0.001799
  recon=0.0019  E_mu=11.8750  S2=0.000202  S3=0.000011
    C      Epoch 800/4000: loss=0.001919
      Epoch 1600/4000: loss=0.001940
      Epoch 2400/4000: loss=0.001855
      Epoch 3200/4000: loss=0.001890
      Epoch 4000/4000: loss=0.001798
  recon=0.0019  E_mu=11.8682  S2=0.000000  S3=0.000011
    T+F      Epoch 800/4000: loss=0.000949
      Epoch 1600/4000: loss=0.000644
      Epoch 2400/4000: loss=0.000313
      Epoch 3200/4000: loss=0.000215
      Epoch 4000/4000: loss=0.000132
  recon=0.0000  E_mu=0.0006  S2=0.000261  S3=0.000000

============================================================
  paraboloid | seed=8042 | mb | D=201
============================================================
    ATLAS  recon=0.0001  tangent=0.0267  E_mu=0.6344  E_Sig=0.0007
    baseline      Epoch 800/4000: loss=0.000018
      Epoch 1600/4000: loss=0.000001
      Epoch 2400/4000: loss=0.000001
      Epoch 3200/4000: loss=0.000001
      Epoch 4000/4000: loss=0.000001
  recon=0.0000  E_mu=0.0126  S2=0.000011  S3=0.000000
    T      Epoch 800/4000: loss=0.001306
      Epoch 1600/4000: loss=0.000070
      Epoch 2400/4000: loss=0.000013
      Epoch 3200/4000: loss=0.000012
      Epoch 4000/4000: loss=0.000011
  recon=0.0000  E_mu=0.0001  S2=0.000014  S3=0.000000
    F      Epoch 800/4000: loss=0.001695
      Epoch 1600/4000: loss=0.001777
      Epoch 2400/4000: loss=0.001685
      Epoch 3200/4000: loss=0.001687
      Epoch 4000/4000: loss=0.001659
  recon=0.0017  E_mu=8.5125  S2=0.000115  S3=0.000010
    C      Epoch 800/4000: loss=0.001691
      Epoch 1600/4000: loss=0.001777
      Epoch 2400/4000: loss=0.001684
      Epoch 3200/4000: loss=0.001686
      Epoch 4000/4000: loss=0.001658
  recon=0.0017  E_mu=8.5124  S2=0.000000  S3=0.000010
    T+F      Epoch 800/4000: loss=0.000701
      Epoch 1600/4000: loss=0.000484
      Epoch 2400/4000: loss=0.000217
      Epoch 3200/4000: loss=0.000067
      Epoch 4000/4000: loss=0.000039
  recon=0.0000  E_mu=0.0001  S2=0.003726  S3=0.000000

============================================================
  paraboloid | seed=9042 | mb | D=201
============================================================
    ATLAS  recon=0.0000  tangent=0.0118  E_mu=0.7813  E_Sig=0.0006
    baseline      Epoch 800/4000: loss=0.000005
      Epoch 1600/4000: loss=0.000001
      Epoch 2400/4000: loss=0.000001
      Epoch 3200/4000: loss=0.000001
      Epoch 4000/4000: loss=0.000001
  recon=0.0000  E_mu=0.0192  S2=0.000019  S3=0.000000
    T      Epoch 800/4000: loss=0.000109
      Epoch 1600/4000: loss=0.000022
      Epoch 2400/4000: loss=0.000017
      Epoch 3200/4000: loss=0.000016
      Epoch 4000/4000: loss=0.000019
  recon=0.0000  E_mu=0.0001  S2=0.000023  S3=0.000000
    F      Epoch 800/4000: loss=0.001857
      Epoch 1600/4000: loss=0.001788
      Epoch 2400/4000: loss=0.001814
      Epoch 3200/4000: loss=0.001867
      Epoch 4000/4000: loss=0.001885
  recon=0.0018  E_mu=8.5061  S2=0.000106  S3=0.000011
    C      Epoch 800/4000: loss=0.001855
      Epoch 1600/4000: loss=0.001787
      Epoch 2400/4000: loss=0.001813
      Epoch 3200/4000: loss=0.001867
      Epoch 4000/4000: loss=0.001884
  recon=0.0018  E_mu=8.5030  S2=0.000000  S3=0.000011
    T+F      Epoch 800/4000: loss=0.000800
      Epoch 1600/4000: loss=0.000155
      Epoch 2400/4000: loss=0.000072
      Epoch 3200/4000: loss=0.000067
      Epoch 4000/4000: loss=0.000075
  recon=0.0000  E_mu=0.0003  S2=0.000041  S3=0.000000

============================================================
  hyperbolic_paraboloid | seed=42 | mb | D=201
============================================================
    ATLAS  recon=0.0000  tangent=0.0065  E_mu=0.8783  E_Sig=0.0006
    baseline      Epoch 800/4000: loss=0.000005
      Epoch 1600/4000: loss=0.000002
      Epoch 2400/4000: loss=0.000001
      Epoch 3200/4000: loss=0.000001
      Epoch 4000/4000: loss=0.000000
  recon=0.0000  E_mu=0.0129  S2=0.000040  S3=0.000000
    T      Epoch 800/4000: loss=0.000088
      Epoch 1600/4000: loss=0.000025
      Epoch 2400/4000: loss=0.000019
      Epoch 3200/4000: loss=0.000018
      Epoch 4000/4000: loss=0.000017
  recon=0.0000  E_mu=0.0002  S2=0.000049  S3=0.000000
    F      Epoch 800/4000: loss=0.001892
      Epoch 1600/4000: loss=0.001873
      Epoch 2400/4000: loss=0.001930
      Epoch 3200/4000: loss=0.001845
      Epoch 4000/4000: loss=0.001882
  recon=0.0019  E_mu=11.4171  S2=0.000111  S3=0.000011
    C      Epoch 800/4000: loss=0.001888
      Epoch 1600/4000: loss=0.001872
      Epoch 2400/4000: loss=0.001929
      Epoch 3200/4000: loss=0.001844
      Epoch 4000/4000: loss=0.001881
  recon=0.0019  E_mu=11.4162  S2=0.000000  S3=0.000011
    T+F      Epoch 800/4000: loss=0.000831
      Epoch 1600/4000: loss=0.000584
      Epoch 2400/4000: loss=0.000487
      Epoch 3200/4000: loss=0.000438
      Epoch 4000/4000: loss=0.000440
  recon=0.0000  E_mu=0.0017  S2=0.000047  S3=0.000000

============================================================
  hyperbolic_paraboloid | seed=1042 | mb | D=201
============================================================
    ATLAS  recon=0.0000  tangent=0.0124  E_mu=0.5375  E_Sig=0.0006
    baseline      Epoch 800/4000: loss=0.000005
      Epoch 1600/4000: loss=0.000003
      Epoch 2400/4000: loss=0.000003
      Epoch 3200/4000: loss=0.000003
      Epoch 4000/4000: loss=0.000003
  recon=0.0000  E_mu=0.0506  S2=0.000025  S3=0.000000
    T      Epoch 800/4000: loss=0.000229
      Epoch 1600/4000: loss=0.000055
      Epoch 2400/4000: loss=0.000037
      Epoch 3200/4000: loss=0.000035
      Epoch 4000/4000: loss=0.000038
  recon=0.0000  E_mu=0.0003  S2=0.000006  S3=0.000000
    F      Epoch 800/4000: loss=0.001845
      Epoch 1600/4000: loss=0.001901
      Epoch 2400/4000: loss=0.001771
      Epoch 3200/4000: loss=0.001780
      Epoch 4000/4000: loss=0.001913
  recon=0.0018  E_mu=12.4376  S2=0.005743  S3=0.000011
    C      Epoch 800/4000: loss=0.001842
      Epoch 1600/4000: loss=0.001925
      Epoch 2400/4000: loss=0.001812
      Epoch 3200/4000: loss=0.001823
      Epoch 4000/4000: loss=0.001957
  recon=0.0019  E_mu=12.6109  S2=0.000000  S3=0.000011
    T+F      Epoch 800/4000: loss=0.000860
      Epoch 1600/4000: loss=0.000648
      Epoch 2400/4000: loss=0.000244
      Epoch 3200/4000: loss=0.000171
      Epoch 4000/4000: loss=0.000171
  recon=0.0000  E_mu=0.0006  S2=0.000029  S3=0.000000

============================================================
  hyperbolic_paraboloid | seed=2042 | mb | D=201
============================================================
    ATLAS  recon=0.0000  tangent=0.0182  E_mu=0.6400  E_Sig=0.0008
    baseline      Epoch 800/4000: loss=0.000007
      Epoch 1600/4000: loss=0.000002
      Epoch 2400/4000: loss=0.000001
      Epoch 3200/4000: loss=0.000001
      Epoch 4000/4000: loss=0.000001
  recon=0.0000  E_mu=0.0127  S2=0.000021  S3=0.000000
    T      Epoch 800/4000: loss=0.000145
      Epoch 1600/4000: loss=0.000053
      Epoch 2400/4000: loss=0.000033
      Epoch 3200/4000: loss=0.000017
      Epoch 4000/4000: loss=0.000017
  recon=0.0000  E_mu=0.0001  S2=0.000014  S3=0.000000
    F      Epoch 800/4000: loss=0.001781
      Epoch 1600/4000: loss=0.001821
      Epoch 2400/4000: loss=0.001829
      Epoch 3200/4000: loss=0.001796
      Epoch 4000/4000: loss=0.001820
  recon=0.0018  E_mu=12.7176  S2=0.000023  S3=0.000011
    C      Epoch 800/4000: loss=0.001778
      Epoch 1600/4000: loss=0.001821
      Epoch 2400/4000: loss=0.001828
      Epoch 3200/4000: loss=0.001796
      Epoch 4000/4000: loss=0.001819
  recon=0.0018  E_mu=12.6306  S2=0.000000  S3=0.000011
    T+F      Epoch 800/4000: loss=0.001381
      Epoch 1600/4000: loss=0.000228
      Epoch 2400/4000: loss=0.000155
      Epoch 3200/4000: loss=0.000115
      Epoch 4000/4000: loss=0.000117
  recon=0.0000  E_mu=0.0006  S2=0.000017  S3=0.000000

============================================================
  hyperbolic_paraboloid | seed=3042 | mb | D=201
============================================================
    ATLAS  recon=0.0000  tangent=0.0176  E_mu=0.6641  E_Sig=0.0007
    baseline      Epoch 800/4000: loss=0.000008
      Epoch 1600/4000: loss=0.000003
      Epoch 2400/4000: loss=0.000001
      Epoch 3200/4000: loss=0.000001
      Epoch 4000/4000: loss=0.000001
  recon=0.0000  E_mu=0.0121  S2=0.000028  S3=0.000000
    T      Epoch 800/4000: loss=0.000191
      Epoch 1600/4000: loss=0.000097
      Epoch 2400/4000: loss=0.000036
      Epoch 3200/4000: loss=0.000028
      Epoch 4000/4000: loss=0.000029
  recon=0.0000  E_mu=0.0002  S2=0.000011  S3=0.000000
    F      Epoch 800/4000: loss=0.001893
      Epoch 1600/4000: loss=0.001779
      Epoch 2400/4000: loss=0.001836
      Epoch 3200/4000: loss=0.001788
      Epoch 4000/4000: loss=0.001867
  recon=0.0018  E_mu=8.9479  S2=0.000013  S3=0.000011
    C      Epoch 800/4000: loss=0.001890
      Epoch 1600/4000: loss=0.001779
      Epoch 2400/4000: loss=0.001836
      Epoch 3200/4000: loss=0.001788
      Epoch 4000/4000: loss=0.001866
  recon=0.0018  E_mu=8.9223  S2=0.000000  S3=0.000011
    T+F      Epoch 800/4000: loss=0.000810
      Epoch 1600/4000: loss=0.000302
      Epoch 2400/4000: loss=0.000064
      Epoch 3200/4000: loss=0.000041
      Epoch 4000/4000: loss=0.000041
  recon=0.0000  E_mu=0.0002  S2=0.000032  S3=0.000000

============================================================
  hyperbolic_paraboloid | seed=4042 | mb | D=201
============================================================
    ATLAS  recon=0.0000  tangent=0.0294  E_mu=0.6043  E_Sig=0.0006
    baseline      Epoch 800/4000: loss=0.000011
      Epoch 1600/4000: loss=0.000002
      Epoch 2400/4000: loss=0.000002
      Epoch 3200/4000: loss=0.000002
      Epoch 4000/4000: loss=0.000002
  recon=0.0000  E_mu=0.0229  S2=0.000129  S3=0.000000
    T      Epoch 800/4000: loss=0.000144
      Epoch 1600/4000: loss=0.000039
      Epoch 2400/4000: loss=0.000020
      Epoch 3200/4000: loss=0.000019
      Epoch 4000/4000: loss=0.000017
  recon=0.0000  E_mu=0.0002  S2=0.000010  S3=0.000000
    F      Epoch 800/4000: loss=0.001830
      Epoch 1600/4000: loss=0.001781
      Epoch 2400/4000: loss=0.001798
      Epoch 3200/4000: loss=0.001822
      Epoch 4000/4000: loss=0.001817
  recon=0.0018  E_mu=7.8294  S2=0.000055  S3=0.000011
    C      Epoch 800/4000: loss=0.001829
      Epoch 1600/4000: loss=0.001780
      Epoch 2400/4000: loss=0.001798
      Epoch 3200/4000: loss=0.001821
      Epoch 4000/4000: loss=0.001817
  recon=0.0018  E_mu=7.8114  S2=0.000000  S3=0.000011
    T+F      Epoch 800/4000: loss=0.000609
      Epoch 1600/4000: loss=0.000147
      Epoch 2400/4000: loss=0.000082
      Epoch 3200/4000: loss=0.000037
      Epoch 4000/4000: loss=0.000034
  recon=0.0000  E_mu=0.0002  S2=0.000012  S3=0.000000

============================================================
  hyperbolic_paraboloid | seed=5042 | mb | D=201
============================================================
    ATLAS  recon=0.0000  tangent=0.0085  E_mu=0.7166  E_Sig=0.0009
    baseline      Epoch 800/4000: loss=0.000005
      Epoch 1600/4000: loss=0.000004
      Epoch 2400/4000: loss=0.000003
      Epoch 3200/4000: loss=0.000004
      Epoch 4000/4000: loss=0.000004
  recon=0.0000  E_mu=0.0578  S2=0.000021  S3=0.000000
    T      Epoch 800/4000: loss=0.000133
      Epoch 1600/4000: loss=0.000130
      Epoch 2400/4000: loss=0.000025
      Epoch 3200/4000: loss=0.000022
      Epoch 4000/4000: loss=0.000018
  recon=0.0000  E_mu=0.0002  S2=0.000016  S3=0.000000
    F      Epoch 800/4000: loss=0.001834
      Epoch 1600/4000: loss=0.001955
      Epoch 2400/4000: loss=0.001822
      Epoch 3200/4000: loss=0.001937
      Epoch 4000/4000: loss=0.001879
  recon=0.0019  E_mu=12.5463  S2=0.000039  S3=0.000011
    C      Epoch 800/4000: loss=0.001833
      Epoch 1600/4000: loss=0.001955
      Epoch 2400/4000: loss=0.001821
      Epoch 3200/4000: loss=0.001937
      Epoch 4000/4000: loss=0.001879
  recon=0.0019  E_mu=12.5398  S2=0.000000  S3=0.000011
    T+F      Epoch 800/4000: loss=0.000149
      Epoch 1600/4000: loss=0.000077
      Epoch 2400/4000: loss=0.000039
      Epoch 3200/4000: loss=0.000027
      Epoch 4000/4000: loss=0.000023
  recon=0.0000  E_mu=0.0002  S2=0.000011  S3=0.000000

============================================================
  hyperbolic_paraboloid | seed=6042 | mb | D=201
============================================================
    ATLAS  recon=0.0000  tangent=0.0214  E_mu=0.6296  E_Sig=0.0007
    baseline      Epoch 800/4000: loss=0.000007
      Epoch 1600/4000: loss=0.000003
      Epoch 2400/4000: loss=0.000001
      Epoch 3200/4000: loss=0.000001
      Epoch 4000/4000: loss=0.000001
  recon=0.0000  E_mu=0.0176  S2=0.000034  S3=0.000000
    T      Epoch 800/4000: loss=0.000146
      Epoch 1600/4000: loss=0.000031
      Epoch 2400/4000: loss=0.000020
      Epoch 3200/4000: loss=0.000018
      Epoch 4000/4000: loss=0.000018
  recon=0.0000  E_mu=0.0001  S2=0.000015  S3=0.000000
    F      Epoch 800/4000: loss=0.001917
      Epoch 1600/4000: loss=0.001922
      Epoch 2400/4000: loss=0.001899
      Epoch 3200/4000: loss=0.001883
      Epoch 4000/4000: loss=0.001872
  recon=0.0019  E_mu=12.8180  S2=0.000012  S3=0.000011
    C      Epoch 800/4000: loss=0.001915
      Epoch 1600/4000: loss=0.001922
      Epoch 2400/4000: loss=0.001898
      Epoch 3200/4000: loss=0.001882
      Epoch 4000/4000: loss=0.001872
  recon=0.0019  E_mu=12.8159  S2=0.000000  S3=0.000011
    T+F      Epoch 800/4000: loss=0.002705
      Epoch 1600/4000: loss=0.000136
      Epoch 2400/4000: loss=0.000093
      Epoch 3200/4000: loss=0.000054
      Epoch 4000/4000: loss=0.000031
  recon=0.0000  E_mu=0.0002  S2=0.000052  S3=0.000000

============================================================
  hyperbolic_paraboloid | seed=7042 | mb | D=201
============================================================
    ATLAS  recon=0.0000  tangent=0.0110  E_mu=0.8808  E_Sig=0.0008
    baseline      Epoch 800/4000: loss=0.000008
      Epoch 1600/4000: loss=0.000004
      Epoch 2400/4000: loss=0.000002
      Epoch 3200/4000: loss=0.000002
      Epoch 4000/4000: loss=0.000002
  recon=0.0000  E_mu=0.0424  S2=0.000029  S3=0.000000
    T      Epoch 800/4000: loss=0.000264
      Epoch 1600/4000: loss=0.000054
      Epoch 2400/4000: loss=0.000031
      Epoch 3200/4000: loss=0.000030
      Epoch 4000/4000: loss=0.000030
  recon=0.0000  E_mu=0.0002  S2=0.000051  S3=0.000000
    F      Epoch 800/4000: loss=0.001897
      Epoch 1600/4000: loss=0.001913
      Epoch 2400/4000: loss=0.001833
      Epoch 3200/4000: loss=0.001864
      Epoch 4000/4000: loss=0.001771
  recon=0.0019  E_mu=13.9736  S2=0.000063  S3=0.000011
    C      Epoch 800/4000: loss=0.001893
      Epoch 1600/4000: loss=0.001912
      Epoch 2400/4000: loss=0.001832
      Epoch 3200/4000: loss=0.001864
      Epoch 4000/4000: loss=0.001770
  recon=0.0019  E_mu=13.9652  S2=0.000000  S3=0.000011
    T+F      Epoch 800/4000: loss=0.000701
      Epoch 1600/4000: loss=0.000242
      Epoch 2400/4000: loss=0.000103
      Epoch 3200/4000: loss=0.000097
      Epoch 4000/4000: loss=0.000092
  recon=0.0000  E_mu=0.0004  S2=0.000188  S3=0.000000

============================================================
  hyperbolic_paraboloid | seed=8042 | mb | D=201
============================================================
    ATLAS  recon=0.0000  tangent=0.0298  E_mu=0.4547  E_Sig=0.0008
    baseline      Epoch 800/4000: loss=0.000009
      Epoch 1600/4000: loss=0.000001
      Epoch 2400/4000: loss=0.000001
      Epoch 3200/4000: loss=0.000001
      Epoch 4000/4000: loss=0.000001
  recon=0.0000  E_mu=0.0146  S2=0.000009  S3=0.000000
    T      Epoch 800/4000: loss=0.007323
      Epoch 1600/4000: loss=0.000083
      Epoch 2400/4000: loss=0.000022
      Epoch 3200/4000: loss=0.000016
      Epoch 4000/4000: loss=0.000014
  recon=0.0000  E_mu=0.0002  S2=0.003656  S3=0.000000
    F      Epoch 800/4000: loss=0.001691
      Epoch 1600/4000: loss=0.001775
      Epoch 2400/4000: loss=0.001680
      Epoch 3200/4000: loss=0.001665
      Epoch 4000/4000: loss=0.001655
  recon=0.0017  E_mu=9.4227  S2=0.000117  S3=0.000010
    C      Epoch 800/4000: loss=0.001690
      Epoch 1600/4000: loss=0.001776
      Epoch 2400/4000: loss=0.001681
      Epoch 3200/4000: loss=0.001666
      Epoch 4000/4000: loss=0.001656
  recon=0.0017  E_mu=9.4329  S2=0.000000  S3=0.000010
    T+F      Epoch 800/4000: loss=0.000633
      Epoch 1600/4000: loss=0.000522
      Epoch 2400/4000: loss=0.000403
      Epoch 3200/4000: loss=0.000432
      Epoch 4000/4000: loss=0.000408
  recon=0.0000  E_mu=0.0016  S2=0.000011  S3=0.000000

============================================================
  hyperbolic_paraboloid | seed=9042 | mb | D=201
============================================================
    ATLAS  recon=0.0000  tangent=0.0139  E_mu=0.6066  E_Sig=0.0006
    baseline      Epoch 800/4000: loss=0.000006
      Epoch 1600/4000: loss=0.000002
      Epoch 2400/4000: loss=0.000001
      Epoch 3200/4000: loss=0.000001
      Epoch 4000/4000: loss=0.000001
  recon=0.0000  E_mu=0.0179  S2=0.000012  S3=0.000000
    T      Epoch 800/4000: loss=0.000200
      Epoch 1600/4000: loss=0.000084
      Epoch 2400/4000: loss=0.000035
      Epoch 3200/4000: loss=0.000032
      Epoch 4000/4000: loss=0.000030
  recon=0.0000  E_mu=0.0001  S2=0.000014  S3=0.000000
    F      Epoch 800/4000: loss=0.001846
      Epoch 1600/4000: loss=0.001771
      Epoch 2400/4000: loss=0.001803
      Epoch 3200/4000: loss=0.001855
      Epoch 4000/4000: loss=0.001861
  recon=0.0018  E_mu=9.0818  S2=0.000009  S3=0.000011
    C      Epoch 800/4000: loss=0.001843
      Epoch 1600/4000: loss=0.001771
      Epoch 2400/4000: loss=0.001802
      Epoch 3200/4000: loss=0.001854
      Epoch 4000/4000: loss=0.001861
  recon=0.0018  E_mu=9.0805  S2=0.000000  S3=0.000011
    T+F      Epoch 800/4000: loss=0.000841
      Epoch 1600/4000: loss=0.000368
      Epoch 2400/4000: loss=0.000157
      Epoch 3200/4000: loss=0.000130
      Epoch 4000/4000: loss=0.000145
  recon=0.0000  E_mu=0.0005  S2=0.000020  S3=0.000000

============================================================
  quartic_dome | seed=42 | mb | D=201
============================================================
    ATLAS  recon=0.0000  tangent=0.0064  E_mu=0.9055  E_Sig=0.0005
    baseline      Epoch 800/4000: loss=0.000004
      Epoch 1600/4000: loss=0.000001
      Epoch 2400/4000: loss=0.000001
      Epoch 3200/4000: loss=0.000001
      Epoch 4000/4000: loss=0.000000
  recon=0.0000  E_mu=0.0105  S2=0.000060  S3=0.000000
    T      Epoch 800/4000: loss=0.000660
      Epoch 1600/4000: loss=0.000038
      Epoch 2400/4000: loss=0.000016
      Epoch 3200/4000: loss=0.000016
      Epoch 4000/4000: loss=0.000015
  recon=0.0000  E_mu=0.0002  S2=0.000022  S3=0.000000
    F      Epoch 800/4000: loss=0.001866
      Epoch 1600/4000: loss=0.001838
      Epoch 2400/4000: loss=0.001900
      Epoch 3200/4000: loss=0.001823
      Epoch 4000/4000: loss=0.001852
  recon=0.0019  E_mu=10.3274  S2=0.000308  S3=0.000009
    C      Epoch 800/4000: loss=0.001861
      Epoch 1600/4000: loss=0.001837
      Epoch 2400/4000: loss=0.001898
      Epoch 3200/4000: loss=0.001822
      Epoch 4000/4000: loss=0.001850
  recon=0.0019  E_mu=10.3218  S2=0.000000  S3=0.000009
    T+F      Epoch 800/4000: loss=0.000767
      Epoch 1600/4000: loss=0.000429
      Epoch 2400/4000: loss=0.000081
      Epoch 3200/4000: loss=0.000066
      Epoch 4000/4000: loss=0.000045
  recon=0.0000  E_mu=0.0004  S2=0.000032  S3=0.000000

============================================================
  quartic_dome | seed=1042 | mb | D=201
============================================================
    ATLAS  recon=0.0000  tangent=0.0116  E_mu=0.5574  E_Sig=0.0005
    baseline      Epoch 800/4000: loss=0.000010
      Epoch 1600/4000: loss=0.000002
      Epoch 2400/4000: loss=0.000001
      Epoch 3200/4000: loss=0.000000
      Epoch 4000/4000: loss=0.000000
  recon=0.0000  E_mu=0.0099  S2=0.000012  S3=0.000000
    T      Epoch 800/4000: loss=0.000124
      Epoch 1600/4000: loss=0.000033
      Epoch 2400/4000: loss=0.000025
      Epoch 3200/4000: loss=0.000024
      Epoch 4000/4000: loss=0.000027
  recon=0.0000  E_mu=0.0003  S2=0.000006  S3=0.000000
    F      Epoch 800/4000: loss=0.001808
      Epoch 1600/4000: loss=0.001891
      Epoch 2400/4000: loss=0.001781
      Epoch 3200/4000: loss=0.001785
      Epoch 4000/4000: loss=0.001922
  recon=0.0018  E_mu=11.9220  S2=0.000018  S3=0.000009
    C      Epoch 800/4000: loss=0.001804
      Epoch 1600/4000: loss=0.001891
      Epoch 2400/4000: loss=0.001781
      Epoch 3200/4000: loss=0.001785
      Epoch 4000/4000: loss=0.001921
  recon=0.0018  E_mu=11.8157  S2=0.000000  S3=0.000009
    T+F      Epoch 800/4000: loss=0.000816
      Epoch 1600/4000: loss=0.000641
      Epoch 2400/4000: loss=0.000359
      Epoch 3200/4000: loss=0.000263
      Epoch 4000/4000: loss=0.000208
  recon=0.0000  E_mu=0.0010  S2=0.000009  S3=0.000000

============================================================
  quartic_dome | seed=2042 | mb | D=201
============================================================
    ATLAS  recon=0.0000  tangent=0.0165  E_mu=0.6034  E_Sig=0.0006
    baseline      Epoch 800/4000: loss=0.000002
      Epoch 1600/4000: loss=0.000001
      Epoch 2400/4000: loss=0.000001
      Epoch 3200/4000: loss=0.000000
      Epoch 4000/4000: loss=0.000000
  recon=0.0000  E_mu=0.0111  S2=0.000027  S3=0.000000
    T      Epoch 800/4000: loss=0.000128
      Epoch 1600/4000: loss=0.000039
      Epoch 2400/4000: loss=0.000032
      Epoch 3200/4000: loss=0.000028
      Epoch 4000/4000: loss=0.000029
  recon=0.0000  E_mu=0.0003  S2=0.000009  S3=0.000000
    F      Epoch 800/4000: loss=0.001769
      Epoch 1600/4000: loss=0.001806
      Epoch 2400/4000: loss=0.001817
      Epoch 3200/4000: loss=0.001790
      Epoch 4000/4000: loss=0.001813
  recon=0.0018  E_mu=12.2829  S2=0.000049  S3=0.000009
    C      Epoch 800/4000: loss=0.001765
      Epoch 1600/4000: loss=0.001804
      Epoch 2400/4000: loss=0.001815
      Epoch 3200/4000: loss=0.001788
      Epoch 4000/4000: loss=0.001811
  recon=0.0018  E_mu=12.2756  S2=0.000000  S3=0.000009
    T+F      Epoch 800/4000: loss=0.000831
      Epoch 1600/4000: loss=0.000540
      Epoch 2400/4000: loss=0.000346
      Epoch 3200/4000: loss=0.000206
      Epoch 4000/4000: loss=0.000185
  recon=0.0000  E_mu=0.0008  S2=0.000008  S3=0.000000

============================================================
  quartic_dome | seed=3042 | mb | D=201
============================================================
    ATLAS  recon=0.0000  tangent=0.0166  E_mu=0.6305  E_Sig=0.0006
    baseline      Epoch 800/4000: loss=0.000006
      Epoch 1600/4000: loss=0.000001
      Epoch 2400/4000: loss=0.000001
      Epoch 3200/4000: loss=0.000000
      Epoch 4000/4000: loss=0.000000
  recon=0.0000  E_mu=0.0078  S2=0.000050  S3=0.000000
    T      Epoch 800/4000: loss=0.000163
      Epoch 1600/4000: loss=0.000027
      Epoch 2400/4000: loss=0.000023
      Epoch 3200/4000: loss=0.000022
      Epoch 4000/4000: loss=0.000023
  recon=0.0000  E_mu=0.0002  S2=0.000005  S3=0.000000
    F      Epoch 800/4000: loss=0.001867
      Epoch 1600/4000: loss=0.001761
      Epoch 2400/4000: loss=0.001810
      Epoch 3200/4000: loss=0.001773
      Epoch 4000/4000: loss=0.001844
  recon=0.0018  E_mu=8.4505  S2=0.000043  S3=0.000009
    C      Epoch 800/4000: loss=0.001864
      Epoch 1600/4000: loss=0.001760
      Epoch 2400/4000: loss=0.001809
      Epoch 3200/4000: loss=0.001772
      Epoch 4000/4000: loss=0.001843
  recon=0.0018  E_mu=8.4464  S2=0.000000  S3=0.000009
    T+F      Epoch 800/4000: loss=0.000868
      Epoch 1600/4000: loss=0.000492
      Epoch 2400/4000: loss=0.000406
      Epoch 3200/4000: loss=0.000330
      Epoch 4000/4000: loss=0.000338
  recon=0.0000  E_mu=0.0011  S2=0.000032  S3=0.000000

============================================================
  quartic_dome | seed=4042 | mb | D=201
============================================================
    ATLAS  recon=0.0001  tangent=0.0262  E_mu=0.6864  E_Sig=0.0005
    baseline      Epoch 800/4000: loss=0.000003
      Epoch 1600/4000: loss=0.000001
      Epoch 2400/4000: loss=0.000001
      Epoch 3200/4000: loss=0.000001
      Epoch 4000/4000: loss=0.000001
  recon=0.0000  E_mu=0.0124  S2=0.000066  S3=0.000000
    T      Epoch 800/4000: loss=0.000473
      Epoch 1600/4000: loss=0.000022
      Epoch 2400/4000: loss=0.000017
      Epoch 3200/4000: loss=0.000017
      Epoch 4000/4000: loss=0.000016
  recon=0.0000  E_mu=0.0002  S2=0.000017  S3=0.000000
    F      Epoch 800/4000: loss=0.001815
      Epoch 1600/4000: loss=0.001759
      Epoch 2400/4000: loss=0.001775
      Epoch 3200/4000: loss=0.001803
      Epoch 4000/4000: loss=0.001795
  recon=0.0018  E_mu=7.8131  S2=0.000171  S3=0.000009
    C      Epoch 800/4000: loss=0.001813
      Epoch 1600/4000: loss=0.001757
      Epoch 2400/4000: loss=0.001774
      Epoch 3200/4000: loss=0.001802
      Epoch 4000/4000: loss=0.001793
  recon=0.0018  E_mu=7.8009  S2=0.000000  S3=0.000009
    T+F      Epoch 800/4000: loss=0.000553
      Epoch 1600/4000: loss=0.000350
      Epoch 2400/4000: loss=0.000311
      Epoch 3200/4000: loss=0.000296
      Epoch 4000/4000: loss=0.000300
  recon=0.0000  E_mu=0.0011  S2=0.000036  S3=0.000000

============================================================
  quartic_dome | seed=5042 | mb | D=201
============================================================
    ATLAS  recon=0.0000  tangent=0.0081  E_mu=0.7517  E_Sig=0.0007
    baseline      Epoch 800/4000: loss=0.000011
      Epoch 1600/4000: loss=0.000001
      Epoch 2400/4000: loss=0.000001
      Epoch 3200/4000: loss=0.000001
      Epoch 4000/4000: loss=0.000000
  recon=0.0000  E_mu=0.0119  S2=0.000018  S3=0.000000
    T      Epoch 800/4000: loss=0.000428
      Epoch 1600/4000: loss=0.000048
      Epoch 2400/4000: loss=0.000028
      Epoch 3200/4000: loss=0.000029
      Epoch 4000/4000: loss=0.000027
  recon=0.0000  E_mu=0.0003  S2=0.000011  S3=0.000000
    F      Epoch 800/4000: loss=0.001802
      Epoch 1600/4000: loss=0.001922
      Epoch 2400/4000: loss=0.001792
      Epoch 3200/4000: loss=0.001909
      Epoch 4000/4000: loss=0.001847
  recon=0.0018  E_mu=11.9473  S2=0.000138  S3=0.000009
    C      Epoch 800/4000: loss=0.001793
      Epoch 1600/4000: loss=0.001919
      Epoch 2400/4000: loss=0.001791
      Epoch 3200/4000: loss=0.001907
      Epoch 4000/4000: loss=0.001845
  recon=0.0018  E_mu=11.9426  S2=0.000000  S3=0.000009
    T+F      Epoch 800/4000: loss=0.000847
      Epoch 1600/4000: loss=0.000394
      Epoch 2400/4000: loss=0.000236
      Epoch 3200/4000: loss=0.000151
      Epoch 4000/4000: loss=0.000112
  recon=0.0000  E_mu=0.0006  S2=0.000020  S3=0.000000

============================================================
  quartic_dome | seed=6042 | mb | D=201
============================================================
    ATLAS  recon=0.0000  tangent=0.0194  E_mu=0.7019  E_Sig=0.0007
    baseline      Epoch 800/4000: loss=0.000021
      Epoch 1600/4000: loss=0.000001
      Epoch 2400/4000: loss=0.000001
      Epoch 3200/4000: loss=0.000001
      Epoch 4000/4000: loss=0.000001
  recon=0.0000  E_mu=0.0226  S2=0.000387  S3=0.000000
    T      Epoch 800/4000: loss=0.000575
      Epoch 1600/4000: loss=0.000027
      Epoch 2400/4000: loss=0.000017
      Epoch 3200/4000: loss=0.000014
      Epoch 4000/4000: loss=0.000015
  recon=0.0000  E_mu=0.0002  S2=0.000012  S3=0.000000
    F      Epoch 800/4000: loss=0.001895
      Epoch 1600/4000: loss=0.001901
      Epoch 2400/4000: loss=0.001880
      Epoch 3200/4000: loss=0.001868
      Epoch 4000/4000: loss=0.001849
  recon=0.0019  E_mu=12.2178  S2=0.000122  S3=0.000009
    C      Epoch 800/4000: loss=0.001891
      Epoch 1600/4000: loss=0.001900
      Epoch 2400/4000: loss=0.001878
      Epoch 3200/4000: loss=0.001866
      Epoch 4000/4000: loss=0.001848
  recon=0.0019  E_mu=12.2080  S2=0.000000  S3=0.000009
    T+F      Epoch 800/4000: loss=0.000744
      Epoch 1600/4000: loss=0.000592
      Epoch 2400/4000: loss=0.000280
      Epoch 3200/4000: loss=0.000083
      Epoch 4000/4000: loss=0.000072
  recon=0.0000  E_mu=0.0004  S2=0.000183  S3=0.000000

============================================================
  quartic_dome | seed=7042 | mb | D=201
============================================================
    ATLAS  recon=0.0000  tangent=0.0109  E_mu=0.9663  E_Sig=0.0007
    baseline      Epoch 800/4000: loss=0.000013
      Epoch 1600/4000: loss=0.001928
      Epoch 2400/4000: loss=0.001832
      Epoch 3200/4000: loss=0.001866
      Epoch 4000/4000: loss=0.001775
  recon=0.0019  E_mu=9.4817  S2=0.000000  S3=0.000009
    T      Epoch 800/4000: loss=0.000149
      Epoch 1600/4000: loss=0.000033
      Epoch 2400/4000: loss=0.000021
      Epoch 3200/4000: loss=0.000019
      Epoch 4000/4000: loss=0.000020
  recon=0.0000  E_mu=0.0002  S2=0.000044  S3=0.000000
    F      Epoch 800/4000: loss=0.001902
      Epoch 1600/4000: loss=0.001918
      Epoch 2400/4000: loss=0.001834
      Epoch 3200/4000: loss=0.001869
      Epoch 4000/4000: loss=0.001777
  recon=0.0019  E_mu=11.6498  S2=0.000390  S3=0.000009
    C      Epoch 800/4000: loss=0.001894
      Epoch 1600/4000: loss=0.001915
      Epoch 2400/4000: loss=0.001832
      Epoch 3200/4000: loss=0.001866
      Epoch 4000/4000: loss=0.001775
  recon=0.0019  E_mu=11.6372  S2=0.000000  S3=0.000009
    T+F      Epoch 800/4000: loss=0.000910
      Epoch 1600/4000: loss=0.000558
      Epoch 2400/4000: loss=0.000462
      Epoch 3200/4000: loss=0.000381
      Epoch 4000/4000: loss=0.000253
  recon=0.0000  E_mu=0.0012  S2=0.000106  S3=0.000000

============================================================
  quartic_dome | seed=8042 | mb | D=201
============================================================
    ATLAS  recon=0.0001  tangent=0.0269  E_mu=0.5059  E_Sig=0.0006
    baseline      Epoch 800/4000: loss=0.000022
      Epoch 1600/4000: loss=0.000002
      Epoch 2400/4000: loss=0.000001
      Epoch 3200/4000: loss=0.000000
      Epoch 4000/4000: loss=0.000000
  recon=0.0000  E_mu=0.0089  S2=0.000013  S3=0.000000
    T      Epoch 800/4000: loss=0.000230
      Epoch 1600/4000: loss=0.000032
      Epoch 2400/4000: loss=0.000020
      Epoch 3200/4000: loss=0.000020
      Epoch 4000/4000: loss=0.000018
  recon=0.0000  E_mu=0.0002  S2=0.000007  S3=0.000000
    F      Epoch 800/4000: loss=0.001680
      Epoch 1600/4000: loss=0.001761
      Epoch 2400/4000: loss=0.001669
      Epoch 3200/4000: loss=0.001668
      Epoch 4000/4000: loss=0.001643
  recon=0.0017  E_mu=8.2440  S2=0.000200  S3=0.000009
    C      Epoch 800/4000: loss=0.001674
      Epoch 1600/4000: loss=0.001759
      Epoch 2400/4000: loss=0.001667
      Epoch 3200/4000: loss=0.001666
      Epoch 4000/4000: loss=0.001641
  recon=0.0017  E_mu=8.2435  S2=0.000000  S3=0.000009
    T+F      Epoch 800/4000: loss=0.000762
      Epoch 1600/4000: loss=0.000368
      Epoch 2400/4000: loss=0.000227
      Epoch 3200/4000: loss=0.000159
      Epoch 4000/4000: loss=0.000087
  recon=0.0000  E_mu=0.0004  S2=0.000009  S3=0.000000

============================================================
  quartic_dome | seed=9042 | mb | D=201
============================================================
    ATLAS  recon=0.0000  tangent=0.0134  E_mu=0.6710  E_Sig=0.0005
    baseline      Epoch 800/4000: loss=0.000009
      Epoch 1600/4000: loss=0.000001
      Epoch 2400/4000: loss=0.000001
      Epoch 3200/4000: loss=0.000001
      Epoch 4000/4000: loss=0.000001
  recon=0.0000  E_mu=0.0193  S2=0.000031  S3=0.000000
    T      Epoch 800/4000: loss=0.000152
      Epoch 1600/4000: loss=0.000038
      Epoch 2400/4000: loss=0.000023
      Epoch 3200/4000: loss=0.000021
      Epoch 4000/4000: loss=0.000025
  recon=0.0000  E_mu=0.0002  S2=0.000011  S3=0.000000
    F      Epoch 800/4000: loss=0.001836
      Epoch 1600/4000: loss=0.001768
      Epoch 2400/4000: loss=0.001794
      Epoch 3200/4000: loss=0.001847
      Epoch 4000/4000: loss=0.001861
  recon=0.0018  E_mu=8.4230  S2=0.000170  S3=0.000009
    C      Epoch 800/4000: loss=0.001833
      Epoch 1600/4000: loss=0.001766
      Epoch 2400/4000: loss=0.001792
      Epoch 3200/4000: loss=0.001845
      Epoch 4000/4000: loss=0.001860
  recon=0.0018  E_mu=8.4204  S2=0.000000  S3=0.000009
    T+F      Epoch 800/4000: loss=0.001160
      Epoch 1600/4000: loss=0.000837
      Epoch 2400/4000: loss=0.000843
      Epoch 3200/4000: loss=0.000848
      Epoch 4000/4000: loss=0.000956
  recon=0.0000  E_mu=0.0037  S2=0.000037  S3=0.000000

============================================================
  sinusoidal | seed=42 | mb | D=201
============================================================
    ATLAS  recon=0.0000  tangent=0.0062  E_mu=1.0940  E_Sig=0.0005
    baseline      Epoch 800/4000: loss=0.000003
      Epoch 1600/4000: loss=0.000002
      Epoch 2400/4000: loss=0.000001
      Epoch 3200/4000: loss=0.000001
      Epoch 4000/4000: loss=0.000001
  recon=0.0000  E_mu=0.0120  S2=0.000240  S3=0.000000
    T      Epoch 800/4000: loss=0.000078
      Epoch 1600/4000: loss=0.000028
      Epoch 2400/4000: loss=0.000023
      Epoch 3200/4000: loss=0.000018
      Epoch 4000/4000: loss=0.000017
  recon=0.0000  E_mu=0.0001  S2=0.000049  S3=0.000000
    F      Epoch 800/4000: loss=0.002792
      Epoch 1600/4000: loss=0.002691
      Epoch 2400/4000: loss=0.002743
      Epoch 3200/4000: loss=0.002618
      Epoch 4000/4000: loss=0.002695
  recon=0.0027  E_mu=14.3997  S2=0.000284  S3=0.000016
    C      Epoch 800/4000: loss=0.002704
      Epoch 1600/4000: loss=0.002690
      Epoch 2400/4000: loss=0.002742
      Epoch 3200/4000: loss=0.002617
      Epoch 4000/4000: loss=0.002694
  recon=0.0027  E_mu=14.3994  S2=0.000000  S3=0.000016
    T+F      Epoch 800/4000: loss=0.000652
      Epoch 1600/4000: loss=0.000540
      Epoch 2400/4000: loss=0.000545
      Epoch 3200/4000: loss=0.000523
      Epoch 4000/4000: loss=0.000528
  recon=0.0000  E_mu=0.0025  S2=0.000228  S3=0.000000

============================================================
  sinusoidal | seed=1042 | mb | D=201
============================================================
    ATLAS  recon=0.0000  tangent=0.0106  E_mu=0.6338  E_Sig=0.0006
    baseline      Epoch 800/4000: loss=0.000004
      Epoch 1600/4000: loss=0.000002
      Epoch 2400/4000: loss=0.000001
      Epoch 3200/4000: loss=0.000000
      Epoch 4000/4000: loss=0.000000
  recon=0.0000  E_mu=0.0044  S2=0.000013  S3=0.000000
    T      Epoch 800/4000: loss=0.000080
      Epoch 1600/4000: loss=0.000020
      Epoch 2400/4000: loss=0.000010
      Epoch 3200/4000: loss=0.000009
      Epoch 4000/4000: loss=0.000010
  recon=0.0000  E_mu=0.0001  S2=0.000018  S3=0.000000
    F      Epoch 800/4000: loss=0.002538
      Epoch 1600/4000: loss=0.002630
      Epoch 2400/4000: loss=0.002514
      Epoch 3200/4000: loss=0.002536
      Epoch 4000/4000: loss=0.002785
  recon=0.0026  E_mu=13.7287  S2=0.000030  S3=0.000016
    C      Epoch 800/4000: loss=0.002535
      Epoch 1600/4000: loss=0.002629
      Epoch 2400/4000: loss=0.002514
      Epoch 3200/4000: loss=0.002535
      Epoch 4000/4000: loss=0.002784
  recon=0.0026  E_mu=13.1662  S2=0.000000  S3=0.000016
    T+F      Epoch 800/4000: loss=0.000696
      Epoch 1600/4000: loss=0.000609
      Epoch 2400/4000: loss=0.000509
      Epoch 3200/4000: loss=0.000512
      Epoch 4000/4000: loss=0.000563
  recon=0.0000  E_mu=0.0028  S2=0.000598  S3=0.000000

============================================================
  sinusoidal | seed=2042 | mb | D=201
============================================================
    ATLAS  recon=0.0000  tangent=0.0132  E_mu=0.6786  E_Sig=0.0007
    baseline      Epoch 800/4000: loss=0.000008
      Epoch 1600/4000: loss=0.000001
      Epoch 2400/4000: loss=0.000000
      Epoch 3200/4000: loss=0.000000
      Epoch 4000/4000: loss=0.000000
  recon=0.0000  E_mu=0.0051  S2=0.000018  S3=0.000000
    Tslurmstepd: error: *** JOB 60959 ON dgx19 CANCELLED AT 2026-03-19T22:39:59 ***
