Device: cuda
D=11, N=50
Surfaces: ['paraboloid', 'hyperbolic_paraboloid', 'quartic_dome', 'sinusoidal']
Conditions: ['baseline', 'T', 'T+F']
Seeds (10): [42, 1042, 2042, 3042, 4042, 5042, 6042, 7042, 8042, 9042]
LONG_T=50.0, LONG_N_STEPS=10000, MB_DT=0.005
Total runs: 120


============================================================
  paraboloid | seed=42
============================================================
  GT exit fraction: 2.9%

  --- baseline ---
      Epoch 800/4000: loss=0.000260
      Epoch 1600/4000: loss=0.000034
      Epoch 2400/4000: loss=0.000031
      Epoch 3200/4000: loss=0.000032
      Epoch 4000/4000: loss=0.000031
    recon=0.000032
    E_mu=0.0427  E_Sigma=0.0033
  Stage 2 epoch 1000/3000: loss=0.000114
  Stage 2 epoch 2000/3000: loss=0.000034
  Stage 2 epoch 3000/3000: loss=0.000019
  Stage 3 epoch 1000/3000: loss=0.000065
  Stage 3 epoch 2000/3000: loss=0.000063
  Stage 3 epoch 3000/3000: loss=0.000061
    Pairwise MFPT err=421.0%  W0 escape err=96.6%  (GT=19.62, LR=0.68)
    Exit fraction=22.9%

  --- T ---
      Epoch 800/4000: loss=0.000322
      Epoch 1600/4000: loss=0.000152
      Epoch 2400/4000: loss=0.000150
      Epoch 3200/4000: loss=0.000136
      Epoch 4000/4000: loss=0.000148
    recon=0.000030
    E_mu=0.0009  E_Sigma=0.0000
  Stage 2 epoch 1000/3000: loss=0.000176
  Stage 2 epoch 2000/3000: loss=0.000026
  Stage 2 epoch 3000/3000: loss=0.000014
  Stage 3 epoch 1000/3000: loss=0.000001
  Stage 3 epoch 2000/3000: loss=0.000001
  Stage 3 epoch 3000/3000: loss=0.000001
slurmstepd: error: *** JOB 10800383 ON uagpu-02 CANCELLED AT 2026-03-20T10:27:11 ***
