Device: cuda
D=11, N=200, grid_res=50
Surfaces: ['hyperbolic_paraboloid', 'quartic_dome', 'sinusoidal']
Seeds (10): [42, 1042, 2042, 3042, 4042, 5042, 6042, 7042, 8042, 9042]
LONG_T=50.0, LONG_N_STEPS=10000, MB_DT=0.005

============================================================
  hyperbolic_paraboloid | seed=42
============================================================

  --- baseline ---
      Epoch 800/4000: loss=0.000056
      Epoch 1600/4000: loss=0.000019
      Epoch 2400/4000: loss=0.000014
      Epoch 3200/4000: loss=0.000015
      Epoch 4000/4000: loss=0.000017
    recon=0.000015
    E_mu=0.0131  E_Sigma=0.0017
    Building oracle drift on 50×50 grid...
    R1=70321.22  R2=12406824.00  κ_g=1.641
    Grid bounds: z0=[-0.866,0.779] z1=[-0.910,0.726]
  Stage 2 epoch 1000/3000: loss=0.004590
  Stage 2 epoch 2000/3000: loss=0.002996
  Stage 2 epoch 3000/3000: loss=0.002785
  Stage 3 epoch 1000/3000: loss=0.000046
  Stage 3 epoch 2000/3000: loss=0.000043
  Stage 3 epoch 3000/3000: loss=0.000043
  Stage 3 epoch 1000/3000: loss=0.000043
  Stage 3 epoch 2000/3000: loss=0.000042
  Stage 3 epoch 3000/3000: loss=0.000043
                                learned: MFPT=25.2%  ITS=28.3%  exit=3.5%
              oracle_drift+learned_diff: MFPT=5.9%  ITS=4.4%  exit=0.0%
               oracle_drift+oracle_diff: MFPT=1.8%  ITS=2.1%  exit=0.0%

  --- T ---
      Epoch 800/4000: loss=0.000389
      Epoch 1600/4000: loss=0.000100
      Epoch 2400/4000: loss=0.000064
      Epoch 3200/4000: loss=0.000034
      Epoch 4000/4000: loss=0.000031
    recon=0.000007
    E_mu=0.0002  E_Sigma=0.0000
    Building oracle drift on 50×50 grid...
    R1=42237.29  R2=2116488.50  κ_g=1.754
    Grid bounds: z0=[-0.863,0.874] z1=[-0.729,0.857]
  Stage 2 epoch 1000/3000: loss=0.004867
  Stage 2 epoch 2000/3000: loss=0.003434
  Stage 2 epoch 3000/3000: loss=0.003280
  Stage 3 epoch 1000/3000: loss=0.000001
  Stage 3 epoch 2000/3000: loss=0.000001
  Stage 3 epoch 3000/3000: loss=0.000001
  Stage 3 epoch 1000/3000: loss=0.000001
  Stage 3 epoch 2000/3000: loss=0.000001
  Stage 3 epoch 3000/3000: loss=0.000001
                                learned: MFPT=15.2%  ITS=33.7%  exit=1.6%

  --- T+F ---
      Epoch 800/4000: loss=0.000211
      Epoch 1600/4000: loss=0.000091
      Epoch 2400/4000: loss=0.000063
      Epoch 3200/4000: loss=0.000061
      Epoch 4000/4000: loss=0.000067
    recon=0.000000
    E_mu=0.0003  E_Sigma=0.0000
    Building oracle drift on 50×50 grid...
    R1=141632.20  R2=38708980.00  κ_g=1.828
    Grid bounds: z0=[-0.693,0.841] z1=[-0.776,0.726]
  Stage 2 epoch 1000/3000: loss=0.006100
  Stage 2 epoch 2000/3000: loss=0.001724
  Stage 2 epoch 3000/3000: loss=0.000947
  Stage 3 epoch 1000/3000: loss=0.000000
  Stage 3 epoch 2000/3000: loss=0.000000
  Stage 3 epoch 3000/3000: loss=0.000000
  Stage 3 epoch 1000/3000: loss=0.000000
  Stage 3 epoch 2000/3000: loss=0.000000
  Stage 3 epoch 3000/3000: loss=0.000000
slurmstepd: error: *** JOB 10798030 ON uagpu-02 CANCELLED AT 2026-03-19T23:44:33 ***
