Device: cuda
D=11, N=100
Surfaces: ['paraboloid', 'hyperbolic_paraboloid', 'quartic_dome', 'sinusoidal']
Conditions: ['baseline', 'T', 'T+F']
Seeds (10): [42, 1042, 2042, 3042, 4042, 5042, 6042, 7042, 8042, 9042]
LONG_T=50.0, LONG_N_STEPS=10000, MB_DT=0.005
Total runs: 120


============================================================
  paraboloid | seed=42
============================================================
Traceback (most recent call last):
  File "/network/rit/lab/Yelab/anaconda3/lib/python3.9/runpy.py", line 197, in _run_module_as_main
    return _run_code(code, main_globals, None,
  File "/network/rit/lab/Yelab/anaconda3/lib/python3.9/runpy.py", line 87, in _run_code
    exec(code, run_globals)
  File "/network/rit/lab/Yelab/aeml/experiments/mb_mfpt.py", line 493, in <module>
    main()
  File "/network/rit/lab/Yelab/aeml/experiments/mb_mfpt.py", line 359, in main
    uv_dn = delta_net_subsample(
  File "/network/rit/lab/Yelab/aeml/src/numeric/highd_manifolds.py", line 275, in delta_net_subsample
    mid_g = 0.5 * (g_all[idx] + g_all[sel[sel_pts.index(sp_)]])
ValueError: The truth value of an array with more than one element is ambiguous. Use a.any() or a.all()
