  Epoch 100: loss=0.052573
  Epoch 200: loss=0.044886
  Epoch 300: loss=0.039891
  Epoch 400: loss=0.035136
  Epoch 500: loss=0.055634
  λ_C=0.1  seed=42  recon=0.222286  tangent=0.645502
  Epoch 100: loss=0.051721
  Epoch 200: loss=0.038784
  Epoch 300: loss=0.264237
  Epoch 400: loss=0.035431
  Epoch 500: loss=0.034318
  λ_C=0.1  seed=1042  recon=0.234259  tangent=0.617871
  Epoch 100: loss=0.079921
  Epoch 200: loss=0.065838
  Epoch 300: loss=0.057424
  Epoch 400: loss=0.055666
  Epoch 500: loss=0.056891
  λ_C=0.1  seed=2042  recon=0.245848  tangent=0.656068
  Epoch 100: loss=0.259443
  Epoch 200: loss=0.159083
  Epoch 300: loss=0.113220
  Epoch 400: loss=0.047131
  Epoch 500: loss=0.051944
  λ_C=0.5  seed=42  recon=0.252841  tangent=0.648931
  Epoch 100: loss=0.769551
  Epoch 200: loss=0.107351
  Epoch 300: loss=0.119610
  Epoch 400: loss=0.104803
  Epoch 500: loss=0.103336
  λ_C=0.5  seed=1042  recon=0.504179  tangent=0.619411
  Epoch 100: loss=0.255799
  Epoch 200: loss=0.153002
  Epoch 300: loss=0.110837
  Epoch 400: loss=0.079100
  Epoch 500: loss=0.099599
  λ_C=0.5  seed=2042  recon=0.258955  tangent=0.660267
  Epoch 100: loss=0.260135
  Epoch 200: loss=0.260112
  Epoch 300: loss=0.259772
  Epoch 400: loss=0.158649
  Epoch 500: loss=0.163157
  λ_C=1.0  seed=42  recon=0.634866  tangent=0.667122
  Epoch 100: loss=0.224914
  Epoch 200: loss=0.128316
  Epoch 300: loss=0.120652
  Epoch 400: loss=0.117434
  Epoch 500: loss=0.115558
  λ_C=1.0  seed=1042  recon=0.515660  tangent=0.629619
  Epoch 100: loss=0.260578
  Epoch 200: loss=0.260558
  Epoch 300: loss=0.260546
  Epoch 400: loss=0.260533
  Epoch 500: loss=0.260519
  λ_C=1.0  seed=2042  recon=0.863362  tangent=0.668108

============================================================
CONTRACTIVE SWEEP SUMMARY
============================================================
  λ_C=0.1:  recon=0.234131±0.009619  tangent=0.639814±0.016105  combined=0.873945
  λ_C=0.5:  recon=0.338659±0.117067  tangent=0.642870±0.017221  combined=0.981528
  λ_C=1.0:  recon=0.671296±0.144267  tangent=0.654950±0.017916  combined=1.326246
/network/rit/lab/Yelab/aeml/experiments/contractive_sweep.py:81: DeprecationWarning: DataFrameGroupBy.apply operated on the grouping columns. This behavior is deprecated, and in a future version of pandas the grouping columns will be excluded from the operation. Either pass `include_groups=False` to exclude the groupings or explicitly select the grouping columns after groupby to silence this warning.
  best = df.groupby("lambda_c").apply(

  Best λ_C = 0.1
  Update LAMBDA_C in paper_experiments.py and mfpt_full_ablation.py
