
--- Stage 1: Autoencoder (recon + T+F) ---
  Epoch 40: loss=0.816151
  Epoch 80: loss=0.719812
  Epoch 120: loss=0.707426
  Epoch 160: loss=0.436496
  Epoch 200: loss=0.331667

============================================================
  seed=42  condition=baseline  lambda_smooth=0.0  metric=True
============================================================
  MTE@0.1: 1.0534
  MTE@0.5: 2.2390
  MTE@1.0: 3.2697
  W2@1.0:  2.3005
  sW2@0.5: 1.3907 (96/200 in region)
  sW2@1.0: 2.5375 (48/200 in region)
  MMD@1.0: 0.2972
  Survival@1.0: 76.5%
  Stopped@1.0:  24.0%

  >> E_mu_held=0.3699  W2=2.3005  drift_loss=0.036946  (7s)

============================================================
  seed=42  condition=smooth  lambda_smooth=0.5  metric=True
============================================================
  MTE@0.1: 1.0443
  MTE@0.5: 2.1265
  MTE@1.0: 3.0430
  W2@1.0:  2.2923
  sW2@0.5: 1.3698 (96/200 in region)
  sW2@1.0: 2.4990 (48/200 in region)
  MMD@1.0: 0.3158
  Survival@1.0: 76.5%
  Stopped@1.0:  24.0%

  >> E_mu_held=0.4901  W2=2.2923  drift_loss=0.354444  (9s)

============================================================
  seed=42  condition=smooth-euc  lambda_smooth=0.5  metric=False
============================================================
  MTE@0.1: 1.0450
  MTE@0.5: 2.1333
  MTE@1.0: 3.0614
  W2@1.0:  2.2797
  sW2@0.5: 1.3683 (96/200 in region)
  sW2@1.0: 2.5251 (48/200 in region)
  MMD@1.0: 0.3101
  Survival@1.0: 76.5%
  Stopped@1.0:  24.0%

  >> E_mu_held=0.4918  W2=2.2797  drift_loss=0.327869  (7s)

--- Stage 1: Autoencoder (recon + T+F+K) ---
  Epoch 40: loss=0.825817
  Epoch 80: loss=0.768251
  Epoch 120: loss=0.732000
  Epoch 160: loss=0.506169
  Epoch 200: loss=0.462617

============================================================
  seed=42  condition=K  lambda_smooth=0.0  metric=True
============================================================
  MTE@0.1: 1.0240
  MTE@0.5: 2.3091
  MTE@1.0: 3.6085
  W2@1.0:  3.1602
  sW2@0.5: 1.6787 (96/200 in region)
  sW2@1.0: 3.3874 (48/200 in region)
  MMD@1.0: 0.4435
  Survival@1.0: 76.5%
  Stopped@1.0:  24.0%

  >> E_mu_held=0.4361  W2=3.1602  drift_loss=0.104403  (7s)

============================================================
  seed=42  condition=K+smooth  lambda_smooth=0.5  metric=True
============================================================
  MTE@0.1: 1.0142
  MTE@0.5: 2.1627
  MTE@1.0: 3.1301
  W2@1.0:  2.5641
  sW2@0.5: 1.5096 (96/200 in region)
  sW2@1.0: 2.6079 (48/200 in region)
  MMD@1.0: 0.4075
  Survival@1.0: 76.5%
  Stopped@1.0:  24.0%

  >> E_mu_held=0.5588  W2=2.5641  drift_loss=0.744129  (9s)

============================================================
  seed=42  condition=K+smooth-euc  lambda_smooth=0.5  metric=False
============================================================
  MTE@0.1: 1.0147
  MTE@0.5: 2.1525
  MTE@1.0: 3.0858
  W2@1.0:  2.4720
  sW2@0.5: 1.4546 (96/200 in region)
  sW2@1.0: 2.3971 (48/200 in region)
  MMD@1.0: 0.3825
  Survival@1.0: 76.5%
  Stopped@1.0:  24.0%

  >> E_mu_held=0.5670  W2=2.4720  drift_loss=0.605510  (7s)

--- Stage 1: Autoencoder (recon + T+F) ---
  Epoch 40: loss=0.619974
  Epoch 80: loss=0.530772
  Epoch 120: loss=0.353808
  Epoch 160: loss=0.207990
  Epoch 200: loss=0.086333

============================================================
  seed=1042  condition=baseline  lambda_smooth=0.0  metric=True
============================================================
  MTE@0.1: 0.9779
  MTE@0.5: 1.7472
  MTE@1.0: 2.1864
  W2@1.0:  1.5778
  sW2@0.5: 0.8377 (100/200 in region)
  sW2@1.0: 1.2914 (53/200 in region)
  MMD@1.0: 0.1836
  Survival@1.0: 72.0%
  Stopped@1.0:  26.5%

  >> E_mu_held=0.4011  W2=1.5778  drift_loss=0.045605  (5s)

============================================================
  seed=1042  condition=smooth  lambda_smooth=0.5  metric=True
============================================================
  MTE@0.1: 0.9837
  MTE@0.5: 1.7587
  MTE@1.0: 2.1205
  W2@1.0:  1.5488
  sW2@0.5: 0.7098 (100/200 in region)
  sW2@1.0: 1.2254 (53/200 in region)
  MMD@1.0: 0.1769
  Survival@1.0: 72.0%
  Stopped@1.0:  26.5%

  >> E_mu_held=0.4164  W2=1.5488  drift_loss=0.442359  (9s)

============================================================
  seed=1042  condition=smooth-euc  lambda_smooth=0.5  metric=False
============================================================
  MTE@0.1: 0.9830
  MTE@0.5: 1.7532
  MTE@1.0: 2.1014
  W2@1.0:  1.5763
  sW2@0.5: 0.7117 (100/200 in region)
  sW2@1.0: 1.2374 (53/200 in region)
  MMD@1.0: 0.1814
  Survival@1.0: 72.0%
  Stopped@1.0:  26.5%

  >> E_mu_held=0.4231  W2=1.5763  drift_loss=0.421121  (7s)

--- Stage 1: Autoencoder (recon + T+F+K) ---
  Epoch 40: loss=0.705216
  Epoch 80: loss=0.623618
  Epoch 120: loss=0.303681
  Epoch 160: loss=0.182598
  Epoch 200: loss=0.063907

============================================================
  seed=1042  condition=K  lambda_smooth=0.0  metric=True
============================================================
  MTE@0.1: 1.0150
  MTE@0.5: 1.8976
  MTE@1.0: 2.4463
  W2@1.0:  1.5608
  sW2@0.5: 0.9935 (100/200 in region)
  sW2@1.0: 1.6065 (53/200 in region)
  MMD@1.0: 0.2654
  Survival@1.0: 72.0%
  Stopped@1.0:  26.5%

  >> E_mu_held=0.2750  W2=1.5608  drift_loss=0.031908  (6s)

============================================================
  seed=1042  condition=K+smooth  lambda_smooth=0.5  metric=True
============================================================
  MTE@0.1: 1.0162
  MTE@0.5: 1.8167
  MTE@1.0: 2.2395
  W2@1.0:  1.4468
  sW2@0.5: 0.8168 (100/200 in region)
  sW2@1.0: 1.2283 (53/200 in region)
  MMD@1.0: 0.2011
  Survival@1.0: 72.0%
  Stopped@1.0:  26.5%

  >> E_mu_held=0.3859  W2=1.4468  drift_loss=0.429009  (8s)

============================================================
  seed=1042  condition=K+smooth-euc  lambda_smooth=0.5  metric=False
============================================================
  MTE@0.1: 1.0142
  MTE@0.5: 1.8093
  MTE@1.0: 2.2175
  W2@1.0:  1.4863
  sW2@0.5: 0.8187 (100/200 in region)
  sW2@1.0: 1.2583 (53/200 in region)
  MMD@1.0: 0.2041
  Survival@1.0: 72.0%
  Stopped@1.0:  26.5%

  >> E_mu_held=0.3088  W2=1.4863  drift_loss=0.404628  (7s)

--- Stage 1: Autoencoder (recon + T+F) ---
  Epoch 40: loss=0.783583
  Epoch 80: loss=0.654905
  Epoch 120: loss=0.406994
  Epoch 160: loss=0.312719
  Epoch 200: loss=0.128088

============================================================
  seed=2042  condition=baseline  lambda_smooth=0.0  metric=True
============================================================
  MTE@0.1: 0.8032
  MTE@0.5: 1.9027
  MTE@1.0: 2.3959
  W2@1.0:  1.6166
  sW2@0.5: 1.0733 (95/200 in region)
  sW2@1.0: 2.0602 (47/200 in region)
  MMD@1.0: 0.1970
  Survival@1.0: 78.5%
  Stopped@1.0:  23.5%

  >> E_mu_held=0.3654  W2=1.6166  drift_loss=0.024436  (6s)

============================================================
  seed=2042  condition=smooth  lambda_smooth=0.5  metric=True
============================================================
  MTE@0.1: 0.7909
  MTE@0.5: 1.8408
  MTE@1.0: 2.2888
  W2@1.0:  1.4910
  sW2@0.5: 0.9161 (95/200 in region)
  sW2@1.0: 1.6294 (47/200 in region)
  MMD@1.0: 0.1589
  Survival@1.0: 78.5%
  Stopped@1.0:  23.5%

  >> E_mu_held=0.4988  W2=1.4910  drift_loss=0.371235  (9s)

============================================================
  seed=2042  condition=smooth-euc  lambda_smooth=0.5  metric=False
============================================================
  MTE@0.1: 0.7903
  MTE@0.5: 1.8356
  MTE@1.0: 2.2698
  W2@1.0:  1.4856
  sW2@0.5: 0.8981 (95/200 in region)
  sW2@1.0: 1.5787 (47/200 in region)
  MMD@1.0: 0.1581
  Survival@1.0: 78.5%
  Stopped@1.0:  23.5%

  >> E_mu_held=0.4973  W2=1.4856  drift_loss=0.385273  (8s)

--- Stage 1: Autoencoder (recon + T+F+K) ---
  Epoch 40: loss=0.838931
  Epoch 80: loss=0.747908
  Epoch 120: loss=0.726670
  Epoch 160: loss=0.634602
  Epoch 200: loss=0.477786

============================================================
  seed=2042  condition=K  lambda_smooth=0.0  metric=True
============================================================
  MTE@0.1: 0.9103
  MTE@0.5: 2.2772
  MTE@1.0: 2.8601
  W2@1.0:  1.8646
  sW2@0.5: 1.6022 (95/200 in region)
  sW2@1.0: 2.6358 (47/200 in region)
  MMD@1.0: 0.2204
  Survival@1.0: 78.5%
  Stopped@1.0:  23.5%

  >> E_mu_held=0.2468  W2=1.8646  drift_loss=0.088489  (7s)

============================================================
  seed=2042  condition=K+smooth  lambda_smooth=0.5  metric=True
============================================================
  MTE@0.1: 0.8953
  MTE@0.5: 2.2102
  MTE@1.0: 2.8110
  W2@1.0:  1.8251
  sW2@0.5: 1.4628 (95/200 in region)
  sW2@1.0: 2.5169 (47/200 in region)
  MMD@1.0: 0.2331
  Survival@1.0: 78.5%
  Stopped@1.0:  23.5%

  >> E_mu_held=0.3939  W2=1.8251  drift_loss=0.412305  (8s)

============================================================
  seed=2042  condition=K+smooth-euc  lambda_smooth=0.5  metric=False
============================================================
  MTE@0.1: 0.8961
  MTE@0.5: 2.2047
  MTE@1.0: 2.8120
  W2@1.0:  1.8534
  sW2@0.5: 1.4823 (95/200 in region)
  sW2@1.0: 2.5151 (47/200 in region)
  MMD@1.0: 0.2358
  Survival@1.0: 78.5%
  Stopped@1.0:  23.5%

  >> E_mu_held=0.3617  W2=1.8534  drift_loss=0.393091  (7s)

--- Stage 1: Autoencoder (recon + T+F) ---
  Epoch 40: loss=0.754216
  Epoch 80: loss=0.455018
  Epoch 120: loss=0.369491
  Epoch 160: loss=0.305649
  Epoch 200: loss=0.092619

============================================================
  seed=3042  condition=baseline  lambda_smooth=0.0  metric=True
============================================================
  MTE@0.1: 1.1602
  MTE@0.5: 2.3568
  MTE@1.0: 3.0456
  W2@1.0:  1.8710
  sW2@0.5: 1.2983 (99/200 in region)
  sW2@1.0: 2.3246 (48/200 in region)
  MMD@1.0: 0.2617
  Survival@1.0: 74.5%
  Stopped@1.0:  24.0%

  >> E_mu_held=0.3345  W2=1.8710  drift_loss=0.080480  (6s)

============================================================
  seed=3042  condition=smooth  lambda_smooth=0.5  metric=True
============================================================
  MTE@0.1: 1.1437
  MTE@0.5: 2.2171
  MTE@1.0: 2.6334
  W2@1.0:  1.3766
  sW2@0.5: 1.0272 (99/200 in region)
  sW2@1.0: 1.6223 (48/200 in region)
  MMD@1.0: 0.1972
  Survival@1.0: 74.5%
  Stopped@1.0:  24.0%

  >> E_mu_held=0.4361  W2=1.3766  drift_loss=0.450856  (7s)

============================================================
  seed=3042  condition=smooth-euc  lambda_smooth=0.5  metric=False
============================================================
  MTE@0.1: 1.1435
  MTE@0.5: 2.2233
  MTE@1.0: 2.6410
  W2@1.0:  1.3856
  sW2@0.5: 1.0369 (99/200 in region)
  sW2@1.0: 1.6489 (48/200 in region)
  MMD@1.0: 0.2001
  Survival@1.0: 74.5%
  Stopped@1.0:  24.0%

  >> E_mu_held=0.4241  W2=1.3856  drift_loss=0.443104  (6s)

--- Stage 1: Autoencoder (recon + T+F+K) ---
  Epoch 40: loss=0.891500
  Epoch 80: loss=0.849179
  Epoch 120: loss=0.753934
  Epoch 160: loss=0.717944
  Epoch 200: loss=0.491810

============================================================
  seed=3042  condition=K  lambda_smooth=0.0  metric=True
============================================================
  MTE@0.1: 1.1041
  MTE@0.5: 2.0812
  MTE@1.0: 2.8062
  W2@1.0:  1.4547
  sW2@0.5: 1.2464 (99/200 in region)
  sW2@1.0: 2.3366 (48/200 in region)
  MMD@1.0: 0.2458
  Survival@1.0: 74.5%
  Stopped@1.0:  24.0%

  >> E_mu_held=0.3655  W2=1.4547  drift_loss=0.103031  (6s)

============================================================
  seed=3042  condition=K+smooth  lambda_smooth=0.5  metric=True
============================================================
  MTE@0.1: 1.1107
  MTE@0.5: 2.1224
  MTE@1.0: 2.7294
  W2@1.0:  1.2761
  sW2@0.5: 1.2615 (99/200 in region)
  sW2@1.0: 2.2288 (48/200 in region)
  MMD@1.0: 0.2495
  Survival@1.0: 74.5%
  Stopped@1.0:  24.0%

  >> E_mu_held=0.4591  W2=1.2761  drift_loss=0.350237  (8s)

============================================================
  seed=3042  condition=K+smooth-euc  lambda_smooth=0.5  metric=False
============================================================
  MTE@0.1: 1.1111
  MTE@0.5: 2.1197
  MTE@1.0: 2.7314
  W2@1.0:  1.2506
  sW2@0.5: 1.2468 (99/200 in region)
  sW2@1.0: 2.2086 (48/200 in region)
  MMD@1.0: 0.2400
  Survival@1.0: 74.5%
  Stopped@1.0:  24.0%

  >> E_mu_held=0.4699  W2=1.2506  drift_loss=0.335382  (7s)

--- Stage 1: Autoencoder (recon + T+F) ---
  Epoch 40: loss=0.714394
  Epoch 80: loss=0.578932
  Epoch 120: loss=0.269562
  Epoch 160: loss=0.093661
  Epoch 200: loss=0.044884

============================================================
  seed=4042  condition=baseline  lambda_smooth=0.0  metric=True
============================================================
  MTE@0.1: 1.0793
  MTE@0.5: 2.1658
  MTE@1.0: 2.6383
  W2@1.0:  1.4986
  sW2@0.5: 1.0917 (107/200 in region)
  sW2@1.0: 2.2543 (60/200 in region)
  MMD@1.0: 0.2133
  Survival@1.0: 76.0%
  Stopped@1.0:  30.0%

  >> E_mu_held=0.2251  W2=1.4986  drift_loss=0.057425  (6s)

============================================================
  seed=4042  condition=smooth  lambda_smooth=0.5  metric=True
============================================================
  MTE@0.1: 1.0660
  MTE@0.5: 2.0954
  MTE@1.0: 2.3372
  W2@1.0:  1.0995
  sW2@0.5: 0.7206 (107/200 in region)
  sW2@1.0: 1.5640 (60/200 in region)
  MMD@1.0: 0.1472
  Survival@1.0: 76.0%
  Stopped@1.0:  30.0%

  >> E_mu_held=0.3566  W2=1.0995  drift_loss=0.506687  (9s)

============================================================
  seed=4042  condition=smooth-euc  lambda_smooth=0.5  metric=False
============================================================
  MTE@0.1: 1.0657
  MTE@0.5: 2.0854
  MTE@1.0: 2.3219
  W2@1.0:  1.1021
  sW2@0.5: 0.7236 (107/200 in region)
  sW2@1.0: 1.5812 (60/200 in region)
  MMD@1.0: 0.1451
  Survival@1.0: 76.0%
  Stopped@1.0:  30.0%

  >> E_mu_held=0.3379  W2=1.1021  drift_loss=0.445722  (7s)

--- Stage 1: Autoencoder (recon + T+F+K) ---
  Epoch 40: loss=0.816212
  Epoch 80: loss=0.739029
  Epoch 120: loss=0.652046
  Epoch 160: loss=0.319270
  Epoch 200: loss=0.323894

============================================================
  seed=4042  condition=K  lambda_smooth=0.0  metric=True
============================================================
  MTE@0.1: 1.1363
  MTE@0.5: 2.3532
  MTE@1.0: 2.6877
  W2@1.0:  1.5710
  sW2@0.5: 1.1980 (107/200 in region)
  sW2@1.0: 1.8394 (60/200 in region)
  MMD@1.0: 0.2743
  Survival@1.0: 76.0%
  Stopped@1.0:  30.0%

  >> E_mu_held=0.1920  W2=1.5710  drift_loss=0.047378  (7s)

============================================================
  seed=4042  condition=K+smooth  lambda_smooth=0.5  metric=True
============================================================
  MTE@0.1: 1.1340
  MTE@0.5: 2.2685
  MTE@1.0: 2.4590
  W2@1.0:  1.1865
  sW2@0.5: 1.0324 (107/200 in region)
  sW2@1.0: 1.4547 (60/200 in region)
  MMD@1.0: 0.2039
  Survival@1.0: 76.0%
  Stopped@1.0:  30.0%

  >> E_mu_held=0.3304  W2=1.1865  drift_loss=0.283418  (9s)

============================================================
  seed=4042  condition=K+smooth-euc  lambda_smooth=0.5  metric=False
============================================================
  MTE@0.1: 1.1339
  MTE@0.5: 2.2637
  MTE@1.0: 2.4499
  W2@1.0:  1.1805
  sW2@0.5: 1.0312 (107/200 in region)
  sW2@1.0: 1.4419 (60/200 in region)
  MMD@1.0: 0.2039
  Survival@1.0: 76.0%
  Stopped@1.0:  30.0%

  >> E_mu_held=0.3522  W2=1.1805  drift_loss=0.286552  (8s)

--- Stage 1: Autoencoder (recon + T+F) ---
  Epoch 40: loss=0.488207
  Epoch 80: loss=0.297326
  Epoch 120: loss=0.121786
  Epoch 160: loss=0.091060
  Epoch 200: loss=0.071236

============================================================
  seed=5042  condition=baseline  lambda_smooth=0.0  metric=True
============================================================
  MTE@0.1: 1.2211
  MTE@0.5: 2.2824
  MTE@1.0: 2.9311
  W2@1.0:  1.9966
  sW2@0.5: 1.5300 (110/200 in region)
  sW2@1.0: 2.4134 (53/200 in region)
  MMD@1.0: 0.2643
  Survival@1.0: 76.5%
  Stopped@1.0:  26.5%

  >> E_mu_held=0.2319  W2=1.9966  drift_loss=0.005001  (6s)

============================================================
  seed=5042  condition=smooth  lambda_smooth=0.5  metric=True
============================================================
  MTE@0.1: 1.2152
  MTE@0.5: 2.2022
  MTE@1.0: 2.7522
  W2@1.0:  1.8975
  sW2@0.5: 1.3667 (110/200 in region)
  sW2@1.0: 2.0945 (53/200 in region)
  MMD@1.0: 0.2982
  Survival@1.0: 76.5%
  Stopped@1.0:  26.5%

  >> E_mu_held=0.4027  W2=1.8975  drift_loss=0.163171  (8s)

============================================================
  seed=5042  condition=smooth-euc  lambda_smooth=0.5  metric=False
============================================================
  MTE@0.1: 1.2147
  MTE@0.5: 2.2039
  MTE@1.0: 2.7541
  W2@1.0:  1.8951
  sW2@0.5: 1.3696 (110/200 in region)
  sW2@1.0: 2.1028 (53/200 in region)
  MMD@1.0: 0.2968
  Survival@1.0: 76.5%
  Stopped@1.0:  26.5%

  >> E_mu_held=0.4056  W2=1.8951  drift_loss=0.168282  (7s)

--- Stage 1: Autoencoder (recon + T+F+K) ---
  Epoch 40: loss=0.591587
  Epoch 80: loss=0.307630
  Epoch 120: loss=0.232391
  Epoch 160: loss=0.114436
  Epoch 200: loss=0.084871

============================================================
  seed=5042  condition=K  lambda_smooth=0.0  metric=True
============================================================
  MTE@0.1: 0.6903
  MTE@0.5: 1.4302
  MTE@1.0: 2.3635
  W2@1.0:  1.7819
  sW2@0.5: 0.8329 (110/200 in region)
  sW2@1.0: 1.7348 (53/200 in region)
  MMD@1.0: 0.3031
  Survival@1.0: 76.5%
  Stopped@1.0:  26.5%

  >> E_mu_held=0.1240  W2=1.7819  drift_loss=0.009194  (6s)

============================================================
  seed=5042  condition=K+smooth  lambda_smooth=0.5  metric=True
============================================================
  MTE@0.1: 0.6883
  MTE@0.5: 1.3656
  MTE@1.0: 2.0904
  W2@1.0:  1.4089
  sW2@0.5: 0.7166 (110/200 in region)
  sW2@1.0: 1.3879 (53/200 in region)
  MMD@1.0: 0.2748
  Survival@1.0: 76.5%
  Stopped@1.0:  26.5%

  >> E_mu_held=0.4190  W2=1.4089  drift_loss=0.200903  (6s)

============================================================
  seed=5042  condition=K+smooth-euc  lambda_smooth=0.5  metric=False
============================================================
  MTE@0.1: 0.6888
  MTE@0.5: 1.3708
  MTE@1.0: 2.1087
  W2@1.0:  1.4284
  sW2@0.5: 0.7232 (110/200 in region)
  sW2@1.0: 1.4242 (53/200 in region)
  MMD@1.0: 0.2783
  Survival@1.0: 76.5%
  Stopped@1.0:  26.5%

  >> E_mu_held=0.4144  W2=1.4284  drift_loss=0.209630  (7s)

--- Stage 1: Autoencoder (recon + T+F) ---
  Epoch 40: loss=0.480893
  Epoch 80: loss=0.285187
  Epoch 120: loss=0.193898
  Epoch 160: loss=0.185303
  Epoch 200: loss=0.127302

============================================================
  seed=6042  condition=baseline  lambda_smooth=0.0  metric=True
============================================================
  MTE@0.1: 1.0461
  MTE@0.5: 2.1276
  MTE@1.0: 2.6230
  W2@1.0:  1.8996
  sW2@0.5: 1.0963 (103/200 in region)
  sW2@1.0: 1.5526 (61/200 in region)
  MMD@1.0: 0.2655
  Survival@1.0: 73.0%
  Stopped@1.0:  30.5%

  >> E_mu_held=0.4706  W2=1.8996  drift_loss=0.028138  (6s)

============================================================
  seed=6042  condition=smooth  lambda_smooth=0.5  metric=True
============================================================
  MTE@0.1: 1.0244
  MTE@0.5: 2.0295
  MTE@1.0: 2.4401
  W2@1.0:  1.9845
  sW2@0.5: 0.9380 (103/200 in region)
  sW2@1.0: 1.5377 (61/200 in region)
  MMD@1.0: 0.3340
  Survival@1.0: 73.0%
  Stopped@1.0:  30.5%

  >> E_mu_held=0.6165  W2=1.9845  drift_loss=1.112907  (7s)

============================================================
  seed=6042  condition=smooth-euc  lambda_smooth=0.5  metric=False
============================================================
  MTE@0.1: 1.0251
  MTE@0.5: 2.0295
  MTE@1.0: 2.4372
  W2@1.0:  1.9710
  sW2@0.5: 0.9335 (103/200 in region)
  sW2@1.0: 1.5273 (61/200 in region)
  MMD@1.0: 0.3312
  Survival@1.0: 73.0%
  Stopped@1.0:  30.5%

  >> E_mu_held=0.5981  W2=1.9710  drift_loss=1.102377  (7s)

--- Stage 1: Autoencoder (recon + T+F+K) ---
  Epoch 40: loss=0.562690
  Epoch 80: loss=0.290818
  Epoch 120: loss=0.169681
  Epoch 160: loss=0.136868
  Epoch 200: loss=0.090736

============================================================
  seed=6042  condition=K  lambda_smooth=0.0  metric=True
============================================================
  MTE@0.1: 1.0415
  MTE@0.5: 2.2391
  MTE@1.0: 2.7353
  W2@1.0:  2.3006
  sW2@0.5: 1.2183 (103/200 in region)
  sW2@1.0: 1.8125 (61/200 in region)
  MMD@1.0: 0.2732
  Survival@1.0: 73.0%
  Stopped@1.0:  30.5%

  >> E_mu_held=0.2519  W2=2.3006  drift_loss=0.068077  (7s)

============================================================
  seed=6042  condition=K+smooth  lambda_smooth=0.5  metric=True
============================================================
  MTE@0.1: 1.0409
  MTE@0.5: 2.0798
  MTE@1.0: 2.5084
  W2@1.0:  2.1783
  sW2@0.5: 0.9253 (103/200 in region)
  sW2@1.0: 1.4430 (61/200 in region)
  MMD@1.0: 0.3474
  Survival@1.0: 73.0%
  Stopped@1.0:  30.5%

  >> E_mu_held=0.6281  W2=2.1783  drift_loss=1.054888  (9s)

============================================================
  seed=6042  condition=K+smooth-euc  lambda_smooth=0.5  metric=False
============================================================
  MTE@0.1: 1.0402
  MTE@0.5: 2.0689
  MTE@1.0: 2.4901
  W2@1.0:  2.1593
  sW2@0.5: 0.9183 (103/200 in region)
  sW2@1.0: 1.4162 (61/200 in region)
  MMD@1.0: 0.3357
  Survival@1.0: 73.0%
  Stopped@1.0:  30.5%

  >> E_mu_held=0.6131  W2=2.1593  drift_loss=1.032861  (7s)

--- Stage 1: Autoencoder (recon + T+F) ---
  Epoch 40: loss=0.666624
  Epoch 80: loss=0.522115
  Epoch 120: loss=0.273371
  Epoch 160: loss=0.130770
  Epoch 200: loss=0.060357

============================================================
  seed=7042  condition=baseline  lambda_smooth=0.0  metric=True
============================================================
  MTE@0.1: 1.1331
  MTE@0.5: 2.2015
  MTE@1.0: 3.0542
  W2@1.0:  1.8727
  sW2@0.5: 1.0493 (103/200 in region)
  sW2@1.0: 2.1828 (54/200 in region)
  MMD@1.0: 0.2432
  Survival@1.0: 76.5%
  Stopped@1.0:  27.0%

  >> E_mu_held=0.4278  W2=1.8727  drift_loss=0.091748  (7s)

============================================================
  seed=7042  condition=smooth  lambda_smooth=0.5  metric=True
============================================================
  MTE@0.1: 1.1107
  MTE@0.5: 2.1130
  MTE@1.0: 2.7175
  W2@1.0:  1.5512
  sW2@0.5: 0.8174 (103/200 in region)
  sW2@1.0: 1.5300 (54/200 in region)
  MMD@1.0: 0.1973
  Survival@1.0: 76.5%
  Stopped@1.0:  27.0%

  >> E_mu_held=0.5031  W2=1.5512  drift_loss=0.490617  (9s)

============================================================
  seed=7042  condition=smooth-euc  lambda_smooth=0.5  metric=False
============================================================
  MTE@0.1: 1.1108
  MTE@0.5: 2.1051
  MTE@1.0: 2.7126
  W2@1.0:  1.5234
  sW2@0.5: 0.8126 (103/200 in region)
  sW2@1.0: 1.5271 (54/200 in region)
  MMD@1.0: 0.1897
  Survival@1.0: 76.5%
  Stopped@1.0:  27.0%

  >> E_mu_held=0.4772  W2=1.5234  drift_loss=0.456490  (7s)

--- Stage 1: Autoencoder (recon + T+F+K) ---
  Epoch 40: loss=0.777178
  Epoch 80: loss=0.719138
  Epoch 120: loss=0.552453
  Epoch 160: loss=0.243788
  Epoch 200: loss=0.107538

============================================================
  seed=7042  condition=K  lambda_smooth=0.0  metric=True
============================================================
  MTE@0.1: 0.8919
  MTE@0.5: 1.8494
  MTE@1.0: 2.4784
  W2@1.0:  1.6633
  sW2@0.5: 0.9906 (103/200 in region)
  sW2@1.0: 1.7508 (54/200 in region)
  MMD@1.0: 0.2438
  Survival@1.0: 76.5%
  Stopped@1.0:  27.0%

  >> E_mu_held=0.2432  W2=1.6633  drift_loss=0.035713  (6s)

============================================================
  seed=7042  condition=K+smooth  lambda_smooth=0.5  metric=True
============================================================
  MTE@0.1: 0.8847
  MTE@0.5: 1.8259
  MTE@1.0: 2.3519
  W2@1.0:  1.6291
  sW2@0.5: 0.9148 (103/200 in region)
  sW2@1.0: 1.4713 (54/200 in region)
  MMD@1.0: 0.2448
  Survival@1.0: 76.5%
  Stopped@1.0:  27.0%

  >> E_mu_held=0.4345  W2=1.6291  drift_loss=0.306672  (8s)

============================================================
  seed=7042  condition=K+smooth-euc  lambda_smooth=0.5  metric=False
============================================================
  MTE@0.1: 0.8853
  MTE@0.5: 1.8289
  MTE@1.0: 2.3604
  W2@1.0:  1.6082
  sW2@0.5: 0.9157 (103/200 in region)
  sW2@1.0: 1.4722 (54/200 in region)
  MMD@1.0: 0.2385
  Survival@1.0: 76.5%
  Stopped@1.0:  27.0%

  >> E_mu_held=0.4068  W2=1.6082  drift_loss=0.290284  (7s)

--- Stage 1: Autoencoder (recon + T+F) ---
  Epoch 40: loss=0.661954
  Epoch 80: loss=0.545911
  Epoch 120: loss=0.221757
  Epoch 160: loss=0.111015
  Epoch 200: loss=0.050619

============================================================
  seed=8042  condition=baseline  lambda_smooth=0.0  metric=True
============================================================
  MTE@0.1: 1.0539
  MTE@0.5: 1.7727
  MTE@1.0: 2.5089
  W2@1.0:  1.3167
  sW2@0.5: 1.0115 (101/200 in region)
  sW2@1.0: 1.6336 (60/200 in region)
  MMD@1.0: 0.2388
  Survival@1.0: 79.5%
  Stopped@1.0:  30.0%

  >> E_mu_held=0.1409  W2=1.3167  drift_loss=0.016422  (5s)

============================================================
  seed=8042  condition=smooth  lambda_smooth=0.5  metric=True
============================================================
  MTE@0.1: 1.0505
  MTE@0.5: 1.6927
  MTE@1.0: 2.2301
  W2@1.0:  1.0386
  sW2@0.5: 0.8933 (101/200 in region)
  sW2@1.0: 1.2974 (60/200 in region)
  MMD@1.0: 0.1710
  Survival@1.0: 79.5%
  Stopped@1.0:  30.0%

  >> E_mu_held=0.3119  W2=1.0386  drift_loss=0.229903  (7s)

============================================================
  seed=8042  condition=smooth-euc  lambda_smooth=0.5  metric=False
============================================================
  MTE@0.1: 1.0500
  MTE@0.5: 1.6881
  MTE@1.0: 2.2214
  W2@1.0:  1.0277
  sW2@0.5: 0.8755 (101/200 in region)
  sW2@1.0: 1.2724 (60/200 in region)
  MMD@1.0: 0.1653
  Survival@1.0: 79.5%
  Stopped@1.0:  30.0%

  >> E_mu_held=0.2894  W2=1.0277  drift_loss=0.217926  (7s)

--- Stage 1: Autoencoder (recon + T+F+K) ---
  Epoch 40: loss=0.766415
  Epoch 80: loss=0.712494
  Epoch 120: loss=0.545170
  Epoch 160: loss=0.382212
  Epoch 200: loss=0.273569

============================================================
  seed=8042  condition=K  lambda_smooth=0.0  metric=True
============================================================
  MTE@0.1: 1.0942
  MTE@0.5: 1.9669
  MTE@1.0: 2.5902
  W2@1.0:  1.4969
  sW2@0.5: 1.0337 (101/200 in region)
  sW2@1.0: 2.0242 (60/200 in region)
  MMD@1.0: 0.2047
  Survival@1.0: 79.5%
  Stopped@1.0:  30.0%

  >> E_mu_held=0.4116  W2=1.4969  drift_loss=0.025958  (5s)

============================================================
  seed=8042  condition=K+smooth  lambda_smooth=0.5  metric=True
============================================================
  MTE@0.1: 1.0907
  MTE@0.5: 1.9205
  MTE@1.0: 2.3489
  W2@1.0:  1.2869
  sW2@0.5: 0.9034 (101/200 in region)
  sW2@1.0: 1.6209 (60/200 in region)
  MMD@1.0: 0.1660
  Survival@1.0: 79.5%
  Stopped@1.0:  30.0%

  >> E_mu_held=0.5087  W2=1.2869  drift_loss=0.203897  (8s)

============================================================
  seed=8042  condition=K+smooth-euc  lambda_smooth=0.5  metric=False
============================================================
  MTE@0.1: 1.0915
  MTE@0.5: 1.9231
  MTE@1.0: 2.3421
  W2@1.0:  1.2823
  sW2@0.5: 0.9049 (101/200 in region)
  sW2@1.0: 1.6086 (60/200 in region)
  MMD@1.0: 0.1667
  Survival@1.0: 79.5%
  Stopped@1.0:  30.0%

  >> E_mu_held=0.5063  W2=1.2823  drift_loss=0.198649  (8s)

--- Stage 1: Autoencoder (recon + T+F) ---
  Epoch 40: loss=0.766788
  Epoch 80: loss=0.656217
  Epoch 120: loss=0.622885
  Epoch 160: loss=0.286697
  Epoch 200: loss=0.235904

============================================================
  seed=9042  condition=baseline  lambda_smooth=0.0  metric=True
============================================================
  MTE@0.1: 1.1248
  MTE@0.5: 2.0597
  MTE@1.0: 2.7251
  W2@1.0:  2.0624
  sW2@0.5: 1.5969 (105/200 in region)
  sW2@1.0: 2.3053 (64/200 in region)
  MMD@1.0: 0.2757
  Survival@1.0: 76.0%
  Stopped@1.0:  32.0%

  >> E_mu_held=0.4168  W2=2.0624  drift_loss=0.029218  (7s)

============================================================
  seed=9042  condition=smooth  lambda_smooth=0.5  metric=True
============================================================
  MTE@0.1: 1.1352
  MTE@0.5: 1.9910
  MTE@1.0: 2.5254
  W2@1.0:  1.8485
  sW2@0.5: 1.4607 (105/200 in region)
  sW2@1.0: 2.0790 (64/200 in region)
  MMD@1.0: 0.2740
  Survival@1.0: 76.0%
  Stopped@1.0:  32.0%

  >> E_mu_held=0.5432  W2=1.8485  drift_loss=0.514120  (8s)

============================================================
  seed=9042  condition=smooth-euc  lambda_smooth=0.5  metric=False
============================================================
  MTE@0.1: 1.1363
  MTE@0.5: 1.9905
  MTE@1.0: 2.5275
  W2@1.0:  1.8561
  sW2@0.5: 1.4608 (105/200 in region)
  sW2@1.0: 2.0679 (64/200 in region)
  MMD@1.0: 0.2745
  Survival@1.0: 76.0%
  Stopped@1.0:  32.0%

  >> E_mu_held=0.5392  W2=1.8561  drift_loss=0.520509  (8s)

--- Stage 1: Autoencoder (recon + T+F+K) ---
  Epoch 40: loss=0.788997
  Epoch 80: loss=0.730410
  Epoch 120: loss=0.724658
  Epoch 160: loss=0.724241
  Epoch 200: loss=0.724322

============================================================
  seed=9042  condition=K  lambda_smooth=0.0  metric=True
============================================================
  MTE@0.1: 1.2533
  MTE@0.5: 2.3977
  MTE@1.0: 3.3376
  W2@1.0:  2.5619
  sW2@0.5: 1.9858 (105/200 in region)
  sW2@1.0: 3.5158 (64/200 in region)
  MMD@1.0: 0.3883
  Survival@1.0: 76.0%
  Stopped@1.0:  32.0%

  >> E_mu_held=0.2721  W2=2.5619  drift_loss=0.167104  (7s)

============================================================
  seed=9042  condition=K+smooth  lambda_smooth=0.5  metric=True
============================================================
  MTE@0.1: 1.2465
  MTE@0.5: 2.2512
  MTE@1.0: 2.8595
  W2@1.0:  2.1023
  sW2@0.5: 1.7772 (105/200 in region)
  sW2@1.0: 2.9129 (64/200 in region)
  MMD@1.0: 0.3520
  Survival@1.0: 76.0%
  Stopped@1.0:  32.0%

  >> E_mu_held=0.4392  W2=2.1023  drift_loss=0.352168  (8s)

============================================================
  seed=9042  condition=K+smooth-euc  lambda_smooth=0.5  metric=False
============================================================
  MTE@0.1: 1.2459
  MTE@0.5: 2.2509
  MTE@1.0: 2.8629
  W2@1.0:  2.1038
  sW2@0.5: 1.7678 (105/200 in region)
  sW2@1.0: 2.9001 (64/200 in region)
  MMD@1.0: 0.3527
  Survival@1.0: 76.0%
  Stopped@1.0:  32.0%

  >> E_mu_held=0.4563  W2=2.1038  drift_loss=0.356387  (8s)

Saved 60 rows to drift_smoothness_validation.csv

======================================================================
SUMMARY (paired t-tests, lower = better)
======================================================================

  K vs baseline:
    E_mu_held      -16.7%  7/10 wins  p=0.2519 
    W2@1.0          +7.8%  4/10 wins  p=0.2755 
    sW2@1.0        +10.2%  3/10 wins  p=0.2984 
    MTE@1.0         +2.0%  3/10 wins  p=0.6856 

  smooth (metric) vs baseline:
    E_mu_held      +35.2%  0/10 wins  p=0.0000 **
    W2@1.0         -10.5%  9/10 wins  p=0.0106 *
    sW2@1.0        -16.9%  10/10 wins  p=0.0026 **
    MTE@1.0         -8.4%  10/10 wins  p=0.0001 **

  smooth-euc vs baseline:
    E_mu_held      +32.5%  0/10 wins  p=0.0000 **
    W2@1.0         -10.6%  9/10 wins  p=0.0099 **
    sW2@1.0        -17.0%  10/10 wins  p=0.0026 **
    MTE@1.0         -8.5%  10/10 wins  p=0.0000 **

  K+smooth vs baseline:
    E_mu_held      +34.7%  1/10 wins  p=0.0109 *
    W2@1.0          -6.2%  6/10 wins  p=0.3072 
    sW2@1.0         -8.2%  7/10 wins  p=0.3410 
    MTE@1.0         -6.8%  7/10 wins  p=0.1497 

  K+smooth vs smooth (does K help?):
    E_mu_held       -0.4%  5/10 wins  p=0.9511 
    W2@1.0          +4.8%  3/10 wins  p=0.3520 
    sW2@1.0        +10.5%  4/10 wins  p=0.2776 
    MTE@1.0         +1.8%  2/10 wins  p=0.6862 

  smooth vs smooth-euc (does metric help?):
    E_mu_held       +2.0%  3/10 wins  p=0.0358 *
    W2@1.0          +0.2%  4/10 wins  p=0.6048 
    sW2@1.0         +0.1%  5/10 wins  p=0.8993 
    MTE@1.0         +0.2%  4/10 wins  p=0.3259 

  K+smooth vs K+smooth-euc (does metric help w/ K?):
    E_mu_held       +2.3%  4/10 wins  p=0.3103 
    W2@1.0          +0.5%  4/10 wins  p=0.5120 
    sW2@1.0         +1.2%  3/10 wins  p=0.3191 
    MTE@1.0         +0.3%  5/10 wins  p=0.2641 

  K+smooth vs K (does smooth help K?):
    E_mu_held      +61.7%  0/10 wins  p=0.0002 **
    W2@1.0         -12.9%  10/10 wins  p=0.0025 **
    sW2@1.0        -16.7%  10/10 wins  p=0.0002 **
    MTE@1.0         -8.5%  10/10 wins  p=0.0006 **

Total time: 539.0s
