Device: cuda
Seeds: [42, 1042, 2042, 3042, 4042, 5042, 6042, 7042, 8042, 9042]

============================================================
EXTRAPOLATION: F only
============================================================

  paraboloid | F | seed=42
  Epoch 100: loss=0.030804
  Epoch 200: loss=0.029124
  Epoch 300: loss=0.028811
  Epoch 400: loss=0.028183
  Epoch 500: loss=0.028068
    dist=0.0: recon=0.204749

  paraboloid | F | seed=1042
  Epoch 100: loss=0.034917
  Epoch 200: loss=0.030251
  Epoch 300: loss=0.029853
  Epoch 400: loss=0.028838
  Epoch 500: loss=0.028757
    dist=0.0: recon=0.192487

  paraboloid | F | seed=2042
  Epoch 100: loss=0.051502
  Epoch 200: loss=0.048146
  Epoch 300: loss=0.047795
  Epoch 400: loss=0.046931
  Epoch 500: loss=0.044190
    dist=0.0: recon=0.183077

  paraboloid | F | seed=3042
  Epoch 100: loss=0.056853
  Epoch 200: loss=0.046411
  Epoch 300: loss=0.046837
  Epoch 400: loss=0.043415
  Epoch 500: loss=0.041701
    dist=0.0: recon=0.177660

  paraboloid | F | seed=4042
  Epoch 100: loss=0.037804
  Epoch 200: loss=0.035850
  Epoch 300: loss=0.034396
  Epoch 400: loss=0.033212
  Epoch 500: loss=0.035925
    dist=0.0: recon=0.224532

  paraboloid | F | seed=5042
  Epoch 100: loss=0.071738
  Epoch 200: loss=0.012696
  Epoch 300: loss=0.012417
  Epoch 400: loss=0.012378
  Epoch 500: loss=0.012236
    dist=0.0: recon=0.539252

  paraboloid | F | seed=6042
  Epoch 100: loss=0.041864
  Epoch 200: loss=0.034759
  Epoch 300: loss=0.037350
  Epoch 400: loss=0.034621
  Epoch 500: loss=0.034151
    dist=0.0: recon=0.269543

  paraboloid | F | seed=7042
  Epoch 100: loss=0.031280
  Epoch 200: loss=0.028219
  Epoch 300: loss=0.029257
  Epoch 400: loss=0.028071
  Epoch 500: loss=0.027340
    dist=0.0: recon=0.258716

  paraboloid | F | seed=8042
  Epoch 100: loss=0.046610
  Epoch 200: loss=0.040155
  Epoch 300: loss=0.040099
  Epoch 400: loss=0.040190
  Epoch 500: loss=0.034812
    dist=0.0: recon=0.253067

  paraboloid | F | seed=9042
  Epoch 100: loss=0.075746
  Epoch 200: loss=0.032003
  Epoch 300: loss=0.030842
  Epoch 400: loss=0.031158
  Epoch 500: loss=0.030205
    dist=0.0: recon=0.234942

  hyperbolic_paraboloid | F | seed=42
  Epoch 100: loss=0.062547
  Epoch 200: loss=0.057704
  Epoch 300: loss=0.057446
  Epoch 400: loss=0.056666
  Epoch 500: loss=0.056155
    dist=0.0: recon=0.176546

  hyperbolic_paraboloid | F | seed=1042
  Epoch 100: loss=0.047132
  Epoch 200: loss=0.043742
  Epoch 300: loss=0.043724
  Epoch 400: loss=0.042820
  Epoch 500: loss=0.043600
    dist=0.0: recon=0.195359

  hyperbolic_paraboloid | F | seed=2042
  Epoch 100: loss=0.054729
  Epoch 200: loss=0.057072
  Epoch 300: loss=0.053703
  Epoch 400: loss=0.053088
  Epoch 500: loss=0.052497
    dist=0.0: recon=0.238492

  hyperbolic_paraboloid | F | seed=3042
  Epoch 100: loss=0.069392
  Epoch 200: loss=0.061949
  Epoch 300: loss=0.061464
  Epoch 400: loss=0.067009
  Epoch 500: loss=0.059644
    dist=0.0: recon=0.203440

  hyperbolic_paraboloid | F | seed=4042
  Epoch 100: loss=0.098968
  Epoch 200: loss=0.024361
  Epoch 300: loss=0.024816
  Epoch 400: loss=0.024323
  Epoch 500: loss=0.024374
    dist=0.0: recon=0.233153

  hyperbolic_paraboloid | F | seed=5042
  Epoch 100: loss=0.058998
  Epoch 200: loss=0.049937
  Epoch 300: loss=0.017794
  Epoch 400: loss=0.019277
  Epoch 500: loss=0.015337
    dist=0.0: recon=0.447916

  hyperbolic_paraboloid | F | seed=6042
  Epoch 100: loss=0.039215
  Epoch 200: loss=0.031024
  Epoch 300: loss=0.030497
  Epoch 400: loss=0.029592
  Epoch 500: loss=0.029016
    dist=0.0: recon=0.235050

  hyperbolic_paraboloid | F | seed=7042
  Epoch 100: loss=0.041470
  Epoch 200: loss=0.046803
  Epoch 300: loss=0.040990
  Epoch 400: loss=0.039123
  Epoch 500: loss=0.038631
    dist=0.0: recon=0.207349

  hyperbolic_paraboloid | F | seed=8042
  Epoch 100: loss=0.035414
  Epoch 200: loss=0.034637
  Epoch 300: loss=0.034372
  Epoch 400: loss=0.033786
  Epoch 500: loss=0.033666
    dist=0.0: recon=0.294184

  hyperbolic_paraboloid | F | seed=9042
  Epoch 100: loss=0.041663
  Epoch 200: loss=0.035351
  Epoch 300: loss=0.034227
  Epoch 400: loss=0.034404
  Epoch 500: loss=0.031319
    dist=0.0: recon=0.257739

  quartic_dome | F | seed=42
  Epoch 100: loss=0.011766
  Epoch 200: loss=0.008344
  Epoch 300: loss=0.008031
  Epoch 400: loss=0.007888
  Epoch 500: loss=0.007776
    dist=0.0: recon=0.072985

  quartic_dome | F | seed=1042
  Epoch 100: loss=0.020004
  Epoch 200: loss=0.014785
  Epoch 300: loss=0.014545
  Epoch 400: loss=0.014122
  Epoch 500: loss=0.014103
    dist=0.0: recon=0.067735

  quartic_dome | F | seed=2042
  Epoch 100: loss=0.047104
  Epoch 200: loss=0.018363
  Epoch 300: loss=0.018189
  Epoch 400: loss=0.020730
  Epoch 500: loss=0.017885
    dist=0.0: recon=0.065852

  quartic_dome | F | seed=3042
  Epoch 100: loss=0.231144
  Epoch 200: loss=0.014997
  Epoch 300: loss=0.015027
  Epoch 400: loss=0.016144
  Epoch 500: loss=0.014645
    dist=0.0: recon=0.060959

  quartic_dome | F | seed=4042
  Epoch 100: loss=0.038365
  Epoch 200: loss=0.013231
  Epoch 300: loss=0.013444
  Epoch 400: loss=0.012705
  Epoch 500: loss=0.012815
    dist=0.0: recon=0.069962

  quartic_dome | F | seed=5042
  Epoch 100: loss=0.031105
  Epoch 200: loss=0.009240
  Epoch 300: loss=0.011396
  Epoch 400: loss=0.009360
  Epoch 500: loss=0.007823
    dist=0.0: recon=0.298809

  quartic_dome | F | seed=6042
  Epoch 100: loss=0.018877
  Epoch 200: loss=0.016142
  Epoch 300: loss=0.015923
  Epoch 400: loss=0.020926
  Epoch 500: loss=0.018116
    dist=0.0: recon=0.097530

  quartic_dome | F | seed=7042
  Epoch 100: loss=0.036166
  Epoch 200: loss=0.027494
  Epoch 300: loss=0.013284
  Epoch 400: loss=0.013104
  Epoch 500: loss=0.013096
    dist=0.0: recon=0.097188

  quartic_dome | F | seed=8042
  Epoch 100: loss=0.025420
  Epoch 200: loss=0.016804
  Epoch 300: loss=0.016441
  Epoch 400: loss=0.017776
  Epoch 500: loss=0.018315
    dist=0.0: recon=0.077883

  quartic_dome | F | seed=9042
  Epoch 100: loss=0.034473
  Epoch 200: loss=0.011499
  Epoch 300: loss=0.010876
  Epoch 400: loss=0.011310
  Epoch 500: loss=0.014785
    dist=0.0: recon=0.097072

  sinusoidal | F | seed=42
  Epoch 100: loss=0.004502
  Epoch 200: loss=0.002612
  Epoch 300: loss=0.003334
  Epoch 400: loss=0.002312
  Epoch 500: loss=0.001995
    dist=0.0: recon=0.008788

  sinusoidal | F | seed=1042
  Epoch 100: loss=0.001731
  Epoch 200: loss=0.005144
  Epoch 300: loss=0.000842
  Epoch 400: loss=0.011433
  Epoch 500: loss=0.000781
    dist=0.0: recon=0.007080

  sinusoidal | F | seed=2042
  Epoch 100: loss=0.005700
  Epoch 200: loss=0.002551
  Epoch 300: loss=0.002702
  Epoch 400: loss=0.002169
  Epoch 500: loss=0.002634
    dist=0.0: recon=0.008511

  sinusoidal | F | seed=3042
  Epoch 100: loss=0.003252
  Epoch 200: loss=0.001190
  Epoch 300: loss=0.001071
  Epoch 400: loss=0.001034
  Epoch 500: loss=0.000784
    dist=0.0: recon=0.005418

  sinusoidal | F | seed=4042
  Epoch 100: loss=0.005884
  Epoch 200: loss=0.000790
  Epoch 300: loss=0.000889
  Epoch 400: loss=0.007628
  Epoch 500: loss=0.000625
    dist=0.0: recon=0.009182

  sinusoidal | F | seed=5042
  Epoch 100: loss=0.004773
  Epoch 200: loss=0.002176
  Epoch 300: loss=0.002909
  Epoch 400: loss=0.002351
  Epoch 500: loss=0.002513
    dist=0.0: recon=0.025226

  sinusoidal | F | seed=6042
  Epoch 100: loss=0.017331
  Epoch 200: loss=0.002784
  Epoch 300: loss=0.000665
  Epoch 400: loss=0.001390
  Epoch 500: loss=0.000633
    dist=0.0: recon=0.008492

  sinusoidal | F | seed=7042
  Epoch 100: loss=0.041996
  Epoch 200: loss=0.001514
  Epoch 300: loss=0.002777
  Epoch 400: loss=0.001036
  Epoch 500: loss=0.002187
    dist=0.0: recon=0.007920

  sinusoidal | F | seed=8042
  Epoch 100: loss=0.001771
  Epoch 200: loss=0.000833
  Epoch 300: loss=0.002880
  Epoch 400: loss=0.000531
  Epoch 500: loss=0.000595
    dist=0.0: recon=0.007604

  sinusoidal | F | seed=9042
  Epoch 100: loss=0.002588
  Epoch 200: loss=0.007034
  Epoch 300: loss=0.006988
  Epoch 400: loss=0.000937
  Epoch 500: loss=0.000977
    dist=0.0: recon=0.007037

Appended 240 rows to paper_extrapolation.csv

  F at delta=0.0:
                   paraboloid: 0.254 ± 0.105
        hyperbolic_paraboloid: 0.249 ± 0.078
                 quartic_dome: 0.101 ± 0.071
                   sinusoidal: 0.010 ± 0.006

  F at delta=0.3:
                   paraboloid: 2.153 ± 0.197
        hyperbolic_paraboloid: 1.271 ± 0.071
                 quartic_dome: 0.164 ± 0.156
                   sinusoidal: 0.137 ± 0.024

============================================================
DYNAMICS: F only (paraboloid)
============================================================

  paraboloid | F | seed=42
  Epoch 100: loss=0.030804
  Epoch 200: loss=0.029124
  Epoch 300: loss=0.028811
  Epoch 400: loss=0.028183
  Epoch 500: loss=0.028068

  paraboloid | F | seed=1042
  Epoch 100: loss=0.034917
  Epoch 200: loss=0.030251
  Epoch 300: loss=0.029853
  Epoch 400: loss=0.028838
  Epoch 500: loss=0.028757

  paraboloid | F | seed=2042
  Epoch 100: loss=0.051502
  Epoch 200: loss=0.048146
  Epoch 300: loss=0.047795
  Epoch 400: loss=0.046931
  Epoch 500: loss=0.044190

  paraboloid | F | seed=3042
  Epoch 100: loss=0.056853
  Epoch 200: loss=0.046411
  Epoch 300: loss=0.046837
  Epoch 400: loss=0.043415
  Epoch 500: loss=0.041701

  paraboloid | F | seed=4042
  Epoch 100: loss=0.037804
  Epoch 200: loss=0.035850
  Epoch 300: loss=0.034396
  Epoch 400: loss=0.033212
  Epoch 500: loss=0.035925

  paraboloid | F | seed=5042
  Epoch 100: loss=0.071738
  Epoch 200: loss=0.012696
  Epoch 300: loss=0.012417
  Epoch 400: loss=0.012378
  Epoch 500: loss=0.012236

  paraboloid | F | seed=6042
  Epoch 100: loss=0.041864
  Epoch 200: loss=0.034759
  Epoch 300: loss=0.037350
  Epoch 400: loss=0.034621
  Epoch 500: loss=0.034151

  paraboloid | F | seed=7042
  Epoch 100: loss=0.031280
  Epoch 200: loss=0.028219
  Epoch 300: loss=0.029257
  Epoch 400: loss=0.028071
  Epoch 500: loss=0.027340

  paraboloid | F | seed=8042
  Epoch 100: loss=0.046610
  Epoch 200: loss=0.040155
  Epoch 300: loss=0.040099
  Epoch 400: loss=0.040190
  Epoch 500: loss=0.034812

  paraboloid | F | seed=9042
  Epoch 100: loss=0.075746
  Epoch 200: loss=0.032003
  Epoch 300: loss=0.030842
  Epoch 400: loss=0.031158
  Epoch 500: loss=0.030205

Appended 60 rows to paper_dynamics.csv

  F dynamics at delta=0.0:
    cov_tangent: 63.1 ± 18.8
    drift_tangent: 6.04 ± 0.82

  F dynamics at delta=0.3:
    cov_tangent: 1038.5 ± 263.9
    drift_tangent: 21.28 ± 4.89
