Device: cuda
D=11, N=50, surface=paraboloid
Seeds: [42, 1042, 2042, 3042, 4042]


============================================================
  SEED 42
============================================================

  --- no_penalty ---
      Epoch 100/500: loss=0.018654
      Epoch 200/500: loss=0.010097
      Epoch 300/500: loss=0.001782
      Epoch 400/500: loss=0.000742
      Epoch 500/500: loss=0.000952
    recon_per_dim=0.001680
  Stage 2 epoch 100/300: loss=0.865202
  Stage 2 epoch 200/300: loss=0.927466
  Stage 2 epoch 300/300: loss=0.820563
  Stage 3 epoch 100/300: loss=0.108442
  Stage 3 epoch 200/300: loss=0.087675
  Stage 3 epoch 300/300: loss=0.071471

    Evaluating all metrics...
    MFPT_err_r0.5: 7.2540
    MFPT_err_r1.0: 11.4780
    MFPT_err_r2.0: 8.2840
    MFPT_gt_r0.5: 27.6840
    MFPT_gt_r1.0: 71.1100
    MFPT_gt_r2.0: 99.4040
    MFPT_learned_r0.5: 20.4300
    MFPT_learned_r1.0: 59.6320
    MFPT_learned_r2.0: 91.1200
    MTE_amb@0.1: 1.0368
    MTE_amb@0.5: 1.5072
    MTE_amb@1.0: 1.4196
    MTE_ambient: 1.1833
    MTE_lat@0.1: 0.5602
    MTE_lat@0.5: 1.0834
    MTE_lat@1.0: 0.8955
    MTE_latent: 0.8955
    W2_ambient: 0.7055
    W2_latent: 0.2815

  --- T+F ---
      Epoch 100/500: loss=0.468872
      Epoch 200/500: loss=0.038427
      Epoch 300/500: loss=0.008950
      Epoch 400/500: loss=0.011219
      Epoch 500/500: loss=0.008317
    recon_per_dim=0.000845
  Stage 2 epoch 100/300: loss=0.129158
  Stage 2 epoch 200/300: loss=0.145481
  Stage 2 epoch 300/300: loss=0.128316
  Stage 3 epoch 100/300: loss=0.057886
  Stage 3 epoch 200/300: loss=0.022937
  Stage 3 epoch 300/300: loss=0.013271

    Evaluating all metrics...
    MFPT_err_r0.5: 14.6780
    MFPT_err_r1.0: 23.9300
    MFPT_err_r2.0: 8.2840
    MFPT_gt_r0.5: 34.3400
    MFPT_gt_r1.0: 81.4360
    MFPT_gt_r2.0: 100.0000
    MFPT_learned_r0.5: 19.6620
    MFPT_learned_r1.0: 57.5060
    MFPT_learned_r2.0: 91.7160
    MTE_amb@0.1: 0.5676
    MTE_amb@0.5: 0.8618
    MTE_amb@1.0: 1.0567
    MTE_ambient: 0.8648
    MTE_lat@0.1: 0.2201
    MTE_lat@0.5: 0.4047
    MTE_lat@1.0: 0.5213
    MTE_latent: 0.5213
    W2_ambient: 0.5460
    W2_latent: 0.1941

============================================================
  SEED 1042
============================================================

  --- no_penalty ---
      Epoch 100/500: loss=0.016204
      Epoch 200/500: loss=0.006816
      Epoch 300/500: loss=0.001513
      Epoch 400/500: loss=0.000929
      Epoch 500/500: loss=0.000691
    recon_per_dim=0.000629
  Stage 2 epoch 100/300: loss=1.160705
  Stage 2 epoch 200/300: loss=1.112936
  Stage 2 epoch 300/300: loss=1.057657
  Stage 3 epoch 100/300: loss=0.122786
  Stage 3 epoch 200/300: loss=0.092578
  Stage 3 epoch 300/300: loss=0.079633

    Evaluating all metrics...
    MFPT_err_r0.5: 1.1680
    MFPT_err_r1.0: 8.7160
    MFPT_err_r2.0: 6.4680
    MFPT_gt_r0.5: 28.8800
    MFPT_gt_r1.0: 71.8540
    MFPT_gt_r2.0: 99.4900
    MFPT_learned_r0.5: 27.7120
    MFPT_learned_r1.0: 63.1380
    MFPT_learned_r2.0: 93.0220
    MTE_amb@0.1: 1.0622
    MTE_amb@0.5: 1.5417
    MTE_amb@1.0: 1.5770
    MTE_ambient: 1.3841
    MTE_lat@0.1: 0.6600
    MTE_lat@0.5: 1.0469
    MTE_lat@1.0: 1.0691
    MTE_latent: 1.0691
    W2_ambient: 0.7976
    W2_latent: 0.2974

  --- T+F ---
      Epoch 100/500: loss=0.312612
      Epoch 200/500: loss=0.030504
      Epoch 300/500: loss=0.026756
      Epoch 400/500: loss=0.008413
      Epoch 500/500: loss=0.002478
    recon_per_dim=0.000031
  Stage 2 epoch 100/300: loss=0.103950
  Stage 2 epoch 200/300: loss=0.104582
  Stage 2 epoch 300/300: loss=0.107198
  Stage 3 epoch 100/300: loss=0.028943
  Stage 3 epoch 200/300: loss=0.013142
  Stage 3 epoch 300/300: loss=0.009912

    Evaluating all metrics...
    MFPT_err_r0.5: 14.3740
    MFPT_err_r1.0: 24.3520
    MFPT_err_r2.0: 9.1940
    MFPT_gt_r0.5: 32.7640
    MFPT_gt_r1.0: 79.9920
    MFPT_gt_r2.0: 100.0000
    MFPT_learned_r0.5: 18.3900
    MFPT_learned_r1.0: 55.6400
    MFPT_learned_r2.0: 90.8060
    MTE_amb@0.1: 1.1722
    MTE_amb@0.5: 2.0456
    MTE_amb@1.0: 2.3520
    MTE_ambient: 1.9738
    MTE_lat@0.1: 0.5807
    MTE_lat@0.5: 1.1323
    MTE_lat@1.0: 1.4353
    MTE_latent: 1.4353
    W2_ambient: 1.2918
    W2_latent: 0.3888

============================================================
  SEED 2042
============================================================

  --- no_penalty ---
      Epoch 100/500: loss=0.026320
      Epoch 200/500: loss=0.009942
      Epoch 300/500: loss=0.001677
      Epoch 400/500: loss=0.000502
      Epoch 500/500: loss=0.001295
    recon_per_dim=0.000881
  Stage 2 epoch 100/300: loss=0.976530
  Stage 2 epoch 200/300: loss=0.889628
  Stage 2 epoch 300/300: loss=0.881544
  Stage 3 epoch 100/300: loss=0.110404
  Stage 3 epoch 200/300: loss=0.059707
  Stage 3 epoch 300/300: loss=0.045744

    Evaluating all metrics...
    MFPT_err_r0.5: 13.7320
    MFPT_err_r1.0: 25.3040
    MFPT_err_r2.0: 15.5860
    MFPT_gt_r0.5: 27.7180
    MFPT_gt_r1.0: 69.8280
    MFPT_gt_r2.0: 99.4780
    MFPT_learned_r0.5: 13.9860
    MFPT_learned_r1.0: 44.5240
    MFPT_learned_r2.0: 83.8920
    MTE_amb@0.1: 1.4769
    MTE_amb@0.5: 2.0996
    MTE_amb@1.0: 1.8485
    MTE_ambient: 1.6533
    MTE_lat@0.1: 0.9050
    MTE_lat@0.5: 1.7250
    MTE_lat@1.0: 1.5327
    MTE_latent: 1.5327
    W2_ambient: 0.7161
    W2_latent: 0.3458

  --- T+F ---
      Epoch 100/500: loss=0.412362
      Epoch 200/500: loss=0.031087
      Epoch 300/500: loss=0.013758
      Epoch 400/500: loss=0.006283
      Epoch 500/500: loss=0.009002
    recon_per_dim=0.001124
  Stage 2 epoch 100/300: loss=0.151981
  Stage 2 epoch 200/300: loss=0.133348
  Stage 2 epoch 300/300: loss=0.117311
  Stage 3 epoch 100/300: loss=0.055884
  Stage 3 epoch 200/300: loss=0.023083
  Stage 3 epoch 300/300: loss=0.009827

    Evaluating all metrics...
    MFPT_err_r0.5: 15.3260
    MFPT_err_r1.0: 26.4960
    MFPT_err_r2.0: 12.7780
    MFPT_gt_r0.5: 33.9480
    MFPT_gt_r1.0: 79.5260
    MFPT_gt_r2.0: 100.0000
    MFPT_learned_r0.5: 18.6220
    MFPT_learned_r1.0: 53.0300
    MFPT_learned_r2.0: 87.2220
    MTE_amb@0.1: 1.1059
    MTE_amb@0.5: 1.9136
    MTE_amb@1.0: 2.0088
    MTE_ambient: 1.6996
    MTE_lat@0.1: 0.5072
    MTE_lat@0.5: 1.0609
    MTE_lat@1.0: 1.1882
    MTE_latent: 1.1882
    W2_ambient: 1.0583
    W2_latent: 0.4209

============================================================
  SEED 3042
============================================================

  --- no_penalty ---
      Epoch 100/500: loss=0.025698
      Epoch 200/500: loss=0.005883
      Epoch 300/500: loss=0.001166
      Epoch 400/500: loss=0.000477
      Epoch 500/500: loss=0.000326
    recon_per_dim=0.000264
  Stage 2 epoch 100/300: loss=1.213607
  Stage 2 epoch 200/300: loss=1.230408
  Stage 2 epoch 300/300: loss=1.168980
  Stage 3 epoch 100/300: loss=0.090829
  Stage 3 epoch 200/300: loss=0.076414
  Stage 3 epoch 300/300: loss=0.064192

    Evaluating all metrics...
    MFPT_err_r0.5: 9.4360
    MFPT_err_r1.0: 14.0720
    MFPT_err_r2.0: 8.1620
    MFPT_gt_r0.5: 28.1720
    MFPT_gt_r1.0: 71.3240
    MFPT_gt_r2.0: 99.7920
    MFPT_learned_r0.5: 18.7360
    MFPT_learned_r1.0: 57.2520
    MFPT_learned_r2.0: 91.6300
    MTE_amb@0.1: 1.0819
    MTE_amb@0.5: 1.4343
    MTE_amb@1.0: 1.5340
    MTE_ambient: 1.3205
    MTE_lat@0.1: 0.5688
    MTE_lat@0.5: 0.9191
    MTE_lat@1.0: 1.0722
    MTE_latent: 1.0722
    W2_ambient: 0.7129
    W2_latent: 0.3589

  --- T+F ---
      Epoch 100/500: loss=0.548769
      Epoch 200/500: loss=0.035259
      Epoch 300/500: loss=0.008464
      Epoch 400/500: loss=0.009393
      Epoch 500/500: loss=0.002442
    recon_per_dim=0.000028
  Stage 2 epoch 100/300: loss=0.149733
  Stage 2 epoch 200/300: loss=0.170209
  Stage 2 epoch 300/300: loss=0.149244
  Stage 3 epoch 100/300: loss=0.056798
  Stage 3 epoch 200/300: loss=0.041647
  Stage 3 epoch 300/300: loss=0.031334

    Evaluating all metrics...
    MFPT_err_r0.5: 6.1340
    MFPT_err_r1.0: 11.6900
    MFPT_err_r2.0: 6.5860
    MFPT_gt_r0.5: 32.7940
    MFPT_gt_r1.0: 79.5980
    MFPT_gt_r2.0: 100.0000
    MFPT_learned_r0.5: 26.6600
    MFPT_learned_r1.0: 67.9080
    MFPT_learned_r2.0: 93.4140
    MTE_amb@0.1: 1.1308
    MTE_amb@0.5: 1.7108
    MTE_amb@1.0: 2.0444
    MTE_ambient: 1.7118
    MTE_lat@0.1: 0.4769
    MTE_lat@0.5: 0.8513
    MTE_lat@1.0: 1.0841
    MTE_latent: 1.0841
    W2_ambient: 1.2070
    W2_latent: 0.3611

============================================================
  SEED 4042
============================================================

  --- no_penalty ---
      Epoch 100/500: loss=0.015158
      Epoch 200/500: loss=0.007542
      Epoch 300/500: loss=0.001608
      Epoch 400/500: loss=0.000527
      Epoch 500/500: loss=0.000659
    recon_per_dim=0.000584
  Stage 2 epoch 100/300: loss=1.013804
  Stage 2 epoch 200/300: loss=1.183145
  Stage 2 epoch 300/300: loss=1.223061
  Stage 3 epoch 100/300: loss=0.123368
  Stage 3 epoch 200/300: loss=0.066873
  Stage 3 epoch 300/300: loss=0.064848

    Evaluating all metrics...
    MFPT_err_r0.5: 11.4100
    MFPT_err_r1.0: 27.0780
    MFPT_err_r2.0: 17.5180
    MFPT_gt_r0.5: 25.3180
    MFPT_gt_r1.0: 69.5660
    MFPT_gt_r2.0: 99.4420
    MFPT_learned_r0.5: 13.9080
    MFPT_learned_r1.0: 42.4880
    MFPT_learned_r2.0: 81.9240
    MTE_amb@0.1: 1.1712
    MTE_amb@0.5: 1.5920
    MTE_amb@1.0: 1.5980
    MTE_ambient: 1.4389
    MTE_lat@0.1: 0.7570
    MTE_lat@0.5: 1.1850
    MTE_lat@1.0: 1.1142
    MTE_latent: 1.1142
    W2_ambient: 0.5846
    W2_latent: 0.2637

  --- T+F ---
      Epoch 100/500: loss=0.312504
      Epoch 200/500: loss=0.052106
      Epoch 300/500: loss=0.019672
      Epoch 400/500: loss=0.016793
      Epoch 500/500: loss=0.005687
    recon_per_dim=0.000089
  Stage 2 epoch 100/300: loss=0.145866
  Stage 2 epoch 200/300: loss=0.187866
  Stage 2 epoch 300/300: loss=0.190612
  Stage 3 epoch 100/300: loss=0.068710
  Stage 3 epoch 200/300: loss=0.038147
  Stage 3 epoch 300/300: loss=0.035078

    Evaluating all metrics...
    MFPT_err_r0.5: 7.6380
    MFPT_err_r1.0: 21.8540
    MFPT_err_r2.0: 9.6560
    MFPT_gt_r0.5: 30.5760
    MFPT_gt_r1.0: 83.0840
    MFPT_gt_r2.0: 100.0000
    MFPT_learned_r0.5: 22.9380
    MFPT_learned_r1.0: 61.2300
    MFPT_learned_r2.0: 90.3440
    MTE_amb@0.1: 0.9726
    MTE_amb@0.5: 1.8116
    MTE_amb@1.0: 2.3073
    MTE_ambient: 1.8806
    MTE_lat@0.1: 0.4438
    MTE_lat@0.5: 0.9786
    MTE_lat@1.0: 1.4182
    MTE_latent: 1.4182
    W2_ambient: 1.5547
    W2_latent: 0.6149


================================================================================
SUMMARY
================================================================================

  metric                           no_penalty               T+F        Δ%
  -------------------------  ----------------  ----------------  --------
  W2_ambient                  0.7033±0.0682   1.1316±0.3343    +60.9%
  MTE_ambient                 1.3960±0.1544   1.6261±0.3945    +16.5%
  W2_latent                   0.3095±0.0368   0.3960±0.1346    +28.0%
  MTE_latent                  1.1367±0.2118   1.1294±0.3323     -0.6%
  MFPT_learned_r0.5          18.9544±5.0808  21.2544±3.1536    +12.1%
  MFPT_gt_r0.5               27.5544±1.1986  32.8844±1.3116    +19.3%
  MFPT_err_r0.5               8.6000±4.2890  11.6300±3.9146    +35.2%
  MFPT_learned_r1.0          53.4068±8.3230  59.0628±5.1666    +10.6%
  MFPT_gt_r1.0               70.7364±0.8864  80.7272±1.3649    +14.1%
  MFPT_err_r1.0              17.3296±7.4521  21.6644±5.2005    +25.0%
  MFPT_learned_r2.0          88.3176±4.5038  90.7004±2.0314     +2.7%
  MFPT_gt_r2.0               99.5212±0.1387  100.0000±0.0000     +0.5%
  MFPT_err_r2.0              11.2036±4.4560   9.2996±2.0314    -17.0%
  MTE_amb@0.1                 1.1658±0.1620   0.9898±0.2214    -15.1%
  MTE_lat@0.1                 0.6902±0.1290   0.4457±0.1215    -35.4%
  MTE_amb@0.5                 1.6350±0.2379   1.6687±0.4184     +2.1%
  MTE_lat@0.5                 1.1919±0.2798   0.8856±0.2579    -25.7%
  MTE_amb@1.0                 1.5954±0.1408   1.9538±0.4690    +22.5%
  MTE_lat@1.0                 1.1367±0.2118   1.1294±0.3323     -0.6%
