Device: cuda
D=201, N=50
Surfaces: ['paraboloid', 'hyperbolic_paraboloid']
Conditions: ['baseline', 'T', 'F', 'T+F']
Seeds (10): [42, 1042, 2042, 3042, 4042, 5042, 6042, 7042, 8042, 9042]
Radii: [0.5, 1.0, 2.0, 3.0]
Total runs: 80


============================================================
  paraboloid | seed=42
============================================================

  --- baseline ---
      Epoch 100/500: loss=0.001249
      Epoch 200/500: loss=0.001194
      Epoch 300/500: loss=0.000739
      Epoch 400/500: loss=0.000286
      Epoch 500/500: loss=0.000083
    recon=0.000116
  Stage 2 epoch 100/300: loss=0.052864
  Stage 2 epoch 200/300: loss=0.054379
  Stage 2 epoch 300/300: loss=0.052917
  Stage 3 epoch 100/300: loss=0.000373
  Stage 3 epoch 200/300: loss=0.000367
  Stage 3 epoch 300/300: loss=0.000315
    r=0.5: GT=0.071 learned=0.118 err=65.7% exit=100%
    r=1.0: GT=0.227 learned=0.375 err=65.3% exit=100%
    r=2.0: GT=0.587 learned=0.878 err=49.6% exit=82%
    r=3.0: GT=0.779 learned=1.171 err=50.4% exit=31%
    W2@1.0=2.0809

  --- T ---
      Epoch 100/500: loss=0.069269
      Epoch 200/500: loss=0.054090
      Epoch 300/500: loss=0.009647
      Epoch 400/500: loss=0.030230
      Epoch 500/500: loss=0.002496
    recon=0.000062
  Stage 2 epoch 100/300: loss=0.066953
  Stage 2 epoch 200/300: loss=0.070129
  Stage 2 epoch 300/300: loss=0.062697
  Stage 3 epoch 100/300: loss=0.000116
  Stage 3 epoch 200/300: loss=0.000053
  Stage 3 epoch 300/300: loss=0.000022
    r=0.5: GT=0.071 learned=0.077 err=7.8% exit=100%
    r=1.0: GT=0.227 learned=0.273 err=20.4% exit=100%
    r=2.0: GT=0.587 learned=0.766 err=30.6% exit=88%
    r=3.0: GT=0.779 learned=0.981 err=26.0% exit=58%
    W2@1.0=1.7230

  --- F ---
      Epoch 100/500: loss=0.008245
      Epoch 200/500: loss=0.006590
      Epoch 300/500: loss=0.009776
      Epoch 400/500: loss=0.006076
      Epoch 500/500: loss=0.005818
    recon=0.005877
  Stage 2 epoch 100/300: loss=0.000121
  Stage 2 epoch 200/300: loss=0.000139
  Stage 2 epoch 300/300: loss=0.000127
  Stage 3 epoch 100/300: loss=0.002166
  Stage 3 epoch 200/300: loss=0.002413
  Stage 3 epoch 300/300: loss=0.002149
    r=0.5: GT=0.071 learned=nan err=nan% exit=0%
    r=1.0: GT=0.227 learned=nan err=nan% exit=0%
    r=2.0: GT=0.587 learned=nan err=nan% exit=0%
    r=3.0: GT=0.779 learned=nan err=nan% exit=0%
    W2@1.0=2.5397

  --- T+F ---
      Epoch 100/500: loss=0.760728
      Epoch 200/500: loss=0.407506
      Epoch 300/500: loss=0.088588
      Epoch 400/500: loss=0.028031
      Epoch 500/500: loss=0.033808
    recon=0.001038
  Stage 2 epoch 100/300: loss=0.007767
  Stage 2 epoch 200/300: loss=0.008276
  Stage 2 epoch 300/300: loss=0.007552
  Stage 3 epoch 100/300: loss=0.000157
  Stage 3 epoch 200/300: loss=0.000082
  Stage 3 epoch 300/300: loss=0.000053
    r=0.5: GT=0.071 learned=0.076 err=6.6% exit=100%
    r=1.0: GT=0.227 learned=0.237 err=4.8% exit=100%
    r=2.0: GT=0.587 learned=0.604 err=2.9% exit=98%
    r=3.0: GT=0.779 learned=0.909 err=16.8% exit=85%
    W2@1.0=1.2663

============================================================
  paraboloid | seed=1042
============================================================

  --- baseline ---
      Epoch 100/500: loss=0.001000
      Epoch 200/500: loss=0.000869
      Epoch 300/500: loss=0.000524
      Epoch 400/500: loss=0.000387
      Epoch 500/500: loss=0.000133
    recon=0.000155
  Stage 2 epoch 100/300: loss=0.050512
  Stage 2 epoch 200/300: loss=0.046271
  Stage 2 epoch 300/300: loss=0.047996
  Stage 3 epoch 100/300: loss=0.000319
  Stage 3 epoch 200/300: loss=0.000286
  Stage 3 epoch 300/300: loss=0.000293
    r=0.5: GT=0.078 learned=0.069 err=12.4% exit=100%
    r=1.0: GT=0.244 learned=0.226 err=7.4% exit=100%
    r=2.0: GT=0.590 learned=0.661 err=12.0% exit=92%
    r=3.0: GT=0.777 learned=0.963 err=24.1% exit=46%
    W2@1.0=1.9497

  --- T ---
      Epoch 100/500: loss=0.041327
      Epoch 200/500: loss=0.018125
      Epoch 300/500: loss=0.017246
      Epoch 400/500: loss=0.005556
      Epoch 500/500: loss=0.004332
    recon=0.000119
  Stage 2 epoch 100/300: loss=0.030101
  Stage 2 epoch 200/300: loss=0.030707
  Stage 2 epoch 300/300: loss=0.028932
  Stage 3 epoch 100/300: loss=0.000070
  Stage 3 epoch 200/300: loss=0.000054
  Stage 3 epoch 300/300: loss=0.000031
    r=0.5: GT=0.078 learned=0.078 err=0.3% exit=100%
    r=1.0: GT=0.244 learned=0.265 err=8.6% exit=100%
    r=2.0: GT=0.590 learned=0.695 err=17.8% exit=88%
    r=3.0: GT=0.777 learned=0.890 err=14.6% exit=61%
    W2@1.0=1.2717

  --- F ---
      Epoch 100/500: loss=0.005831
      Epoch 200/500: loss=0.006105
      Epoch 300/500: loss=0.005576
      Epoch 400/500: loss=0.005467
      Epoch 500/500: loss=0.005886
    recon=0.005554
  Stage 2 epoch 100/300: loss=0.000313
  Stage 2 epoch 200/300: loss=0.000308
  Stage 2 epoch 300/300: loss=0.000300
  Stage 3 epoch 100/300: loss=0.002191
  Stage 3 epoch 200/300: loss=0.002008
  Stage 3 epoch 300/300: loss=0.002111
    r=0.5: GT=0.078 learned=1.462 err=1768.0% exit=4%
    r=1.0: GT=0.244 learned=nan err=nan% exit=0%
    r=2.0: GT=0.590 learned=nan err=nan% exit=0%
    r=3.0: GT=0.777 learned=nan err=nan% exit=0%
    W2@1.0=2.4450

  --- T+F ---
      Epoch 100/500: loss=0.630083
      Epoch 200/500: loss=0.245851
      Epoch 300/500: loss=0.083522
      Epoch 400/500: loss=0.043075
      Epoch 500/500: loss=0.031818
    recon=0.000463
  Stage 2 epoch 100/300: loss=0.019001
  Stage 2 epoch 200/300: loss=0.019234
  Stage 2 epoch 300/300: loss=0.018795
  Stage 3 epoch 100/300: loss=0.000066
  Stage 3 epoch 200/300: loss=0.000058
  Stage 3 epoch 300/300: loss=0.000049
    r=0.5: GT=0.078 learned=0.075 err=4.6% exit=100%
    r=1.0: GT=0.244 learned=0.234 err=4.0% exit=100%
    r=2.0: GT=0.590 learned=0.592 err=0.3% exit=96%
    r=3.0: GT=0.777 learned=0.800 err=3.1% exit=78%
    W2@1.0=1.1848

============================================================
  paraboloid | seed=2042
============================================================

  --- baseline ---
      Epoch 100/500: loss=0.001584
      Epoch 200/500: loss=0.001472
      Epoch 300/500: loss=0.000438
      Epoch 400/500: loss=0.000162
      Epoch 500/500: loss=0.000124
    recon=0.000111
  Stage 2 epoch 100/300: loss=0.043743
  Stage 2 epoch 200/300: loss=0.039575
  Stage 2 epoch 300/300: loss=0.039897
  Stage 3 epoch 100/300: loss=0.000592
  Stage 3 epoch 200/300: loss=0.000507
  Stage 3 epoch 300/300: loss=0.000486
    r=0.5: GT=0.071 learned=0.123 err=74.1% exit=100%
    r=1.0: GT=0.217 learned=0.458 err=111.0% exit=100%
    r=2.0: GT=0.573 learned=0.885 err=54.6% exit=80%
    r=3.0: GT=0.779 learned=1.117 err=43.5% exit=47%
    W2@1.0=1.8230

  --- T ---
      Epoch 100/500: loss=0.048196
      Epoch 200/500: loss=0.023567
      Epoch 300/500: loss=0.019330
      Epoch 400/500: loss=0.006342
      Epoch 500/500: loss=0.003457
    recon=0.000174
  Stage 2 epoch 100/300: loss=0.023641
  Stage 2 epoch 200/300: loss=0.022298
  Stage 2 epoch 300/300: loss=0.020690
  Stage 3 epoch 100/300: loss=0.000161
  Stage 3 epoch 200/300: loss=0.000102
  Stage 3 epoch 300/300: loss=0.000079
    r=0.5: GT=0.071 learned=0.142 err=100.3% exit=100%
    r=1.0: GT=0.217 learned=0.553 err=155.0% exit=98%
    r=2.0: GT=0.573 learned=0.927 err=61.8% exit=58%
    r=3.0: GT=0.779 learned=1.039 err=33.5% exit=35%
    W2@1.0=1.8263

  --- F ---
      Epoch 100/500: loss=0.007031
      Epoch 200/500: loss=0.006921
      Epoch 300/500: loss=0.006317
      Epoch 400/500: loss=0.006284
      Epoch 500/500: loss=0.006325
    recon=0.006359
  Stage 2 epoch 100/300: loss=0.000086
  Stage 2 epoch 200/300: loss=0.000085
  Stage 2 epoch 300/300: loss=0.000080
  Stage 3 epoch 100/300: loss=0.002509
  Stage 3 epoch 200/300: loss=0.002646
  Stage 3 epoch 300/300: loss=0.002732
    r=0.5: GT=0.071 learned=nan err=nan% exit=0%
    r=1.0: GT=0.217 learned=nan err=nan% exit=0%
    r=2.0: GT=0.573 learned=nan err=nan% exit=0%
    r=3.0: GT=0.779 learned=nan err=nan% exit=0%
    W2@1.0=2.4846

  --- T+F ---
      Epoch 100/500: loss=0.936158
      Epoch 200/500: loss=0.528585
      Epoch 300/500: loss=0.165626
      Epoch 400/500: loss=0.057003
      Epoch 500/500: loss=0.033465
    recon=0.000135
  Stage 2 epoch 100/300: loss=0.007793
  Stage 2 epoch 200/300: loss=0.007318
  Stage 2 epoch 300/300: loss=0.006313
  Stage 3 epoch 100/300: loss=0.000174
  Stage 3 epoch 200/300: loss=0.000098
  Stage 3 epoch 300/300: loss=0.000080
    r=0.5: GT=0.071 learned=0.071 err=0.1% exit=100%
    r=1.0: GT=0.217 learned=0.232 err=6.9% exit=100%
    r=2.0: GT=0.573 learned=0.620 err=8.3% exit=98%
    r=3.0: GT=0.779 learned=0.918 err=17.8% exit=83%
    W2@1.0=1.1710

============================================================
  paraboloid | seed=3042
============================================================

  --- baseline ---
      Epoch 100/500: loss=0.001337
      Epoch 200/500: loss=0.001287
      Epoch 300/500: loss=0.000897
      Epoch 400/500: loss=0.000373
      Epoch 500/500: loss=0.000071
    recon=0.000067
  Stage 2 epoch 100/300: loss=0.161524
  Stage 2 epoch 200/300: loss=0.155757
  Stage 2 epoch 300/300: loss=0.151032
  Stage 3 epoch 100/300: loss=0.000432
  Stage 3 epoch 200/300: loss=0.000370
  Stage 3 epoch 300/300: loss=0.000318
    r=0.5: GT=0.077 learned=0.078 err=2.0% exit=100%
    r=1.0: GT=0.228 learned=0.258 err=13.4% exit=100%
    r=2.0: GT=0.578 learned=0.804 err=39.2% exit=88%
    r=3.0: GT=0.778 learned=1.073 err=37.9% exit=41%
    W2@1.0=1.9032

  --- T ---
      Epoch 100/500: loss=0.040342
      Epoch 200/500: loss=0.023536
      Epoch 300/500: loss=0.026216
      Epoch 400/500: loss=0.017849
      Epoch 500/500: loss=0.002841
    recon=0.000144
  Stage 2 epoch 100/300: loss=0.044158
  Stage 2 epoch 200/300: loss=0.052446
  Stage 2 epoch 300/300: loss=0.049085
  Stage 3 epoch 100/300: loss=0.000067
  Stage 3 epoch 200/300: loss=0.000047
  Stage 3 epoch 300/300: loss=0.000029
    r=0.5: GT=0.077 learned=0.074 err=3.0% exit=100%
    r=1.0: GT=0.228 learned=0.261 err=14.6% exit=100%
    r=2.0: GT=0.578 learned=0.750 err=29.7% exit=92%
    r=3.0: GT=0.778 learned=0.953 err=22.6% exit=70%
    W2@1.0=1.4907

  --- F ---
      Epoch 100/500: loss=0.007427
      Epoch 200/500: loss=0.006098
      Epoch 300/500: loss=0.006022
      Epoch 400/500: loss=0.005894
      Epoch 500/500: loss=0.006026
    recon=0.006021
  Stage 2 epoch 100/300: loss=0.000129
  Stage 2 epoch 200/300: loss=0.000140
  Stage 2 epoch 300/300: loss=0.000143
  Stage 3 epoch 100/300: loss=0.002960
  Stage 3 epoch 200/300: loss=0.003503
  Stage 3 epoch 300/300: loss=0.002917
    r=0.5: GT=0.077 learned=1.394 err=1715.9% exit=13%
    r=1.0: GT=0.228 learned=1.632 err=616.5% exit=2%
    r=2.0: GT=0.578 learned=nan err=nan% exit=0%
    r=3.0: GT=0.778 learned=nan err=nan% exit=0%
    W2@1.0=2.6063

  --- T+F ---
      Epoch 100/500: loss=0.806722
      Epoch 200/500: loss=0.606824
      Epoch 300/500: loss=0.054920
      Epoch 400/500: loss=0.025822
      Epoch 500/500: loss=0.021142
    recon=0.001537
  Stage 2 epoch 100/300: loss=0.015390
  Stage 2 epoch 200/300: loss=0.016507
  Stage 2 epoch 300/300: loss=0.016976
  Stage 3 epoch 100/300: loss=0.000182
  Stage 3 epoch 200/300: loss=0.000110
  Stage 3 epoch 300/300: loss=0.000079
    r=0.5: GT=0.077 learned=0.073 err=5.4% exit=100%
    r=1.0: GT=0.228 learned=0.224 err=1.7% exit=100%
    r=2.0: GT=0.578 learned=0.569 err=1.6% exit=98%
    r=3.0: GT=0.778 learned=0.868 err=11.7% exit=86%
    W2@1.0=1.2881

============================================================
  paraboloid | seed=4042
============================================================

  --- baseline ---
      Epoch 100/500: loss=0.000977
      Epoch 200/500: loss=0.000925
      Epoch 300/500: loss=0.000981
      Epoch 400/500: loss=0.000649
      Epoch 500/500: loss=0.000283
    recon=0.000449
  Stage 2 epoch 100/300: loss=0.095100
  Stage 2 epoch 200/300: loss=0.100700
  Stage 2 epoch 300/300: loss=0.097893
  Stage 3 epoch 100/300: loss=0.001153
  Stage 3 epoch 200/300: loss=0.000888
  Stage 3 epoch 300/300: loss=0.001156
    r=0.5: GT=0.076 learned=0.071 err=6.6% exit=100%
    r=1.0: GT=0.229 learned=0.244 err=6.8% exit=100%
    r=2.0: GT=0.551 learned=0.714 err=29.5% exit=94%
    r=3.0: GT=0.770 learned=1.084 err=40.7% exit=62%
    W2@1.0=1.9572

  --- T ---
      Epoch 100/500: loss=0.055712
      Epoch 200/500: loss=0.030031
      Epoch 300/500: loss=0.013185
      Epoch 400/500: loss=0.017941
      Epoch 500/500: loss=0.003020
    recon=0.000068
  Stage 2 epoch 100/300: loss=0.028082
  Stage 2 epoch 200/300: loss=0.028664
  Stage 2 epoch 300/300: loss=0.030236
  Stage 3 epoch 100/300: loss=0.000087
  Stage 3 epoch 200/300: loss=0.000045
  Stage 3 epoch 300/300: loss=0.000034
    r=0.5: GT=0.076 learned=0.072 err=5.1% exit=100%
    r=1.0: GT=0.229 learned=0.255 err=11.6% exit=100%
    r=2.0: GT=0.551 learned=0.696 err=26.3% exit=93%
    r=3.0: GT=0.770 learned=0.888 err=15.3% exit=68%
    W2@1.0=1.2874

  --- F ---
      Epoch 100/500: loss=0.005832
      Epoch 200/500: loss=0.005362
      Epoch 300/500: loss=0.005440
      Epoch 400/500: loss=0.005410
      Epoch 500/500: loss=0.005211
    recon=0.005326
  Stage 2 epoch 100/300: loss=0.000045
  Stage 2 epoch 200/300: loss=0.000054
  Stage 2 epoch 300/300: loss=0.000055
  Stage 3 epoch 100/300: loss=0.002704
  Stage 3 epoch 200/300: loss=0.002471
  Stage 3 epoch 300/300: loss=0.002915
    r=0.5: GT=0.076 learned=nan err=nan% exit=0%
    r=1.0: GT=0.229 learned=nan err=nan% exit=0%
    r=2.0: GT=0.551 learned=nan err=nan% exit=0%
    r=3.0: GT=0.770 learned=nan err=nan% exit=0%
    W2@1.0=2.4550

  --- T+F ---
      Epoch 100/500: loss=0.679854
      Epoch 200/500: loss=0.209720
      Epoch 300/500: loss=0.090125
      Epoch 400/500: loss=0.049980
      Epoch 500/500: loss=0.017112
    recon=0.000197
  Stage 2 epoch 100/300: loss=0.014439
  Stage 2 epoch 200/300: loss=0.019100
  Stage 2 epoch 300/300: loss=0.017896
  Stage 3 epoch 100/300: loss=0.000153
  Stage 3 epoch 200/300: loss=0.000079
  Stage 3 epoch 300/300: loss=0.000075
    r=0.5: GT=0.076 learned=0.074 err=3.0% exit=100%
    r=1.0: GT=0.229 learned=0.228 err=0.5% exit=100%
    r=2.0: GT=0.551 learned=0.571 err=3.6% exit=98%
    r=3.0: GT=0.770 learned=0.871 err=13.1% exit=87%
    W2@1.0=1.1078

============================================================
  paraboloid | seed=5042
============================================================

  --- baseline ---
      Epoch 100/500: loss=0.001272
      Epoch 200/500: loss=0.001324
      Epoch 300/500: loss=0.000702
      Epoch 400/500: loss=0.000674
      Epoch 500/500: loss=0.000243
    recon=0.000243
  Stage 2 epoch 100/300: loss=0.078426
  Stage 2 epoch 200/300: loss=0.063330
  Stage 2 epoch 300/300: loss=0.072534
  Stage 3 epoch 100/300: loss=0.000577
  Stage 3 epoch 200/300: loss=0.000525
  Stage 3 epoch 300/300: loss=0.000461
    r=0.5: GT=0.073 learned=0.075 err=3.2% exit=100%
    r=1.0: GT=0.219 learned=0.252 err=14.8% exit=100%
    r=2.0: GT=0.573 learned=0.798 err=39.3% exit=91%
    r=3.0: GT=0.774 learned=1.121 err=44.9% exit=36%
    W2@1.0=1.7656

  --- T ---
      Epoch 100/500: loss=0.040729
      Epoch 200/500: loss=0.026500
      Epoch 300/500: loss=0.017057
      Epoch 400/500: loss=0.006463
      Epoch 500/500: loss=0.007535
    recon=0.000152
  Stage 2 epoch 100/300: loss=0.027114
  Stage 2 epoch 200/300: loss=0.026078
  Stage 2 epoch 300/300: loss=0.025673
  Stage 3 epoch 100/300: loss=0.000054
  Stage 3 epoch 200/300: loss=0.000044
  Stage 3 epoch 300/300: loss=0.000034
    r=0.5: GT=0.073 learned=0.071 err=2.4% exit=100%
    r=1.0: GT=0.219 learned=0.245 err=11.6% exit=100%
    r=2.0: GT=0.573 learned=0.686 err=19.6% exit=94%
    r=3.0: GT=0.774 learned=0.928 err=20.0% exit=72%
    W2@1.0=1.2800

  --- F ---
      Epoch 100/500: loss=0.005988
      Epoch 200/500: loss=0.008659
      Epoch 300/500: loss=0.005867
      Epoch 400/500: loss=0.005948
      Epoch 500/500: loss=0.005984
    recon=0.005882
  Stage 2 epoch 100/300: loss=0.000012
  Stage 2 epoch 200/300: loss=0.000013
  Stage 2 epoch 300/300: loss=0.000012
  Stage 3 epoch 100/300: loss=0.002777
  Stage 3 epoch 200/300: loss=0.002759
  Stage 3 epoch 300/300: loss=0.002475
    r=0.5: GT=0.073 learned=nan err=nan% exit=0%
    r=1.0: GT=0.219 learned=nan err=nan% exit=0%
    r=2.0: GT=0.573 learned=nan err=nan% exit=0%
    r=3.0: GT=0.774 learned=nan err=nan% exit=0%
    W2@1.0=2.4759

  --- T+F ---
      Epoch 100/500: loss=0.730718
      Epoch 200/500: loss=0.455263
      Epoch 300/500: loss=0.096140
      Epoch 400/500: loss=0.051804
      Epoch 500/500: loss=0.027038
    recon=0.000950
  Stage 2 epoch 100/300: loss=0.012990
  Stage 2 epoch 200/300: loss=0.013547
  Stage 2 epoch 300/300: loss=0.014738
  Stage 3 epoch 100/300: loss=0.000071
  Stage 3 epoch 200/300: loss=0.000061
  Stage 3 epoch 300/300: loss=0.000054
    r=0.5: GT=0.073 learned=0.064 err=11.5% exit=100%
    r=1.0: GT=0.219 learned=0.207 err=5.7% exit=100%
    r=2.0: GT=0.573 learned=0.583 err=1.8% exit=99%
    r=3.0: GT=0.774 learned=0.854 err=10.3% exit=86%
    W2@1.0=1.2775

============================================================
  paraboloid | seed=6042
============================================================

  --- baseline ---
      Epoch 100/500: loss=0.001660
      Epoch 200/500: loss=0.001338
      Epoch 300/500: loss=0.001057
      Epoch 400/500: loss=0.000338
      Epoch 500/500: loss=0.000174
    recon=0.000164
  Stage 2 epoch 100/300: loss=0.040920
  Stage 2 epoch 200/300: loss=0.044565
  Stage 2 epoch 300/300: loss=0.042786
  Stage 3 epoch 100/300: loss=0.000812
  Stage 3 epoch 200/300: loss=0.000783
  Stage 3 epoch 300/300: loss=0.000717
    r=0.5: GT=0.079 learned=0.167 err=111.9% exit=100%
    r=1.0: GT=0.216 learned=0.526 err=143.9% exit=97%
    r=2.0: GT=0.535 learned=0.873 err=63.2% exit=60%
    r=3.0: GT=0.726 learned=0.992 err=36.5% exit=37%
    W2@1.0=1.8286

  --- T ---
      Epoch 100/500: loss=0.034659
      Epoch 200/500: loss=0.030886
      Epoch 300/500: loss=0.018497
      Epoch 400/500: loss=0.014038
      Epoch 500/500: loss=0.006585
    recon=0.000300
  Stage 2 epoch 100/300: loss=0.030253
  Stage 2 epoch 200/300: loss=0.027960
  Stage 2 epoch 300/300: loss=0.027561
  Stage 3 epoch 100/300: loss=0.000146
  Stage 3 epoch 200/300: loss=0.000109
  Stage 3 epoch 300/300: loss=0.000093
    r=0.5: GT=0.079 learned=0.116 err=47.1% exit=100%
    r=1.0: GT=0.216 learned=0.439 err=103.6% exit=99%
    r=2.0: GT=0.535 learned=0.853 err=59.4% exit=58%
    r=3.0: GT=0.726 learned=0.960 err=32.2% exit=33%
    W2@1.0=2.0336

  --- F ---
      Epoch 100/500: loss=0.007725
      Epoch 200/500: loss=0.006174
      Epoch 300/500: loss=0.006150
      Epoch 400/500: loss=0.006474
      Epoch 500/500: loss=0.006239
    recon=0.006294
  Stage 2 epoch 100/300: loss=0.000071
  Stage 2 epoch 200/300: loss=0.000081
  Stage 2 epoch 300/300: loss=0.000070
  Stage 3 epoch 100/300: loss=0.003581
  Stage 3 epoch 200/300: loss=0.003645
  Stage 3 epoch 300/300: loss=0.003568
    r=0.5: GT=0.079 learned=1.412 err=1696.9% exit=18%
    r=1.0: GT=0.216 learned=1.714 err=694.7% exit=2%
    r=2.0: GT=0.535 learned=nan err=nan% exit=0%
    r=3.0: GT=0.726 learned=nan err=nan% exit=0%
    W2@1.0=2.4963

  --- T+F ---
      Epoch 100/500: loss=0.696980
      Epoch 200/500: loss=0.305892
      Epoch 300/500: loss=0.084690
      Epoch 400/500: loss=0.033674
      Epoch 500/500: loss=0.032402
    recon=0.002205
  Stage 2 epoch 100/300: loss=0.008290
  Stage 2 epoch 200/300: loss=0.008513
  Stage 2 epoch 300/300: loss=0.007557
  Stage 3 epoch 100/300: loss=0.000195
  Stage 3 epoch 200/300: loss=0.000162
  Stage 3 epoch 300/300: loss=0.000149
    r=0.5: GT=0.079 learned=0.128 err=62.9% exit=100%
    r=1.0: GT=0.216 learned=0.430 err=99.5% exit=100%
    r=2.0: GT=0.535 learned=0.832 err=55.5% exit=73%
    r=3.0: GT=0.726 learned=1.036 err=42.7% exit=43%
    W2@1.0=1.9076

============================================================
  paraboloid | seed=7042
============================================================

  --- baseline ---
      Epoch 100/500: loss=0.001751
      Epoch 200/500: loss=0.001638
      Epoch 300/500: loss=0.000560
      Epoch 400/500: loss=0.000293
      Epoch 500/500: loss=0.000270
    recon=0.000163
  Stage 2 epoch 100/300: loss=0.100729
  Stage 2 epoch 200/300: loss=0.093159
  Stage 2 epoch 300/300: loss=0.113169
  Stage 3 epoch 100/300: loss=0.000711
  Stage 3 epoch 200/300: loss=0.000849
  Stage 3 epoch 300/300: loss=0.000737
    r=0.5: GT=0.074 learned=0.116 err=57.1% exit=100%
    r=1.0: GT=0.227 learned=0.392 err=72.6% exit=100%
    r=2.0: GT=0.563 learned=0.976 err=73.3% exit=62%
    r=3.0: GT=0.764 learned=1.107 err=44.8% exit=20%
    W2@1.0=2.0869

  --- T ---
      Epoch 100/500: loss=0.050339
      Epoch 200/500: loss=0.053732
      Epoch 300/500: loss=0.035081
      Epoch 400/500: loss=0.027988
      Epoch 500/500: loss=0.017766
    recon=0.001008
  Stage 2 epoch 100/300: loss=0.027983
  Stage 2 epoch 200/300: loss=0.028071
  Stage 2 epoch 300/300: loss=0.026698
  Stage 3 epoch 100/300: loss=0.000185
  Stage 3 epoch 200/300: loss=0.000119
  Stage 3 epoch 300/300: loss=0.000112
    r=0.5: GT=0.074 learned=0.137 err=84.9% exit=100%
    r=1.0: GT=0.227 learned=0.489 err=115.2% exit=99%
    r=2.0: GT=0.563 learned=0.934 err=65.7% exit=57%
    r=3.0: GT=0.764 learned=0.977 err=27.8% exit=29%
    W2@1.0=1.9342

  --- F ---
      Epoch 100/500: loss=0.006418
      Epoch 200/500: loss=0.009281
      Epoch 300/500: loss=0.006417
      Epoch 400/500: loss=0.006474
      Epoch 500/500: loss=0.006409
    recon=0.006261
  Stage 2 epoch 100/300: loss=0.000187
  Stage 2 epoch 200/300: loss=0.000209
  Stage 2 epoch 300/300: loss=0.000202
  Stage 3 epoch 100/300: loss=0.004041
  Stage 3 epoch 200/300: loss=0.004728
  Stage 3 epoch 300/300: loss=0.004155
    r=0.5: GT=0.074 learned=1.129 err=1423.1% exit=51%
    r=1.0: GT=0.227 learned=1.409 err=519.9% exit=17%
    r=2.0: GT=0.563 learned=1.542 err=173.8% exit=3%
    r=3.0: GT=0.764 learned=nan err=nan% exit=0%
    W2@1.0=2.4667

  --- T+F ---
      Epoch 100/500: loss=0.695307
      Epoch 200/500: loss=0.160836
      Epoch 300/500: loss=0.070252
      Epoch 400/500: loss=0.033636
      Epoch 500/500: loss=0.039364
    recon=0.001534
  Stage 2 epoch 100/300: loss=0.022871
  Stage 2 epoch 200/300: loss=0.026661
  Stage 2 epoch 300/300: loss=0.027497
  Stage 3 epoch 100/300: loss=0.000175
  Stage 3 epoch 200/300: loss=0.000146
  Stage 3 epoch 300/300: loss=0.000103
    r=0.5: GT=0.074 learned=0.132 err=77.8% exit=100%
    r=1.0: GT=0.227 learned=0.443 err=94.7% exit=100%
    r=2.0: GT=0.563 learned=0.916 err=62.6% exit=72%
    r=3.0: GT=0.764 learned=1.058 err=38.4% exit=38%
    W2@1.0=1.8919

============================================================
  paraboloid | seed=8042
============================================================

  --- baseline ---
      Epoch 100/500: loss=0.001396
      Epoch 200/500: loss=0.001495
      Epoch 300/500: loss=0.000510
      Epoch 400/500: loss=0.000239
      Epoch 500/500: loss=0.000143
    recon=0.000149
  Stage 2 epoch 100/300: loss=0.251135
  Stage 2 epoch 200/300: loss=0.229562
  Stage 2 epoch 300/300: loss=0.223383
  Stage 3 epoch 100/300: loss=0.001044
  Stage 3 epoch 200/300: loss=0.000514
  Stage 3 epoch 300/300: loss=0.000387
    r=0.5: GT=0.074 learned=0.077 err=4.2% exit=100%
    r=1.0: GT=0.224 learned=0.276 err=23.5% exit=100%
    r=2.0: GT=0.555 learned=0.825 err=48.7% exit=85%
    r=3.0: GT=0.782 learned=1.095 err=40.0% exit=45%
    W2@1.0=1.5799

  --- T ---
      Epoch 100/500: loss=0.045092
      Epoch 200/500: loss=0.029392
      Epoch 300/500: loss=0.008835
      Epoch 400/500: loss=0.016966
      Epoch 500/500: loss=0.002901
    recon=0.000128
  Stage 2 epoch 100/300: loss=0.023581
  Stage 2 epoch 200/300: loss=0.023937
  Stage 2 epoch 300/300: loss=0.022133
  Stage 3 epoch 100/300: loss=0.000410
  Stage 3 epoch 200/300: loss=0.000136
  Stage 3 epoch 300/300: loss=0.000092
    r=0.5: GT=0.074 learned=0.074 err=0.6% exit=100%
    r=1.0: GT=0.224 learned=0.243 err=8.5% exit=100%
    r=2.0: GT=0.555 learned=0.716 err=29.0% exit=92%
    r=3.0: GT=0.782 learned=0.945 err=20.9% exit=68%
    W2@1.0=1.2983

  --- F ---
      Epoch 100/500: loss=0.009648
      Epoch 200/500: loss=0.006249
      Epoch 300/500: loss=0.005737
      Epoch 400/500: loss=0.005860
      Epoch 500/500: loss=0.005836
    recon=0.005757
  Stage 2 epoch 100/300: loss=0.000110
  Stage 2 epoch 200/300: loss=0.000123
  Stage 2 epoch 300/300: loss=0.000122
  Stage 3 epoch 100/300: loss=0.003971
  Stage 3 epoch 200/300: loss=0.003588
  Stage 3 epoch 300/300: loss=0.003799
    r=0.5: GT=0.074 learned=1.045 err=1306.0% exit=24%
    r=1.0: GT=0.224 learned=1.118 err=399.7% exit=11%
    r=2.0: GT=0.555 learned=1.262 err=127.4% exit=6%
    r=3.0: GT=0.782 learned=1.355 err=73.3% exit=4%
    W2@1.0=2.4881

  --- T+F ---
      Epoch 100/500: loss=0.554610
      Epoch 200/500: loss=0.209811
      Epoch 300/500: loss=0.108531
      Epoch 400/500: loss=0.059285
      Epoch 500/500: loss=0.031704
    recon=0.000344
  Stage 2 epoch 100/300: loss=0.014847
  Stage 2 epoch 200/300: loss=0.013999
  Stage 2 epoch 300/300: loss=0.013368
  Stage 3 epoch 100/300: loss=0.000316
  Stage 3 epoch 200/300: loss=0.000154
  Stage 3 epoch 300/300: loss=0.000144
    r=0.5: GT=0.074 learned=0.070 err=5.5% exit=100%
    r=1.0: GT=0.224 learned=0.217 err=2.8% exit=100%
    r=2.0: GT=0.555 learned=0.585 err=5.4% exit=98%
    r=3.0: GT=0.782 learned=0.891 err=13.9% exit=85%
    W2@1.0=1.0560

============================================================
  paraboloid | seed=9042
============================================================

  --- baseline ---
      Epoch 100/500: loss=0.001566
      Epoch 200/500: loss=0.001463
      Epoch 300/500: loss=0.000498
      Epoch 400/500: loss=0.000206
      Epoch 500/500: loss=0.000126
    recon=0.000107
  Stage 2 epoch 100/300: loss=0.088417
  Stage 2 epoch 200/300: loss=0.074648
  Stage 2 epoch 300/300: loss=0.066782
  Stage 3 epoch 100/300: loss=0.000645
  Stage 3 epoch 200/300: loss=0.000532
  Stage 3 epoch 300/300: loss=0.000453
    r=0.5: GT=0.076 learned=0.069 err=9.1% exit=100%
    r=1.0: GT=0.224 learned=0.234 err=4.6% exit=100%
    r=2.0: GT=0.569 learned=0.777 err=36.7% exit=90%
    r=3.0: GT=0.796 learned=0.992 err=24.7% exit=37%
    W2@1.0=1.5838

  --- T ---
      Epoch 100/500: loss=0.052186
      Epoch 200/500: loss=0.038725
      Epoch 300/500: loss=0.007166
      Epoch 400/500: loss=0.004890
      Epoch 500/500: loss=0.002514
    recon=0.000153
  Stage 2 epoch 100/300: loss=0.024223
  Stage 2 epoch 200/300: loss=0.024231
  Stage 2 epoch 300/300: loss=0.022231
  Stage 3 epoch 100/300: loss=0.000122
  Stage 3 epoch 200/300: loss=0.000069
  Stage 3 epoch 300/300: loss=0.000038
    r=0.5: GT=0.076 learned=0.069 err=9.7% exit=100%
    r=1.0: GT=0.224 learned=0.217 err=3.0% exit=100%
    r=2.0: GT=0.569 learned=0.696 err=22.4% exit=93%
    r=3.0: GT=0.796 learned=0.909 err=14.3% exit=66%
    W2@1.0=1.0190

  --- F ---
      Epoch 100/500: loss=0.013562
      Epoch 200/500: loss=0.006399
      Epoch 300/500: loss=0.006357
      Epoch 400/500: loss=0.006277
      Epoch 500/500: loss=0.006226
    recon=0.006305
  Stage 2 epoch 100/300: loss=0.000021
  Stage 2 epoch 200/300: loss=0.000021
  Stage 2 epoch 300/300: loss=0.000019
  Stage 3 epoch 100/300: loss=0.004653
  Stage 3 epoch 200/300: loss=0.004485
  Stage 3 epoch 300/300: loss=0.003641
    r=0.5: GT=0.076 learned=nan err=nan% exit=0%
    r=1.0: GT=0.224 learned=nan err=nan% exit=0%
    r=2.0: GT=0.569 learned=nan err=nan% exit=0%
    r=3.0: GT=0.796 learned=nan err=nan% exit=0%
    W2@1.0=2.3316

  --- T+F ---
      Epoch 100/500: loss=0.675178
      Epoch 200/500: loss=0.132875
      Epoch 300/500: loss=0.040706
      Epoch 400/500: loss=0.029469
      Epoch 500/500: loss=0.025139
    recon=0.001627
  Stage 2 epoch 100/300: loss=0.018099
  Stage 2 epoch 200/300: loss=0.018079
  Stage 2 epoch 300/300: loss=0.017583
  Stage 3 epoch 100/300: loss=0.000154
  Stage 3 epoch 200/300: loss=0.000089
  Stage 3 epoch 300/300: loss=0.000065
    r=0.5: GT=0.076 learned=0.069 err=9.4% exit=100%
    r=1.0: GT=0.224 learned=0.218 err=2.5% exit=100%
    r=2.0: GT=0.569 learned=0.614 err=8.0% exit=97%
    r=3.0: GT=0.796 learned=0.870 err=9.4% exit=78%
    W2@1.0=1.0601

============================================================
  hyperbolic_paraboloid | seed=42
============================================================

  --- baseline ---
      Epoch 100/500: loss=0.001501
      Epoch 200/500: loss=0.001439
      Epoch 300/500: loss=0.000493
      Epoch 400/500: loss=0.000150
      Epoch 500/500: loss=0.000110
    recon=0.000097
  Stage 2 epoch 100/300: loss=0.104258
  Stage 2 epoch 200/300: loss=0.094246
  Stage 2 epoch 300/300: loss=0.082136
  Stage 3 epoch 100/300: loss=0.000486
  Stage 3 epoch 200/300: loss=0.000497
  Stage 3 epoch 300/300: loss=0.000403
    r=0.5: GT=0.073 learned=0.127 err=75.5% exit=100%
    r=1.0: GT=0.236 learned=0.439 err=86.1% exit=99%
    r=2.0: GT=0.645 learned=1.027 err=59.2% exit=64%
    r=3.0: GT=0.842 learned=1.266 err=50.3% exit=19%
    W2@1.0=1.5565

  --- T ---
      Epoch 100/500: loss=0.075782
      Epoch 200/500: loss=0.028842
      Epoch 300/500: loss=0.014690
      Epoch 400/500: loss=0.024281
      Epoch 500/500: loss=0.010471
    recon=0.000557
  Stage 2 epoch 100/300: loss=0.037183
  Stage 2 epoch 200/300: loss=0.039475
  Stage 2 epoch 300/300: loss=0.033800
  Stage 3 epoch 100/300: loss=0.000083
  Stage 3 epoch 200/300: loss=0.000062
  Stage 3 epoch 300/300: loss=0.000050
    r=0.5: GT=0.073 learned=0.070 err=3.6% exit=100%
    r=1.0: GT=0.236 learned=0.249 err=5.6% exit=100%
    r=2.0: GT=0.645 learned=0.740 err=14.7% exit=89%
    r=3.0: GT=0.842 learned=1.037 err=23.2% exit=61%
    W2@1.0=1.2659

  --- F ---
      Epoch 100/500: loss=0.007864
      Epoch 200/500: loss=0.007673
      Epoch 300/500: loss=0.006425
      Epoch 400/500: loss=0.006609
      Epoch 500/500: loss=0.006060
    recon=0.006173
  Stage 2 epoch 100/300: loss=0.000118
  Stage 2 epoch 200/300: loss=0.000137
  Stage 2 epoch 300/300: loss=0.000129
  Stage 3 epoch 100/300: loss=0.002531
  Stage 3 epoch 200/300: loss=0.002661
  Stage 3 epoch 300/300: loss=0.002489
    r=0.5: GT=0.073 learned=0.937 err=1191.6% exit=73%
    r=1.0: GT=0.236 learned=1.133 err=379.8% exit=48%
    r=2.0: GT=0.645 learned=1.284 err=99.1% exit=26%
    r=3.0: GT=0.842 learned=1.348 err=60.0% exit=15%
    W2@1.0=2.1820

  --- T+F ---
      Epoch 100/500: loss=0.735548
      Epoch 200/500: loss=0.390538
      Epoch 300/500: loss=0.062703
      Epoch 400/500: loss=0.030202
      Epoch 500/500: loss=0.026968
    recon=0.005453
  Stage 2 epoch 100/300: loss=0.013580
  Stage 2 epoch 200/300: loss=0.014805
  Stage 2 epoch 300/300: loss=0.012557
  Stage 3 epoch 100/300: loss=0.000074
  Stage 3 epoch 200/300: loss=0.000069
  Stage 3 epoch 300/300: loss=0.000059
    r=0.5: GT=0.073 learned=0.070 err=3.5% exit=100%
    r=1.0: GT=0.236 learned=0.228 err=3.6% exit=100%
    r=2.0: GT=0.645 learned=0.673 err=4.3% exit=97%
    r=3.0: GT=0.842 learned=0.995 err=18.1% exit=77%
    W2@1.0=1.3993

============================================================
  hyperbolic_paraboloid | seed=1042
============================================================

  --- baseline ---
      Epoch 100/500: loss=0.001262
      Epoch 200/500: loss=0.001041
      Epoch 300/500: loss=0.000858
      Epoch 400/500: loss=0.000292
      Epoch 500/500: loss=0.000132
    recon=0.000117
  Stage 2 epoch 100/300: loss=0.036228
  Stage 2 epoch 200/300: loss=0.031915
  Stage 2 epoch 300/300: loss=0.032404
  Stage 3 epoch 100/300: loss=0.000323
  Stage 3 epoch 200/300: loss=0.000277
  Stage 3 epoch 300/300: loss=0.000261
    r=0.5: GT=0.079 learned=0.069 err=13.4% exit=100%
    r=1.0: GT=0.253 learned=0.239 err=5.5% exit=100%
    r=2.0: GT=0.649 learned=0.833 err=28.4% exit=78%
    r=3.0: GT=0.858 learned=1.107 err=29.0% exit=16%
    W2@1.0=1.3922

  --- T ---
      Epoch 100/500: loss=0.044476
      Epoch 200/500: loss=0.017302
      Epoch 300/500: loss=0.011105
      Epoch 400/500: loss=0.020157
      Epoch 500/500: loss=0.004197
    recon=0.000193
  Stage 2 epoch 100/300: loss=0.022370
  Stage 2 epoch 200/300: loss=0.021734
  Stage 2 epoch 300/300: loss=0.020560
  Stage 3 epoch 100/300: loss=0.000050
  Stage 3 epoch 200/300: loss=0.000038
  Stage 3 epoch 300/300: loss=0.000027
    r=0.5: GT=0.079 learned=0.073 err=7.4% exit=100%
    r=1.0: GT=0.253 learned=0.253 err=0.2% exit=100%
    r=2.0: GT=0.649 learned=0.748 err=15.3% exit=88%
    r=3.0: GT=0.858 learned=0.978 err=14.0% exit=53%
    W2@1.0=1.0554

  --- F ---
      Epoch 100/500: loss=0.009677
      Epoch 200/500: loss=0.006104
      Epoch 300/500: loss=0.005981
      Epoch 400/500: loss=0.005789
      Epoch 500/500: loss=0.006365
    recon=0.005986
  Stage 2 epoch 100/300: loss=0.000116
  Stage 2 epoch 200/300: loss=0.000112
  Stage 2 epoch 300/300: loss=0.000117
  Stage 3 epoch 100/300: loss=0.001715
  Stage 3 epoch 200/300: loss=0.001631
  Stage 3 epoch 300/300: loss=0.001704
    r=0.5: GT=0.079 learned=1.300 err=1541.4% exit=22%
    r=1.0: GT=0.253 learned=1.622 err=541.1% exit=3%
    r=2.0: GT=0.649 learned=nan err=nan% exit=0%
    r=3.0: GT=0.858 learned=nan err=nan% exit=0%
    W2@1.0=2.0906

  --- T+F ---
      Epoch 100/500: loss=0.600385
      Epoch 200/500: loss=0.140096
      Epoch 300/500: loss=0.040110
      Epoch 400/500: loss=0.024221
      Epoch 500/500: loss=0.034602
    recon=0.002727
  Stage 2 epoch 100/300: loss=0.010916
  Stage 2 epoch 200/300: loss=0.010919
  Stage 2 epoch 300/300: loss=0.010583
  Stage 3 epoch 100/300: loss=0.000098
  Stage 3 epoch 200/300: loss=0.000054
  Stage 3 epoch 300/300: loss=0.000040
    r=0.5: GT=0.079 learned=0.076 err=4.2% exit=100%
    r=1.0: GT=0.253 learned=0.245 err=3.3% exit=100%
    r=2.0: GT=0.649 learned=0.632 err=2.5% exit=96%
    r=3.0: GT=0.858 learned=0.913 err=6.4% exit=72%
    W2@1.0=1.2187

============================================================
  hyperbolic_paraboloid | seed=2042
============================================================

  --- baseline ---
      Epoch 100/500: loss=0.001066
      Epoch 200/500: loss=0.001002
      Epoch 300/500: loss=0.000813
      Epoch 400/500: loss=0.000222
      Epoch 500/500: loss=0.000102
    recon=0.000103
  Stage 2 epoch 100/300: loss=0.046479
  Stage 2 epoch 200/300: loss=0.047943
  Stage 2 epoch 300/300: loss=0.040442
  Stage 3 epoch 100/300: loss=0.000482
  Stage 3 epoch 200/300: loss=0.000404
  Stage 3 epoch 300/300: loss=0.000369
    r=0.5: GT=0.073 learned=0.075 err=2.7% exit=100%
    r=1.0: GT=0.238 learned=0.260 err=9.5% exit=100%
    r=2.0: GT=0.641 learned=0.847 err=32.2% exit=83%
    r=3.0: GT=0.867 learned=1.208 err=39.3% exit=35%
    W2@1.0=1.3084

  --- T ---
      Epoch 100/500: loss=0.095965
      Epoch 200/500: loss=0.057943
      Epoch 300/500: loss=0.016957
      Epoch 400/500: loss=0.021906
      Epoch 500/500: loss=0.015429
    recon=0.000724
  Stage 2 epoch 100/300: loss=0.019315
  Stage 2 epoch 200/300: loss=0.018023
  Stage 2 epoch 300/300: loss=0.016450
  Stage 3 epoch 100/300: loss=0.000179
  Stage 3 epoch 200/300: loss=0.000152
  Stage 3 epoch 300/300: loss=0.000111
    r=0.5: GT=0.073 learned=0.158 err=117.5% exit=100%
    r=1.0: GT=0.238 learned=0.557 err=134.0% exit=96%
    r=2.0: GT=0.641 learned=0.953 err=48.7% exit=52%
    r=3.0: GT=0.867 learned=1.037 err=19.6% exit=30%
    W2@1.0=1.4910

  --- F ---
      Epoch 100/500: loss=0.007259
      Epoch 200/500: loss=0.006400
      Epoch 300/500: loss=0.005979
      Epoch 400/500: loss=0.006008
      Epoch 500/500: loss=0.005881
    recon=0.005943
  Stage 2 epoch 100/300: loss=0.000080
  Stage 2 epoch 200/300: loss=0.000085
  Stage 2 epoch 300/300: loss=0.000071
  Stage 3 epoch 100/300: loss=0.002290
  Stage 3 epoch 200/300: loss=0.002627
  Stage 3 epoch 300/300: loss=0.002545
    r=0.5: GT=0.073 learned=nan err=nan% exit=0%
    r=1.0: GT=0.238 learned=nan err=nan% exit=0%
    r=2.0: GT=0.641 learned=nan err=nan% exit=0%
    r=3.0: GT=0.867 learned=nan err=nan% exit=0%
    W2@1.0=2.1816

  --- T+F ---
      Epoch 100/500: loss=0.784468
      Epoch 200/500: loss=0.239292
      Epoch 300/500: loss=0.101935
      Epoch 400/500: loss=0.059027
      Epoch 500/500: loss=0.023750
    recon=0.000275
  Stage 2 epoch 100/300: loss=0.011542
  Stage 2 epoch 200/300: loss=0.011384
  Stage 2 epoch 300/300: loss=0.011201
  Stage 3 epoch 100/300: loss=0.000042
  Stage 3 epoch 200/300: loss=0.000042
  Stage 3 epoch 300/300: loss=0.000040
    r=0.5: GT=0.073 learned=0.075 err=3.9% exit=100%
    r=1.0: GT=0.238 learned=0.239 err=0.4% exit=100%
    r=2.0: GT=0.641 learned=0.697 err=8.7% exit=97%
    r=3.0: GT=0.867 learned=0.958 err=10.5% exit=75%
    W2@1.0=1.0270

============================================================
  hyperbolic_paraboloid | seed=3042
============================================================

  --- baseline ---
      Epoch 100/500: loss=0.001336
      Epoch 200/500: loss=0.001249
      Epoch 300/500: loss=0.000790
      Epoch 400/500: loss=0.000190
      Epoch 500/500: loss=0.000206
    recon=0.000149
  Stage 2 epoch 100/300: loss=0.035749
  Stage 2 epoch 200/300: loss=0.039884
  Stage 2 epoch 300/300: loss=0.039228
  Stage 3 epoch 100/300: loss=0.000790
  Stage 3 epoch 200/300: loss=0.000830
  Stage 3 epoch 300/300: loss=0.000664
    r=0.5: GT=0.078 learned=0.082 err=5.4% exit=100%
    r=1.0: GT=0.235 learned=0.281 err=19.8% exit=100%
    r=2.0: GT=0.638 learned=0.894 err=40.1% exit=81%
    r=3.0: GT=0.872 learned=1.105 err=26.7% exit=29%
    W2@1.0=1.5142

  --- T ---
      Epoch 100/500: loss=0.038813
      Epoch 200/500: loss=0.019890
      Epoch 300/500: loss=0.013751
      Epoch 400/500: loss=0.004219
      Epoch 500/500: loss=0.004930
    recon=0.000153
  Stage 2 epoch 100/300: loss=0.020451
  Stage 2 epoch 200/300: loss=0.022433
  Stage 2 epoch 300/300: loss=0.021729
  Stage 3 epoch 100/300: loss=0.000133
  Stage 3 epoch 200/300: loss=0.000070
  Stage 3 epoch 300/300: loss=0.000045
    r=0.5: GT=0.078 learned=0.074 err=5.2% exit=100%
    r=1.0: GT=0.235 learned=0.241 err=2.6% exit=100%
    r=2.0: GT=0.638 learned=0.688 err=7.8% exit=93%
    r=3.0: GT=0.872 learned=0.973 err=11.5% exit=69%
    W2@1.0=1.0228

  --- F ---
      Epoch 100/500: loss=0.006673
      Epoch 200/500: loss=0.008408
      Epoch 300/500: loss=0.006001
      Epoch 400/500: loss=0.005901
      Epoch 500/500: loss=0.005986
    recon=0.005938
  Stage 2 epoch 100/300: loss=0.000156
  Stage 2 epoch 200/300: loss=0.000157
  Stage 2 epoch 300/300: loss=0.000162
  Stage 3 epoch 100/300: loss=0.002467
  Stage 3 epoch 200/300: loss=0.002940
  Stage 3 epoch 300/300: loss=0.002649
    r=0.5: GT=0.078 learned=1.359 err=1649.1% exit=22%
    r=1.0: GT=0.235 learned=1.570 err=568.4% exit=3%
    r=2.0: GT=0.638 learned=nan err=nan% exit=0%
    r=3.0: GT=0.872 learned=nan err=nan% exit=0%
    W2@1.0=2.2630

  --- T+F ---
      Epoch 100/500: loss=0.761285
      Epoch 200/500: loss=0.548315
      Epoch 300/500: loss=0.049470
      Epoch 400/500: loss=0.019756
      Epoch 500/500: loss=0.005794
    recon=0.000091
  Stage 2 epoch 100/300: loss=0.012027
  Stage 2 epoch 200/300: loss=0.011341
  Stage 2 epoch 300/300: loss=0.012388
  Stage 3 epoch 100/300: loss=0.000161
  Stage 3 epoch 200/300: loss=0.000124
  Stage 3 epoch 300/300: loss=0.000089
    r=0.5: GT=0.078 learned=0.126 err=61.7% exit=100%
    r=1.0: GT=0.235 learned=0.405 err=72.4% exit=100%
    r=2.0: GT=0.638 learned=0.798 err=25.1% exit=83%
    r=3.0: GT=0.872 learned=0.987 err=13.2% exit=58%
    W2@1.0=1.2227

============================================================
  hyperbolic_paraboloid | seed=4042
============================================================

  --- baseline ---
      Epoch 100/500: loss=0.001165
      Epoch 200/500: loss=0.001054
      Epoch 300/500: loss=0.000643
      Epoch 400/500: loss=0.000245
      Epoch 500/500: loss=0.000269
    recon=0.000257
  Stage 2 epoch 100/300: loss=0.091918
  Stage 2 epoch 200/300: loss=0.060482
  Stage 2 epoch 300/300: loss=0.063084
  Stage 3 epoch 100/300: loss=0.000365
  Stage 3 epoch 200/300: loss=0.000315
  Stage 3 epoch 300/300: loss=0.000321
    r=0.5: GT=0.075 learned=0.079 err=6.1% exit=100%
    r=1.0: GT=0.238 learned=0.281 err=18.4% exit=100%
    r=2.0: GT=0.603 learned=0.889 err=47.5% exit=81%
    r=3.0: GT=0.865 learned=1.150 err=33.0% exit=33%
    W2@1.0=1.5217

  --- T ---
      Epoch 100/500: loss=0.062521
      Epoch 200/500: loss=0.016253
      Epoch 300/500: loss=0.028055
      Epoch 400/500: loss=0.005971
      Epoch 500/500: loss=0.010292
    recon=0.001211
  Stage 2 epoch 100/300: loss=0.024661
  Stage 2 epoch 200/300: loss=0.022097
  Stage 2 epoch 300/300: loss=0.022419
  Stage 3 epoch 100/300: loss=0.000069
  Stage 3 epoch 200/300: loss=0.000049
  Stage 3 epoch 300/300: loss=0.000042
    r=0.5: GT=0.075 learned=0.074 err=0.6% exit=100%
    r=1.0: GT=0.238 learned=0.266 err=12.2% exit=100%
    r=2.0: GT=0.603 learned=0.741 err=23.0% exit=90%
    r=3.0: GT=0.865 learned=1.020 err=17.8% exit=58%
    W2@1.0=1.2333

  --- F ---
      Epoch 100/500: loss=0.006693
      Epoch 200/500: loss=0.005622
      Epoch 300/500: loss=0.005714
      Epoch 400/500: loss=0.005762
      Epoch 500/500: loss=0.005554
    recon=0.005605
  Stage 2 epoch 100/300: loss=0.000041
  Stage 2 epoch 200/300: loss=0.000041
  Stage 2 epoch 300/300: loss=0.000041
  Stage 3 epoch 100/300: loss=0.002312
  Stage 3 epoch 200/300: loss=0.002177
  Stage 3 epoch 300/300: loss=0.002429
    r=0.5: GT=0.075 learned=1.380 err=1746.0% exit=22%
    r=1.0: GT=0.238 learned=1.624 err=583.9% exit=4%
    r=2.0: GT=0.603 learned=nan err=nan% exit=0%
    r=3.0: GT=0.865 learned=nan err=nan% exit=0%
    W2@1.0=2.2525

  --- T+F ---
      Epoch 100/500: loss=0.584969
      Epoch 200/500: loss=0.085639
      Epoch 300/500: loss=0.025413
      Epoch 400/500: loss=0.030889
      Epoch 500/500: loss=0.015202
    recon=0.000155
  Stage 2 epoch 100/300: loss=0.018135
  Stage 2 epoch 200/300: loss=0.019092
  Stage 2 epoch 300/300: loss=0.018456
  Stage 3 epoch 100/300: loss=0.000032
  Stage 3 epoch 200/300: loss=0.000027
  Stage 3 epoch 300/300: loss=0.000028
    r=0.5: GT=0.075 learned=0.077 err=3.6% exit=100%
    r=1.0: GT=0.238 learned=0.255 err=7.4% exit=100%
    r=2.0: GT=0.603 learned=0.681 err=13.1% exit=95%
    r=3.0: GT=0.865 learned=0.973 err=12.4% exit=69%
    W2@1.0=1.0758

============================================================
  hyperbolic_paraboloid | seed=5042
============================================================

  --- baseline ---
      Epoch 100/500: loss=0.001174
      Epoch 200/500: loss=0.001161
      Epoch 300/500: loss=0.001048
      Epoch 400/500: loss=0.000612
      Epoch 500/500: loss=0.000150
    recon=0.000144
  Stage 2 epoch 100/300: loss=0.126447
  Stage 2 epoch 200/300: loss=0.111094
  Stage 2 epoch 300/300: loss=0.114910
  Stage 3 epoch 100/300: loss=0.000898
  Stage 3 epoch 200/300: loss=0.000799
  Stage 3 epoch 300/300: loss=0.000721
    r=0.5: GT=0.073 learned=0.109 err=49.4% exit=100%
    r=1.0: GT=0.219 learned=0.441 err=101.1% exit=100%
    r=2.0: GT=0.630 learned=0.945 err=50.0% exit=57%
    r=3.0: GT=0.863 learned=1.237 err=43.2% exit=17%
    W2@1.0=1.6179

  --- T ---
      Epoch 100/500: loss=0.032711
      Epoch 200/500: loss=0.023558
      Epoch 300/500: loss=0.028893
      Epoch 400/500: loss=0.019223
      Epoch 500/500: loss=0.002717
    recon=0.000085
  Stage 2 epoch 100/300: loss=0.032460
  Stage 2 epoch 200/300: loss=0.031370
  Stage 2 epoch 300/300: loss=0.031858
  Stage 3 epoch 100/300: loss=0.000209
  Stage 3 epoch 200/300: loss=0.000108
  Stage 3 epoch 300/300: loss=0.000104
    r=0.5: GT=0.073 learned=0.117 err=60.3% exit=100%
    r=1.0: GT=0.219 learned=0.435 err=98.2% exit=99%
    r=2.0: GT=0.630 learned=0.896 err=42.3% exit=71%
    r=3.0: GT=0.863 learned=0.977 err=13.1% exit=49%
    W2@1.0=1.5031

  --- F ---
      Epoch 100/500: loss=0.005946
      Epoch 200/500: loss=0.005944
      Epoch 300/500: loss=0.005793
      Epoch 400/500: loss=0.005935
      Epoch 500/500: loss=0.005834
    recon=0.005765
  Stage 2 epoch 100/300: loss=0.000073
  Stage 2 epoch 200/300: loss=0.000068
  Stage 2 epoch 300/300: loss=0.000067
  Stage 3 epoch 100/300: loss=0.004389
  Stage 3 epoch 200/300: loss=0.004101
  Stage 3 epoch 300/300: loss=0.003845
    r=0.5: GT=0.073 learned=nan err=nan% exit=0%
    r=1.0: GT=0.219 learned=nan err=nan% exit=0%
    r=2.0: GT=0.630 learned=nan err=nan% exit=0%
    r=3.0: GT=0.863 learned=nan err=nan% exit=0%
    W2@1.0=2.0985

  --- T+F ---
      Epoch 100/500: loss=0.750305
      Epoch 200/500: loss=0.223076
      Epoch 300/500: loss=0.059928
      Epoch 400/500: loss=0.023831
      Epoch 500/500: loss=0.024749
    recon=0.002458
  Stage 2 epoch 100/300: loss=0.014572
  Stage 2 epoch 200/300: loss=0.013618
  Stage 2 epoch 300/300: loss=0.015791
  Stage 3 epoch 100/300: loss=0.000232
  Stage 3 epoch 200/300: loss=0.000133
  Stage 3 epoch 300/300: loss=0.000120
    r=0.5: GT=0.073 learned=0.124 err=69.6% exit=100%
    r=1.0: GT=0.219 learned=0.420 err=91.4% exit=99%
    r=2.0: GT=0.630 learned=0.909 err=44.4% exit=77%
    r=3.0: GT=0.863 learned=1.015 err=17.6% exit=48%
    W2@1.0=1.5390

============================================================
  hyperbolic_paraboloid | seed=6042
============================================================

  --- baseline ---
      Epoch 100/500: loss=0.001346
      Epoch 200/500: loss=0.000971
      Epoch 300/500: loss=0.000254
      Epoch 400/500: loss=0.000354
      Epoch 500/500: loss=0.000214
    recon=0.000213
  Stage 2 epoch 100/300: loss=0.059401
  Stage 2 epoch 200/300: loss=0.062529
  Stage 2 epoch 300/300: loss=0.060114
  Stage 3 epoch 100/300: loss=0.000690
  Stage 3 epoch 200/300: loss=0.000633
  Stage 3 epoch 300/300: loss=0.000673
    r=0.5: GT=0.079 learned=0.084 err=5.4% exit=100%
    r=1.0: GT=0.224 learned=0.289 err=28.9% exit=100%
    r=2.0: GT=0.588 learned=0.844 err=43.6% exit=77%
    r=3.0: GT=0.815 learned=1.126 err=38.1% exit=26%
    W2@1.0=1.3722

  --- T ---
      Epoch 100/500: loss=0.272600
      Epoch 200/500: loss=0.187379
      Epoch 300/500: loss=0.104195
      Epoch 400/500: loss=0.040776
      Epoch 500/500: loss=0.023443
    recon=0.008604
  Stage 2 epoch 100/300: loss=1.859380
  Stage 2 epoch 200/300: loss=1.254791
  Stage 2 epoch 300/300: loss=1.223854
  Stage 3 epoch 100/300: loss=0.000414
  Stage 3 epoch 200/300: loss=0.000217
  Stage 3 epoch 300/300: loss=0.000182
    r=0.5: GT=0.079 learned=0.075 err=5.6% exit=100%
    r=1.0: GT=0.224 learned=0.239 err=6.7% exit=100%
    r=2.0: GT=0.588 learned=0.733 err=24.6% exit=93%
    r=3.0: GT=0.815 learned=1.127 err=38.2% exit=64%
    W2@1.0=2.3221

  --- F ---
      Epoch 100/500: loss=0.007535
      Epoch 200/500: loss=0.006737
      Epoch 300/500: loss=0.006038
      Epoch 400/500: loss=0.006423
      Epoch 500/500: loss=0.006151
    recon=0.006188
  Stage 2 epoch 100/300: loss=0.000090
  Stage 2 epoch 200/300: loss=0.000090
  Stage 2 epoch 300/300: loss=0.000086
  Stage 3 epoch 100/300: loss=0.003399
  Stage 3 epoch 200/300: loss=0.003469
  Stage 3 epoch 300/300: loss=0.003644
    r=0.5: GT=0.079 learned=1.279 err=1509.2% exit=21%
    r=1.0: GT=0.224 learned=1.412 err=529.9% exit=5%
    r=2.0: GT=0.588 learned=nan err=nan% exit=0%
    r=3.0: GT=0.815 learned=nan err=nan% exit=0%
    W2@1.0=2.1036

  --- T+F ---
      Epoch 100/500: loss=0.691149
      Epoch 200/500: loss=0.239132
      Epoch 300/500: loss=0.049764
      Epoch 400/500: loss=0.036670
      Epoch 500/500: loss=0.032213
    recon=0.001095
  Stage 2 epoch 100/300: loss=0.016474
  Stage 2 epoch 200/300: loss=0.017751
  Stage 2 epoch 300/300: loss=0.014739
  Stage 3 epoch 100/300: loss=0.000222
  Stage 3 epoch 200/300: loss=0.000164
  Stage 3 epoch 300/300: loss=0.000142
    r=0.5: GT=0.079 learned=0.125 err=56.8% exit=100%
    r=1.0: GT=0.224 learned=0.356 err=58.9% exit=100%
    r=2.0: GT=0.588 learned=0.738 err=25.5% exit=82%
    r=3.0: GT=0.815 learned=0.923 err=13.2% exit=62%
    W2@1.0=1.1647

============================================================
  hyperbolic_paraboloid | seed=7042
============================================================

  --- baseline ---
      Epoch 100/500: loss=0.001302
      Epoch 200/500: loss=0.001113
      Epoch 300/500: loss=0.000504
      Epoch 400/500: loss=0.000298
      Epoch 500/500: loss=0.000100
    recon=0.000097
  Stage 2 epoch 100/300: loss=0.058686
  Stage 2 epoch 200/300: loss=0.060782
  Stage 2 epoch 300/300: loss=0.061545
  Stage 3 epoch 100/300: loss=0.001369
  Stage 3 epoch 200/300: loss=0.000838
  Stage 3 epoch 300/300: loss=0.001005
    r=0.5: GT=0.076 learned=0.073 err=3.3% exit=100%
    r=1.0: GT=0.230 learned=0.250 err=8.8% exit=100%
    r=2.0: GT=0.608 learned=0.874 err=43.8% exit=79%
    r=3.0: GT=0.869 learned=1.101 err=26.8% exit=22%
    W2@1.0=1.3252

  --- T ---
      Epoch 100/500: loss=0.053522
      Epoch 200/500: loss=0.017229
      Epoch 300/500: loss=0.022961
      Epoch 400/500: loss=0.008181
      Epoch 500/500: loss=0.031714
    recon=0.000985
  Stage 2 epoch 100/300: loss=0.016926
  Stage 2 epoch 200/300: loss=0.016920
  Stage 2 epoch 300/300: loss=0.016368
  Stage 3 epoch 100/300: loss=0.000367
  Stage 3 epoch 200/300: loss=0.000255
  Stage 3 epoch 300/300: loss=0.000297
    r=0.5: GT=0.076 learned=0.105 err=38.6% exit=100%
    r=1.0: GT=0.230 learned=0.372 err=61.9% exit=100%
    r=2.0: GT=0.608 learned=0.898 err=47.7% exit=71%
    r=3.0: GT=0.869 learned=1.021 err=17.6% exit=43%
    W2@1.0=1.6008

  --- F ---
      Epoch 100/500: loss=0.007047
      Epoch 200/500: loss=0.006606
      Epoch 300/500: loss=0.005983
      Epoch 400/500: loss=0.006038
      Epoch 500/500: loss=0.005957
    recon=0.005856
  Stage 2 epoch 100/300: loss=0.000371
  Stage 2 epoch 200/300: loss=0.000411
  Stage 2 epoch 300/300: loss=0.000425
  Stage 3 epoch 100/300: loss=0.004658
  Stage 3 epoch 200/300: loss=0.003958
  Stage 3 epoch 300/300: loss=0.004463
    r=0.5: GT=0.076 learned=1.567 err=1964.1% exit=12%
    r=1.0: GT=0.230 learned=nan err=nan% exit=0%
    r=2.0: GT=0.608 learned=nan err=nan% exit=0%
    r=3.0: GT=0.869 learned=nan err=nan% exit=0%
    W2@1.0=2.1277

  --- T+F ---
      Epoch 100/500: loss=0.791179
      Epoch 200/500: loss=0.273580
      Epoch 300/500: loss=0.056251
      Epoch 400/500: loss=0.097944
      Epoch 500/500: loss=0.020019
    recon=0.000076
  Stage 2 epoch 100/300: loss=0.022938
  Stage 2 epoch 200/300: loss=0.025861
  Stage 2 epoch 300/300: loss=0.025334
  Stage 3 epoch 100/300: loss=0.000126
  Stage 3 epoch 200/300: loss=0.000076
  Stage 3 epoch 300/300: loss=0.000078
    r=0.5: GT=0.076 learned=0.077 err=1.1% exit=100%
    r=1.0: GT=0.230 learned=0.239 err=4.1% exit=100%
    r=2.0: GT=0.608 learned=0.693 err=14.0% exit=95%
    r=3.0: GT=0.869 learned=0.992 err=14.3% exit=63%
    W2@1.0=0.9560

============================================================
  hyperbolic_paraboloid | seed=8042
============================================================

  --- baseline ---
      Epoch 100/500: loss=0.001328
      Epoch 200/500: loss=0.001282
      Epoch 300/500: loss=0.000498
      Epoch 400/500: loss=0.000130
      Epoch 500/500: loss=0.000073
    recon=0.000067
  Stage 2 epoch 100/300: loss=0.036899
  Stage 2 epoch 200/300: loss=0.040803
  Stage 2 epoch 300/300: loss=0.041217
  Stage 3 epoch 100/300: loss=0.000559
  Stage 3 epoch 200/300: loss=0.000535
  Stage 3 epoch 300/300: loss=0.000518
    r=0.5: GT=0.075 learned=0.162 err=114.9% exit=100%
    r=1.0: GT=0.234 learned=0.559 err=139.3% exit=97%
    r=2.0: GT=0.639 learned=1.038 err=62.5% exit=48%
    r=3.0: GT=0.859 learned=1.177 err=37.0% exit=13%
    W2@1.0=1.7099

  --- T ---
      Epoch 100/500: loss=0.068676
      Epoch 200/500: loss=0.059588
      Epoch 300/500: loss=0.022688
      Epoch 400/500: loss=0.012580
      Epoch 500/500: loss=0.005390
    recon=0.000235
  Stage 2 epoch 100/300: loss=0.022341
  Stage 2 epoch 200/300: loss=0.023177
  Stage 2 epoch 300/300: loss=0.022811
  Stage 3 epoch 100/300: loss=0.000256
  Stage 3 epoch 200/300: loss=0.000201
  Stage 3 epoch 300/300: loss=0.000125
    r=0.5: GT=0.075 learned=0.143 err=89.7% exit=100%
    r=1.0: GT=0.234 learned=0.501 err=114.4% exit=96%
    r=2.0: GT=0.639 learned=0.869 err=36.0% exit=60%
    r=3.0: GT=0.859 learned=0.972 err=13.1% exit=36%
    W2@1.0=1.4306

  --- F ---
      Epoch 100/500: loss=0.013194
      Epoch 200/500: loss=0.006084
      Epoch 300/500: loss=0.005560
      Epoch 400/500: loss=0.005658
      Epoch 500/500: loss=0.005777
    recon=0.005589
  Stage 2 epoch 100/300: loss=0.000134
  Stage 2 epoch 200/300: loss=0.000155
  Stage 2 epoch 300/300: loss=0.000158
  Stage 3 epoch 100/300: loss=0.002915
  Stage 3 epoch 200/300: loss=0.002968
  Stage 3 epoch 300/300: loss=0.002991
    r=0.5: GT=0.075 learned=1.800 err=2285.4% exit=2%
    r=1.0: GT=0.234 learned=nan err=nan% exit=0%
    r=2.0: GT=0.639 learned=nan err=nan% exit=0%
    r=3.0: GT=0.859 learned=nan err=nan% exit=0%
    W2@1.0=2.2536

  --- T+F ---
      Epoch 100/500: loss=0.648470
      Epoch 200/500: loss=0.190896
      Epoch 300/500: loss=0.163027
      Epoch 400/500: loss=0.027669
      Epoch 500/500: loss=0.020644
    recon=0.000344
  Stage 2 epoch 100/300: loss=0.013926
  Stage 2 epoch 200/300: loss=0.016717
  Stage 2 epoch 300/300: loss=0.012506
  Stage 3 epoch 100/300: loss=0.000234
  Stage 3 epoch 200/300: loss=0.000190
  Stage 3 epoch 300/300: loss=0.000136
    r=0.5: GT=0.075 learned=0.141 err=86.7% exit=100%
    r=1.0: GT=0.234 learned=0.454 err=94.5% exit=99%
    r=2.0: GT=0.639 learned=0.886 err=38.7% exit=72%
    r=3.0: GT=0.859 learned=1.022 err=19.0% exit=46%
    W2@1.0=1.3378

============================================================
  hyperbolic_paraboloid | seed=9042
============================================================

  --- baseline ---
      Epoch 100/500: loss=0.001439
      Epoch 200/500: loss=0.001217
      Epoch 300/500: loss=0.000343
      Epoch 400/500: loss=0.000216
      Epoch 500/500: loss=0.000092
    recon=0.000091
  Stage 2 epoch 100/300: loss=0.055224
  Stage 2 epoch 200/300: loss=0.055520
  Stage 2 epoch 300/300: loss=0.051921
  Stage 3 epoch 100/300: loss=0.000572
  Stage 3 epoch 200/300: loss=0.000483
  Stage 3 epoch 300/300: loss=0.000434
    r=0.5: GT=0.076 learned=0.079 err=3.8% exit=100%
    r=1.0: GT=0.228 learned=0.275 err=21.0% exit=100%
    r=2.0: GT=0.634 learned=0.823 err=29.8% exit=76%
    r=3.0: GT=0.845 learned=1.139 err=34.7% exit=26%
    W2@1.0=1.4305

  --- T ---
      Epoch 100/500: loss=0.032075
      Epoch 200/500: loss=0.031387
      Epoch 300/500: loss=0.021757
      Epoch 400/500: loss=0.023810
      Epoch 500/500: loss=0.004137
    recon=0.000151
  Stage 2 epoch 100/300: loss=0.023644
  Stage 2 epoch 200/300: loss=0.024811
  Stage 2 epoch 300/300: loss=0.023495
  Stage 3 epoch 100/300: loss=0.000075
  Stage 3 epoch 200/300: loss=0.000056
  Stage 3 epoch 300/300: loss=0.000047
    r=0.5: GT=0.076 learned=0.073 err=4.1% exit=100%
    r=1.0: GT=0.228 learned=0.240 err=5.6% exit=100%
    r=2.0: GT=0.634 learned=0.739 err=16.5% exit=90%
    r=3.0: GT=0.845 learned=0.993 err=17.4% exit=55%
    W2@1.0=0.9454

  --- F ---
      Epoch 100/500: loss=0.006816
      Epoch 200/500: loss=0.006377
      Epoch 300/500: loss=0.006255
      Epoch 400/500: loss=0.006244
      Epoch 500/500: loss=0.006414
    recon=0.006198
  Stage 2 epoch 100/300: loss=0.000100
  Stage 2 epoch 200/300: loss=0.000097
  Stage 2 epoch 300/300: loss=0.000091
  Stage 3 epoch 100/300: loss=0.003807
  Stage 3 epoch 200/300: loss=0.003360
  Stage 3 epoch 300/300: loss=0.003501
    r=0.5: GT=0.076 learned=1.333 err=1653.1% exit=23%
    r=1.0: GT=0.228 learned=1.727 err=658.6% exit=2%
    r=2.0: GT=0.634 learned=nan err=nan% exit=0%
    r=3.0: GT=0.845 learned=nan err=nan% exit=0%
    W2@1.0=2.1703

  --- T+F ---
      Epoch 100/500: loss=0.782729
      Epoch 200/500: loss=0.137352
      Epoch 300/500: loss=0.061240
      Epoch 400/500: loss=0.030804
      Epoch 500/500: loss=0.014493
    recon=0.000498
  Stage 2 epoch 100/300: loss=0.016605
  Stage 2 epoch 200/300: loss=0.015041
  Stage 2 epoch 300/300: loss=0.015721
  Stage 3 epoch 100/300: loss=0.000044
  Stage 3 epoch 200/300: loss=0.000038
  Stage 3 epoch 300/300: loss=0.000038
    r=0.5: GT=0.076 learned=0.076 err=0.2% exit=100%
    r=1.0: GT=0.228 learned=0.249 err=9.2% exit=100%
    r=2.0: GT=0.634 learned=0.686 err=8.2% exit=95%
    r=3.0: GT=0.845 learned=0.964 err=14.0% exit=70%
    W2@1.0=0.9664


Total time: 32.9 min
Saved 80 rows to mfpt_ablation_D201.csv


================================================================================
MFPT ABLATION SUMMARY
================================================================================

  Surface: paraboloid

    r=0.5:
       condition        MFPT_err    MFPT_learned         MFPT_GT          W2@1.0
        baseline   34.6%±37.3%   0.096±0.031   0.075±0.003   1.856±0.169
               T   26.1%±35.8%   0.091±0.027   0.075±0.003   1.516±0.323
               F  1582.0%±182.8%   1.288±0.168   0.075±0.003   2.479±0.066
             T+F   18.7%±26.2%   0.083±0.024   0.075±0.003   1.321±0.300

    r=1.0:
       condition        MFPT_err    MFPT_learned         MFPT_GT          W2@1.0
        baseline   46.3%±47.1%   0.324±0.101   0.225±0.008   1.856±0.169
               T   45.2%±53.5%   0.324±0.115   0.225±0.008   1.516±0.323
               F  557.7%±110.3%   1.468±0.231   0.225±0.008   2.479±0.066
             T+F   22.3%±37.5%   0.267±0.085   0.225±0.008   1.321±0.300

    r=2.0:
       condition        MFPT_err    MFPT_learned         MFPT_GT          W2@1.0
        baseline   44.6%±16.5%   0.819±0.086   0.567±0.016   1.856±0.169
               T   36.2%±17.6%   0.772±0.092   0.567±0.016   1.516±0.323
               F  150.6%±23.2%   1.402±0.140   0.567±0.016   2.479±0.066
             T+F   15.0%±22.2%   0.649±0.115   0.567±0.016   1.321±0.300

    r=3.0:
       condition        MFPT_err    MFPT_learned         MFPT_GT          W2@1.0
        baseline   38.8%±8.1%   1.072±0.064   0.772±0.017   1.856±0.169
               T   22.7%±6.7%   0.947±0.044   0.772±0.017   1.516±0.323
               F   73.3%±0.0%   1.355±0.000   0.772±0.017   2.479±0.066
             T+F   17.7%±12.1%   0.908±0.076   0.772±0.017   1.321±0.300

    Paired t-test vs baseline (MFPT_err, negative = better):
      r=0.5:
             T: Δ=-24.6%  p=0.403  wins=6/10
             F: Δ=+4116.0%  p=0.000**  wins=0/5
           T+F: Δ=-46.0%  p=0.154  wins=5/10
      r=1.0:
             T: Δ=-2.4%  p=0.908  wins=5/10
             F: Δ=+780.3%  p=0.002**  wins=0/4
           T+F: Δ=-51.8%  p=0.066+  wins=9/10
      r=2.0:
             T: Δ=-18.8%  p=0.027*  wins=8/10
             F: Δ=+146.7%  p=0.077+  wins=0/2
           T+F: Δ=-66.4%  p=0.000**  wins=10/10
      r=3.0:
             T: Δ=-41.4%  p=0.000**  wins=10/10
             F: insufficient data
           T+F: Δ=-54.3%  p=0.001**  wins=9/10

  Surface: hyperbolic_paraboloid

    r=0.5:
       condition        MFPT_err    MFPT_learned         MFPT_GT          W2@1.0
        baseline   28.0%±37.2%   0.094±0.029   0.076±0.002   1.475±0.125
               T   33.3%±40.1%   0.096±0.031   0.076±0.002   1.387±0.377
               F  1692.5%±303.9%   1.369±0.231   0.076±0.002   2.172±0.063
             T+F   29.1%±33.1%   0.097±0.027   0.076±0.002   1.191±0.183

    r=1.0:
       condition        MFPT_err    MFPT_learned         MFPT_GT          W2@1.0
        baseline   43.8%±44.8%   0.332±0.103   0.233±0.009   1.475±0.125
               T   44.1%±50.3%   0.335±0.116   0.233±0.009   1.387±0.377
               F  543.6%±84.2%   1.515±0.195   0.233±0.009   2.172±0.063
             T+F   34.5%±37.8%   0.309±0.085   0.233±0.009   1.191±0.183

    r=2.0:
       condition        MFPT_err    MFPT_learned         MFPT_GT          W2@1.0
        baseline   43.7%±11.0%   0.901±0.074   0.627±0.019   1.475±0.125
               T   27.7%±14.1%   0.800±0.088   0.627±0.019   1.387±0.377
               F   99.1%±0.0%   1.284±0.000   0.627±0.019   2.172±0.063
             T+F   18.4%±13.7%   0.739±0.089   0.627±0.019   1.191±0.183

    r=3.0:
       condition        MFPT_err    MFPT_learned         MFPT_GT          W2@1.0
        baseline   35.8%±7.1%   1.162±0.055   0.856±0.016   1.475±0.125
               T   18.6%±7.4%   1.013±0.045   0.856±0.016   1.387±0.377
               F   60.0%±0.0%   1.348±0.000   0.856±0.016   2.172±0.063
             T+F   13.9%±3.6%   0.974±0.034   0.856±0.016   1.191±0.183

    Paired t-test vs baseline (MFPT_err, negative = better):
      r=0.5:
             T: Δ=+18.8%  p=0.733  wins=5/10
             F: Δ=+5842.3%  p=0.000**  wins=0/8
           T+F: Δ=+4.1%  p=0.924  wins=6/10
      r=1.0:
             T: Δ=+0.7%  p=0.986  wins=8/10
             F: Δ=+1714.3%  p=0.000**  wins=0/6
           T+F: Δ=-21.3%  p=0.441  wins=8/10
      r=2.0:
             T: Δ=-36.7%  p=0.018*  wins=8/10
             F: insufficient data
           T+F: Δ=-57.8%  p=0.000**  wins=10/10
      r=3.0:
             T: Δ=-48.2%  p=0.000**  wins=9/10
             F: insufficient data
           T+F: Δ=-61.2%  p=0.000**  wins=10/10
