Device: cuda
Seeds (5): [42, 1042, 2042, 3042, 4042]
Surfaces: ['paraboloid', 'hyperbolic_paraboloid']
Conditions: ['baseline', 'K(Phat)']
D configs: [(99, 201)]
N values: [20, 50]
Curvature weight scaling: K_weight = 0.1 * D/11
Hidden dims: D-dependent (<=11:[64,64], <=51:[128,128], else:[256,256])
AE epochs: 500 (Phase 1: 250, Phase 2: 250)
SDE epochs: 300
Expected rows: 40


============================================================
  N=20 | D=201 (K=99) | paraboloid | seed=42
============================================================
    Phase1 Epoch 50/250: loss=0.725477
    Phase1 Epoch 100/250: loss=0.702167
    Phase1 Epoch 150/250: loss=0.621317
    Phase1 Epoch 200/250: loss=0.534895
    Phase1 Epoch 250/250: loss=0.436679
      Condition: baseline (K_weight=0.0000)
        Phase2 Epoch 50/250: loss=0.278614
        Phase2 Epoch 100/250: loss=0.218198
        Phase2 Epoch 150/250: loss=0.157585
        Phase2 Epoch 200/250: loss=0.155454
        Phase2 Epoch 250/250: loss=0.098176
        E_mu=2.0872  E_Sigma=5.7190
  Stage 2 epoch 60/300: loss=0.002484
  Stage 2 epoch 120/300: loss=0.002239
  Stage 2 epoch 180/300: loss=0.001898
  Stage 2 epoch 240/300: loss=0.001322
  Stage 2 epoch 300/300: loss=0.000748
  Stage 3 epoch 60/300: loss=0.000335
  Stage 3 epoch 120/300: loss=0.000301
  Stage 3 epoch 180/300: loss=0.000257
  Stage 3 epoch 240/300: loss=0.000204
  Stage 3 epoch 300/300: loss=0.000175
  MTE@0.1: 1.4568
  MTE@0.5: 2.7768
  MTE@1.0: 3.4751
  W2@1.0:  1.9324
  MMD@1.0: 0.1739
  Survival@1.0: 76.5%
      Condition: K(Phat) (K_weight=1.8273)
        Phase2 Epoch 50/250: loss=0.341896
        Phase2 Epoch 100/250: loss=0.400945
        Phase2 Epoch 150/250: loss=0.265278
        Phase2 Epoch 200/250: loss=0.163861
        Phase2 Epoch 250/250: loss=0.179273
        E_mu=1.7971  E_Sigma=9.0072
  Stage 2 epoch 60/300: loss=0.002134
  Stage 2 epoch 120/300: loss=0.001854
  Stage 2 epoch 180/300: loss=0.001471
  Stage 2 epoch 240/300: loss=0.001019
  Stage 2 epoch 300/300: loss=0.000606
  Stage 3 epoch 60/300: loss=0.000375
  Stage 3 epoch 120/300: loss=0.000354
  Stage 3 epoch 180/300: loss=0.000325
  Stage 3 epoch 240/300: loss=0.000278
  Stage 3 epoch 300/300: loss=0.000234
  MTE@0.1: 1.6182
  MTE@0.5: 2.8514
  MTE@1.0: 3.4982
  W2@1.0:  1.9359
  MMD@1.0: 0.2127
  Survival@1.0: 76.5%
      baseline: W2=1.9324  E_mu=2.0872  E_Sig=5.7190
       K(Phat): W2=1.9359  E_mu=1.7971  E_Sig=9.0072

============================================================
  N=20 | D=201 (K=99) | paraboloid | seed=1042
============================================================
    Phase1 Epoch 50/250: loss=0.688328
    Phase1 Epoch 100/250: loss=0.677658
    Phase1 Epoch 150/250: loss=0.632955
    Phase1 Epoch 200/250: loss=0.445422
    Phase1 Epoch 250/250: loss=0.271688
      Condition: baseline (K_weight=0.0000)
        Phase2 Epoch 50/250: loss=0.206052
        Phase2 Epoch 100/250: loss=0.281004
        Phase2 Epoch 150/250: loss=0.161826
        Phase2 Epoch 200/250: loss=0.085904
        Phase2 Epoch 250/250: loss=0.110611
        E_mu=1.5579  E_Sigma=3.2787
  Stage 2 epoch 60/300: loss=0.000716
  Stage 2 epoch 120/300: loss=0.000670
  Stage 2 epoch 180/300: loss=0.000617
  Stage 2 epoch 240/300: loss=0.000540
  Stage 2 epoch 300/300: loss=0.000440
  Stage 3 epoch 60/300: loss=0.000317
  Stage 3 epoch 120/300: loss=0.000279
  Stage 3 epoch 180/300: loss=0.000231
  Stage 3 epoch 240/300: loss=0.000182
  Stage 3 epoch 300/300: loss=0.000163
  MTE@0.1: 1.1730
  MTE@0.5: 2.0026
  MTE@1.0: 2.7531
  W2@1.0:  1.8220
  MMD@1.0: 0.1850
  Survival@1.0: 72.0%
      Condition: K(Phat) (K_weight=1.8273)
        Phase2 Epoch 50/250: loss=0.226196
        Phase2 Epoch 100/250: loss=0.161258
        Phase2 Epoch 150/250: loss=0.122734
        Phase2 Epoch 200/250: loss=0.109906
        Phase2 Epoch 250/250: loss=0.074481
        E_mu=0.8019  E_Sigma=2.9281
  Stage 2 epoch 60/300: loss=0.000533
  Stage 2 epoch 120/300: loss=0.000498
  Stage 2 epoch 180/300: loss=0.000472
  Stage 2 epoch 240/300: loss=0.000447
  Stage 2 epoch 300/300: loss=0.000420
  Stage 3 epoch 60/300: loss=0.000329
  Stage 3 epoch 120/300: loss=0.000252
  Stage 3 epoch 180/300: loss=0.000197
  Stage 3 epoch 240/300: loss=0.000157
  Stage 3 epoch 300/300: loss=0.000146
  MTE@0.1: 1.2107
  MTE@0.5: 2.0051
  MTE@1.0: 2.7064
  W2@1.0:  1.7625
  MMD@1.0: 0.1896
  Survival@1.0: 72.0%
      baseline: W2=1.8220  E_mu=1.5579  E_Sig=3.2787
       K(Phat): W2=1.7625  E_mu=0.8019  E_Sig=2.9281

============================================================
  N=20 | D=201 (K=99) | paraboloid | seed=2042
============================================================
    Phase1 Epoch 50/250: loss=0.928143
    Phase1 Epoch 100/250: loss=0.862178
    Phase1 Epoch 150/250: loss=0.804693
    Phase1 Epoch 200/250: loss=0.689583
    Phase1 Epoch 250/250: loss=0.562841
      Condition: baseline (K_weight=0.0000)
        Phase2 Epoch 50/250: loss=0.293230
        Phase2 Epoch 100/250: loss=0.146833
        Phase2 Epoch 150/250: loss=0.158979
        Phase2 Epoch 200/250: loss=0.085848
        Phase2 Epoch 250/250: loss=0.108520
        E_mu=0.8384  E_Sigma=2.0063
  Stage 2 epoch 60/300: loss=0.000810
  Stage 2 epoch 120/300: loss=0.000666
  Stage 2 epoch 180/300: loss=0.000560
  Stage 2 epoch 240/300: loss=0.000482
  Stage 2 epoch 300/300: loss=0.000408
  Stage 3 epoch 60/300: loss=0.000263
  Stage 3 epoch 120/300: loss=0.000238
  Stage 3 epoch 180/300: loss=0.000191
  Stage 3 epoch 240/300: loss=0.000170
  Stage 3 epoch 300/300: loss=0.000156
  MTE@0.1: 0.6619
  MTE@0.5: 1.6016
  MTE@1.0: 2.0892
  W2@1.0:  1.9556
  MMD@1.0: 0.2245
  Survival@1.0: 78.5%
      Condition: K(Phat) (K_weight=1.8273)
        Phase2 Epoch 50/250: loss=0.316348
        Phase2 Epoch 100/250: loss=0.217881
        Phase2 Epoch 150/250: loss=0.155171
        Phase2 Epoch 200/250: loss=0.116573
        Phase2 Epoch 250/250: loss=0.127475
        E_mu=0.6697  E_Sigma=2.2979
  Stage 2 epoch 60/300: loss=0.000875
  Stage 2 epoch 120/300: loss=0.000663
  Stage 2 epoch 180/300: loss=0.000486
  Stage 2 epoch 240/300: loss=0.000367
  Stage 2 epoch 300/300: loss=0.000277
  Stage 3 epoch 60/300: loss=0.000296
  Stage 3 epoch 120/300: loss=0.000273
  Stage 3 epoch 180/300: loss=0.000231
  Stage 3 epoch 240/300: loss=0.000214
  Stage 3 epoch 300/300: loss=0.000198
  MTE@0.1: 0.9583
  MTE@0.5: 2.3187
  MTE@1.0: 2.9164
  W2@1.0:  2.0461
  MMD@1.0: 0.2426
  Survival@1.0: 78.5%
      baseline: W2=1.9556  E_mu=0.8384  E_Sig=2.0063
       K(Phat): W2=2.0461  E_mu=0.6697  E_Sig=2.2979

============================================================
  N=20 | D=201 (K=99) | paraboloid | seed=3042
============================================================
    Phase1 Epoch 50/250: loss=0.807089
    Phase1 Epoch 100/250: loss=0.770404
    Phase1 Epoch 150/250: loss=0.724763
    Phase1 Epoch 200/250: loss=0.555004
    Phase1 Epoch 250/250: loss=0.433112
      Condition: baseline (K_weight=0.0000)
        Phase2 Epoch 50/250: loss=0.312052
        Phase2 Epoch 100/250: loss=0.180825
        Phase2 Epoch 150/250: loss=0.110715
        Phase2 Epoch 200/250: loss=0.089999
        Phase2 Epoch 250/250: loss=0.050416
        E_mu=0.7570  E_Sigma=1.1851
  Stage 2 epoch 60/300: loss=0.001547
  Stage 2 epoch 120/300: loss=0.001257
  Stage 2 epoch 180/300: loss=0.000855
  Stage 2 epoch 240/300: loss=0.000382
  Stage 2 epoch 300/300: loss=0.000201
  Stage 3 epoch 60/300: loss=0.000275
  Stage 3 epoch 120/300: loss=0.000224
  Stage 3 epoch 180/300: loss=0.000167
  Stage 3 epoch 240/300: loss=0.000119
  Stage 3 epoch 300/300: loss=0.000105
  MTE@0.1: 0.7087
  MTE@0.5: 1.5498
  MTE@1.0: 2.4499
  W2@1.0:  2.4998
  MMD@1.0: 0.2947
  Survival@1.0: 74.5%
      Condition: K(Phat) (K_weight=1.8273)
        Phase2 Epoch 50/250: loss=0.373348
        Phase2 Epoch 100/250: loss=0.251790
        Phase2 Epoch 150/250: loss=0.135275
        Phase2 Epoch 200/250: loss=0.172191
        Phase2 Epoch 250/250: loss=0.073198
        E_mu=0.4330  E_Sigma=1.2108
  Stage 2 epoch 60/300: loss=0.000953
  Stage 2 epoch 120/300: loss=0.000806
  Stage 2 epoch 180/300: loss=0.000641
  Stage 2 epoch 240/300: loss=0.000451
  Stage 2 epoch 300/300: loss=0.000275
  Stage 3 epoch 60/300: loss=0.000222
  Stage 3 epoch 120/300: loss=0.000179
  Stage 3 epoch 180/300: loss=0.000138
  Stage 3 epoch 240/300: loss=0.000103
  Stage 3 epoch 300/300: loss=0.000085
  MTE@0.1: 0.9325
  MTE@0.5: 1.5524
  MTE@1.0: 2.3016
  W2@1.0:  2.3827
  MMD@1.0: 0.3033
  Survival@1.0: 74.5%
      baseline: W2=2.4998  E_mu=0.7570  E_Sig=1.1851
       K(Phat): W2=2.3827  E_mu=0.4330  E_Sig=1.2108

============================================================
  N=20 | D=201 (K=99) | paraboloid | seed=4042
============================================================
    Phase1 Epoch 50/250: loss=0.820676
    Phase1 Epoch 100/250: loss=0.745430
    Phase1 Epoch 150/250: loss=0.606428
    Phase1 Epoch 200/250: loss=0.428950
    Phase1 Epoch 250/250: loss=0.259851
      Condition: baseline (K_weight=0.0000)
        Phase2 Epoch 50/250: loss=0.169571
        Phase2 Epoch 100/250: loss=0.156538
        Phase2 Epoch 150/250: loss=0.082959
        Phase2 Epoch 200/250: loss=0.080602
        Phase2 Epoch 250/250: loss=0.058646
        E_mu=1.2875  E_Sigma=2.0539
  Stage 2 epoch 60/300: loss=0.000990
  Stage 2 epoch 120/300: loss=0.000847
  Stage 2 epoch 180/300: loss=0.000705
  Stage 2 epoch 240/300: loss=0.000545
  Stage 2 epoch 300/300: loss=0.000377
  Stage 3 epoch 60/300: loss=0.000374
  Stage 3 epoch 120/300: loss=0.000363
  Stage 3 epoch 180/300: loss=0.000358
  Stage 3 epoch 240/300: loss=0.000353
  Stage 3 epoch 300/300: loss=0.000349
  MTE@0.1: 1.1072
  MTE@0.5: 2.1556
  MTE@1.0: 2.5051
  W2@1.0:  1.9417
  MMD@1.0: 0.2070
  Survival@1.0: 76.0%
      Condition: K(Phat) (K_weight=1.8273)
        Phase2 Epoch 50/250: loss=0.214401
        Phase2 Epoch 100/250: loss=0.140612
        Phase2 Epoch 150/250: loss=0.116459
        Phase2 Epoch 200/250: loss=0.104248
        Phase2 Epoch 250/250: loss=0.081555
        E_mu=0.7122  E_Sigma=1.8725
  Stage 2 epoch 60/300: loss=0.000400
  Stage 2 epoch 120/300: loss=0.000309
  Stage 2 epoch 180/300: loss=0.000235
  Stage 2 epoch 240/300: loss=0.000179
  Stage 2 epoch 300/300: loss=0.000151
  Stage 3 epoch 60/300: loss=0.000206
  Stage 3 epoch 120/300: loss=0.000188
  Stage 3 epoch 180/300: loss=0.000178
  Stage 3 epoch 240/300: loss=0.000167
  Stage 3 epoch 300/300: loss=0.000156
  MTE@0.1: 1.1344
  MTE@0.5: 2.1495
  MTE@1.0: 2.4307
  W2@1.0:  1.7603
  MMD@1.0: 0.1894
  Survival@1.0: 76.0%
      baseline: W2=1.9417  E_mu=1.2875  E_Sig=2.0539
       K(Phat): W2=1.7603  E_mu=0.7122  E_Sig=1.8725

============================================================
  N=20 | D=201 (K=99) | hyperbolic_paraboloid | seed=42
============================================================
    Phase1 Epoch 50/250: loss=0.786107
    Phase1 Epoch 100/250: loss=0.755314
    Phase1 Epoch 150/250: loss=0.725890
    Phase1 Epoch 200/250: loss=0.564055
    Phase1 Epoch 250/250: loss=0.402374
      Condition: baseline (K_weight=0.0000)
        Phase2 Epoch 50/250: loss=0.325982
        Phase2 Epoch 100/250: loss=0.311538
        Phase2 Epoch 150/250: loss=0.232754
        Phase2 Epoch 200/250: loss=0.180258
        Phase2 Epoch 250/250: loss=0.194965
        E_mu=1.8318  E_Sigma=6.5707
  Stage 2 epoch 60/300: loss=0.002172
  Stage 2 epoch 120/300: loss=0.002003
  Stage 2 epoch 180/300: loss=0.001804
  Stage 2 epoch 240/300: loss=0.001532
  Stage 2 epoch 300/300: loss=0.001138
  Stage 3 epoch 60/300: loss=0.000408
  Stage 3 epoch 120/300: loss=0.000292
  Stage 3 epoch 180/300: loss=0.000281
  Stage 3 epoch 240/300: loss=0.000272
  Stage 3 epoch 300/300: loss=0.000261
  MTE@0.1: 1.3014
  MTE@0.5: 2.5595
  MTE@1.0: 3.1174
  W2@1.0:  2.0420
  MMD@1.0: 0.2090
  Survival@1.0: 76.5%
      Condition: K(Phat) (K_weight=1.8273)
        Phase2 Epoch 50/250: loss=0.362597
        Phase2 Epoch 100/250: loss=0.310386
        Phase2 Epoch 150/250: loss=0.276972
        Phase2 Epoch 200/250: loss=0.219225
        Phase2 Epoch 250/250: loss=0.170778
        E_mu=1.4238  E_Sigma=4.4188
  Stage 2 epoch 60/300: loss=0.001394
  Stage 2 epoch 120/300: loss=0.001207
  Stage 2 epoch 180/300: loss=0.000973
  Stage 2 epoch 240/300: loss=0.000692
  Stage 2 epoch 300/300: loss=0.000486
  Stage 3 epoch 60/300: loss=0.000582
  Stage 3 epoch 120/300: loss=0.000258
  Stage 3 epoch 180/300: loss=0.000249
  Stage 3 epoch 240/300: loss=0.000240
  Stage 3 epoch 300/300: loss=0.000229
  MTE@0.1: 1.3700
  MTE@0.5: 2.6559
  MTE@1.0: 3.1996
  W2@1.0:  2.0249
  MMD@1.0: 0.2312
  Survival@1.0: 76.5%
      baseline: W2=2.0420  E_mu=1.8318  E_Sig=6.5707
       K(Phat): W2=2.0249  E_mu=1.4238  E_Sig=4.4188

============================================================
  N=20 | D=201 (K=99) | hyperbolic_paraboloid | seed=1042
============================================================
    Phase1 Epoch 50/250: loss=0.809726
    Phase1 Epoch 100/250: loss=0.701370
    Phase1 Epoch 150/250: loss=0.539352
    Phase1 Epoch 200/250: loss=0.301255
    Phase1 Epoch 250/250: loss=0.236404
      Condition: baseline (K_weight=0.0000)
        Phase2 Epoch 50/250: loss=0.133170
        Phase2 Epoch 100/250: loss=0.107514
        Phase2 Epoch 150/250: loss=0.129979
        Phase2 Epoch 200/250: loss=0.120767
        Phase2 Epoch 250/250: loss=0.041452
        E_mu=0.7785  E_Sigma=1.3207
  Stage 2 epoch 60/300: loss=0.000801
  Stage 2 epoch 120/300: loss=0.000710
  Stage 2 epoch 180/300: loss=0.000617
  Stage 2 epoch 240/300: loss=0.000505
  Stage 2 epoch 300/300: loss=0.000374
  Stage 3 epoch 60/300: loss=0.000131
  Stage 3 epoch 120/300: loss=0.000098
  Stage 3 epoch 180/300: loss=0.000091
  Stage 3 epoch 240/300: loss=0.000082
  Stage 3 epoch 300/300: loss=0.000073
  MTE@0.1: 1.3107
  MTE@0.5: 2.1455
  MTE@1.0: 2.7058
  W2@1.0:  1.4294
  MMD@1.0: 0.1266
  Survival@1.0: 72.0%
      Condition: K(Phat) (K_weight=1.8273)
        Phase2 Epoch 50/250: loss=0.175543
        Phase2 Epoch 100/250: loss=0.131233
        Phase2 Epoch 150/250: loss=0.115565
        Phase2 Epoch 200/250: loss=0.073327
        Phase2 Epoch 250/250: loss=0.050648
        E_mu=0.6282  E_Sigma=1.5599
  Stage 2 epoch 60/300: loss=0.000586
  Stage 2 epoch 120/300: loss=0.000497
  Stage 2 epoch 180/300: loss=0.000422
  Stage 2 epoch 240/300: loss=0.000344
  Stage 2 epoch 300/300: loss=0.000270
  Stage 3 epoch 60/300: loss=0.000121
  Stage 3 epoch 120/300: loss=0.000080
  Stage 3 epoch 180/300: loss=0.000074
  Stage 3 epoch 240/300: loss=0.000068
  Stage 3 epoch 300/300: loss=0.000059
  MTE@0.1: 1.6254
  MTE@0.5: 2.5259
  MTE@1.0: 3.0004
  W2@1.0:  1.2694
  MMD@1.0: 0.1320
  Survival@1.0: 72.0%
      baseline: W2=1.4294  E_mu=0.7785  E_Sig=1.3207
       K(Phat): W2=1.2694  E_mu=0.6282  E_Sig=1.5599

============================================================
  N=20 | D=201 (K=99) | hyperbolic_paraboloid | seed=2042
============================================================
    Phase1 Epoch 50/250: loss=0.886832
    Phase1 Epoch 100/250: loss=0.675278
    Phase1 Epoch 150/250: loss=0.589438
    Phase1 Epoch 200/250: loss=0.412574
    Phase1 Epoch 250/250: loss=0.256735
      Condition: baseline (K_weight=0.0000)
        Phase2 Epoch 50/250: loss=0.168192
        Phase2 Epoch 100/250: loss=0.105662
        Phase2 Epoch 150/250: loss=0.120420
        Phase2 Epoch 200/250: loss=0.059456
        Phase2 Epoch 250/250: loss=0.208841
        E_mu=0.7813  E_Sigma=1.8509
  Stage 2 epoch 60/300: loss=0.000551
  Stage 2 epoch 120/300: loss=0.000487
  Stage 2 epoch 180/300: loss=0.000436
  Stage 2 epoch 240/300: loss=0.000385
  Stage 2 epoch 300/300: loss=0.000335
  Stage 3 epoch 60/300: loss=0.000119
  Stage 3 epoch 120/300: loss=0.000088
  Stage 3 epoch 180/300: loss=0.000077
  Stage 3 epoch 240/300: loss=0.000071
  Stage 3 epoch 300/300: loss=0.000069
  MTE@0.1: 0.6281
  MTE@0.5: 1.4136
  MTE@1.0: 1.6938
  W2@1.0:  1.4908
  MMD@1.0: 0.1334
  Survival@1.0: 78.5%
      Condition: K(Phat) (K_weight=1.8273)
        Phase2 Epoch 50/250: loss=0.191437
        Phase2 Epoch 100/250: loss=0.099808
        Phase2 Epoch 150/250: loss=0.165420
        Phase2 Epoch 200/250: loss=0.065915
        Phase2 Epoch 250/250: loss=0.074758
        E_mu=0.6142  E_Sigma=1.5533
  Stage 2 epoch 60/300: loss=0.000757
  Stage 2 epoch 120/300: loss=0.000667
  Stage 2 epoch 180/300: loss=0.000572
  Stage 2 epoch 240/300: loss=0.000463
  Stage 2 epoch 300/300: loss=0.000368
  Stage 3 epoch 60/300: loss=0.000111
  Stage 3 epoch 120/300: loss=0.000083
  Stage 3 epoch 180/300: loss=0.000071
  Stage 3 epoch 240/300: loss=0.000067
  Stage 3 epoch 300/300: loss=0.000064
  MTE@0.1: 0.5703
  MTE@0.5: 1.4119
  MTE@1.0: 1.7562
  W2@1.0:  1.5237
  MMD@1.0: 0.1496
  Survival@1.0: 78.5%
      baseline: W2=1.4908  E_mu=0.7813  E_Sig=1.8509
       K(Phat): W2=1.5237  E_mu=0.6142  E_Sig=1.5533

============================================================
  N=20 | D=201 (K=99) | hyperbolic_paraboloid | seed=3042
============================================================
    Phase1 Epoch 50/250: loss=0.959586
    Phase1 Epoch 100/250: loss=0.854256
    Phase1 Epoch 150/250: loss=0.809206
    Phase1 Epoch 200/250: loss=0.579702
    Phase1 Epoch 250/250: loss=0.448642
      Condition: baseline (K_weight=0.0000)
        Phase2 Epoch 50/250: loss=0.402907
        Phase2 Epoch 100/250: loss=0.221230
        Phase2 Epoch 150/250: loss=0.192466
        Phase2 Epoch 200/250: loss=0.049963
        Phase2 Epoch 250/250: loss=0.021887
        E_mu=0.4835  E_Sigma=0.9571
  Stage 2 epoch 60/300: loss=0.001390
  Stage 2 epoch 120/300: loss=0.001139
  Stage 2 epoch 180/300: loss=0.000895
  Stage 2 epoch 240/300: loss=0.000596
  Stage 2 epoch 300/300: loss=0.000350
  Stage 3 epoch 60/300: loss=0.000252
  Stage 3 epoch 120/300: loss=0.000211
  Stage 3 epoch 180/300: loss=0.000182
  Stage 3 epoch 240/300: loss=0.000160
  Stage 3 epoch 300/300: loss=0.000148
  MTE@0.1: 1.4447
  MTE@0.5: 2.6739
  MTE@1.0: 3.1200
  W2@1.0:  1.8594
  MMD@1.0: 0.1386
  Survival@1.0: 74.5%
      Condition: K(Phat) (K_weight=1.8273)
        Phase2 Epoch 50/250: loss=0.432420
        Phase2 Epoch 100/250: loss=0.206394
        Phase2 Epoch 150/250: loss=0.187840
        Phase2 Epoch 200/250: loss=0.078796
        Phase2 Epoch 250/250: loss=0.055794
        E_mu=0.4612  E_Sigma=1.2569
  Stage 2 epoch 60/300: loss=0.000553
  Stage 2 epoch 120/300: loss=0.000474
  Stage 2 epoch 180/300: loss=0.000410
  Stage 2 epoch 240/300: loss=0.000355
  Stage 2 epoch 300/300: loss=0.000290
  Stage 3 epoch 60/300: loss=0.000252
  Stage 3 epoch 120/300: loss=0.000224
  Stage 3 epoch 180/300: loss=0.000207
  Stage 3 epoch 240/300: loss=0.000192
  Stage 3 epoch 300/300: loss=0.000182
  MTE@0.1: 1.4376
  MTE@0.5: 2.6548
  MTE@1.0: 3.1238
  W2@1.0:  1.6905
  MMD@1.0: 0.1286
  Survival@1.0: 74.5%
      baseline: W2=1.8594  E_mu=0.4835  E_Sig=0.9571
       K(Phat): W2=1.6905  E_mu=0.4612  E_Sig=1.2569

============================================================
  N=20 | D=201 (K=99) | hyperbolic_paraboloid | seed=4042
============================================================
    Phase1 Epoch 50/250: loss=0.792420
    Phase1 Epoch 100/250: loss=0.830547
    Phase1 Epoch 150/250: loss=0.659385
    Phase1 Epoch 200/250: loss=0.409008
    Phase1 Epoch 250/250: loss=0.176570
      Condition: baseline (K_weight=0.0000)
        Phase2 Epoch 50/250: loss=0.116484
        Phase2 Epoch 100/250: loss=0.046259
        Phase2 Epoch 150/250: loss=0.083512
        Phase2 Epoch 200/250: loss=0.039210
        Phase2 Epoch 250/250: loss=0.029048
        E_mu=0.5719  E_Sigma=0.9224
  Stage 2 epoch 60/300: loss=0.000773
  Stage 2 epoch 120/300: loss=0.000573
  Stage 2 epoch 180/300: loss=0.000408
  Stage 2 epoch 240/300: loss=0.000296
  Stage 2 epoch 300/300: loss=0.000223
  Stage 3 epoch 60/300: loss=0.000077
  Stage 3 epoch 120/300: loss=0.000044
  Stage 3 epoch 180/300: loss=0.000040
  Stage 3 epoch 240/300: loss=0.000038
  Stage 3 epoch 300/300: loss=0.000036
  MTE@0.1: 1.1643
  MTE@0.5: 2.1689
  MTE@1.0: 2.4129
  W2@1.0:  1.7120
  MMD@1.0: 0.1570
  Survival@1.0: 76.0%
      Condition: K(Phat) (K_weight=1.8273)
        Phase2 Epoch 50/250: loss=0.166299
        Phase2 Epoch 100/250: loss=0.080043
        Phase2 Epoch 150/250: loss=0.073153
        Phase2 Epoch 200/250: loss=0.034185
        Phase2 Epoch 250/250: loss=0.030184
        E_mu=0.4292  E_Sigma=0.7657
  Stage 2 epoch 60/300: loss=0.000484
  Stage 2 epoch 120/300: loss=0.000380
  Stage 2 epoch 180/300: loss=0.000287
  Stage 2 epoch 240/300: loss=0.000213
  Stage 2 epoch 300/300: loss=0.000164
  Stage 3 epoch 60/300: loss=0.000058
  Stage 3 epoch 120/300: loss=0.000034
  Stage 3 epoch 180/300: loss=0.000029
  Stage 3 epoch 240/300: loss=0.000026
  Stage 3 epoch 300/300: loss=0.000024
  MTE@0.1: 1.2023
  MTE@0.5: 2.2092
  MTE@1.0: 2.4364
  W2@1.0:  1.7228
  MMD@1.0: 0.1673
  Survival@1.0: 76.0%
      baseline: W2=1.7120  E_mu=0.5719  E_Sig=0.9224
       K(Phat): W2=1.7228  E_mu=0.4292  E_Sig=0.7657

  N=20, D=201 completed in 234.6s (23.5s per fork)

============================================================
  N=50 | D=201 (K=99) | paraboloid | seed=42
============================================================
    Phase1 Epoch 50/250: loss=0.836408
    Phase1 Epoch 100/250: loss=0.760728
    Phase1 Epoch 150/250: loss=0.625073
    Phase1 Epoch 200/250: loss=0.407506
    Phase1 Epoch 250/250: loss=0.241989
      Condition: baseline (K_weight=0.0000)
        Phase2 Epoch 50/250: loss=0.076799
        Phase2 Epoch 100/250: loss=0.057516
        Phase2 Epoch 150/250: loss=0.057727
        Phase2 Epoch 200/250: loss=0.042915
        Phase2 Epoch 250/250: loss=0.053837
        E_mu=0.6344  E_Sigma=1.1094
  Stage 2 epoch 60/300: loss=0.001028
  Stage 2 epoch 120/300: loss=0.000701
  Stage 2 epoch 180/300: loss=0.000576
  Stage 2 epoch 240/300: loss=0.000364
  Stage 2 epoch 300/300: loss=0.000233
  Stage 3 epoch 60/300: loss=0.000260
  Stage 3 epoch 120/300: loss=0.000117
  Stage 3 epoch 180/300: loss=0.000096
  Stage 3 epoch 240/300: loss=0.000074
  Stage 3 epoch 300/300: loss=0.000058
  MTE@0.1: 1.8252
  MTE@0.5: 3.1974
  MTE@1.0: 3.8321
  W2@1.0:  2.2898
  MMD@1.0: 0.2253
  Survival@1.0: 76.5%
      Condition: K(Phat) (K_weight=1.8273)
        Phase2 Epoch 50/250: loss=0.241007
        Phase2 Epoch 100/250: loss=0.058290
        Phase2 Epoch 150/250: loss=0.037137
        Phase2 Epoch 200/250: loss=0.025400
        Phase2 Epoch 250/250: loss=0.029225
        E_mu=0.1404  E_Sigma=0.3306
  Stage 2 epoch 60/300: loss=0.000766
  Stage 2 epoch 120/300: loss=0.000485
  Stage 2 epoch 180/300: loss=0.000374
  Stage 2 epoch 240/300: loss=0.000269
  Stage 2 epoch 300/300: loss=0.000179
  Stage 3 epoch 60/300: loss=0.000260
  Stage 3 epoch 120/300: loss=0.000108
  Stage 3 epoch 180/300: loss=0.000074
  Stage 3 epoch 240/300: loss=0.000048
  Stage 3 epoch 300/300: loss=0.000030
  MTE@0.1: 2.0549
  MTE@0.5: 3.2825
  MTE@1.0: 3.9179
  W2@1.0:  2.3750
  MMD@1.0: 0.3125
  Survival@1.0: 76.5%
      baseline: W2=2.2898  E_mu=0.6344  E_Sig=1.1094
       K(Phat): W2=2.3750  E_mu=0.1404  E_Sig=0.3306

============================================================
  N=50 | D=201 (K=99) | paraboloid | seed=1042
============================================================
    Phase1 Epoch 50/250: loss=0.763786
    Phase1 Epoch 100/250: loss=0.630083
    Phase1 Epoch 150/250: loss=0.420751
    Phase1 Epoch 200/250: loss=0.245851
    Phase1 Epoch 250/250: loss=0.112899
      Condition: baseline (K_weight=0.0000)
        Phase2 Epoch 50/250: loss=0.082649
        Phase2 Epoch 100/250: loss=0.064411
        Phase2 Epoch 150/250: loss=0.058208
        Phase2 Epoch 200/250: loss=0.039300
        Phase2 Epoch 250/250: loss=0.025333
        E_mu=0.4187  E_Sigma=0.5832
  Stage 2 epoch 60/300: loss=0.000510
  Stage 2 epoch 120/300: loss=0.000354
  Stage 2 epoch 180/300: loss=0.000243
  Stage 2 epoch 240/300: loss=0.000184
  Stage 2 epoch 300/300: loss=0.000148
  Stage 3 epoch 60/300: loss=0.000053
  Stage 3 epoch 120/300: loss=0.000046
  Stage 3 epoch 180/300: loss=0.000038
  Stage 3 epoch 240/300: loss=0.000036
  Stage 3 epoch 300/300: loss=0.000029
  MTE@0.1: 1.0548
  MTE@0.5: 1.8904
  MTE@1.0: 2.5963
  W2@1.0:  1.6321
  MMD@1.0: 0.2127
  Survival@1.0: 72.0%
      Condition: K(Phat) (K_weight=1.8273)
        Phase2 Epoch 50/250: loss=0.085921
        Phase2 Epoch 100/250: loss=0.063945
        Phase2 Epoch 150/250: loss=0.036765
        Phase2 Epoch 200/250: loss=0.053211
        Phase2 Epoch 250/250: loss=0.037341
        E_mu=0.3661  E_Sigma=0.7548
  Stage 2 epoch 60/300: loss=0.000475
  Stage 2 epoch 120/300: loss=0.000360
  Stage 2 epoch 180/300: loss=0.000276
  Stage 2 epoch 240/300: loss=0.000194
  Stage 2 epoch 300/300: loss=0.000150
  Stage 3 epoch 60/300: loss=0.000074
  Stage 3 epoch 120/300: loss=0.000062
  Stage 3 epoch 180/300: loss=0.000051
  Stage 3 epoch 240/300: loss=0.000047
  Stage 3 epoch 300/300: loss=0.000038
  MTE@0.1: 1.1427
  MTE@0.5: 1.9697
  MTE@1.0: 2.6865
  W2@1.0:  1.8026
  MMD@1.0: 0.2654
  Survival@1.0: 72.0%
      baseline: W2=1.6321  E_mu=0.4187  E_Sig=0.5832
       K(Phat): W2=1.8026  E_mu=0.3661  E_Sig=0.7548

============================================================
  N=50 | D=201 (K=99) | paraboloid | seed=2042
============================================================
    Phase1 Epoch 50/250: loss=0.842978
    Phase1 Epoch 100/250: loss=0.936158
    Phase1 Epoch 150/250: loss=0.651387
    Phase1 Epoch 200/250: loss=0.528585
    Phase1 Epoch 250/250: loss=0.335170
      Condition: baseline (K_weight=0.0000)
        Phase2 Epoch 50/250: loss=0.157197
        Phase2 Epoch 100/250: loss=0.104453
        Phase2 Epoch 150/250: loss=0.066628
        Phase2 Epoch 200/250: loss=0.067808
        Phase2 Epoch 250/250: loss=0.035324
        E_mu=0.4579  E_Sigma=0.8318
  Stage 2 epoch 60/300: loss=0.000775
  Stage 2 epoch 120/300: loss=0.000692
  Stage 2 epoch 180/300: loss=0.000486
  Stage 2 epoch 240/300: loss=0.000287
  Stage 2 epoch 300/300: loss=0.000224
  Stage 3 epoch 60/300: loss=0.000271
  Stage 3 epoch 120/300: loss=0.000155
  Stage 3 epoch 180/300: loss=0.000115
  Stage 3 epoch 240/300: loss=0.000087
  Stage 3 epoch 300/300: loss=0.000085
  MTE@0.1: 0.6423
  MTE@0.5: 1.6062
  MTE@1.0: 2.2410
  W2@1.0:  2.1550
  MMD@1.0: 0.2357
  Survival@1.0: 78.5%
      Condition: K(Phat) (K_weight=1.8273)
        Phase2 Epoch 50/250: loss=0.184085
        Phase2 Epoch 100/250: loss=0.091270
        Phase2 Epoch 150/250: loss=0.067240
        Phase2 Epoch 200/250: loss=0.060500
        Phase2 Epoch 250/250: loss=0.042903
        E_mu=0.2175  E_Sigma=0.6307
  Stage 2 epoch 60/300: loss=0.000718
  Stage 2 epoch 120/300: loss=0.000645
  Stage 2 epoch 180/300: loss=0.000431
  Stage 2 epoch 240/300: loss=0.000228
  Stage 2 epoch 300/300: loss=0.000137
  Stage 3 epoch 60/300: loss=0.000246
  Stage 3 epoch 120/300: loss=0.000118
  Stage 3 epoch 180/300: loss=0.000085
  Stage 3 epoch 240/300: loss=0.000066
  Stage 3 epoch 300/300: loss=0.000060
  MTE@0.1: 1.6404
  MTE@0.5: 2.2707
  MTE@1.0: 2.6822
  W2@1.0:  2.4140
  MMD@1.0: 0.3537
  Survival@1.0: 78.5%
      baseline: W2=2.1550  E_mu=0.4579  E_Sig=0.8318
       K(Phat): W2=2.4140  E_mu=0.2175  E_Sig=0.6307

============================================================
  N=50 | D=201 (K=99) | paraboloid | seed=3042
============================================================
    Phase1 Epoch 50/250: loss=0.840931
    Phase1 Epoch 100/250: loss=0.806722
    Phase1 Epoch 150/250: loss=0.720116
    Phase1 Epoch 200/250: loss=0.606824
    Phase1 Epoch 250/250: loss=0.251776
      Condition: baseline (K_weight=0.0000)
        Phase2 Epoch 50/250: loss=0.066565
        Phase2 Epoch 100/250: loss=0.042885
        Phase2 Epoch 150/250: loss=0.036711
        Phase2 Epoch 200/250: loss=0.016244
        Phase2 Epoch 250/250: loss=0.046359
        E_mu=0.2865  E_Sigma=0.4474
  Stage 2 epoch 60/300: loss=0.000848
  Stage 2 epoch 120/300: loss=0.000564
  Stage 2 epoch 180/300: loss=0.000456
  Stage 2 epoch 240/300: loss=0.000278
  Stage 2 epoch 300/300: loss=0.000194
  Stage 3 epoch 60/300: loss=0.000244
  Stage 3 epoch 120/300: loss=0.000184
  Stage 3 epoch 180/300: loss=0.000101
  Stage 3 epoch 240/300: loss=0.000080
  Stage 3 epoch 300/300: loss=0.000072
  MTE@0.1: 0.6916
  MTE@0.5: 1.4097
  MTE@1.0: 2.3486
  W2@1.0:  2.4124
  MMD@1.0: 0.2765
  Survival@1.0: 74.5%
      Condition: K(Phat) (K_weight=1.8273)
        Phase2 Epoch 50/250: loss=0.079111
        Phase2 Epoch 100/250: loss=0.045004
        Phase2 Epoch 150/250: loss=0.037561
        Phase2 Epoch 200/250: loss=0.038138
        Phase2 Epoch 250/250: loss=0.020912
        E_mu=0.1096  E_Sigma=0.2001
  Stage 2 epoch 60/300: loss=0.000533
  Stage 2 epoch 120/300: loss=0.000329
  Stage 2 epoch 180/300: loss=0.000231
  Stage 2 epoch 240/300: loss=0.000134
  Stage 2 epoch 300/300: loss=0.000122
  Stage 3 epoch 60/300: loss=0.000193
  Stage 3 epoch 120/300: loss=0.000112
  Stage 3 epoch 180/300: loss=0.000045
  Stage 3 epoch 240/300: loss=0.000035
  Stage 3 epoch 300/300: loss=0.000030
  MTE@0.1: 0.6498
  MTE@0.5: 1.3004
  MTE@1.0: 2.0656
  W2@1.0:  1.9379
  MMD@1.0: 0.2409
  Survival@1.0: 74.5%
      baseline: W2=2.4124  E_mu=0.2865  E_Sig=0.4474
       K(Phat): W2=1.9379  E_mu=0.1096  E_Sig=0.2001

============================================================
  N=50 | D=201 (K=99) | paraboloid | seed=4042
============================================================
    Phase1 Epoch 50/250: loss=0.799621
    Phase1 Epoch 100/250: loss=0.679854
    Phase1 Epoch 150/250: loss=0.457456
    Phase1 Epoch 200/250: loss=0.209720
    Phase1 Epoch 250/250: loss=0.117531
      Condition: baseline (K_weight=0.0000)
        Phase2 Epoch 50/250: loss=0.074868
        Phase2 Epoch 100/250: loss=0.044046
        Phase2 Epoch 150/250: loss=0.022907
        Phase2 Epoch 200/250: loss=0.028813
        Phase2 Epoch 250/250: loss=0.027553
        E_mu=0.4864  E_Sigma=0.9196
  Stage 2 epoch 60/300: loss=0.000764
  Stage 2 epoch 120/300: loss=0.000637
  Stage 2 epoch 180/300: loss=0.000544
  Stage 2 epoch 240/300: loss=0.000400
  Stage 2 epoch 300/300: loss=0.000294
  Stage 3 epoch 60/300: loss=0.000169
  Stage 3 epoch 120/300: loss=0.000138
  Stage 3 epoch 180/300: loss=0.000103
  Stage 3 epoch 240/300: loss=0.000086
  Stage 3 epoch 300/300: loss=0.000081
  MTE@0.1: 1.2368
  MTE@0.5: 2.3533
  MTE@1.0: 2.7654
  W2@1.0:  2.0155
  MMD@1.0: 0.2393
  Survival@1.0: 76.0%
      Condition: K(Phat) (K_weight=1.8273)
        Phase2 Epoch 50/250: loss=0.080745
        Phase2 Epoch 100/250: loss=0.069713
        Phase2 Epoch 150/250: loss=0.041500
        Phase2 Epoch 200/250: loss=0.068689
        Phase2 Epoch 250/250: loss=0.040845
        E_mu=0.2193  E_Sigma=0.6041
  Stage 2 epoch 60/300: loss=0.000713
  Stage 2 epoch 120/300: loss=0.000629
  Stage 2 epoch 180/300: loss=0.000567
  Stage 2 epoch 240/300: loss=0.000437
  Stage 2 epoch 300/300: loss=0.000343
  Stage 3 epoch 60/300: loss=0.000125
  Stage 3 epoch 120/300: loss=0.000105
  Stage 3 epoch 180/300: loss=0.000080
  Stage 3 epoch 240/300: loss=0.000060
  Stage 3 epoch 300/300: loss=0.000054
  MTE@0.1: 2.1475
  MTE@0.5: 2.9720
  MTE@1.0: 3.3387
  W2@1.0:  2.6322
  MMD@1.0: 0.4252
  Survival@1.0: 76.0%
      baseline: W2=2.0155  E_mu=0.4864  E_Sig=0.9196
       K(Phat): W2=2.6322  E_mu=0.2193  E_Sig=0.6041

============================================================
  N=50 | D=201 (K=99) | hyperbolic_paraboloid | seed=42
============================================================
    Phase1 Epoch 50/250: loss=0.882256
    Phase1 Epoch 100/250: loss=0.735548
    Phase1 Epoch 150/250: loss=0.661903
    Phase1 Epoch 200/250: loss=0.390538
    Phase1 Epoch 250/250: loss=0.227185
      Condition: baseline (K_weight=0.0000)
        Phase2 Epoch 50/250: loss=0.056408
        Phase2 Epoch 100/250: loss=0.039904
        Phase2 Epoch 150/250: loss=0.026185
        Phase2 Epoch 200/250: loss=0.039567
        Phase2 Epoch 250/250: loss=0.015813
        E_mu=0.2754  E_Sigma=1.0511
  Stage 2 epoch 60/300: loss=0.000460
  Stage 2 epoch 120/300: loss=0.000390
  Stage 2 epoch 180/300: loss=0.000324
  Stage 2 epoch 240/300: loss=0.000290
  Stage 2 epoch 300/300: loss=0.000247
  Stage 3 epoch 60/300: loss=0.000193
  Stage 3 epoch 120/300: loss=0.000146
  Stage 3 epoch 180/300: loss=0.000113
  Stage 3 epoch 240/300: loss=0.000108
  Stage 3 epoch 300/300: loss=0.000093
  MTE@0.1: 0.9626
  MTE@0.5: 2.1217
  MTE@1.0: 2.6412
  W2@1.0:  1.3228
  MMD@1.0: 0.1447
  Survival@1.0: 76.5%
      Condition: K(Phat) (K_weight=1.8273)
        Phase2 Epoch 50/250: loss=0.065389
        Phase2 Epoch 100/250: loss=0.054264
        Phase2 Epoch 150/250: loss=0.055869
        Phase2 Epoch 200/250: loss=0.019520
        Phase2 Epoch 250/250: loss=0.021771
        E_mu=0.1031  E_Sigma=0.3180
  Stage 2 epoch 60/300: loss=0.000324
  Stage 2 epoch 120/300: loss=0.000287
  Stage 2 epoch 180/300: loss=0.000248
  Stage 2 epoch 240/300: loss=0.000217
  Stage 2 epoch 300/300: loss=0.000172
  Stage 3 epoch 60/300: loss=0.000169
  Stage 3 epoch 120/300: loss=0.000125
  Stage 3 epoch 180/300: loss=0.000089
  Stage 3 epoch 240/300: loss=0.000082
  Stage 3 epoch 300/300: loss=0.000066
  MTE@0.1: 1.9105
  MTE@0.5: 2.7829
  MTE@1.0: 3.2407
  W2@1.0:  1.9390
  MMD@1.0: 0.4047
  Survival@1.0: 76.5%
      baseline: W2=1.3228  E_mu=0.2754  E_Sig=1.0511
       K(Phat): W2=1.9390  E_mu=0.1031  E_Sig=0.3180

============================================================
  N=50 | D=201 (K=99) | hyperbolic_paraboloid | seed=1042
============================================================
    Phase1 Epoch 50/250: loss=0.858135
    Phase1 Epoch 100/250: loss=0.600385
    Phase1 Epoch 150/250: loss=0.251391
    Phase1 Epoch 200/250: loss=0.140096
    Phase1 Epoch 250/250: loss=0.056367
      Condition: baseline (K_weight=0.0000)
        Phase2 Epoch 50/250: loss=0.051613
        Phase2 Epoch 100/250: loss=0.029260
        Phase2 Epoch 150/250: loss=0.024241
        Phase2 Epoch 200/250: loss=0.043254
        Phase2 Epoch 250/250: loss=0.020050
        E_mu=0.2320  E_Sigma=0.4916
  Stage 2 epoch 60/300: loss=0.001223
  Stage 2 epoch 120/300: loss=0.001027
  Stage 2 epoch 180/300: loss=0.000807
  Stage 2 epoch 240/300: loss=0.000428
  Stage 2 epoch 300/300: loss=0.000265
  Stage 3 epoch 60/300: loss=0.000074
  Stage 3 epoch 120/300: loss=0.000058
  Stage 3 epoch 180/300: loss=0.000037
  Stage 3 epoch 240/300: loss=0.000033
  Stage 3 epoch 300/300: loss=0.000026
  MTE@0.1: 1.6477
  MTE@0.5: 2.6542
  MTE@1.0: 3.1650
  W2@1.0:  1.4293
  MMD@1.0: 0.1796
  Survival@1.0: 72.0%
      Condition: K(Phat) (K_weight=1.8273)
        Phase2 Epoch 50/250: loss=0.055139
        Phase2 Epoch 100/250: loss=0.030742
        Phase2 Epoch 150/250: loss=0.036392
        Phase2 Epoch 200/250: loss=0.036435
        Phase2 Epoch 250/250: loss=0.021929
        E_mu=0.1387  E_Sigma=0.3223
  Stage 2 epoch 60/300: loss=0.000843
  Stage 2 epoch 120/300: loss=0.000675
  Stage 2 epoch 180/300: loss=0.000522
  Stage 2 epoch 240/300: loss=0.000333
  Stage 2 epoch 300/300: loss=0.000231
  Stage 3 epoch 60/300: loss=0.000071
  Stage 3 epoch 120/300: loss=0.000052
  Stage 3 epoch 180/300: loss=0.000031
  Stage 3 epoch 240/300: loss=0.000026
  Stage 3 epoch 300/300: loss=0.000020
  MTE@0.1: 1.6216
  MTE@0.5: 2.6006
  MTE@1.0: 3.1031
  W2@1.0:  1.2862
  MMD@1.0: 0.1503
  Survival@1.0: 72.0%
      baseline: W2=1.4293  E_mu=0.2320  E_Sig=0.4916
       K(Phat): W2=1.2862  E_mu=0.1387  E_Sig=0.3223

============================================================
  N=50 | D=201 (K=99) | hyperbolic_paraboloid | seed=2042
============================================================
    Phase1 Epoch 50/250: loss=0.881237
    Phase1 Epoch 100/250: loss=0.784468
    Phase1 Epoch 150/250: loss=0.585494
    Phase1 Epoch 200/250: loss=0.239292
    Phase1 Epoch 250/250: loss=0.104161
      Condition: baseline (K_weight=0.0000)
        Phase2 Epoch 50/250: loss=0.068363
        Phase2 Epoch 100/250: loss=0.034079
        Phase2 Epoch 150/250: loss=0.031223
        Phase2 Epoch 200/250: loss=0.027536
        Phase2 Epoch 250/250: loss=0.073774
        E_mu=0.3019  E_Sigma=0.9713
  Stage 2 epoch 60/300: loss=0.001186
  Stage 2 epoch 120/300: loss=0.000999
  Stage 2 epoch 180/300: loss=0.000806
  Stage 2 epoch 240/300: loss=0.000642
  Stage 2 epoch 300/300: loss=0.000416
  Stage 3 epoch 60/300: loss=0.000118
  Stage 3 epoch 120/300: loss=0.000099
  Stage 3 epoch 180/300: loss=0.000085
  Stage 3 epoch 240/300: loss=0.000090
  Stage 3 epoch 300/300: loss=0.000085
  MTE@0.1: 1.4137
  MTE@0.5: 2.5055
  MTE@1.0: 2.9690
  W2@1.0:  1.5741
  MMD@1.0: 0.2362
  Survival@1.0: 78.5%
      Condition: K(Phat) (K_weight=1.8273)
        Phase2 Epoch 50/250: loss=0.065214
        Phase2 Epoch 100/250: loss=0.051890
        Phase2 Epoch 150/250: loss=0.053395
        Phase2 Epoch 200/250: loss=0.024682
        Phase2 Epoch 250/250: loss=0.051582
        E_mu=0.1875  E_Sigma=0.8229
  Stage 2 epoch 60/300: loss=0.000695
  Stage 2 epoch 120/300: loss=0.000627
  Stage 2 epoch 180/300: loss=0.000556
  Stage 2 epoch 240/300: loss=0.000499
  Stage 2 epoch 300/300: loss=0.000390
  Stage 3 epoch 60/300: loss=0.000097
  Stage 3 epoch 120/300: loss=0.000080
  Stage 3 epoch 180/300: loss=0.000070
  Stage 3 epoch 240/300: loss=0.000068
  Stage 3 epoch 300/300: loss=0.000064
  MTE@0.1: 1.2037
  MTE@0.5: 2.3891
  MTE@1.0: 2.8950
  W2@1.0:  1.5535
  MMD@1.0: 0.1882
  Survival@1.0: 78.5%
      baseline: W2=1.5741  E_mu=0.3019  E_Sig=0.9713
       K(Phat): W2=1.5535  E_mu=0.1875  E_Sig=0.8229

============================================================
  N=50 | D=201 (K=99) | hyperbolic_paraboloid | seed=3042
============================================================
    Phase1 Epoch 50/250: loss=0.908122
    Phase1 Epoch 100/250: loss=0.761285
    Phase1 Epoch 150/250: loss=0.713694
    Phase1 Epoch 200/250: loss=0.548315
    Phase1 Epoch 250/250: loss=0.159596
      Condition: baseline (K_weight=0.0000)
        Phase2 Epoch 50/250: loss=0.036570
        Phase2 Epoch 100/250: loss=0.035438
        Phase2 Epoch 150/250: loss=0.023044
        Phase2 Epoch 200/250: loss=0.016099
        Phase2 Epoch 250/250: loss=0.036582
        E_mu=0.1114  E_Sigma=0.2960
  Stage 2 epoch 60/300: loss=0.000794
  Stage 2 epoch 120/300: loss=0.000497
  Stage 2 epoch 180/300: loss=0.000378
  Stage 2 epoch 240/300: loss=0.000199
  Stage 2 epoch 300/300: loss=0.000151
  Stage 3 epoch 60/300: loss=0.000322
  Stage 3 epoch 120/300: loss=0.000174
  Stage 3 epoch 180/300: loss=0.000134
  Stage 3 epoch 240/300: loss=0.000122
  Stage 3 epoch 300/300: loss=0.000111
  MTE@0.1: 3.1937
  MTE@0.5: 3.9659
  MTE@1.0: 4.1370
  W2@1.0:  3.0593
  MMD@1.0: 0.6495
  Survival@1.0: 74.5%
      Condition: K(Phat) (K_weight=1.8273)
        Phase2 Epoch 50/250: loss=0.062305
        Phase2 Epoch 100/250: loss=0.038506
        Phase2 Epoch 150/250: loss=0.017763
        Phase2 Epoch 200/250: loss=0.017898
        Phase2 Epoch 250/250: loss=0.035246
        E_mu=0.0840  E_Sigma=0.2571
  Stage 2 epoch 60/300: loss=0.000430
  Stage 2 epoch 120/300: loss=0.000264
  Stage 2 epoch 180/300: loss=0.000246
  Stage 2 epoch 240/300: loss=0.000164
  Stage 2 epoch 300/300: loss=0.000110
  Stage 3 epoch 60/300: loss=0.000264
  Stage 3 epoch 120/300: loss=0.000185
  Stage 3 epoch 180/300: loss=0.000138
  Stage 3 epoch 240/300: loss=0.000111
  Stage 3 epoch 300/300: loss=0.000091
  MTE@0.1: 1.6316
  MTE@0.5: 2.7020
  MTE@1.0: 3.0506
  W2@1.0:  1.5465
  MMD@1.0: 0.2572
  Survival@1.0: 74.5%
      baseline: W2=3.0593  E_mu=0.1114  E_Sig=0.2960
       K(Phat): W2=1.5465  E_mu=0.0840  E_Sig=0.2571

============================================================
  N=50 | D=201 (K=99) | hyperbolic_paraboloid | seed=4042
============================================================
    Phase1 Epoch 50/250: loss=0.816171
    Phase1 Epoch 100/250: loss=0.584969
    Phase1 Epoch 150/250: loss=0.377504
    Phase1 Epoch 200/250: loss=0.085639
    Phase1 Epoch 250/250: loss=0.052475
      Condition: baseline (K_weight=0.0000)
        Phase2 Epoch 50/250: loss=0.030234
        Phase2 Epoch 100/250: loss=0.036877
        Phase2 Epoch 150/250: loss=0.028940
        Phase2 Epoch 200/250: loss=0.017137
        Phase2 Epoch 250/250: loss=0.028272
        E_mu=0.2271  E_Sigma=0.2982
  Stage 2 epoch 60/300: loss=0.000631
  Stage 2 epoch 120/300: loss=0.000569
  Stage 2 epoch 180/300: loss=0.000435
  Stage 2 epoch 240/300: loss=0.000310
  Stage 2 epoch 300/300: loss=0.000182
  Stage 3 epoch 60/300: loss=0.000029
  Stage 3 epoch 120/300: loss=0.000027
  Stage 3 epoch 180/300: loss=0.000026
  Stage 3 epoch 240/300: loss=0.000024
  Stage 3 epoch 300/300: loss=0.000026
  MTE@0.1: 1.3124
  MTE@0.5: 2.2971
  MTE@1.0: 2.5778
  W2@1.0:  1.7505
  MMD@1.0: 0.2112
  Survival@1.0: 76.0%
      Condition: K(Phat) (K_weight=1.8273)
        Phase2 Epoch 50/250: loss=0.038370
        Phase2 Epoch 100/250: loss=0.028613
        Phase2 Epoch 150/250: loss=0.021613
        Phase2 Epoch 200/250: loss=0.014331
        Phase2 Epoch 250/250: loss=0.014253
        E_mu=0.1014  E_Sigma=0.3013
  Stage 2 epoch 60/300: loss=0.000361
  Stage 2 epoch 120/300: loss=0.000281
  Stage 2 epoch 180/300: loss=0.000208
  Stage 2 epoch 240/300: loss=0.000161
  Stage 2 epoch 300/300: loss=0.000116
  Stage 3 epoch 60/300: loss=0.000018
  Stage 3 epoch 120/300: loss=0.000017
  Stage 3 epoch 180/300: loss=0.000016
  Stage 3 epoch 240/300: loss=0.000015
  Stage 3 epoch 300/300: loss=0.000016
  MTE@0.1: 1.5913
  MTE@0.5: 2.4700
  MTE@1.0: 2.6971
  W2@1.0:  1.8009
  MMD@1.0: 0.2863
  Survival@1.0: 76.0%
      baseline: W2=1.7505  E_mu=0.2271  E_Sig=0.2982
       K(Phat): W2=1.8009  E_mu=0.1014  E_Sig=0.3013

  N=50, D=201 completed in 505.7s (50.6s per fork)

Saved 40 rows to highd_N_D_sweep.csv


======================================================================================================================================================
N×D SWEEP: TRAINING SET SIZE × AMBIENT DIMENSION INTERACTION
======================================================================================================================================================

──────────────────────────────────────────────────────────────────────────────────────────────────────────────────────────────────────────────────────
  D = 201, N = 20
──────────────────────────────────────────────────────────────────────────────────────────────────────────────────────────────────────────────────────

                    surface   condition    n      mean    +-std      mean    +-std      mean    +-std      mean    +-std      mean    +-std      mean    +-std      mean    +-std  
  --------------------------------------------------------------------------------------------------------------------------------------------
                 paraboloid    baseline    5    1.0215   0.2990    2.0173   0.4444    2.6545   0.4619    2.0303   0.2395    0.2170   0.0426    1.3056   0.4887    2.8486   1.5832  
                 paraboloid     K(Phat)    5    1.1708   0.2470    2.1754   0.4232    2.7706   0.4220    1.9775   0.2298    0.2275   0.0426    0.8828   0.4731    3.4633   2.8278  
      hyperbolic_paraboloid    baseline    5    1.1698   0.2850    2.1923   0.4418    2.6100   0.5301    1.7067   0.2277    0.1529   0.0298    0.8894   0.4853    2.3244   2.1493  
      hyperbolic_paraboloid     K(Phat)    5    1.2411   0.3618    2.2915   0.4691    2.7033   0.5440    1.6463   0.2483    0.1618   0.0374    0.7113   0.3650    1.9109   1.2868  

  K(Phat) vs baseline:
                      surface     delta    p-val     delta    p-val     delta    p-val     delta    p-val     delta    p-val     delta    p-val     delta    p-val    win-rate  verdict
    ------------------------------------------------------------------------------------------------------------------------------------------
                   paraboloid   +0.1493  0.0462*  +0.1582  0.3233   +0.1161  0.5536   -0.0528  0.3252   +0.0105  0.3175   -0.4228  0.0165*  +0.6147  0.4152         3/5  MTE@0.1: worse; E_mu: better
        hyperbolic_paraboloid   +0.0713  0.3311   +0.0993  0.2458   +0.0933  0.1484   -0.0605  0.2342   +0.0088  0.1826   -0.1780  0.0475*  -0.4134  0.4095         0/5  E_mu: better

──────────────────────────────────────────────────────────────────────────────────────────────────────────────────────────────────────────────────────
  D = 201, N = 50
──────────────────────────────────────────────────────────────────────────────────────────────────────────────────────────────────────────────────────

                    surface   condition    n      mean    +-std      mean    +-std      mean    +-std      mean    +-std      mean    +-std      mean    +-std      mean    +-std  
  --------------------------------------------------------------------------------------------------------------------------------------------
                 paraboloid    baseline    5    1.0901   0.4295    2.0914   0.6375    2.7567   0.5683    2.1010   0.2693    0.2379   0.0214    0.4568   0.1121    0.7783   0.2367  
                 paraboloid     K(Phat)    5    1.5271   0.5646    2.3591   0.7083    2.9382   0.6341    2.2323   0.3113    0.3195   0.0656    0.2106   0.0888    0.5041   0.2056  
      hyperbolic_paraboloid    baseline    5    1.7060   0.7758    2.7089   0.6540    3.0980   0.5621    1.8272   0.6326    0.2842   0.1852    0.2296   0.0653    0.6216   0.3269  
      hyperbolic_paraboloid     K(Phat)    5    1.5917   0.2257    2.5889   0.1447    2.9973   0.1865    1.6252   0.2261    0.2573   0.0881    0.1229   0.0368    0.4043   0.2106  

  K(Phat) vs baseline:
                      surface     delta    p-val     delta    p-val     delta    p-val     delta    p-val     delta    p-val     delta    p-val     delta    p-val    win-rate  verdict
    ------------------------------------------------------------------------------------------------------------------------------------------
                   paraboloid   +0.4369  0.1132   +0.2676  0.1630   +0.1815  0.2948   +0.1314  0.4978   +0.0816  0.0896+  -0.2462  0.0270*  -0.2742  0.1453         1/5  E_mu: better
        hyperbolic_paraboloid   -0.1143  0.7953   -0.1199  0.7244   -0.1007  0.7327   -0.2020  0.5975   -0.0269  0.8130   -0.1066  0.0108*  -0.2173  0.1775         3/5  E_mu: better

Total time: 740.4s
Done.
