
============================================================
paraboloid D=11 N=20 seed=42
============================================================
        Phase2 Epoch 40/200: loss=0.140317
        Phase2 Epoch 80/200: loss=0.079714
        Phase2 Epoch 120/200: loss=0.047052
        Phase2 Epoch 160/200: loss=0.044883
        Phase2 Epoch 200/200: loss=0.035203
  Precomputing oracle targets...
  MTE@0.1: 0.5634
  MTE@0.5: 1.3919
  MTE@1.0: 2.2125
  W2@1.0:  1.9408
  sW2@0.1: 0.3815 (292/500 in region)
  sW2@0.2: 0.5098 (214/500 in region)
  sW2@0.5: 1.1203 (97/500 in region)
  sW2@1.0: 2.0311 (21/500 in region)
  MMD@1.0: 0.4782
  Survival@1.0: 28.0%
  Stopped@1.0:  4.2%
          no_q: W2=1.9408  fit_err=123.23%  (3s)
  MTE@0.1: 0.5458
  MTE@0.5: 1.1905
  MTE@1.0: 1.7892
  W2@1.0:  1.5143
  sW2@0.1: 0.3541 (292/500 in region)
  sW2@0.2: 0.4511 (214/500 in region)
  sW2@0.5: 0.9411 (97/500 in region)
  sW2@1.0: 1.6007 (21/500 in region)
  MMD@1.0: 0.4295
  Survival@1.0: 28.0%
  Stopped@1.0:  4.2%
       current: W2=1.5143  fit_err=92.92%  (3s)
  MTE@0.1: 0.5145
  MTE@0.5: 0.9885
  MTE@1.0: 1.4711
  W2@1.0:  1.3420
  sW2@0.1: 0.3124 (292/500 in region)
  sW2@0.2: 0.3681 (214/500 in region)
  sW2@0.5: 0.7533 (97/500 in region)
  sW2@1.0: 1.4040 (21/500 in region)
  MMD@1.0: 0.3545
  Survival@1.0: 28.0%
  Stopped@1.0:  4.2%
      oracle_q: W2=1.3420  fit_err=106.20%  (3s)
  MTE@0.1: 0.5181
  MTE@0.5: 0.8707
  MTE@1.0: 1.0591
  W2@1.0:  0.7783
  sW2@0.1: 0.3181 (292/500 in region)
  sW2@0.2: 0.3529 (214/500 in region)
  sW2@0.5: 0.6370 (97/500 in region)
  sW2@1.0: 0.8266 (21/500 in region)
  MMD@1.0: 0.2916
  Survival@1.0: 28.0%
  Stopped@1.0:  4.2%
      enc_pull: W2=0.7783  fit_err=38.27%  (3s)
  MTE@0.1: 0.5073
  MTE@0.5: 0.9425
  MTE@1.0: 1.3703
  W2@1.0:  1.2722
  sW2@0.1: 0.3030 (292/500 in region)
  sW2@0.2: 0.3454 (214/500 in region)
  sW2@0.5: 0.6752 (97/500 in region)
  sW2@1.0: 1.2393 (21/500 in region)
  MMD@1.0: 0.3547
  Survival@1.0: 28.0%
  Stopped@1.0:  4.2%
    direct_1st: W2=1.2722  fit_err=113.58%  (3s)

============================================================
paraboloid D=11 N=20 seed=1042
============================================================
        Phase2 Epoch 40/200: loss=0.066004
        Phase2 Epoch 80/200: loss=0.034150
        Phase2 Epoch 120/200: loss=0.023040
        Phase2 Epoch 160/200: loss=0.010823
        Phase2 Epoch 200/200: loss=0.012269
  Precomputing oracle targets...
  MTE@0.1: 0.9851
  MTE@0.5: 2.1322
  MTE@1.0: 2.8500
  W2@1.0:  2.2878
  sW2@0.1: 0.6191 (285/500 in region)
  sW2@0.2: 1.0307 (204/500 in region)
  sW2@0.5: 1.7508 (98/500 in region)
  sW2@1.0: 2.4017 (31/500 in region)
  MMD@1.0: 0.4510
  Survival@1.0: 29.8%
  Stopped@1.0:  6.2%
          no_q: W2=2.2878  fit_err=132.38%  (3s)
  MTE@0.1: 0.9535
  MTE@0.5: 1.8088
  MTE@1.0: 2.1521
  W2@1.0:  1.5181
  sW2@0.1: 0.5442 (285/500 in region)
  sW2@0.2: 0.8623 (204/500 in region)
  sW2@0.5: 1.3153 (98/500 in region)
  sW2@1.0: 1.5985 (31/500 in region)
  MMD@1.0: 0.3513
  Survival@1.0: 29.8%
  Stopped@1.0:  6.2%
       current: W2=1.5181  fit_err=80.81%  (4s)
  MTE@0.1: 0.9442
  MTE@0.5: 1.7133
  MTE@1.0: 2.0408
  W2@1.0:  1.4119
  sW2@0.1: 0.5156 (285/500 in region)
  sW2@0.2: 0.8079 (204/500 in region)
  sW2@0.5: 1.1895 (98/500 in region)
  sW2@1.0: 1.5970 (31/500 in region)
  MMD@1.0: 0.3462
  Survival@1.0: 29.8%
  Stopped@1.0:  6.2%
      oracle_q: W2=1.4119  fit_err=85.14%  (3s)
  MTE@0.1: 0.9335
  MTE@0.5: 1.5898
  MTE@1.0: 1.7022
  W2@1.0:  0.8292
  sW2@0.1: 0.4899 (285/500 in region)
  sW2@0.2: 0.7300 (204/500 in region)
  sW2@0.5: 0.9640 (98/500 in region)
  sW2@1.0: 1.0984 (31/500 in region)
  MMD@1.0: 0.2196
  Survival@1.0: 29.8%
  Stopped@1.0:  6.2%
      enc_pull: W2=0.8292  fit_err=28.39%  (3s)
  MTE@0.1: 0.9425
  MTE@0.5: 1.7327
  MTE@1.0: 2.0498
  W2@1.0:  1.3842
  sW2@0.1: 0.5152 (285/500 in region)
  sW2@0.2: 0.8094 (204/500 in region)
  sW2@0.5: 1.1984 (98/500 in region)
  sW2@1.0: 1.5653 (31/500 in region)
  MMD@1.0: 0.3500
  Survival@1.0: 29.8%
  Stopped@1.0:  6.2%
    direct_1st: W2=1.3842  fit_err=84.44%  (4s)

============================================================
paraboloid D=11 N=20 seed=2042
============================================================
        Phase2 Epoch 40/200: loss=0.037523
        Phase2 Epoch 80/200: loss=0.024774
        Phase2 Epoch 120/200: loss=0.017619
        Phase2 Epoch 160/200: loss=0.014101
        Phase2 Epoch 200/200: loss=0.011427
  Precomputing oracle targets...
  MTE@0.1: 1.4508
  MTE@0.5: 2.9432
  MTE@1.0: 3.4500
  W2@1.0:  3.0448
  sW2@0.1: 1.0779 (293/500 in region)
  sW2@0.2: 1.6347 (212/500 in region)
  sW2@0.5: 2.7305 (88/500 in region)
  sW2@1.0: 3.5963 (24/500 in region)
  MMD@1.0: 0.5306
  Survival@1.0: 26.6%
  Stopped@1.0:  4.8%
          no_q: W2=3.0448  fit_err=121.57%  (4s)
  MTE@0.1: 1.4050
  MTE@0.5: 2.5980
  MTE@1.0: 2.6907
  W2@1.0:  2.1663
  sW2@0.1: 0.9797 (293/500 in region)
  sW2@0.2: 1.4388 (212/500 in region)
  sW2@0.5: 2.2520 (88/500 in region)
  sW2@1.0: 2.6533 (24/500 in region)
  MMD@1.0: 0.4314
  Survival@1.0: 26.6%
  Stopped@1.0:  4.8%
       current: W2=2.1663  fit_err=78.05%  (4s)
  MTE@0.1: 1.3861
  MTE@0.5: 2.4984
  MTE@1.0: 2.4952
  W2@1.0:  1.8619
  sW2@0.1: 0.9248 (293/500 in region)
  sW2@0.2: 1.3462 (212/500 in region)
  sW2@0.5: 2.0600 (88/500 in region)
  sW2@1.0: 2.3731 (24/500 in region)
  MMD@1.0: 0.4037
  Survival@1.0: 26.6%
  Stopped@1.0:  4.8%
      oracle_q: W2=1.8619  fit_err=76.86%  (3s)
  MTE@0.1: 1.3517
  MTE@0.5: 2.2309
  MTE@1.0: 2.0738
  W2@1.0:  1.2899
  sW2@0.1: 0.8789 (293/500 in region)
  sW2@0.2: 1.2356 (212/500 in region)
  sW2@0.5: 1.7066 (88/500 in region)
  sW2@1.0: 1.6640 (24/500 in region)
  MMD@1.0: 0.3348
  Survival@1.0: 26.6%
  Stopped@1.0:  4.8%
      enc_pull: W2=1.2899  fit_err=35.75%  (3s)
  MTE@0.1: 1.3849
  MTE@0.5: 2.4790
  MTE@1.0: 2.4604
  W2@1.0:  1.7694
  sW2@0.1: 0.9269 (293/500 in region)
  sW2@0.2: 1.3479 (212/500 in region)
  sW2@0.5: 2.0217 (88/500 in region)
  sW2@1.0: 2.3098 (24/500 in region)
  MMD@1.0: 0.4029
  Survival@1.0: 26.6%
  Stopped@1.0:  4.8%
    direct_1st: W2=1.7694  fit_err=67.05%  (3s)

============================================================
paraboloid D=11 N=20 seed=3042
============================================================
        Phase2 Epoch 40/200: loss=0.038829
        Phase2 Epoch 80/200: loss=0.021269
        Phase2 Epoch 120/200: loss=0.019769
        Phase2 Epoch 160/200: loss=0.018607
        Phase2 Epoch 200/200: loss=0.019283
  Precomputing oracle targets...
  MTE@0.1: 0.8628
  MTE@0.5: 1.7301
  MTE@1.0: 2.7711
  W2@1.0:  2.5248
  sW2@0.1: 0.6287 (275/500 in region)
  sW2@0.2: 0.7976 (204/500 in region)
  sW2@0.5: 1.7042 (78/500 in region)
  sW2@1.0: 3.1332 (25/500 in region)
  MMD@1.0: 0.5298
  Survival@1.0: 27.2%
  Stopped@1.0:  5.0%
          no_q: W2=2.5248  fit_err=170.75%  (3s)
  MTE@0.1: 0.8359
  MTE@0.5: 1.4333
  MTE@1.0: 2.0378
  W2@1.0:  1.8336
  sW2@0.1: 0.5612 (275/500 in region)
  sW2@0.2: 0.6707 (204/500 in region)
  sW2@0.5: 1.3603 (78/500 in region)
  sW2@1.0: 2.4203 (25/500 in region)
  MMD@1.0: 0.4082
  Survival@1.0: 27.2%
  Stopped@1.0:  5.0%
       current: W2=1.8336  fit_err=79.76%  (3s)
  MTE@0.1: 0.8255
  MTE@0.5: 1.3491
  MTE@1.0: 1.7766
  W2@1.0:  1.4804
  sW2@0.1: 0.5310 (275/500 in region)
  sW2@0.2: 0.6092 (204/500 in region)
  sW2@0.5: 1.2036 (78/500 in region)
  sW2@1.0: 2.0410 (25/500 in region)
  MMD@1.0: 0.3570
  Survival@1.0: 27.2%
  Stopped@1.0:  5.0%
      oracle_q: W2=1.4804  fit_err=75.10%  (3s)
  MTE@0.1: 0.8229
  MTE@0.5: 1.3106
  MTE@1.0: 1.6922
  W2@1.0:  1.4338
  sW2@0.1: 0.5101 (275/500 in region)
  sW2@0.2: 0.5974 (204/500 in region)
  sW2@0.5: 1.1989 (78/500 in region)
  sW2@1.0: 1.9430 (25/500 in region)
  MMD@1.0: 0.3417
  Survival@1.0: 27.2%
  Stopped@1.0:  5.0%
      enc_pull: W2=1.4338  fit_err=31.15%  (3s)
  MTE@0.1: 0.8221
  MTE@0.5: 1.3333
  MTE@1.0: 1.7767
  W2@1.0:  1.4540
  sW2@0.1: 0.5288 (275/500 in region)
  sW2@0.2: 0.6061 (204/500 in region)
  sW2@0.5: 1.2004 (78/500 in region)
  sW2@1.0: 1.9444 (25/500 in region)
  MMD@1.0: 0.3569
  Survival@1.0: 27.2%
  Stopped@1.0:  5.0%
    direct_1st: W2=1.4540  fit_err=76.80%  (3s)

============================================================
paraboloid D=11 N=20 seed=4042
============================================================
        Phase2 Epoch 40/200: loss=0.182104
        Phase2 Epoch 80/200: loss=0.078860
        Phase2 Epoch 120/200: loss=0.046478
        Phase2 Epoch 160/200: loss=0.028262
        Phase2 Epoch 200/200: loss=0.047657
  Precomputing oracle targets...
  MTE@0.1: 0.9766
  MTE@0.5: 1.9086
  MTE@1.0: 2.6023
  W2@1.0:  2.3295
  sW2@0.1: 0.5143 (287/500 in region)
  sW2@0.2: 0.8539 (207/500 in region)
  sW2@0.5: 1.5002 (102/500 in region)
  sW2@1.0: 2.8213 (30/500 in region)
  MMD@1.0: 0.4428
  Survival@1.0: 28.2%
  Stopped@1.0:  6.0%
          no_q: W2=2.3295  fit_err=209.55%  (3s)
  MTE@0.1: 0.9565
  MTE@0.5: 1.7216
  MTE@1.0: 2.1852
  W2@1.0:  1.8590
  sW2@0.1: 0.4623 (287/500 in region)
  sW2@0.2: 0.7297 (207/500 in region)
  sW2@0.5: 1.2108 (102/500 in region)
  sW2@1.0: 2.3525 (30/500 in region)
  MMD@1.0: 0.3356
  Survival@1.0: 28.2%
  Stopped@1.0:  6.0%
       current: W2=1.8590  fit_err=111.64%  (3s)
  MTE@0.1: 0.9571
  MTE@0.5: 1.6880
  MTE@1.0: 1.9934
  W2@1.0:  1.5327
  sW2@0.1: 0.4459 (287/500 in region)
  sW2@0.2: 0.6853 (207/500 in region)
  sW2@0.5: 1.0924 (102/500 in region)
  sW2@1.0: 1.9715 (30/500 in region)
  MMD@1.0: 0.3120
  Survival@1.0: 28.2%
  Stopped@1.0:  6.0%
      oracle_q: W2=1.5327  fit_err=122.11%  (4s)
  MTE@0.1: 0.9355
  MTE@0.5: 1.5926
  MTE@1.0: 1.9226
  W2@1.0:  1.6207
  sW2@0.1: 0.4174 (287/500 in region)
  sW2@0.2: 0.6327 (207/500 in region)
  sW2@0.5: 1.0926 (102/500 in region)
  sW2@1.0: 2.0436 (30/500 in region)
  MMD@1.0: 0.3025
  Survival@1.0: 28.2%
  Stopped@1.0:  6.0%
      enc_pull: W2=1.6207  fit_err=56.24%  (4s)
  MTE@0.1: 0.9572
  MTE@0.5: 1.7005
  MTE@1.0: 1.9693
  W2@1.0:  1.5497
  sW2@0.1: 0.4469 (287/500 in region)
  sW2@0.2: 0.6905 (207/500 in region)
  sW2@0.5: 1.1050 (102/500 in region)
  sW2@1.0: 1.9503 (30/500 in region)
  MMD@1.0: 0.3094
  Survival@1.0: 28.2%
  Stopped@1.0:  6.0%
    direct_1st: W2=1.5497  fit_err=150.47%  (4s)

============================================================
hyperbolic_paraboloid D=11 N=20 seed=42
============================================================
        Phase2 Epoch 40/200: loss=0.023043
        Phase2 Epoch 80/200: loss=0.009473
        Phase2 Epoch 120/200: loss=0.007879
        Phase2 Epoch 160/200: loss=0.018915
        Phase2 Epoch 200/200: loss=0.005337
  Precomputing oracle targets...
  MTE@0.1: 0.9478
  MTE@0.5: 1.8858
  MTE@1.0: 2.1915
  W2@1.0:  1.4147
  sW2@0.1: 0.4884 (292/500 in region)
  sW2@0.2: 0.6521 (214/500 in region)
  sW2@0.5: 1.0217 (97/500 in region)
  sW2@1.0: 1.3414 (21/500 in region)
  MMD@1.0: 0.3455
  Survival@1.0: 28.0%
  Stopped@1.0:  4.2%
          no_q: W2=1.4147  fit_err=60.67%  (4s)
  MTE@0.1: 0.9353
  MTE@0.5: 1.7829
  MTE@1.0: 1.9878
  W2@1.0:  1.1680
  sW2@0.1: 0.4717 (292/500 in region)
  sW2@0.2: 0.6168 (214/500 in region)
  sW2@0.5: 0.9021 (97/500 in region)
  sW2@1.0: 1.0557 (21/500 in region)
  MMD@1.0: 0.3215
  Survival@1.0: 28.0%
  Stopped@1.0:  4.2%
       current: W2=1.1680  fit_err=42.43%  (4s)
  MTE@0.1: 0.9419
  MTE@0.5: 1.8285
  MTE@1.0: 2.1061
  W2@1.0:  1.3445
  sW2@0.1: 0.4754 (292/500 in region)
  sW2@0.2: 0.6292 (214/500 in region)
  sW2@0.5: 0.9952 (97/500 in region)
  sW2@1.0: 1.3998 (21/500 in region)
  MMD@1.0: 0.3455
  Survival@1.0: 28.0%
  Stopped@1.0:  4.2%
      oracle_q: W2=1.3445  fit_err=52.98%  (4s)
  MTE@0.1: 0.9037
  MTE@0.5: 1.5783
  MTE@1.0: 1.5735
  W2@1.0:  0.6892
  sW2@0.1: 0.4243 (292/500 in region)
  sW2@0.2: 0.5068 (214/500 in region)
  sW2@0.5: 0.6341 (97/500 in region)
  sW2@1.0: 0.4267 (21/500 in region)
  MMD@1.0: 0.2328
  Survival@1.0: 28.0%
  Stopped@1.0:  4.2%
      enc_pull: W2=0.6892  fit_err=19.84%  (4s)
  MTE@0.1: 0.9333
  MTE@0.5: 1.7781
  MTE@1.0: 1.9826
  W2@1.0:  1.1188
  sW2@0.1: 0.4673 (292/500 in region)
  sW2@0.2: 0.6207 (214/500 in region)
  sW2@0.5: 0.9296 (97/500 in region)
  sW2@1.0: 1.1356 (21/500 in region)
  MMD@1.0: 0.3210
  Survival@1.0: 28.0%
  Stopped@1.0:  4.2%
    direct_1st: W2=1.1188  fit_err=47.05%  (4s)

============================================================
hyperbolic_paraboloid D=11 N=20 seed=1042
============================================================
        Phase2 Epoch 40/200: loss=0.016072
        Phase2 Epoch 80/200: loss=0.009138
        Phase2 Epoch 120/200: loss=0.008540
        Phase2 Epoch 160/200: loss=0.003581
        Phase2 Epoch 200/200: loss=0.003070
  Precomputing oracle targets...
  MTE@0.1: 0.9640
  MTE@0.5: 1.7869
  MTE@1.0: 2.0593
  W2@1.0:  1.3761
  sW2@0.1: 0.5356 (285/500 in region)
  sW2@0.2: 0.7934 (204/500 in region)
  sW2@0.5: 1.0625 (98/500 in region)
  sW2@1.0: 1.4354 (31/500 in region)
  MMD@1.0: 0.2986
  Survival@1.0: 29.8%
  Stopped@1.0:  6.2%
          no_q: W2=1.3761  fit_err=56.52%  (4s)
  MTE@0.1: 0.9569
  MTE@0.5: 1.7377
  MTE@1.0: 1.9610
  W2@1.0:  1.2451
  sW2@0.1: 0.5231 (285/500 in region)
  sW2@0.2: 0.7652 (204/500 in region)
  sW2@0.5: 0.9959 (98/500 in region)
  sW2@1.0: 1.3091 (31/500 in region)
  MMD@1.0: 0.2820
  Survival@1.0: 29.8%
  Stopped@1.0:  6.2%
       current: W2=1.2451  fit_err=51.79%  (4s)
  MTE@0.1: 0.9526
  MTE@0.5: 1.6950
  MTE@1.0: 1.9286
  W2@1.0:  1.1658
  sW2@0.1: 0.5097 (285/500 in region)
  sW2@0.2: 0.7349 (204/500 in region)
  sW2@0.5: 0.9377 (98/500 in region)
  sW2@1.0: 1.2876 (31/500 in region)
  MMD@1.0: 0.2762
  Survival@1.0: 29.8%
  Stopped@1.0:  6.2%
      oracle_q: W2=1.1658  fit_err=49.53%  (4s)
  MTE@0.1: 0.9270
  MTE@0.5: 1.4977
  MTE@1.0: 1.6243
  W2@1.0:  0.6626
  sW2@0.1: 0.4633 (285/500 in region)
  sW2@0.2: 0.6241 (204/500 in region)
  sW2@0.5: 0.6502 (98/500 in region)
  sW2@1.0: 0.8119 (31/500 in region)
  MMD@1.0: 0.1758
  Survival@1.0: 29.8%
  Stopped@1.0:  6.2%
      enc_pull: W2=0.6626  fit_err=28.40%  (4s)
  MTE@0.1: 0.9493
  MTE@0.5: 1.6999
  MTE@1.0: 1.9262
  W2@1.0:  1.0891
  sW2@0.1: 0.5017 (285/500 in region)
  sW2@0.2: 0.7227 (204/500 in region)
  sW2@0.5: 0.8795 (98/500 in region)
  sW2@1.0: 1.1981 (31/500 in region)
  MMD@1.0: 0.2656
  Survival@1.0: 29.8%
  Stopped@1.0:  6.2%
    direct_1st: W2=1.0891  fit_err=55.22%  (4s)

============================================================
hyperbolic_paraboloid D=11 N=20 seed=2042
============================================================
        Phase2 Epoch 40/200: loss=0.039381
        Phase2 Epoch 80/200: loss=0.016820
        Phase2 Epoch 120/200: loss=0.007119
        Phase2 Epoch 160/200: loss=0.004980
        Phase2 Epoch 200/200: loss=0.018864
  Precomputing oracle targets...
  MTE@0.1: 0.8818
  MTE@0.5: 1.7441
  MTE@1.0: 1.9960
  W2@1.0:  1.1971
  sW2@0.1: 0.4463 (293/500 in region)
  sW2@0.2: 0.7487 (212/500 in region)
  sW2@0.5: 1.2016 (88/500 in region)
  sW2@1.0: 1.1236 (24/500 in region)
  MMD@1.0: 0.3406
  Survival@1.0: 26.6%
  Stopped@1.0:  4.8%
          no_q: W2=1.1971  fit_err=64.36%  (4s)
  MTE@0.1: 0.8812
  MTE@0.5: 1.7256
  MTE@1.0: 1.9700
  W2@1.0:  1.1803
  sW2@0.1: 0.4617 (293/500 in region)
  sW2@0.2: 0.7851 (212/500 in region)
  sW2@0.5: 1.2909 (88/500 in region)
  sW2@1.0: 1.2273 (24/500 in region)
  MMD@1.0: 0.3241
  Survival@1.0: 26.6%
  Stopped@1.0:  4.8%
       current: W2=1.1803  fit_err=48.53%  (4s)
  MTE@0.1: 0.8814
  MTE@0.5: 1.7484
  MTE@1.0: 1.9945
  W2@1.0:  1.2357
  sW2@0.1: 0.4615 (293/500 in region)
  sW2@0.2: 0.7888 (212/500 in region)
  sW2@0.5: 1.3048 (88/500 in region)
  sW2@1.0: 1.2145 (24/500 in region)
  MMD@1.0: 0.3201
  Survival@1.0: 26.6%
  Stopped@1.0:  4.8%
      oracle_q: W2=1.2357  fit_err=53.95%  (4s)
  MTE@0.1: 0.8617
  MTE@0.5: 1.5398
  MTE@1.0: 1.7209
  W2@1.0:  0.9156
  sW2@0.1: 0.4058 (293/500 in region)
  sW2@0.2: 0.6477 (212/500 in region)
  sW2@0.5: 0.9538 (88/500 in region)
  sW2@1.0: 0.8327 (24/500 in region)
  MMD@1.0: 0.2568
  Survival@1.0: 26.6%
  Stopped@1.0:  4.8%
      enc_pull: W2=0.9156  fit_err=27.81%  (4s)
  MTE@0.1: 0.8727
  MTE@0.5: 1.7060
  MTE@1.0: 2.0474
  W2@1.0:  1.2736
  sW2@0.1: 0.4495 (293/500 in region)
  sW2@0.2: 0.7502 (212/500 in region)
  sW2@0.5: 1.1983 (88/500 in region)
  sW2@1.0: 1.3043 (24/500 in region)
  MMD@1.0: 0.3162
  Survival@1.0: 26.6%
  Stopped@1.0:  4.8%
    direct_1st: W2=1.2736  fit_err=48.76%  (4s)

============================================================
hyperbolic_paraboloid D=11 N=20 seed=3042
============================================================
        Phase2 Epoch 40/200: loss=0.144041
        Phase2 Epoch 80/200: loss=0.026851
        Phase2 Epoch 120/200: loss=0.022565
        Phase2 Epoch 160/200: loss=0.020577
        Phase2 Epoch 200/200: loss=0.019090
  Precomputing oracle targets...
  MTE@0.1: 0.9617
  MTE@0.5: 1.7927
  MTE@1.0: 2.2401
  W2@1.0:  1.3242
  sW2@0.1: 0.4100 (275/500 in region)
  sW2@0.2: 0.5123 (204/500 in region)
  sW2@0.5: 0.8227 (78/500 in region)
  sW2@1.0: 1.1228 (25/500 in region)
  MMD@1.0: 0.2811
  Survival@1.0: 27.2%
  Stopped@1.0:  5.0%
          no_q: W2=1.3242  fit_err=63.34%  (4s)
  MTE@0.1: 0.9592
  MTE@0.5: 1.7901
  MTE@1.0: 2.2376
  W2@1.0:  1.3891
  sW2@0.1: 0.4125 (275/500 in region)
  sW2@0.2: 0.5146 (204/500 in region)
  sW2@0.5: 0.8560 (78/500 in region)
  sW2@1.0: 1.3482 (25/500 in region)
  MMD@1.0: 0.2859
  Survival@1.0: 27.2%
  Stopped@1.0:  5.0%
       current: W2=1.3891  fit_err=74.81%  (4s)
  MTE@0.1: 0.9556
  MTE@0.5: 1.7805
  MTE@1.0: 2.1480
  W2@1.0:  1.2114
  sW2@0.1: 0.4083 (275/500 in region)
  sW2@0.2: 0.5083 (204/500 in region)
  sW2@0.5: 0.8612 (78/500 in region)
  sW2@1.0: 1.0250 (25/500 in region)
  MMD@1.0: 0.2697
  Survival@1.0: 27.2%
  Stopped@1.0:  5.0%
      oracle_q: W2=1.2114  fit_err=50.31%  (3s)
  MTE@0.1: 0.9365
  MTE@0.5: 1.5772
  MTE@1.0: 1.7025
  W2@1.0:  0.8084
  sW2@0.1: 0.3863 (275/500 in region)
  sW2@0.2: 0.4647 (204/500 in region)
  sW2@0.5: 0.7166 (78/500 in region)
  sW2@1.0: 0.7354 (25/500 in region)
  MMD@1.0: 0.2215
  Survival@1.0: 27.2%
  Stopped@1.0:  5.0%
      enc_pull: W2=0.8084  fit_err=25.23%  (4s)
  MTE@0.1: 0.9495
  MTE@0.5: 1.7144
  MTE@1.0: 2.0385
  W2@1.0:  1.1552
  sW2@0.1: 0.4119 (275/500 in region)
  sW2@0.2: 0.5166 (204/500 in region)
  sW2@0.5: 0.8191 (78/500 in region)
  sW2@1.0: 0.9501 (25/500 in region)
  MMD@1.0: 0.2669
  Survival@1.0: 27.2%
  Stopped@1.0:  5.0%
    direct_1st: W2=1.1552  fit_err=54.23%  (4s)

============================================================
hyperbolic_paraboloid D=11 N=20 seed=4042
============================================================
        Phase2 Epoch 40/200: loss=0.042784
        Phase2 Epoch 80/200: loss=0.021353
        Phase2 Epoch 120/200: loss=0.018275
        Phase2 Epoch 160/200: loss=0.010047
        Phase2 Epoch 200/200: loss=0.007403
  Precomputing oracle targets...
  MTE@0.1: 1.3150
  MTE@0.5: 2.1469
  MTE@1.0: 2.4238
  W2@1.0:  1.6940
  sW2@0.1: 0.5931 (287/500 in region)
  sW2@0.2: 0.9947 (207/500 in region)
  sW2@0.5: 1.3334 (102/500 in region)
  sW2@1.0: 2.0924 (30/500 in region)
  MMD@1.0: 0.3063
  Survival@1.0: 28.2%
  Stopped@1.0:  6.0%
          no_q: W2=1.6940  fit_err=56.08%  (4s)
  MTE@0.1: 1.3068
  MTE@0.5: 2.1046
  MTE@1.0: 2.3886
  W2@1.0:  1.6319
  sW2@0.1: 0.5768 (287/500 in region)
  sW2@0.2: 0.9485 (207/500 in region)
  sW2@0.5: 1.2735 (102/500 in region)
  sW2@1.0: 2.1427 (30/500 in region)
  MMD@1.0: 0.3014
  Survival@1.0: 28.2%
  Stopped@1.0:  6.0%
       current: W2=1.6319  fit_err=46.92%  (4s)
  MTE@0.1: 1.3046
  MTE@0.5: 2.1138
  MTE@1.0: 2.4043
  W2@1.0:  1.6459
  sW2@0.1: 0.5796 (287/500 in region)
  sW2@0.2: 0.9628 (207/500 in region)
  sW2@0.5: 1.2840 (102/500 in region)
  sW2@1.0: 2.0192 (30/500 in region)
  MMD@1.0: 0.3005
  Survival@1.0: 28.2%
  Stopped@1.0:  6.0%
      oracle_q: W2=1.6459  fit_err=44.14%  (4s)
  MTE@0.1: 1.2713
  MTE@0.5: 1.9240
  MTE@1.0: 2.0313
  W2@1.0:  1.1402
  sW2@0.1: 0.5182 (287/500 in region)
  sW2@0.2: 0.8119 (207/500 in region)
  sW2@0.5: 0.9949 (102/500 in region)
  sW2@1.0: 1.7263 (30/500 in region)
  MMD@1.0: 0.2381
  Survival@1.0: 28.2%
  Stopped@1.0:  6.0%
      enc_pull: W2=1.1402  fit_err=21.40%  (4s)
  MTE@0.1: 1.3030
  MTE@0.5: 2.1437
  MTE@1.0: 2.4534
  W2@1.0:  1.7115
  sW2@0.1: 0.5889 (287/500 in region)
  sW2@0.2: 0.9924 (207/500 in region)
  sW2@0.5: 1.3019 (102/500 in region)
  sW2@1.0: 2.0490 (30/500 in region)
  MMD@1.0: 0.2977
  Survival@1.0: 28.2%
  Stopped@1.0:  6.0%
    direct_1st: W2=1.7115  fit_err=33.92%  (4s)

Saved 50 rows to oracle_q_ablation.csv

======================================================================
SUMMARY (median over seeds)
======================================================================

paraboloid D=11 N=20:
     condition    W2@1.0   fit_err   MTE@0.5   sW2@0.5
  ------------  --------  --------  --------  --------
          no_q    2.3295  132.38%    1.9086    1.7042
       current    1.8336   80.81%    1.7216    1.3153
      oracle_q    1.4804   85.14%    1.6880    1.1895
      enc_pull    1.2899   35.75%    1.5898    1.0926
    direct_1st    1.4540   84.44%    1.7005    1.1984

  Paired vs current (Wilcoxon signed-rank):
            no_q: ΔW2=+27.0%  p=0.062
        oracle_q: ΔW2=-19.3%  p=0.062
        enc_pull: ΔW2=-29.6%  p=0.062
      direct_1st: ΔW2=-20.7%  p=0.062

hyperbolic_paraboloid D=11 N=20:
     condition    W2@1.0   fit_err   MTE@0.5   sW2@0.5
  ------------  --------  --------  --------  --------
          no_q    1.3761   60.67%    1.7927    1.0625
       current    1.2451   48.53%    1.7829    0.9959
      oracle_q    1.2357   50.31%    1.7805    0.9952
      enc_pull    0.8084   25.23%    1.5772    0.7166
    direct_1st    1.1552   48.76%    1.7144    0.9296

  Paired vs current (Wilcoxon signed-rank):
            no_q: ΔW2=+10.5%  p=0.312
        oracle_q: ΔW2=-0.8%  p=1.000
        enc_pull: ΔW2=-35.1%  p=0.062
      direct_1st: ΔW2=-7.2%  p=0.625
