
============================================================
paraboloid D=201 N=20 seed=42
============================================================
        Phase2 Epoch 40/200: loss=0.508239
        Phase2 Epoch 80/200: loss=0.353787
        Phase2 Epoch 120/200: loss=0.271144
        Phase2 Epoch 160/200: loss=0.223963
        Phase2 Epoch 200/200: loss=0.185729
  Precomputing oracle targets...
  MTE@0.1: 1.3204
  MTE@0.5: 2.2649
  MTE@1.0: 2.9216
  W2@1.0:  2.1872
  sW2@0.1: 0.6914 (292/500 in region)
  sW2@0.2: 1.0592 (214/500 in region)
  sW2@0.5: 1.8393 (97/500 in region)
  sW2@1.0: 2.8594 (21/500 in region)
  MMD@1.0: 0.4049
  Survival@1.0: 28.0%
  Stopped@1.0:  4.2%
          no_q: W2=2.1872  fit_err=88.77%  (5s)
  MTE@0.1: 1.3085
  MTE@0.5: 2.1233
  MTE@1.0: 2.7281
  W2@1.0:  1.9447
  sW2@0.1: 0.6590 (292/500 in region)
  sW2@0.2: 0.9696 (214/500 in region)
  sW2@0.5: 1.6379 (97/500 in region)
  sW2@1.0: 2.5762 (21/500 in region)
  MMD@1.0: 0.4054
  Survival@1.0: 28.0%
  Stopped@1.0:  4.2%
       current: W2=1.9447  fit_err=84.44%  (5s)
  MTE@0.1: 1.3119
  MTE@0.5: 2.0731
  MTE@1.0: 2.2833
  W2@1.0:  1.5198
  sW2@0.1: 0.6595 (292/500 in region)
  sW2@0.2: 0.9526 (214/500 in region)
  sW2@0.5: 1.3859 (97/500 in region)
  sW2@1.0: 2.0186 (21/500 in region)
  MMD@1.0: 0.3436
  Survival@1.0: 28.0%
  Stopped@1.0:  4.2%
      oracle_q: W2=1.5198  fit_err=90.67%  (5s)
  MTE@0.1: 1.2860
  MTE@0.5: 1.7926
  MTE@1.0: 1.8883
  W2@1.0:  0.8809
  sW2@0.1: 0.6035 (292/500 in region)
  sW2@0.2: 0.7470 (214/500 in region)
  sW2@0.5: 1.0166 (97/500 in region)
  sW2@1.0: 1.2121 (21/500 in region)
  MMD@1.0: 0.2442
  Survival@1.0: 28.0%
  Stopped@1.0:  4.2%
      enc_pull: W2=0.8809  fit_err=26.32%  (4s)
  MTE@0.1: 1.2934
  MTE@0.5: 2.0016
  MTE@1.0: 2.4695
  W2@1.0:  1.6579
  sW2@0.1: 0.6233 (292/500 in region)
  sW2@0.2: 0.8860 (214/500 in region)
  sW2@0.5: 1.3497 (97/500 in region)
  sW2@1.0: 2.3289 (21/500 in region)
  MMD@1.0: 0.4068
  Survival@1.0: 28.0%
  Stopped@1.0:  4.2%
   enc_pull_v2: W2=1.6579  fit_err=80.06%  (5s)
  MTE@0.1: 1.3149
  MTE@0.5: 2.1172
  MTE@1.0: 2.3811
  W2@1.0:  1.6819
  sW2@0.1: 0.6690 (292/500 in region)
  sW2@0.2: 0.9732 (214/500 in region)
  sW2@0.5: 1.4760 (97/500 in region)
  sW2@1.0: 2.1704 (21/500 in region)
  MMD@1.0: 0.3573
  Survival@1.0: 28.0%
  Stopped@1.0:  4.2%
    direct_1st: W2=1.6819  fit_err=89.27%  (4s)

============================================================
paraboloid D=201 N=20 seed=1042
============================================================
        Phase2 Epoch 40/200: loss=0.302316
        Phase2 Epoch 80/200: loss=0.262469
        Phase2 Epoch 120/200: loss=0.140447
        Phase2 Epoch 160/200: loss=0.136259
        Phase2 Epoch 200/200: loss=0.111437
  Precomputing oracle targets...
  MTE@0.1: 0.9205
  MTE@0.5: 1.8048
  MTE@1.0: 2.6416
  W2@1.0:  2.2827
  sW2@0.1: 0.6777 (285/500 in region)
  sW2@0.2: 1.1244 (204/500 in region)
  sW2@0.5: 1.5069 (98/500 in region)
  sW2@1.0: 2.6610 (31/500 in region)
  MMD@1.0: 0.3702
  Survival@1.0: 29.8%
  Stopped@1.0:  6.2%
          no_q: W2=2.2827  fit_err=148.69%  (5s)
  MTE@0.1: 0.9025
  MTE@0.5: 1.6016
  MTE@1.0: 2.0804
  W2@1.0:  1.7107
  sW2@0.1: 0.6270 (285/500 in region)
  sW2@0.2: 1.0443 (204/500 in region)
  sW2@0.5: 1.2935 (98/500 in region)
  sW2@1.0: 2.0784 (31/500 in region)
  MMD@1.0: 0.2856
  Survival@1.0: 29.8%
  Stopped@1.0:  6.2%
       current: W2=1.7107  fit_err=106.39%  (5s)
  MTE@0.1: 0.8975
  MTE@0.5: 1.5631
  MTE@1.0: 2.0009
  W2@1.0:  1.4200
  sW2@0.1: 0.6096 (285/500 in region)
  sW2@0.2: 1.0014 (204/500 in region)
  sW2@0.5: 1.1559 (98/500 in region)
  sW2@1.0: 1.7892 (31/500 in region)
  MMD@1.0: 0.2833
  Survival@1.0: 29.8%
  Stopped@1.0:  6.2%
      oracle_q: W2=1.4200  fit_err=99.00%  (5s)
  MTE@0.1: 0.8604
  MTE@0.5: 1.3306
  MTE@1.0: 1.4627
  W2@1.0:  0.9398
  sW2@0.1: 0.5002 (285/500 in region)
  sW2@0.2: 0.7661 (204/500 in region)
  sW2@0.5: 0.7504 (98/500 in region)
  sW2@1.0: 1.1040 (31/500 in region)
  MMD@1.0: 0.1997
  Survival@1.0: 29.8%
  Stopped@1.0:  6.2%
      enc_pull: W2=0.9398  fit_err=42.75%  (5s)
  MTE@0.1: 0.9065
  MTE@0.5: 1.6694
  MTE@1.0: 2.2133
  W2@1.0:  1.8766
  sW2@0.1: 0.6249 (285/500 in region)
  sW2@0.2: 1.0408 (204/500 in region)
  sW2@0.5: 1.3389 (98/500 in region)
  sW2@1.0: 2.3469 (31/500 in region)
  MMD@1.0: 0.3000
  Survival@1.0: 29.8%
  Stopped@1.0:  6.2%
   enc_pull_v2: W2=1.8766  fit_err=114.89%  (5s)
  MTE@0.1: 0.8977
  MTE@0.5: 1.5614
  MTE@1.0: 2.0263
  W2@1.0:  1.4562
  sW2@0.1: 0.6043 (285/500 in region)
  sW2@0.2: 1.0002 (204/500 in region)
  sW2@0.5: 1.1418 (98/500 in region)
  sW2@1.0: 1.8660 (31/500 in region)
  MMD@1.0: 0.2666
  Survival@1.0: 29.8%
  Stopped@1.0:  6.2%
    direct_1st: W2=1.4562  fit_err=107.47%  (4s)

============================================================
paraboloid D=201 N=20 seed=2042
============================================================
        Phase2 Epoch 40/200: loss=0.474722
        Phase2 Epoch 80/200: loss=0.360763
        Phase2 Epoch 120/200: loss=0.261793
        Phase2 Epoch 160/200: loss=0.165954
        Phase2 Epoch 200/200: loss=0.106222
  Precomputing oracle targets...
  MTE@0.1: 0.9071
  MTE@0.5: 2.2468
  MTE@1.0: 3.1642
  W2@1.0:  2.7622
  sW2@0.1: 0.6488 (293/500 in region)
  sW2@0.2: 1.0520 (212/500 in region)
  sW2@0.5: 2.0059 (88/500 in region)
  sW2@1.0: 2.8443 (24/500 in region)
  MMD@1.0: 0.5224
  Survival@1.0: 26.6%
  Stopped@1.0:  4.8%
          no_q: W2=2.7622  fit_err=126.61%  (4s)
  MTE@0.1: 0.8605
  MTE@0.5: 1.7047
  MTE@1.0: 2.1316
  W2@1.0:  1.6209
  sW2@0.1: 0.5374 (293/500 in region)
  sW2@0.2: 0.8078 (212/500 in region)
  sW2@0.5: 1.4918 (88/500 in region)
  sW2@1.0: 1.8013 (24/500 in region)
  MMD@1.0: 0.3951
  Survival@1.0: 26.6%
  Stopped@1.0:  4.8%
       current: W2=1.6209  fit_err=90.00%  (4s)
  MTE@0.1: 0.8771
  MTE@0.5: 1.8002
  MTE@1.0: 2.2683
  W2@1.0:  1.7104
  sW2@0.1: 0.5596 (293/500 in region)
  sW2@0.2: 0.8596 (212/500 in region)
  sW2@0.5: 1.5359 (88/500 in region)
  sW2@1.0: 1.7319 (24/500 in region)
  MMD@1.0: 0.4338
  Survival@1.0: 26.6%
  Stopped@1.0:  4.8%
      oracle_q: W2=1.7104  fit_err=96.10%  (4s)
  MTE@0.1: 0.8364
  MTE@0.5: 1.2321
  MTE@1.0: 1.2547
  W2@1.0:  0.6432
  sW2@0.1: 0.3837 (293/500 in region)
  sW2@0.2: 0.5378 (212/500 in region)
  sW2@0.5: 0.6617 (88/500 in region)
  sW2@1.0: 0.5254 (24/500 in region)
  MMD@1.0: 0.1744
  Survival@1.0: 26.6%
  Stopped@1.0:  4.8%
      enc_pull: W2=0.6432  fit_err=33.00%  (4s)
  MTE@0.1: 0.8479
  MTE@0.5: 1.5892
  MTE@1.0: 1.8775
  W2@1.0:  1.3542
  sW2@0.1: 0.4861 (293/500 in region)
  sW2@0.2: 0.7217 (212/500 in region)
  sW2@0.5: 1.3305 (88/500 in region)
  sW2@1.0: 1.6296 (24/500 in region)
  MMD@1.0: 0.3222
  Survival@1.0: 26.6%
  Stopped@1.0:  4.8%
   enc_pull_v2: W2=1.3542  fit_err=74.02%  (5s)
  MTE@0.1: 0.8709
  MTE@0.5: 1.7474
  MTE@1.0: 2.2679
  W2@1.0:  1.7195
  sW2@0.1: 0.5473 (293/500 in region)
  sW2@0.2: 0.8453 (212/500 in region)
  sW2@0.5: 1.5040 (88/500 in region)
  sW2@1.0: 1.7052 (24/500 in region)
  MMD@1.0: 0.4141
  Survival@1.0: 26.6%
  Stopped@1.0:  4.8%
    direct_1st: W2=1.7195  fit_err=90.97%  (5s)

============================================================
paraboloid D=201 N=20 seed=3042
============================================================
        Phase2 Epoch 40/200: loss=0.524161
        Phase2 Epoch 80/200: loss=0.409757
        Phase2 Epoch 120/200: loss=0.255989
        Phase2 Epoch 160/200: loss=0.255629
        Phase2 Epoch 200/200: loss=0.109190
  Precomputing oracle targets...
  MTE@0.1: 0.5947
  MTE@0.5: 1.1296
  MTE@1.0: 2.0660
  W2@1.0:  2.0172
  sW2@0.1: 0.4513 (275/500 in region)
  sW2@0.2: 0.5004 (204/500 in region)
  sW2@0.5: 1.0080 (78/500 in region)
  sW2@1.0: 2.0302 (25/500 in region)
  MMD@1.0: 0.4945
  Survival@1.0: 27.2%
  Stopped@1.0:  5.0%
          no_q: W2=2.0172  fit_err=155.08%  (4s)
  MTE@0.1: 0.5900
  MTE@0.5: 0.8986
  MTE@1.0: 1.3785
  W2@1.0:  1.4234
  sW2@0.1: 0.4242 (275/500 in region)
  sW2@0.2: 0.4462 (204/500 in region)
  sW2@0.5: 0.8203 (78/500 in region)
  sW2@1.0: 1.5763 (25/500 in region)
  MMD@1.0: 0.4206
  Survival@1.0: 27.2%
  Stopped@1.0:  5.0%
       current: W2=1.4234  fit_err=109.81%  (4s)
  MTE@0.1: 0.5766
  MTE@0.5: 0.8607
  MTE@1.0: 1.2691
  W2@1.0:  1.2045
  sW2@0.1: 0.3997 (275/500 in region)
  sW2@0.2: 0.4089 (204/500 in region)
  sW2@0.5: 0.7946 (78/500 in region)
  sW2@1.0: 1.5371 (25/500 in region)
  MMD@1.0: 0.3714
  Survival@1.0: 27.2%
  Stopped@1.0:  5.0%
      oracle_q: W2=1.2045  fit_err=92.16%  (4s)
  MTE@0.1: 0.5871
  MTE@0.5: 0.7915
  MTE@1.0: 0.9505
  W2@1.0:  0.6674
  sW2@0.1: 0.3834 (275/500 in region)
  sW2@0.2: 0.4044 (204/500 in region)
  sW2@0.5: 0.5651 (78/500 in region)
  sW2@1.0: 0.9403 (25/500 in region)
  MMD@1.0: 0.3107
  Survival@1.0: 27.2%
  Stopped@1.0:  5.0%
      enc_pull: W2=0.6674  fit_err=33.80%  (5s)
  MTE@0.1: 0.5809
  MTE@0.5: 0.8282
  MTE@1.0: 1.2232
  W2@1.0:  1.0522
  sW2@0.1: 0.3930 (275/500 in region)
  sW2@0.2: 0.4077 (204/500 in region)
  sW2@0.5: 0.6118 (78/500 in region)
  sW2@1.0: 1.1542 (25/500 in region)
  MMD@1.0: 0.4153
  Survival@1.0: 27.2%
  Stopped@1.0:  5.0%
   enc_pull_v2: W2=1.0522  fit_err=84.98%  (5s)
  MTE@0.1: 0.5702
  MTE@0.5: 0.8238
  MTE@1.0: 1.2447
  W2@1.0:  1.1781
  sW2@0.1: 0.4012 (275/500 in region)
  sW2@0.2: 0.4142 (204/500 in region)
  sW2@0.5: 0.8146 (78/500 in region)
  sW2@1.0: 1.4913 (25/500 in region)
  MMD@1.0: 0.3782
  Survival@1.0: 27.2%
  Stopped@1.0:  5.0%
    direct_1st: W2=1.1781  fit_err=98.61%  (5s)

============================================================
paraboloid D=201 N=20 seed=4042
============================================================
        Phase2 Epoch 40/200: loss=0.349076
        Phase2 Epoch 80/200: loss=0.290675
        Phase2 Epoch 120/200: loss=0.182105
        Phase2 Epoch 160/200: loss=0.135964
        Phase2 Epoch 200/200: loss=0.136128
  Precomputing oracle targets...
  MTE@0.1: 0.9560
  MTE@0.5: 1.7130
  MTE@1.0: 2.0877
  W2@1.0:  1.6598
  sW2@0.1: 0.7424 (287/500 in region)
  sW2@0.2: 1.2516 (207/500 in region)
  sW2@0.5: 1.1389 (102/500 in region)
  sW2@1.0: 1.5778 (30/500 in region)
  MMD@1.0: 0.4118
  Survival@1.0: 28.2%
  Stopped@1.0:  6.0%
          no_q: W2=1.6598  fit_err=150.09%  (5s)
  MTE@0.1: 0.9234
  MTE@0.5: 1.4143
  MTE@1.0: 1.5524
  W2@1.0:  0.9775
  sW2@0.1: 0.6376 (287/500 in region)
  sW2@0.2: 1.0101 (207/500 in region)
  sW2@0.5: 0.6184 (102/500 in region)
  sW2@1.0: 1.1535 (30/500 in region)
  MMD@1.0: 0.3389
  Survival@1.0: 28.2%
  Stopped@1.0:  6.0%
       current: W2=0.9775  fit_err=81.57%  (5s)
  MTE@0.1: 0.9502
  MTE@0.5: 1.5049
  MTE@1.0: 1.5990
  W2@1.0:  1.1020
  sW2@0.1: 0.6782 (287/500 in region)
  sW2@0.2: 1.0944 (207/500 in region)
  sW2@0.5: 0.7863 (102/500 in region)
  sW2@1.0: 1.1218 (30/500 in region)
  MMD@1.0: 0.3116
  Survival@1.0: 28.2%
  Stopped@1.0:  6.0%
      oracle_q: W2=1.1020  fit_err=83.23%  (5s)
  MTE@0.1: 0.9288
  MTE@0.5: 1.2452
  MTE@1.0: 1.1603
  W2@1.0:  0.5174
  sW2@0.1: 0.5671 (287/500 in region)
  sW2@0.2: 0.8143 (207/500 in region)
  sW2@0.5: 0.4273 (102/500 in region)
  sW2@1.0: 0.6926 (30/500 in region)
  MMD@1.0: 0.1224
  Survival@1.0: 28.2%
  Stopped@1.0:  6.0%
      enc_pull: W2=0.5174  fit_err=41.79%  (4s)
  MTE@0.1: 0.9132
  MTE@0.5: 1.2988
  MTE@1.0: 1.4092
  W2@1.0:  0.8142
  sW2@0.1: 0.5872 (287/500 in region)
  sW2@0.2: 0.8693 (207/500 in region)
  sW2@0.5: 0.4902 (102/500 in region)
  sW2@1.0: 1.2060 (30/500 in region)
  MMD@1.0: 0.3137
  Survival@1.0: 28.2%
  Stopped@1.0:  6.0%
   enc_pull_v2: W2=0.8142  fit_err=72.65%  (5s)
  MTE@0.1: 0.9513
  MTE@0.5: 1.5423
  MTE@1.0: 1.6298
  W2@1.0:  1.0602
  sW2@0.1: 0.6881 (287/500 in region)
  sW2@0.2: 1.1211 (207/500 in region)
  sW2@0.5: 0.8171 (102/500 in region)
  sW2@1.0: 0.9886 (30/500 in region)
  MMD@1.0: 0.2979
  Survival@1.0: 28.2%
  Stopped@1.0:  6.0%
    direct_1st: W2=1.0602  fit_err=88.72%  (4s)

============================================================
hyperbolic_paraboloid D=201 N=20 seed=42
============================================================
        Phase2 Epoch 40/200: loss=0.454300
        Phase2 Epoch 80/200: loss=0.361892
        Phase2 Epoch 120/200: loss=0.349703
        Phase2 Epoch 160/200: loss=0.290997
        Phase2 Epoch 200/200: loss=0.245625
  Precomputing oracle targets...
  MTE@0.1: 0.9737
  MTE@0.5: 2.0734
  MTE@1.0: 2.6798
  W2@1.0:  2.3168
  sW2@0.1: 0.6071 (292/500 in region)
  sW2@0.2: 0.8195 (214/500 in region)
  sW2@0.5: 1.6101 (97/500 in region)
  sW2@1.0: 2.8235 (21/500 in region)
  MMD@1.0: 0.3535
  Survival@1.0: 28.0%
  Stopped@1.0:  4.2%
          no_q: W2=2.3168  fit_err=112.84%  (5s)
  MTE@0.1: 0.9583
  MTE@0.5: 1.9766
  MTE@1.0: 2.5289
  W2@1.0:  2.1182
  sW2@0.1: 0.5905 (292/500 in region)
  sW2@0.2: 0.7810 (214/500 in region)
  sW2@0.5: 1.4480 (97/500 in region)
  sW2@1.0: 2.6105 (21/500 in region)
  MMD@1.0: 0.3424
  Survival@1.0: 28.0%
  Stopped@1.0:  4.2%
       current: W2=2.1182  fit_err=75.82%  (6s)
  MTE@0.1: 0.9666
  MTE@0.5: 1.9845
  MTE@1.0: 2.4923
  W2@1.0:  2.0842
  sW2@0.1: 0.6005 (292/500 in region)
  sW2@0.2: 0.7873 (214/500 in region)
  sW2@0.5: 1.4779 (97/500 in region)
  sW2@1.0: 2.5210 (21/500 in region)
  MMD@1.0: 0.3491
  Survival@1.0: 28.0%
  Stopped@1.0:  4.2%
      oracle_q: W2=2.0842  fit_err=104.13%  (5s)
  MTE@0.1: 0.9233
  MTE@0.5: 1.5422
  MTE@1.0: 1.6309
  W2@1.0:  1.1608
  sW2@0.1: 0.5488 (292/500 in region)
  sW2@0.2: 0.6342 (214/500 in region)
  sW2@0.5: 0.9345 (97/500 in region)
  sW2@1.0: 1.4795 (21/500 in region)
  MMD@1.0: 0.2101
  Survival@1.0: 28.0%
  Stopped@1.0:  4.2%
      enc_pull: W2=1.1608  fit_err=40.07%  (5s)
  MTE@0.1: 0.9435
  MTE@0.5: 1.8638
  MTE@1.0: 2.2977
  W2@1.0:  1.9127
  sW2@0.1: 0.5711 (292/500 in region)
  sW2@0.2: 0.7333 (214/500 in region)
  sW2@0.5: 1.2542 (97/500 in region)
  sW2@1.0: 2.2808 (21/500 in region)
  MMD@1.0: 0.3317
  Survival@1.0: 28.0%
  Stopped@1.0:  4.2%
   enc_pull_v2: W2=1.9127  fit_err=65.98%  (4s)
  MTE@0.1: 0.9765
  MTE@0.5: 2.4577
  MTE@1.0: 4.1915
  W2@1.0:  4.4601
  sW2@0.1: 0.6325 (292/500 in region)
  sW2@0.2: 0.9286 (214/500 in region)
  sW2@0.5: 2.3317 (97/500 in region)
  sW2@1.0: 4.2480 (21/500 in region)
  MMD@1.0: 0.4706
  Survival@1.0: 28.0%
  Stopped@1.0:  4.2%
    direct_1st: W2=4.4601  fit_err=95.61%  (4s)

============================================================
hyperbolic_paraboloid D=201 N=20 seed=1042
============================================================
        Phase2 Epoch 40/200: loss=0.447975
        Phase2 Epoch 80/200: loss=0.204715
        Phase2 Epoch 120/200: loss=0.147679
        Phase2 Epoch 160/200: loss=0.084185
        Phase2 Epoch 200/200: loss=0.281397
  Precomputing oracle targets...
  MTE@0.1: 1.4183
  MTE@0.5: 2.4413
  MTE@1.0: 2.8677
  W2@1.0:  1.8635
  sW2@0.1: 0.7433 (285/500 in region)
  sW2@0.2: 0.9967 (204/500 in region)
  sW2@0.5: 1.4075 (98/500 in region)
  sW2@1.0: 2.0358 (31/500 in region)
  MMD@1.0: 0.3290
  Survival@1.0: 29.8%
  Stopped@1.0:  6.2%
          no_q: W2=1.8635  fit_err=74.00%  (5s)
  MTE@0.1: 1.4052
  MTE@0.5: 2.2985
  MTE@1.0: 2.6060
  W2@1.0:  1.4879
  sW2@0.1: 0.7213 (285/500 in region)
  sW2@0.2: 0.9438 (204/500 in region)
  sW2@0.5: 1.2765 (98/500 in region)
  sW2@1.0: 1.7565 (31/500 in region)
  MMD@1.0: 0.3098
  Survival@1.0: 29.8%
  Stopped@1.0:  6.2%
       current: W2=1.4879  fit_err=86.45%  (6s)
  MTE@0.1: 1.4126
  MTE@0.5: 2.4000
  MTE@1.0: 2.8316
  W2@1.0:  1.7831
  sW2@0.1: 0.7320 (285/500 in region)
  sW2@0.2: 0.9829 (204/500 in region)
  sW2@0.5: 1.3854 (98/500 in region)
  sW2@1.0: 2.0128 (31/500 in region)
  MMD@1.0: 0.3197
  Survival@1.0: 29.8%
  Stopped@1.0:  6.2%
      oracle_q: W2=1.7831  fit_err=74.39%  (5s)
  MTE@0.1: 1.3437
  MTE@0.5: 1.8318
  MTE@1.0: 1.9177
  W2@1.0:  0.7264
  sW2@0.1: 0.6261 (285/500 in region)
  sW2@0.2: 0.7015 (204/500 in region)
  sW2@0.5: 0.7468 (98/500 in region)
  sW2@1.0: 0.7683 (31/500 in region)
  MMD@1.0: 0.2076
  Survival@1.0: 29.8%
  Stopped@1.0:  6.2%
      enc_pull: W2=0.7264  fit_err=28.30%  (5s)
  MTE@0.1: 1.4038
  MTE@0.5: 2.2873
  MTE@1.0: 2.5511
  W2@1.0:  1.3769
  sW2@0.1: 0.7200 (285/500 in region)
  sW2@0.2: 0.9411 (204/500 in region)
  sW2@0.5: 1.2494 (98/500 in region)
  sW2@1.0: 1.7175 (31/500 in region)
  MMD@1.0: 0.2943
  Survival@1.0: 29.8%
  Stopped@1.0:  6.2%
   enc_pull_v2: W2=1.3769  fit_err=74.36%  (5s)
  MTE@0.1: 1.4150
  MTE@0.5: 2.3796
  MTE@1.0: 2.7172
  W2@1.0:  1.5907
  sW2@0.1: 0.7383 (285/500 in region)
  sW2@0.2: 0.9923 (204/500 in region)
  sW2@0.5: 1.3644 (98/500 in region)
  sW2@1.0: 1.9323 (31/500 in region)
  MMD@1.0: 0.3066
  Survival@1.0: 29.8%
  Stopped@1.0:  6.2%
    direct_1st: W2=1.5907  fit_err=78.89%  (4s)

============================================================
hyperbolic_paraboloid D=201 N=20 seed=2042
============================================================
        Phase2 Epoch 40/200: loss=0.231120
        Phase2 Epoch 80/200: loss=0.139996
        Phase2 Epoch 120/200: loss=0.197156
        Phase2 Epoch 160/200: loss=0.124420
        Phase2 Epoch 200/200: loss=0.059636
  Precomputing oracle targets...
  MTE@0.1: 0.5279
  MTE@0.5: 1.0506
  MTE@1.0: 1.4327
  W2@1.0:  1.2009
  sW2@0.1: 0.3060 (293/500 in region)
  sW2@0.2: 0.3668 (212/500 in region)
  sW2@0.5: 0.7535 (88/500 in region)
  sW2@1.0: 1.2087 (24/500 in region)
  MMD@1.0: 0.3425
  Survival@1.0: 26.6%
  Stopped@1.0:  4.8%
          no_q: W2=1.2009  fit_err=83.03%  (4s)
  MTE@0.1: 0.5377
  MTE@0.5: 0.9319
  MTE@1.0: 1.1597
  W2@1.0:  0.7900
  sW2@0.1: 0.3154 (293/500 in region)
  sW2@0.2: 0.3452 (212/500 in region)
  sW2@0.5: 0.6044 (88/500 in region)
  sW2@1.0: 0.7389 (24/500 in region)
  MMD@1.0: 0.3142
  Survival@1.0: 26.6%
  Stopped@1.0:  4.8%
       current: W2=0.7900  fit_err=77.51%  (5s)
  MTE@0.1: 0.5276
  MTE@0.5: 1.0074
  MTE@1.0: 1.3532
  W2@1.0:  1.1732
  sW2@0.1: 0.3053 (293/500 in region)
  sW2@0.2: 0.3579 (212/500 in region)
  sW2@0.5: 0.7441 (88/500 in region)
  sW2@1.0: 1.1926 (24/500 in region)
  MMD@1.0: 0.3194
  Survival@1.0: 26.6%
  Stopped@1.0:  4.8%
      oracle_q: W2=1.1732  fit_err=74.26%  (5s)
  MTE@0.1: 0.5490
  MTE@0.5: 0.8440
  MTE@1.0: 0.8479
  W2@1.0:  0.5795
  sW2@0.1: 0.3147 (293/500 in region)
  sW2@0.2: 0.3211 (212/500 in region)
  sW2@0.5: 0.5598 (88/500 in region)
  sW2@1.0: 0.5587 (24/500 in region)
  MMD@1.0: 0.1831
  Survival@1.0: 26.6%
  Stopped@1.0:  4.8%
      enc_pull: W2=0.5795  fit_err=26.96%  (5s)
  MTE@0.1: 0.5356
  MTE@0.5: 0.9664
  MTE@1.0: 1.2744
  W2@1.0:  1.0897
  sW2@0.1: 0.3127 (293/500 in region)
  sW2@0.2: 0.3502 (212/500 in region)
  sW2@0.5: 0.7019 (88/500 in region)
  sW2@1.0: 1.1151 (24/500 in region)
  MMD@1.0: 0.3036
  Survival@1.0: 26.6%
  Stopped@1.0:  4.8%
   enc_pull_v2: W2=1.0897  fit_err=64.59%  (5s)
  MTE@0.1: 0.5171
  MTE@0.5: 1.0177
  MTE@1.0: 1.4438
  W2@1.0:  1.3031
  sW2@0.1: 0.2988 (293/500 in region)
  sW2@0.2: 0.3590 (212/500 in region)
  sW2@0.5: 0.7721 (88/500 in region)
  sW2@1.0: 1.2834 (24/500 in region)
  MMD@1.0: 0.3253
  Survival@1.0: 26.6%
  Stopped@1.0:  4.8%
    direct_1st: W2=1.3031  fit_err=73.77%  (5s)

============================================================
hyperbolic_paraboloid D=201 N=20 seed=3042
============================================================
        Phase2 Epoch 40/200: loss=0.502758
        Phase2 Epoch 80/200: loss=0.453424
        Phase2 Epoch 120/200: loss=0.374843
        Phase2 Epoch 160/200: loss=0.291470
        Phase2 Epoch 200/200: loss=0.084316
  Precomputing oracle targets...
  MTE@0.1: 1.3373
  MTE@0.5: 2.2645
  MTE@1.0: 2.5484
  W2@1.0:  2.2507
  sW2@0.1: 0.9624 (275/500 in region)
  sW2@0.2: 1.1615 (204/500 in region)
  sW2@0.5: 2.0240 (78/500 in region)
  sW2@1.0: 2.9260 (25/500 in region)
  MMD@1.0: 0.3324
  Survival@1.0: 27.2%
  Stopped@1.0:  5.0%
          no_q: W2=2.2507  fit_err=109.24%  (5s)
  MTE@0.1: 1.3265
  MTE@0.5: 2.1935
  MTE@1.0: 2.3892
  W2@1.0:  2.0138
  sW2@0.1: 0.9393 (275/500 in region)
  sW2@0.2: 1.1161 (204/500 in region)
  sW2@0.5: 1.8951 (78/500 in region)
  sW2@1.0: 2.5190 (25/500 in region)
  MMD@1.0: 0.3187
  Survival@1.0: 27.2%
  Stopped@1.0:  5.0%
       current: W2=2.0138  fit_err=94.16%  (4s)
  MTE@0.1: 1.3272
  MTE@0.5: 2.1945
  MTE@1.0: 2.3950
  W2@1.0:  2.0190
  sW2@0.1: 0.9408 (275/500 in region)
  sW2@0.2: 1.1226 (204/500 in region)
  sW2@0.5: 1.8978 (78/500 in region)
  sW2@1.0: 2.5663 (25/500 in region)
  MMD@1.0: 0.3142
  Survival@1.0: 27.2%
  Stopped@1.0:  5.0%
      oracle_q: W2=2.0190  fit_err=96.70%  (4s)
  MTE@0.1: 1.2321
  MTE@0.5: 1.6872
  MTE@1.0: 1.7694
  W2@1.0:  1.0117
  sW2@0.1: 0.7288 (275/500 in region)
  sW2@0.2: 0.7823 (204/500 in region)
  sW2@0.5: 0.9958 (78/500 in region)
  sW2@1.0: 1.2707 (25/500 in region)
  MMD@1.0: 0.2034
  Survival@1.0: 27.2%
  Stopped@1.0:  5.0%
      enc_pull: W2=1.0117  fit_err=32.04%  (4s)
  MTE@0.1: 1.3127
  MTE@0.5: 2.1040
  MTE@1.0: 2.2237
  W2@1.0:  1.7717
  sW2@0.1: 0.9137 (275/500 in region)
  sW2@0.2: 1.0720 (204/500 in region)
  sW2@0.5: 1.7672 (78/500 in region)
  sW2@1.0: 2.2356 (25/500 in region)
  MMD@1.0: 0.2838
  Survival@1.0: 27.2%
  Stopped@1.0:  5.0%
   enc_pull_v2: W2=1.7717  fit_err=85.46%  (4s)
  MTE@0.1: 1.3192
  MTE@0.5: 2.1386
  MTE@1.0: 2.2717
  W2@1.0:  1.8358
  sW2@0.1: 0.9221 (275/500 in region)
  sW2@0.2: 1.0988 (204/500 in region)
  sW2@0.5: 1.7745 (78/500 in region)
  sW2@1.0: 2.2900 (25/500 in region)
  MMD@1.0: 0.3143
  Survival@1.0: 27.2%
  Stopped@1.0:  5.0%
    direct_1st: W2=1.8358  fit_err=110.98%  (3s)

============================================================
hyperbolic_paraboloid D=201 N=20 seed=4042
============================================================
        Phase2 Epoch 40/200: loss=0.252272
        Phase2 Epoch 80/200: loss=0.143979
        Phase2 Epoch 120/200: loss=0.079901
        Phase2 Epoch 160/200: loss=0.092104
        Phase2 Epoch 200/200: loss=0.050029
  Precomputing oracle targets...
  MTE@0.1: 1.0168
  MTE@0.5: 1.6863
  MTE@1.0: 1.8253
  W2@1.0:  1.2463
  sW2@0.1: 0.5128 (287/500 in region)
  sW2@0.2: 0.8710 (207/500 in region)
  sW2@0.5: 0.8412 (102/500 in region)
  sW2@1.0: 1.1916 (30/500 in region)
  MMD@1.0: 0.3499
  Survival@1.0: 28.2%
  Stopped@1.0:  6.0%
          no_q: W2=1.2463  fit_err=71.39%  (3s)
  MTE@0.1: 1.0032
  MTE@0.5: 1.5610
  MTE@1.0: 1.6711
  W2@1.0:  0.9704
  sW2@0.1: 0.4825 (287/500 in region)
  sW2@0.2: 0.7580 (207/500 in region)
  sW2@0.5: 0.6164 (102/500 in region)
  sW2@1.0: 1.3471 (30/500 in region)
  MMD@1.0: 0.3284
  Survival@1.0: 28.2%
  Stopped@1.0:  6.0%
       current: W2=0.9704  fit_err=83.74%  (3s)
  MTE@0.1: 1.0041
  MTE@0.5: 1.6645
  MTE@1.0: 1.8845
  W2@1.0:  1.2388
  sW2@0.1: 0.4950 (287/500 in region)
  sW2@0.2: 0.8174 (207/500 in region)
  sW2@0.5: 0.7842 (102/500 in region)
  sW2@1.0: 1.2918 (30/500 in region)
  MMD@1.0: 0.3336
  Survival@1.0: 28.2%
  Stopped@1.0:  6.0%
      oracle_q: W2=1.2388  fit_err=68.20%  (3s)
  MTE@0.1: 0.9528
  MTE@0.5: 1.3583
  MTE@1.0: 1.3917
  W2@1.0:  0.4826
  sW2@0.1: 0.3647 (287/500 in region)
  sW2@0.2: 0.4685 (207/500 in region)
  sW2@0.5: 0.4430 (102/500 in region)
  sW2@1.0: 1.0185 (30/500 in region)
  MMD@1.0: 0.1674
  Survival@1.0: 28.2%
  Stopped@1.0:  6.0%
      enc_pull: W2=0.4826  fit_err=40.64%  (3s)
  MTE@0.1: 1.0012
  MTE@0.5: 1.5870
  MTE@1.0: 1.7394
  W2@1.0:  1.0455
  sW2@0.1: 0.4873 (287/500 in region)
  sW2@0.2: 0.7753 (207/500 in region)
  sW2@0.5: 0.6701 (102/500 in region)
  sW2@1.0: 1.3179 (30/500 in region)
  MMD@1.0: 0.3180
  Survival@1.0: 28.2%
  Stopped@1.0:  6.0%
   enc_pull_v2: W2=1.0455  fit_err=76.66%  (3s)
  MTE@0.1: 1.0031
  MTE@0.5: 1.7007
  MTE@1.0: 2.0191
  W2@1.0:  1.3719
  sW2@0.1: 0.5033 (287/500 in region)
  sW2@0.2: 0.8392 (207/500 in region)
  sW2@0.5: 0.8507 (102/500 in region)
  sW2@1.0: 1.3556 (30/500 in region)
  MMD@1.0: 0.3363
  Survival@1.0: 28.2%
  Stopped@1.0:  6.0%
    direct_1st: W2=1.3719  fit_err=68.18%  (3s)

Saved 60 rows to oracle_q_ablation.csv

======================================================================
SUMMARY (median over seeds)
======================================================================

paraboloid D=201 N=20:
     condition    W2@1.0   fit_err   MTE@0.5   sW2@0.5
  ------------  --------  --------  --------  --------
          no_q    2.1872  148.69%    1.8048    1.5069
       current    1.6209   90.00%    1.6016    1.2935
      oracle_q    1.4200   92.16%    1.5631    1.1559
      enc_pull    0.6674   33.80%    1.2452    0.6617
   enc_pull_v2    1.3542   80.06%    1.5892    1.3305
    direct_1st    1.4562   90.97%    1.5614    1.1418

  Paired vs current (Wilcoxon signed-rank):
            no_q: ΔW2=+34.9%  p=0.062
        oracle_q: ΔW2=-12.4%  p=0.312
        enc_pull: ΔW2=-58.8%  p=0.062
      direct_1st: ΔW2=-10.2%  p=0.312

hyperbolic_paraboloid D=201 N=20:
     condition    W2@1.0   fit_err   MTE@0.5   sW2@0.5
  ------------  --------  --------  --------  --------
          no_q    1.8635   83.03%    2.0734    1.4075
       current    1.4879   83.74%    1.9766    1.2765
      oracle_q    1.7831   74.39%    1.9845    1.3854
      enc_pull    0.7264   32.04%    1.5422    0.7468
   enc_pull_v2    1.3769   74.36%    1.8638    1.2494
    direct_1st    1.5907   78.89%    2.1386    1.3644

  Paired vs current (Wilcoxon signed-rank):
            no_q: ΔW2=+25.2%  p=0.062
        oracle_q: ΔW2=+19.8%  p=0.188
        enc_pull: ΔW2=-51.2%  p=0.062
      direct_1st: ΔW2=+6.9%  p=0.188
