Device: cuda
D=201, N=100
Surfaces: ['paraboloid', 'hyperbolic_paraboloid', 'quartic_dome', 'sinusoidal']
Conditions: ['baseline', 'T', 'F', 'T+F']
Seeds (10): [42, 1042, 2042, 3042, 4042, 5042, 6042, 7042, 8042, 9042]
LONG_T=20.0, LONG_N_STEPS=2000
Total runs: 160


============================================================
  paraboloid | seed=42
============================================================

  --- baseline ---
      Epoch 100/500: loss=0.000841
      Epoch 200/500: loss=0.000551
      Epoch 300/500: loss=0.000386
      Epoch 400/500: loss=0.000128
      Epoch 500/500: loss=0.000071
    recon=0.000071
    E_mu=0.0991  E_Sigma=0.0747
  Stage 2 epoch 333/1000: loss=0.003819
  Stage 2 epoch 666/1000: loss=0.001870
  Stage 2 epoch 999/1000: loss=0.001067
  Stage 3 epoch 333/1000: loss=0.000004
  Stage 3 epoch 666/1000: loss=0.000005
  Stage 3 epoch 999/1000: loss=0.000004
    MFPT: GT=7.787 learned=8.119 err=4.3%
    Rate: GT=0.3866 learned=0.2495 err=35.5%

  --- T ---
      Epoch 100/500: loss=0.035353
      Epoch 200/500: loss=0.015904
      Epoch 300/500: loss=0.009592
      Epoch 400/500: loss=0.010027
      Epoch 500/500: loss=0.010591
    recon=0.004421
    E_mu=0.0542  E_Sigma=0.0202
  Stage 2 epoch 333/1000: loss=0.004482
  Stage 2 epoch 666/1000: loss=0.003049
  Stage 2 epoch 999/1000: loss=0.001554
  Stage 3 epoch 333/1000: loss=0.000001
  Stage 3 epoch 666/1000: loss=0.000001
  Stage 3 epoch 999/1000: loss=0.000001
    MFPT: GT=7.787 learned=8.559 err=9.9%
    Rate: GT=0.3866 learned=0.4147 err=7.3%

  --- F ---
      Epoch 100/500: loss=0.006510
      Epoch 200/500: loss=0.005680
      Epoch 300/500: loss=0.007672
      Epoch 400/500: loss=0.004016
      Epoch 500/500: loss=0.003714
    recon=0.003915
    E_mu=3.4765  E_Sigma=1.4612
  Stage 2 epoch 333/1000: loss=0.000021
  Stage 2 epoch 666/1000: loss=0.000021
  Stage 2 epoch 999/1000: loss=0.000021
  Stage 3 epoch 333/1000: loss=0.000037
  Stage 3 epoch 666/1000: loss=0.000041
  Stage 3 epoch 999/1000: loss=0.000038
    MFPT: GT=7.787 learned=0.010 err=99.9%
    Rate: GT=0.3866 learned=0.0000 err=100.0%

  --- T+F ---
      Epoch 100/500: loss=0.219716
      Epoch 200/500: loss=0.062000
      Epoch 300/500: loss=0.029916
      Epoch 400/500: loss=0.019932
      Epoch 500/500: loss=0.015123
    recon=0.000424
    E_mu=0.0190  E_Sigma=0.0154
  Stage 2 epoch 333/1000: loss=0.006114
  Stage 2 epoch 666/1000: loss=0.003183
  Stage 2 epoch 999/1000: loss=0.001286
  Stage 3 epoch 333/1000: loss=0.000001
  Stage 3 epoch 666/1000: loss=0.000001
  Stage 3 epoch 999/1000: loss=0.000001
    MFPT: GT=7.787 learned=6.216 err=20.2%
    Rate: GT=0.3866 learned=0.4322 err=11.8%

============================================================
  paraboloid | seed=1042
============================================================

  --- baseline ---
      Epoch 100/500: loss=0.000682
      Epoch 200/500: loss=0.000511
      Epoch 300/500: loss=0.000532
      Epoch 400/500: loss=0.000185
      Epoch 500/500: loss=0.000087
    recon=0.000076
    E_mu=0.1340  E_Sigma=0.1045
  Stage 2 epoch 333/1000: loss=0.006744
  Stage 2 epoch 666/1000: loss=0.001530
  Stage 2 epoch 999/1000: loss=0.000385
  Stage 3 epoch 333/1000: loss=0.000004
  Stage 3 epoch 666/1000: loss=0.000004
  Stage 3 epoch 999/1000: loss=0.000003
    MFPT: GT=7.526 learned=6.434 err=14.5%
    Rate: GT=0.3541 learned=0.5498 err=55.3%

  --- T ---
      Epoch 100/500: loss=0.018382
      Epoch 200/500: loss=0.028049
      Epoch 300/500: loss=0.009179
      Epoch 400/500: loss=0.008087
      Epoch 500/500: loss=0.001489
    recon=0.000031
    E_mu=0.0078  E_Sigma=0.0014
  Stage 2 epoch 333/1000: loss=0.007562
  Stage 2 epoch 666/1000: loss=0.001480
  Stage 2 epoch 999/1000: loss=0.000706
  Stage 3 epoch 333/1000: loss=0.000000
  Stage 3 epoch 666/1000: loss=0.000000
  Stage 3 epoch 999/1000: loss=0.000000
    MFPT: GT=7.526 learned=7.419 err=1.4%
    Rate: GT=0.3541 learned=0.5484 err=54.9%

  --- F ---
      Epoch 100/500: loss=0.027775
      Epoch 200/500: loss=0.003886
      Epoch 300/500: loss=0.003872
      Epoch 400/500: loss=0.003813
      Epoch 500/500: loss=0.003871
    recon=0.003890
    E_mu=4.6351  E_Sigma=1.4815
  Stage 2 epoch 333/1000: loss=0.000001
  Stage 2 epoch 666/1000: loss=0.000001
  Stage 2 epoch 999/1000: loss=0.000001
  Stage 3 epoch 333/1000: loss=0.000038
  Stage 3 epoch 666/1000: loss=0.000039
  Stage 3 epoch 999/1000: loss=0.000037
    MFPT: GT=7.526 learned=0.010 err=99.9%
    Rate: GT=0.3541 learned=0.0000 err=100.0%

  --- T+F ---
      Epoch 100/500: loss=0.153714
      Epoch 200/500: loss=0.048997
      Epoch 300/500: loss=0.027650
      Epoch 400/500: loss=0.022212
      Epoch 500/500: loss=0.007723
    recon=0.000133
    E_mu=0.0186  E_Sigma=0.0061
  Stage 2 epoch 333/1000: loss=0.008960
  Stage 2 epoch 666/1000: loss=0.001550
  Stage 2 epoch 999/1000: loss=0.000509
  Stage 3 epoch 333/1000: loss=0.000000
  Stage 3 epoch 666/1000: loss=0.000000
  Stage 3 epoch 999/1000: loss=0.000000
    MFPT: GT=7.526 learned=7.299 err=3.0%
    Rate: GT=0.3541 learned=0.3927 err=10.9%

============================================================
  paraboloid | seed=2042
============================================================

  --- baseline ---
      Epoch 100/500: loss=0.000643
      Epoch 200/500: loss=0.000587
      Epoch 300/500: loss=0.000701
      Epoch 400/500: loss=0.000161
      Epoch 500/500: loss=0.000100
    recon=0.000060
    E_mu=0.0828  E_Sigma=0.0554
  Stage 2 epoch 333/1000: loss=0.005124
  Stage 2 epoch 666/1000: loss=0.001687
  Stage 2 epoch 999/1000: loss=0.000374
  Stage 3 epoch 333/1000: loss=0.000004
  Stage 3 epoch 666/1000: loss=0.000003
  Stage 3 epoch 999/1000: loss=0.000004
    MFPT: GT=7.477 learned=5.872 err=21.5%
    Rate: GT=0.3913 learned=0.5624 err=43.7%

  --- T ---
      Epoch 100/500: loss=0.018646
      Epoch 200/500: loss=0.039372
      Epoch 300/500: loss=0.007526
      Epoch 400/500: loss=0.002511
      Epoch 500/500: loss=0.002820
    recon=0.000078
    E_mu=0.0125  E_Sigma=0.0031
  Stage 2 epoch 333/1000: loss=0.004320
  Stage 2 epoch 666/1000: loss=0.001574
  Stage 2 epoch 999/1000: loss=0.000343
  Stage 3 epoch 333/1000: loss=0.000000
  Stage 3 epoch 666/1000: loss=0.000000
  Stage 3 epoch 999/1000: loss=0.000000
    MFPT: GT=7.477 learned=4.610 err=38.3%
    Rate: GT=0.3913 learned=0.6533 err=67.0%

  --- F ---
      Epoch 100/500: loss=0.004233
      Epoch 200/500: loss=0.003712
      Epoch 300/500: loss=0.003843
      Epoch 400/500: loss=0.004100
      Epoch 500/500: loss=0.003940
    recon=0.003853
    E_mu=3.9951  E_Sigma=1.3617
  Stage 2 epoch 333/1000: loss=0.000009
  Stage 2 epoch 666/1000: loss=0.000008
  Stage 2 epoch 999/1000: loss=0.000008
  Stage 3 epoch 333/1000: loss=0.000038
  Stage 3 epoch 666/1000: loss=0.000037
  Stage 3 epoch 999/1000: loss=0.000039
    MFPT: GT=7.477 learned=0.010 err=99.9%
    Rate: GT=0.3913 learned=0.0000 err=100.0%

  --- T+F ---
      Epoch 100/500: loss=0.129281
      Epoch 200/500: loss=0.055222
      Epoch 300/500: loss=0.029294
      Epoch 400/500: loss=0.040019
      Epoch 500/500: loss=0.026154
    recon=0.000336
    E_mu=0.0201  E_Sigma=0.0151
  Stage 2 epoch 333/1000: loss=0.006039
  Stage 2 epoch 666/1000: loss=0.001887
  Stage 2 epoch 999/1000: loss=0.000523
  Stage 3 epoch 333/1000: loss=0.000001
  Stage 3 epoch 666/1000: loss=0.000001
  Stage 3 epoch 999/1000: loss=0.000001
    MFPT: GT=7.477 learned=5.060 err=32.3%
    Rate: GT=0.3913 learned=0.6744 err=72.3%

============================================================
  paraboloid | seed=3042
============================================================

  --- baseline ---
      Epoch 100/500: loss=0.000727
      Epoch 200/500: loss=0.000798
      Epoch 300/500: loss=0.000601
      Epoch 400/500: loss=0.000155
      Epoch 500/500: loss=0.000050
    recon=0.000049
    E_mu=0.1074  E_Sigma=0.0415
  Stage 2 epoch 333/1000: loss=0.003541
  Stage 2 epoch 666/1000: loss=0.001850
  Stage 2 epoch 999/1000: loss=0.000664
  Stage 3 epoch 333/1000: loss=0.000003
  Stage 3 epoch 666/1000: loss=0.000003
  Stage 3 epoch 999/1000: loss=0.000003
    MFPT: GT=7.009 learned=6.890 err=1.7%
    Rate: GT=0.3830 learned=0.5629 err=47.0%

  --- T ---
      Epoch 100/500: loss=0.024820
      Epoch 200/500: loss=0.026326
      Epoch 300/500: loss=0.011670
      Epoch 400/500: loss=0.002412
      Epoch 500/500: loss=0.002467
    recon=0.000085
    E_mu=0.0089  E_Sigma=0.0024
  Stage 2 epoch 333/1000: loss=0.003971
  Stage 2 epoch 666/1000: loss=0.002490
  Stage 2 epoch 999/1000: loss=0.001040
  Stage 3 epoch 333/1000: loss=0.000000
  Stage 3 epoch 666/1000: loss=0.000000
  Stage 3 epoch 999/1000: loss=0.000000
    MFPT: GT=7.009 learned=6.820 err=2.7%
    Rate: GT=0.3830 learned=0.5305 err=38.5%

  --- F ---
      Epoch 100/500: loss=0.004431
      Epoch 200/500: loss=0.003580
      Epoch 300/500: loss=0.003742
      Epoch 400/500: loss=0.003941
      Epoch 500/500: loss=0.004064
    recon=0.004023
    E_mu=2.9525  E_Sigma=1.3564
  Stage 2 epoch 333/1000: loss=0.000011
  Stage 2 epoch 666/1000: loss=0.000011
  Stage 2 epoch 999/1000: loss=0.000011
  Stage 3 epoch 333/1000: loss=0.000036
  Stage 3 epoch 666/1000: loss=0.000041
  Stage 3 epoch 999/1000: loss=0.000041
    MFPT: GT=7.009 learned=0.010 err=99.9%
    Rate: GT=0.3830 learned=0.0000 err=100.0%

  --- T+F ---
      Epoch 100/500: loss=0.193797
      Epoch 200/500: loss=0.017611
      Epoch 300/500: loss=0.011675
      Epoch 400/500: loss=0.014890
      Epoch 500/500: loss=0.002733
    recon=0.000011
    E_mu=0.0057  E_Sigma=0.0020
  Stage 2 epoch 333/1000: loss=0.005254
  Stage 2 epoch 666/1000: loss=0.002226
  Stage 2 epoch 999/1000: loss=0.000770
  Stage 3 epoch 333/1000: loss=0.000000
  Stage 3 epoch 666/1000: loss=0.000000
  Stage 3 epoch 999/1000: loss=0.000000
    MFPT: GT=7.009 learned=6.468 err=7.7%
    Rate: GT=0.3830 learned=0.4803 err=25.4%

============================================================
  paraboloid | seed=4042
============================================================

  --- baseline ---
      Epoch 100/500: loss=0.001053
      Epoch 200/500: loss=0.000710
      Epoch 300/500: loss=0.000431
      Epoch 400/500: loss=0.000105
      Epoch 500/500: loss=0.000078
    recon=0.000070
    E_mu=0.1222  E_Sigma=0.0733
  Stage 2 epoch 333/1000: loss=0.003421
  Stage 2 epoch 666/1000: loss=0.001376
  Stage 2 epoch 999/1000: loss=0.000696
  Stage 3 epoch 333/1000: loss=0.000004
  Stage 3 epoch 666/1000: loss=0.000004
  Stage 3 epoch 999/1000: loss=0.000005
    MFPT: GT=7.007 learned=5.053 err=27.9%
    Rate: GT=0.4110 learned=0.6673 err=62.4%

  --- T ---
      Epoch 100/500: loss=0.070868
      Epoch 200/500: loss=0.020824
      Epoch 300/500: loss=0.002993
      Epoch 400/500: loss=0.014336
      Epoch 500/500: loss=0.001084
    recon=0.000035
    E_mu=0.0072  E_Sigma=0.0008
  Stage 2 epoch 333/1000: loss=0.003002
  Stage 2 epoch 666/1000: loss=0.001056
  Stage 2 epoch 999/1000: loss=0.000368
  Stage 3 epoch 333/1000: loss=0.000000
  Stage 3 epoch 666/1000: loss=0.000000
  Stage 3 epoch 999/1000: loss=0.000000
    MFPT: GT=7.007 learned=6.621 err=5.5%
    Rate: GT=0.4110 learned=0.5227 err=27.2%

  --- F ---
      Epoch 100/500: loss=0.032094
      Epoch 200/500: loss=0.003970
      Epoch 300/500: loss=0.003858
      Epoch 400/500: loss=0.003633
      Epoch 500/500: loss=0.003823
    recon=0.003910
    E_mu=3.4161  E_Sigma=1.3665
  Stage 2 epoch 333/1000: loss=0.000006
  Stage 2 epoch 666/1000: loss=0.000006
  Stage 2 epoch 999/1000: loss=0.000006
  Stage 3 epoch 333/1000: loss=0.000038
  Stage 3 epoch 666/1000: loss=0.000037
  Stage 3 epoch 999/1000: loss=0.000039
    MFPT: GT=7.007 learned=0.010 err=99.9%
    Rate: GT=0.4110 learned=0.0000 err=100.0%

  --- T+F ---
      Epoch 100/500: loss=0.104222
      Epoch 200/500: loss=0.046070
      Epoch 300/500: loss=0.012773
      Epoch 400/500: loss=0.011268
      Epoch 500/500: loss=0.003176
    recon=0.000023
    E_mu=0.0079  E_Sigma=0.0023
  Stage 2 epoch 333/1000: loss=0.005052
  Stage 2 epoch 666/1000: loss=0.001522
  Stage 2 epoch 999/1000: loss=0.000650
  Stage 3 epoch 333/1000: loss=0.000000
  Stage 3 epoch 666/1000: loss=0.000000
  Stage 3 epoch 999/1000: loss=0.000000
    MFPT: GT=7.007 learned=6.190 err=11.7%
    Rate: GT=0.4110 learned=0.5323 err=29.5%

============================================================
  paraboloid | seed=5042
============================================================

  --- baseline ---
      Epoch 100/500: loss=0.000869
      Epoch 200/500: loss=0.000697
      Epoch 300/500: loss=0.000552
      Epoch 400/500: loss=0.000436
      Epoch 500/500: loss=0.000154
    recon=0.000206
    E_mu=0.1253  E_Sigma=0.0950
  Stage 2 epoch 333/1000: loss=0.005372
  Stage 2 epoch 666/1000: loss=0.001871
  Stage 2 epoch 999/1000: loss=0.001027
  Stage 3 epoch 333/1000: loss=0.000005
  Stage 3 epoch 666/1000: loss=0.000005
  Stage 3 epoch 999/1000: loss=0.000005
    MFPT: GT=7.145 learned=7.529 err=5.4%
    Rate: GT=0.4025 learned=0.3318 err=17.6%

  --- T ---
      Epoch 100/500: loss=0.019243
      Epoch 200/500: loss=0.026539
      Epoch 300/500: loss=0.003636
      Epoch 400/500: loss=0.007782
      Epoch 500/500: loss=0.001373
    recon=0.000032
    E_mu=0.0063  E_Sigma=0.0013
  Stage 2 epoch 333/1000: loss=0.005028
  Stage 2 epoch 666/1000: loss=0.001149
  Stage 2 epoch 999/1000: loss=0.000700
  Stage 3 epoch 333/1000: loss=0.000000
  Stage 3 epoch 666/1000: loss=0.000000
  Stage 3 epoch 999/1000: loss=0.000000
    MFPT: GT=7.145 learned=5.520 err=22.7%
    Rate: GT=0.4025 learned=0.6734 err=67.3%

  --- F ---
      Epoch 100/500: loss=0.005911
      Epoch 200/500: loss=0.004082
      Epoch 300/500: loss=0.004299
      Epoch 400/500: loss=0.004371
      Epoch 500/500: loss=0.004397
    recon=0.004045
    E_mu=3.5215  E_Sigma=1.4470
  Stage 2 epoch 333/1000: loss=0.000003
  Stage 2 epoch 666/1000: loss=0.000003
  Stage 2 epoch 999/1000: loss=0.000003
  Stage 3 epoch 333/1000: loss=0.000040
  Stage 3 epoch 666/1000: loss=0.000041
  Stage 3 epoch 999/1000: loss=0.000041
    MFPT: GT=7.145 learned=0.010 err=99.9%
    Rate: GT=0.4025 learned=0.0000 err=100.0%

  --- T+F ---
      Epoch 100/500: loss=0.130424
      Epoch 200/500: loss=0.040137
      Epoch 300/500: loss=0.037563
      Epoch 400/500: loss=0.016504
      Epoch 500/500: loss=0.007348
    recon=0.000072
    E_mu=0.0132  E_Sigma=0.0039
  Stage 2 epoch 333/1000: loss=0.007827
  Stage 2 epoch 666/1000: loss=0.001199
  Stage 2 epoch 999/1000: loss=0.000429
  Stage 3 epoch 333/1000: loss=0.000000
  Stage 3 epoch 666/1000: loss=0.000000
  Stage 3 epoch 999/1000: loss=0.000000
    MFPT: GT=7.145 learned=6.471 err=9.4%
    Rate: GT=0.4025 learned=0.4513 err=12.1%

============================================================
  paraboloid | seed=6042
============================================================

  --- baseline ---
      Epoch 100/500: loss=0.000748
      Epoch 200/500: loss=0.000639
      Epoch 300/500: loss=0.000344
      Epoch 400/500: loss=0.000121
      Epoch 500/500: loss=0.000088
    recon=0.000074
    E_mu=0.1928  E_Sigma=0.0897
  Stage 2 epoch 333/1000: loss=0.004110
  Stage 2 epoch 666/1000: loss=0.001232
  Stage 2 epoch 999/1000: loss=0.000405
  Stage 3 epoch 333/1000: loss=0.000005
  Stage 3 epoch 666/1000: loss=0.000005
  Stage 3 epoch 999/1000: loss=0.000006
    MFPT: GT=7.507 learned=8.180 err=9.0%
    Rate: GT=0.3785 learned=0.2749 err=27.4%

  --- T ---
      Epoch 100/500: loss=0.022103
      Epoch 200/500: loss=0.013926
      Epoch 300/500: loss=0.018343
      Epoch 400/500: loss=0.004194
      Epoch 500/500: loss=0.001975
    recon=0.000044
    E_mu=0.0070  E_Sigma=0.0021
  Stage 2 epoch 333/1000: loss=0.005456
  Stage 2 epoch 666/1000: loss=0.001086
  Stage 2 epoch 999/1000: loss=0.000298
  Stage 3 epoch 333/1000: loss=0.000000
  Stage 3 epoch 666/1000: loss=0.000000
  Stage 3 epoch 999/1000: loss=0.000000
    MFPT: GT=7.507 learned=5.177 err=31.0%
    Rate: GT=0.3785 learned=0.5935 err=56.8%

  --- F ---
      Epoch 100/500: loss=0.004611
      Epoch 200/500: loss=0.004315
      Epoch 300/500: loss=0.003786
      Epoch 400/500: loss=0.003508
      Epoch 500/500: loss=0.004012
    recon=0.003850
    E_mu=3.8147  E_Sigma=1.4367
  Stage 2 epoch 333/1000: loss=0.000026
  Stage 2 epoch 666/1000: loss=0.000023
  Stage 2 epoch 999/1000: loss=0.000024
  Stage 3 epoch 333/1000: loss=0.000039
  Stage 3 epoch 666/1000: loss=0.000037
  Stage 3 epoch 999/1000: loss=0.000038
    MFPT: GT=7.507 learned=0.010 err=99.9%
    Rate: GT=0.3785 learned=0.0000 err=100.0%

  --- T+F ---
      Epoch 100/500: loss=0.082875
      Epoch 200/500: loss=0.031607
      Epoch 300/500: loss=0.057332
      Epoch 400/500: loss=0.017043
      Epoch 500/500: loss=0.005209
    recon=0.000023
    E_mu=0.0090  E_Sigma=0.0032
  Stage 2 epoch 333/1000: loss=0.006638
  Stage 2 epoch 666/1000: loss=0.001469
  Stage 2 epoch 999/1000: loss=0.000608
  Stage 3 epoch 333/1000: loss=0.000000
  Stage 3 epoch 666/1000: loss=0.000000
  Stage 3 epoch 999/1000: loss=0.000000
    MFPT: GT=7.507 learned=6.123 err=18.4%
    Rate: GT=0.3785 learned=0.5656 err=49.4%

============================================================
  paraboloid | seed=7042
============================================================

  --- baseline ---
      Epoch 100/500: loss=0.000889
      Epoch 200/500: loss=0.000751
      Epoch 300/500: loss=0.000469
      Epoch 400/500: loss=0.000202
      Epoch 500/500: loss=0.000062
    recon=0.000064
    E_mu=0.1176  E_Sigma=0.0604
  Stage 2 epoch 333/1000: loss=0.003440
  Stage 2 epoch 666/1000: loss=0.001167
  Stage 2 epoch 999/1000: loss=0.000796
  Stage 3 epoch 333/1000: loss=0.000005
  Stage 3 epoch 666/1000: loss=0.000005
  Stage 3 epoch 999/1000: loss=0.000004
    MFPT: GT=6.944 learned=8.100 err=16.6%
    Rate: GT=0.3850 learned=0.4024 err=4.5%

  --- T ---
      Epoch 100/500: loss=0.044265
      Epoch 200/500: loss=0.016919
      Epoch 300/500: loss=0.008599
      Epoch 400/500: loss=0.009604
      Epoch 500/500: loss=0.004433
    recon=0.000726
    E_mu=0.0245  E_Sigma=0.0052
  Stage 2 epoch 333/1000: loss=0.004611
  Stage 2 epoch 666/1000: loss=0.001901
  Stage 2 epoch 999/1000: loss=0.000848
  Stage 3 epoch 333/1000: loss=0.000000
  Stage 3 epoch 666/1000: loss=0.000000
  Stage 3 epoch 999/1000: loss=0.000000
    MFPT: GT=6.944 learned=8.899 err=28.2%
    Rate: GT=0.3850 learned=0.3174 err=17.6%

  --- F ---
      Epoch 100/500: loss=0.009697
      Epoch 200/500: loss=0.004595
      Epoch 300/500: loss=0.004068
      Epoch 400/500: loss=0.003534
      Epoch 500/500: loss=0.003628
    recon=0.003883
    E_mu=3.2041  E_Sigma=1.2643
  Stage 2 epoch 333/1000: loss=0.000008
  Stage 2 epoch 666/1000: loss=0.000008
  Stage 2 epoch 999/1000: loss=0.000023
  Stage 3 epoch 333/1000: loss=0.000039
  Stage 3 epoch 666/1000: loss=0.000040
  Stage 3 epoch 999/1000: loss=0.000038
    MFPT: GT=6.944 learned=0.010 err=99.9%
    Rate: GT=0.3850 learned=0.0000 err=100.0%

  --- T+F ---
      Epoch 100/500: loss=0.136254
      Epoch 200/500: loss=0.046805
      Epoch 300/500: loss=0.028028
      Epoch 400/500: loss=0.021567
      Epoch 500/500: loss=0.007227
    recon=0.000118
    E_mu=0.0152  E_Sigma=0.0049
  Stage 2 epoch 333/1000: loss=0.008314
  Stage 2 epoch 666/1000: loss=0.002827
  Stage 2 epoch 999/1000: loss=0.001117
  Stage 3 epoch 333/1000: loss=0.000000
  Stage 3 epoch 666/1000: loss=0.000000
  Stage 3 epoch 999/1000: loss=0.000000
    MFPT: GT=6.944 learned=4.826 err=30.5%
    Rate: GT=0.3850 learned=0.7482 err=94.3%

============================================================
  paraboloid | seed=8042
============================================================

  --- baseline ---
      Epoch 100/500: loss=0.002128
      Epoch 200/500: loss=0.002143
      Epoch 300/500: loss=0.003562
      Epoch 400/500: loss=0.003414
      Epoch 500/500: loss=0.003625
    recon=0.003754
    E_mu=3.4996  E_Sigma=1.5837
  Stage 2 epoch 333/1000: loss=0.000000
  Stage 2 epoch 666/1000: loss=0.000000
  Stage 2 epoch 999/1000: loss=0.000000
  Stage 3 epoch 333/1000: loss=0.000035
  Stage 3 epoch 666/1000: loss=0.000037
  Stage 3 epoch 999/1000: loss=0.000037
    MFPT: GT=7.408 learned=0.010 err=99.9%
    Rate: GT=0.3815 learned=0.4000 err=4.8%

  --- T ---
      Epoch 100/500: loss=0.042874
      Epoch 200/500: loss=0.010652
      Epoch 300/500: loss=0.012052
      Epoch 400/500: loss=0.007237
      Epoch 500/500: loss=0.001074
    recon=0.000029
    E_mu=0.0037  E_Sigma=0.0012
  Stage 2 epoch 333/1000: loss=0.004243
  Stage 2 epoch 666/1000: loss=0.001180
  Stage 2 epoch 999/1000: loss=0.000524
  Stage 3 epoch 333/1000: loss=0.000000
  Stage 3 epoch 666/1000: loss=0.000000
  Stage 3 epoch 999/1000: loss=0.000000
    MFPT: GT=7.408 learned=8.051 err=8.7%
    Rate: GT=0.3815 learned=0.3440 err=9.8%

  --- F ---
      Epoch 100/500: loss=0.104655
      Epoch 200/500: loss=0.004092
      Epoch 300/500: loss=0.003519
      Epoch 400/500: loss=0.003465
      Epoch 500/500: loss=0.003624
    recon=0.003696
    E_mu=3.7009  E_Sigma=1.5873
  Stage 2 epoch 333/1000: loss=0.000033
  Stage 2 epoch 666/1000: loss=0.000032
  Stage 2 epoch 999/1000: loss=0.000035
  Stage 3 epoch 333/1000: loss=0.000035
  Stage 3 epoch 666/1000: loss=0.000037
  Stage 3 epoch 999/1000: loss=0.000037
    MFPT: GT=7.408 learned=0.010 err=99.9%
    Rate: GT=0.3815 learned=0.0000 err=100.0%

  --- T+F ---
      Epoch 100/500: loss=0.173027
      Epoch 200/500: loss=0.047503
      Epoch 300/500: loss=0.029322
      Epoch 400/500: loss=0.012311
      Epoch 500/500: loss=0.007336
    recon=0.000029
    E_mu=0.0164  E_Sigma=0.0054
  Stage 2 epoch 333/1000: loss=0.006535
  Stage 2 epoch 666/1000: loss=0.001634
  Stage 2 epoch 999/1000: loss=0.000671
  Stage 3 epoch 333/1000: loss=0.000000
  Stage 3 epoch 666/1000: loss=0.000000
  Stage 3 epoch 999/1000: loss=0.000000
    MFPT: GT=7.408 learned=7.679 err=3.7%
    Rate: GT=0.3815 learned=0.4521 err=18.5%

============================================================
  paraboloid | seed=9042
============================================================

  --- baseline ---
      Epoch 100/500: loss=0.000627
      Epoch 200/500: loss=0.000665
      Epoch 300/500: loss=0.000480
      Epoch 400/500: loss=0.000160
      Epoch 500/500: loss=0.000163
    recon=0.000213
    E_mu=0.1606  E_Sigma=0.0821
  Stage 2 epoch 333/1000: loss=0.004197
  Stage 2 epoch 666/1000: loss=0.000782
  Stage 2 epoch 999/1000: loss=0.000181
  Stage 3 epoch 333/1000: loss=0.000005
  Stage 3 epoch 666/1000: loss=0.000004
  Stage 3 epoch 999/1000: loss=0.000005
    MFPT: GT=7.530 learned=5.279 err=29.9%
    Rate: GT=0.3862 learned=0.6668 err=72.7%

  --- T ---
      Epoch 100/500: loss=0.015717
      Epoch 200/500: loss=0.020085
      Epoch 300/500: loss=0.025611
      Epoch 400/500: loss=0.002278
      Epoch 500/500: loss=0.001905
    recon=0.000063
    E_mu=0.0115  E_Sigma=0.0026
  Stage 2 epoch 333/1000: loss=0.005120
  Stage 2 epoch 666/1000: loss=0.001807
  Stage 2 epoch 999/1000: loss=0.000615
  Stage 3 epoch 333/1000: loss=0.000000
  Stage 3 epoch 666/1000: loss=0.000000
  Stage 3 epoch 999/1000: loss=0.000000
    MFPT: GT=7.530 learned=5.895 err=21.7%
    Rate: GT=0.3862 learned=0.4837 err=25.2%

  --- F ---
      Epoch 100/500: loss=0.008098
      Epoch 200/500: loss=0.004215
      Epoch 300/500: loss=0.003963
      Epoch 400/500: loss=0.004016
      Epoch 500/500: loss=0.004248
    recon=0.003965
    E_mu=4.5126  E_Sigma=1.4514
  Stage 2 epoch 333/1000: loss=0.000009
  Stage 2 epoch 666/1000: loss=0.000012
  Stage 2 epoch 999/1000: loss=0.000010
  Stage 3 epoch 333/1000: loss=0.000039
  Stage 3 epoch 666/1000: loss=0.000036
  Stage 3 epoch 999/1000: loss=0.000039
    MFPT: GT=7.530 learned=0.010 err=99.9%
    Rate: GT=0.3862 learned=0.0000 err=100.0%

  --- T+F ---
      Epoch 100/500: loss=0.132455
      Epoch 200/500: loss=0.036314
      Epoch 300/500: loss=0.039178
      Epoch 400/500: loss=0.017212
      Epoch 500/500: loss=0.019271
    recon=0.000354
    E_mu=0.0152  E_Sigma=0.0092
  Stage 2 epoch 333/1000: loss=0.008928
  Stage 2 epoch 666/1000: loss=0.003082
  Stage 2 epoch 999/1000: loss=0.001257
  Stage 3 epoch 333/1000: loss=0.000000
  Stage 3 epoch 666/1000: loss=0.000000
  Stage 3 epoch 999/1000: loss=0.000000
    MFPT: GT=7.530 learned=6.988 err=7.2%
    Rate: GT=0.3862 learned=0.4499 err=16.5%

============================================================
  hyperbolic_paraboloid | seed=42
============================================================

  --- baseline ---
      Epoch 100/500: loss=0.001081
      Epoch 200/500: loss=0.000551
      Epoch 300/500: loss=0.000471
      Epoch 400/500: loss=0.000180
      Epoch 500/500: loss=0.000056
    recon=0.000098
    E_mu=0.1316  E_Sigma=0.0798
  Stage 2 epoch 333/1000: loss=0.003537
  Stage 2 epoch 666/1000: loss=0.001608
  Stage 2 epoch 999/1000: loss=0.000995
  Stage 3 epoch 333/1000: loss=0.000006
  Stage 3 epoch 666/1000: loss=0.000006
  Stage 3 epoch 999/1000: loss=0.000005
    MFPT: GT=6.807 learned=6.359 err=6.6%
    Rate: GT=0.4403 learned=0.4491 err=2.0%

  --- T ---
      Epoch 100/500: loss=0.035363
      Epoch 200/500: loss=0.014217
      Epoch 300/500: loss=0.012726
      Epoch 400/500: loss=0.006732
      Epoch 500/500: loss=0.014387
    recon=0.001736
    E_mu=0.0195  E_Sigma=0.0104
  Stage 2 epoch 333/1000: loss=0.003894
  Stage 2 epoch 666/1000: loss=0.001901
  Stage 2 epoch 999/1000: loss=0.001348
  Stage 3 epoch 333/1000: loss=0.000000
  Stage 3 epoch 666/1000: loss=0.000000
  Stage 3 epoch 999/1000: loss=0.000000
slurmstepd: error: *** JOB 60368 ON dgx10 CANCELLED AT 2026-03-15T23:22:50 ***
