Device: cuda
D=11, N=50
Surfaces: ['paraboloid', 'hyperbolic_paraboloid', 'quartic_dome', 'sinusoidal']
Conditions: ['baseline', 'T', 'F', 'C', 'T+F']
Seeds (10): [42, 1042, 2042, 3042, 4042, 5042, 6042, 7042, 8042, 9042]
LONG_T=20.0, LONG_N_STEPS=2000
Total runs: 200


============================================================
  paraboloid | seed=42
============================================================

  --- baseline ---
      Epoch 100/500: loss=0.008187
      Epoch 200/500: loss=0.005612
      Epoch 300/500: loss=0.001544
      Epoch 400/500: loss=0.000496
      Epoch 500/500: loss=0.000341
    recon=0.000323
    E_mu=0.8996  E_Sigma=0.5394
  Stage 2 epoch 100/300: loss=0.421080
  Stage 2 epoch 200/300: loss=0.296535
  Stage 2 epoch 300/300: loss=0.229931
  Stage 3 epoch 100/300: loss=0.044707
  Stage 3 epoch 200/300: loss=0.035313
  Stage 3 epoch 300/300: loss=0.026384
    MFPT: GT=1.165 learned=0.455 err=60.9%
    Rate: GT=1.9068 learned=2.7340 err=43.4%

  --- T ---
      Epoch 100/500: loss=0.012694
      Epoch 200/500: loss=0.003477
      Epoch 300/500: loss=0.002493
      Epoch 400/500: loss=0.001302
      Epoch 500/500: loss=0.002768
    recon=0.001100
    E_mu=0.0441  E_Sigma=0.0605
  Stage 2 epoch 100/300: loss=0.486293
  Stage 2 epoch 200/300: loss=0.369892
  Stage 2 epoch 300/300: loss=0.304865
  Stage 3 epoch 100/300: loss=0.013742
  Stage 3 epoch 200/300: loss=0.009378
  Stage 3 epoch 300/300: loss=0.002754
    MFPT: GT=1.165 learned=0.483 err=58.5%
    Rate: GT=1.9068 learned=2.8580 err=49.9%

  --- F ---
      Epoch 100/500: loss=0.048684
      Epoch 200/500: loss=0.008582
      Epoch 300/500: loss=0.008309
      Epoch 400/500: loss=0.008114
      Epoch 500/500: loss=0.007793
    recon=0.007397
    E_mu=4.8489  E_Sigma=17.6457
  Stage 2 epoch 100/300: loss=0.164918
  Stage 2 epoch 200/300: loss=0.140018
  Stage 2 epoch 300/300: loss=0.129051
  Stage 3 epoch 100/300: loss=0.242999
  Stage 3 epoch 200/300: loss=0.267452
  Stage 3 epoch 300/300: loss=0.236161
    MFPT: GT=1.165 learned=0.652 err=44.1%
    Rate: GT=1.9068 learned=2.3205 err=21.7%

  --- C ---
      Epoch 100/500: loss=0.064772
      Epoch 200/500: loss=0.065116
      Epoch 300/500: loss=0.035296
      Epoch 400/500: loss=0.033986
      Epoch 500/500: loss=0.031858
    recon=0.032362
    E_mu=7.6745  E_Sigma=21.3914
  Stage 2 epoch 100/300: loss=0.543891
  Stage 2 epoch 200/300: loss=0.797298
  Stage 2 epoch 300/300: loss=0.549558
  Stage 3 epoch 100/300: loss=0.276467
  Stage 3 epoch 200/300: loss=0.301010
  Stage 3 epoch 300/300: loss=0.269483
    MFPT: GT=1.165 learned=0.011 err=99.0%
    Rate: GT=1.9068 learned=0.7519 err=60.6%

  --- T+F ---
      Epoch 100/500: loss=0.037554
      Epoch 200/500: loss=0.012276
      Epoch 300/500: loss=0.012429
      Epoch 400/500: loss=0.003717
      Epoch 500/500: loss=0.001720
    recon=0.000021
    E_mu=0.0600  E_Sigma=0.0334
  Stage 2 epoch 100/300: loss=0.358661
  Stage 2 epoch 200/300: loss=0.291543
  Stage 2 epoch 300/300: loss=0.274220
  Stage 3 epoch 100/300: loss=0.007648
  Stage 3 epoch 200/300: loss=0.005242
  Stage 3 epoch 300/300: loss=0.002532
    MFPT: GT=1.165 learned=0.591 err=49.3%
    Rate: GT=1.9068 learned=2.4192 err=26.9%

============================================================
  paraboloid | seed=1042
============================================================

  --- baseline ---
      Epoch 100/500: loss=0.006755
      Epoch 200/500: loss=0.004123
      Epoch 300/500: loss=0.001506
      Epoch 400/500: loss=0.000474
      Epoch 500/500: loss=0.000265
    recon=0.000278
    E_mu=1.0753  E_Sigma=0.7413
  Stage 2 epoch 100/300: loss=0.466462
  Stage 2 epoch 200/300: loss=0.387928
  Stage 2 epoch 300/300: loss=0.262678
  Stage 3 epoch 100/300: loss=0.039561
  Stage 3 epoch 200/300: loss=0.025804
  Stage 3 epoch 300/300: loss=0.022931
    MFPT: GT=1.158 learned=0.578 err=50.1%
    Rate: GT=1.9113 learned=2.1265 err=11.3%

  --- T ---
      Epoch 100/500: loss=0.011639
      Epoch 200/500: loss=0.002621
      Epoch 300/500: loss=0.003399
      Epoch 400/500: loss=0.004507
      Epoch 500/500: loss=0.000823
    recon=0.000162
    E_mu=0.0492  E_Sigma=0.0213
  Stage 2 epoch 100/300: loss=0.647527
  Stage 2 epoch 200/300: loss=0.452969
  Stage 2 epoch 300/300: loss=0.300248
  Stage 3 epoch 100/300: loss=0.013879
  Stage 3 epoch 200/300: loss=0.004801
  Stage 3 epoch 300/300: loss=0.003132
    MFPT: GT=1.158 learned=0.515 err=55.5%
    Rate: GT=1.9113 learned=2.7060 err=41.6%

  --- F ---
      Epoch 100/500: loss=0.054039
      Epoch 200/500: loss=0.021111
      Epoch 300/500: loss=0.006686
      Epoch 400/500: loss=0.007053
      Epoch 500/500: loss=0.006417
    recon=0.006281
    E_mu=5.2283  E_Sigma=17.8199
  Stage 2 epoch 100/300: loss=0.208362
  Stage 2 epoch 200/300: loss=0.174727
  Stage 2 epoch 300/300: loss=0.142955
  Stage 3 epoch 100/300: loss=0.241441
  Stage 3 epoch 200/300: loss=0.215392
  Stage 3 epoch 300/300: loss=0.227587
    MFPT: GT=1.158 learned=1.175 err=1.5%
    Rate: GT=1.9113 learned=1.4333 err=25.0%

  --- C ---
      Epoch 100/500: loss=0.060242
      Epoch 200/500: loss=0.032523
      Epoch 300/500: loss=0.026612
      Epoch 400/500: loss=0.016027
      Epoch 500/500: loss=0.007970
    recon=0.006549
    E_mu=5.3461  E_Sigma=18.0311
  Stage 2 epoch 100/300: loss=0.365472
  Stage 2 epoch 200/300: loss=0.385551
  Stage 2 epoch 300/300: loss=0.359027
  Stage 3 epoch 100/300: loss=0.246432
  Stage 3 epoch 200/300: loss=0.219922
  Stage 3 epoch 300/300: loss=0.232125
    MFPT: GT=1.158 learned=0.970 err=16.2%
    Rate: GT=1.9113 learned=2.0183 err=5.6%

  --- T+F ---
      Epoch 100/500: loss=0.047919
      Epoch 200/500: loss=0.010305
      Epoch 300/500: loss=0.018092
      Epoch 400/500: loss=0.002879
      Epoch 500/500: loss=0.003392
    recon=0.000108
    E_mu=0.0542  E_Sigma=0.0564
  Stage 2 epoch 100/300: loss=0.377746
  Stage 2 epoch 200/300: loss=0.304371
  Stage 2 epoch 300/300: loss=0.245695
  Stage 3 epoch 100/300: loss=0.008851
  Stage 3 epoch 200/300: loss=0.004360
  Stage 3 epoch 300/300: loss=0.002074
    MFPT: GT=1.158 learned=0.951 err=17.8%
    Rate: GT=1.9113 learned=1.4230 err=25.5%

============================================================
  paraboloid | seed=2042
============================================================

  --- baseline ---
      Epoch 100/500: loss=0.012149
      Epoch 200/500: loss=0.005326
      Epoch 300/500: loss=0.000724
      Epoch 400/500: loss=0.000465
      Epoch 500/500: loss=0.001091
    recon=0.001501
    E_mu=0.8101  E_Sigma=0.4634
  Stage 2 epoch 100/300: loss=0.444259
  Stage 2 epoch 200/300: loss=0.353555
  Stage 2 epoch 300/300: loss=0.244210
  Stage 3 epoch 100/300: loss=0.055894
  Stage 3 epoch 200/300: loss=0.046644
  Stage 3 epoch 300/300: loss=0.042394
    MFPT: GT=1.189 learned=0.726 err=38.9%
    Rate: GT=1.8957 learned=2.5872 err=36.5%

  --- T ---
      Epoch 100/500: loss=0.012494
      Epoch 200/500: loss=0.007008
      Epoch 300/500: loss=0.004108
      Epoch 400/500: loss=0.001503
      Epoch 500/500: loss=0.001317
    recon=0.000225
    E_mu=0.0366  E_Sigma=0.0167
  Stage 2 epoch 100/300: loss=0.334757
  Stage 2 epoch 200/300: loss=0.245186
  Stage 2 epoch 300/300: loss=0.176132
  Stage 3 epoch 100/300: loss=0.020225
  Stage 3 epoch 200/300: loss=0.006627
  Stage 3 epoch 300/300: loss=0.002486
    MFPT: GT=1.189 learned=1.042 err=12.3%
    Rate: GT=1.8957 learned=2.1546 err=13.7%

  --- F ---
      Epoch 100/500: loss=0.049287
      Epoch 200/500: loss=0.010323
      Epoch 300/500: loss=0.010899
      Epoch 400/500: loss=0.009561
      Epoch 500/500: loss=0.009705
    recon=0.008550
    E_mu=4.7724  E_Sigma=15.1852
  Stage 2 epoch 100/300: loss=0.140374
  Stage 2 epoch 200/300: loss=0.141211
  Stage 2 epoch 300/300: loss=0.134537
  Stage 3 epoch 100/300: loss=0.264178
  Stage 3 epoch 200/300: loss=0.275473
  Stage 3 epoch 300/300: loss=0.288714
    MFPT: GT=1.189 learned=1.746 err=46.8%
    Rate: GT=1.8957 learned=1.3783 err=27.3%

  --- C ---
      Epoch 100/500: loss=0.073462
      Epoch 200/500: loss=0.036918
      Epoch 300/500: loss=0.015593
      Epoch 400/500: loss=0.012269
      Epoch 500/500: loss=0.014776
    recon=0.014424
    E_mu=5.5368  E_Sigma=17.0353
  Stage 2 epoch 100/300: loss=0.166750
  Stage 2 epoch 200/300: loss=0.180865
  Stage 2 epoch 300/300: loss=0.166786
  Stage 3 epoch 100/300: loss=0.286336
  Stage 3 epoch 200/300: loss=0.298407
  Stage 3 epoch 300/300: loss=0.313485
    MFPT: GT=1.189 learned=2.967 err=149.5%
    Rate: GT=1.8957 learned=1.0398 err=45.1%

  --- T+F ---
      Epoch 100/500: loss=0.032624
      Epoch 200/500: loss=0.013448
      Epoch 300/500: loss=0.005602
      Epoch 400/500: loss=0.004783
      Epoch 500/500: loss=0.004112
    recon=0.000171
    E_mu=0.0586  E_Sigma=0.0343
  Stage 2 epoch 100/300: loss=0.296948
  Stage 2 epoch 200/300: loss=0.253515
  Stage 2 epoch 300/300: loss=0.231838
  Stage 3 epoch 100/300: loss=0.012002
  Stage 3 epoch 200/300: loss=0.005168
  Stage 3 epoch 300/300: loss=0.002795
    MFPT: GT=1.189 learned=1.853 err=55.8%
    Rate: GT=1.8957 learned=1.6110 err=15.0%

============================================================
  paraboloid | seed=3042
============================================================

  --- baseline ---
      Epoch 100/500: loss=0.011676
      Epoch 200/500: loss=0.004252
      Epoch 300/500: loss=0.000619
      Epoch 400/500: loss=0.000524
      Epoch 500/500: loss=0.000301
    recon=0.000313
    E_mu=0.3926  E_Sigma=0.4278
  Stage 2 epoch 100/300: loss=0.727514
  Stage 2 epoch 200/300: loss=0.458818
  Stage 2 epoch 300/300: loss=0.358903
  Stage 3 epoch 100/300: loss=0.054195
  Stage 3 epoch 200/300: loss=0.050040
  Stage 3 epoch 300/300: loss=0.040477
    MFPT: GT=1.247 learned=0.692 err=44.5%
    Rate: GT=1.8851 learned=1.7800 err=5.6%

  --- T ---
      Epoch 100/500: loss=0.011417
      Epoch 200/500: loss=0.004018
      Epoch 300/500: loss=0.001830
      Epoch 400/500: loss=0.003562
      Epoch 500/500: loss=0.001576
    recon=0.000266
    E_mu=0.0270  E_Sigma=0.0108
  Stage 2 epoch 100/300: loss=0.879992
  Stage 2 epoch 200/300: loss=0.510035
  Stage 2 epoch 300/300: loss=0.367768
  Stage 3 epoch 100/300: loss=0.033185
  Stage 3 epoch 200/300: loss=0.023619
  Stage 3 epoch 300/300: loss=0.022018
    MFPT: GT=1.247 learned=0.422 err=66.2%
    Rate: GT=1.8851 learned=1.9697 err=4.5%

  --- F ---
      Epoch 100/500: loss=0.048176
      Epoch 200/500: loss=0.009672
      Epoch 300/500: loss=0.010788
      Epoch 400/500: loss=0.009752
      Epoch 500/500: loss=0.010792
    recon=0.009063
    E_mu=4.5329  E_Sigma=10.4691
  Stage 2 epoch 100/300: loss=0.338941
  Stage 2 epoch 200/300: loss=0.253407
  Stage 2 epoch 300/300: loss=0.224554
  Stage 3 epoch 100/300: loss=0.313628
  Stage 3 epoch 200/300: loss=0.368593
  Stage 3 epoch 300/300: loss=0.302922
    MFPT: GT=1.247 learned=1.497 err=20.0%
    Rate: GT=1.8851 learned=1.3396 err=28.9%

  --- C ---
      Epoch 100/500: loss=0.060162
      Epoch 200/500: loss=0.035724
      Epoch 300/500: loss=0.035905
      Epoch 400/500: loss=0.036078
      Epoch 500/500: loss=0.036051
    recon=0.033240
    E_mu=3.9492  E_Sigma=9.5111
  Stage 2 epoch 100/300: loss=0.162850
  Stage 2 epoch 200/300: loss=0.176472
  Stage 2 epoch 300/300: loss=0.177296
  Stage 3 epoch 100/300: loss=0.267075
  Stage 3 epoch 200/300: loss=0.295396
  Stage 3 epoch 300/300: loss=0.235421
    MFPT: GT=1.247 learned=0.033 err=97.3%
    Rate: GT=1.8851 learned=0.8506 err=54.9%

  --- T+F ---
      Epoch 100/500: loss=0.055468
      Epoch 200/500: loss=0.009857
      Epoch 300/500: loss=0.004375
      Epoch 400/500: loss=0.008451
      Epoch 500/500: loss=0.002090
    recon=0.000019
    E_mu=0.0347  E_Sigma=0.0222
  Stage 2 epoch 100/300: loss=0.722286
  Stage 2 epoch 200/300: loss=0.457667
  Stage 2 epoch 300/300: loss=0.356228
  Stage 3 epoch 100/300: loss=0.034140
  Stage 3 epoch 200/300: loss=0.026704
  Stage 3 epoch 300/300: loss=0.021881
    MFPT: GT=1.247 learned=0.687 err=44.9%
    Rate: GT=1.8851 learned=1.9539 err=3.6%

============================================================
  paraboloid | seed=4042
============================================================

  --- baseline ---
      Epoch 100/500: loss=0.007033
      Epoch 200/500: loss=0.004010
      Epoch 300/500: loss=0.002757
      Epoch 400/500: loss=0.000793
      Epoch 500/500: loss=0.000392
    recon=0.000383
    E_mu=0.7292  E_Sigma=0.5069
  Stage 2 epoch 100/300: loss=0.635052
  Stage 2 epoch 200/300: loss=0.414827
  Stage 2 epoch 300/300: loss=0.230788
  Stage 3 epoch 100/300: loss=0.050452
  Stage 3 epoch 200/300: loss=0.036382
  Stage 3 epoch 300/300: loss=0.047438
    MFPT: GT=1.217 learned=0.642 err=47.3%
    Rate: GT=1.8991 learned=0.5652 err=70.2%

  --- T ---
      Epoch 100/500: loss=0.015290
      Epoch 200/500: loss=0.004627
      Epoch 300/500: loss=0.003810
      Epoch 400/500: loss=0.002169
      Epoch 500/500: loss=0.001905
    recon=0.000351
    E_mu=0.0509  E_Sigma=0.0475
  Stage 2 epoch 100/300: loss=0.531852
  Stage 2 epoch 200/300: loss=0.318433
  Stage 2 epoch 300/300: loss=0.190050
  Stage 3 epoch 100/300: loss=0.027251
  Stage 3 epoch 200/300: loss=0.010562
  Stage 3 epoch 300/300: loss=0.006535
    MFPT: GT=1.217 learned=0.708 err=41.8%
    Rate: GT=1.8991 learned=2.2491 err=18.4%

  --- F ---
      Epoch 100/500: loss=0.047386
      Epoch 200/500: loss=0.007599
      Epoch 300/500: loss=0.007374
      Epoch 400/500: loss=0.007512
      Epoch 500/500: loss=0.006304
    recon=0.006186
    E_mu=4.7446  E_Sigma=14.9980
  Stage 2 epoch 100/300: loss=0.199779
  Stage 2 epoch 200/300: loss=0.169155
  Stage 2 epoch 300/300: loss=0.139757
  Stage 3 epoch 100/300: loss=0.299779
  Stage 3 epoch 200/300: loss=0.277387
  Stage 3 epoch 300/300: loss=0.325536
    MFPT: GT=1.217 learned=1.140 err=6.4%
    Rate: GT=1.8991 learned=1.0266 err=45.9%

  --- C ---
      Epoch 100/500: loss=0.063781
      Epoch 200/500: loss=0.059787
      Epoch 300/500: loss=0.033072
      Epoch 400/500: loss=0.028774
      Epoch 500/500: loss=0.029700
    recon=0.026381
    E_mu=5.1952  E_Sigma=17.4850
  Stage 2 epoch 100/300: loss=0.163860
  Stage 2 epoch 200/300: loss=0.118950
  Stage 2 epoch 300/300: loss=0.126277
  Stage 3 epoch 100/300: loss=0.344400
  Stage 3 epoch 200/300: loss=0.322693
  Stage 3 epoch 300/300: loss=0.372984
    MFPT: GT=1.217 learned=0.163 err=86.6%
    Rate: GT=1.8991 learned=0.9023 err=52.5%

  --- T+F ---
      Epoch 100/500: loss=0.061375
      Epoch 200/500: loss=0.016247
      Epoch 300/500: loss=0.006712
      Epoch 400/500: loss=0.003641
      Epoch 500/500: loss=0.002336
    recon=0.000027
    E_mu=0.0519  E_Sigma=0.0280
  Stage 2 epoch 100/300: loss=0.540387
  Stage 2 epoch 200/300: loss=0.430202
  Stage 2 epoch 300/300: loss=0.266636
  Stage 3 epoch 100/300: loss=0.025665
  Stage 3 epoch 200/300: loss=0.005748
  Stage 3 epoch 300/300: loss=0.003888
    MFPT: GT=1.217 learned=1.174 err=3.5%
    Rate: GT=1.8991 learned=0.6810 err=64.1%

============================================================
  paraboloid | seed=5042
============================================================

  --- baseline ---
      Epoch 100/500: loss=0.010789
      Epoch 200/500: loss=0.005088
      Epoch 300/500: loss=0.002424
      Epoch 400/500: loss=0.000528
      Epoch 500/500: loss=0.000277
    recon=0.000261
    E_mu=0.7955  E_Sigma=0.6359
  Stage 2 epoch 100/300: loss=0.515710
  Stage 2 epoch 200/300: loss=0.396876
  Stage 2 epoch 300/300: loss=0.281369
  Stage 3 epoch 100/300: loss=0.031957
  Stage 3 epoch 200/300: loss=0.025398
  Stage 3 epoch 300/300: loss=0.021385
    MFPT: GT=1.245 learned=0.649 err=47.9%
    Rate: GT=1.8954 learned=2.0351 err=7.4%

  --- T ---
      Epoch 100/500: loss=0.012887
      Epoch 200/500: loss=0.002533
      Epoch 300/500: loss=0.001862
      Epoch 400/500: loss=0.001387
      Epoch 500/500: loss=0.001623
    recon=0.000234
    E_mu=0.0381  E_Sigma=0.0195
  Stage 2 epoch 100/300: loss=0.502230
  Stage 2 epoch 200/300: loss=0.396833
  Stage 2 epoch 300/300: loss=0.294258
  Stage 3 epoch 100/300: loss=0.012167
  Stage 3 epoch 200/300: loss=0.005421
  Stage 3 epoch 300/300: loss=0.002565
    MFPT: GT=1.245 learned=0.539 err=56.7%
    Rate: GT=1.8954 learned=2.6068 err=37.5%

  --- F ---
      Epoch 100/500: loss=0.045642
      Epoch 200/500: loss=0.010058
      Epoch 300/500: loss=0.009653
      Epoch 400/500: loss=0.010257
      Epoch 500/500: loss=0.009475
    recon=0.009241
    E_mu=5.0601  E_Sigma=17.3662
  Stage 2 epoch 100/300: loss=0.246257
  Stage 2 epoch 200/300: loss=0.240447
  Stage 2 epoch 300/300: loss=0.192803
  Stage 3 epoch 100/300: loss=0.302405
  Stage 3 epoch 200/300: loss=0.301881
  Stage 3 epoch 300/300: loss=0.262086
    MFPT: GT=1.245 learned=1.015 err=18.5%
    Rate: GT=1.8954 learned=1.6495 err=13.0%

  --- C ---
      Epoch 100/500: loss=0.060077
      Epoch 200/500: loss=0.015128
      Epoch 300/500: loss=0.011661
      Epoch 400/500: loss=0.012686
      Epoch 500/500: loss=0.012104
    recon=0.010687
    E_mu=5.0828  E_Sigma=17.3884
  Stage 2 epoch 100/300: loss=0.270964
  Stage 2 epoch 200/300: loss=0.286824
  Stage 2 epoch 300/300: loss=0.271660
  Stage 3 epoch 100/300: loss=0.309180
  Stage 3 epoch 200/300: loss=0.306796
  Stage 3 epoch 300/300: loss=0.266817
    MFPT: GT=1.245 learned=2.406 err=93.2%
    Rate: GT=1.8954 learned=0.8547 err=54.9%

  --- T+F ---
      Epoch 100/500: loss=0.045165
      Epoch 200/500: loss=0.008258
      Epoch 300/500: loss=0.008021
      Epoch 400/500: loss=0.002389
      Epoch 500/500: loss=0.002393
    recon=0.000113
    E_mu=0.0418  E_Sigma=0.0290
  Stage 2 epoch 100/300: loss=0.384132
  Stage 2 epoch 200/300: loss=0.355867
  Stage 2 epoch 300/300: loss=0.288476
  Stage 3 epoch 100/300: loss=0.007094
  Stage 3 epoch 200/300: loss=0.002837
  Stage 3 epoch 300/300: loss=0.002000
    MFPT: GT=1.245 learned=0.837 err=32.8%
    Rate: GT=1.8954 learned=1.6699 err=11.9%

============================================================
  paraboloid | seed=6042
============================================================

  --- baseline ---
      Epoch 100/500: loss=0.011447
      Epoch 200/500: loss=0.005471
      Epoch 300/500: loss=0.000885
      Epoch 400/500: loss=0.000353
      Epoch 500/500: loss=0.000202
    recon=0.000160
    E_mu=0.4865  E_Sigma=0.4937
  Stage 2 epoch 100/300: loss=0.616521
  Stage 2 epoch 200/300: loss=0.422354
  Stage 2 epoch 300/300: loss=0.302700
  Stage 3 epoch 100/300: loss=0.037824
  Stage 3 epoch 200/300: loss=0.029905
  Stage 3 epoch 300/300: loss=0.026873
    MFPT: GT=1.185 learned=0.733 err=38.1%
    Rate: GT=1.9000 learned=1.8966 err=0.2%

  --- T ---
      Epoch 100/500: loss=0.015974
      Epoch 200/500: loss=0.005304
      Epoch 300/500: loss=0.002800
      Epoch 400/500: loss=0.007536
      Epoch 500/500: loss=0.002643
    recon=0.000512
    E_mu=0.0786  E_Sigma=0.0480
  Stage 2 epoch 100/300: loss=0.484732
  Stage 2 epoch 200/300: loss=0.334679
  Stage 2 epoch 300/300: loss=0.252358
  Stage 3 epoch 100/300: loss=0.024931
  Stage 3 epoch 200/300: loss=0.019141
  Stage 3 epoch 300/300: loss=0.016145
    MFPT: GT=1.185 learned=0.902 err=23.9%
    Rate: GT=1.9000 learned=1.8662 err=1.8%

  --- F ---
      Epoch 100/500: loss=0.037533
      Epoch 200/500: loss=0.032798
      Epoch 300/500: loss=0.022361
      Epoch 400/500: loss=0.011839
      Epoch 500/500: loss=0.010980
    recon=0.010050
    E_mu=4.6705  E_Sigma=17.6291
  Stage 2 epoch 100/300: loss=0.239859
  Stage 2 epoch 200/300: loss=0.237470
  Stage 2 epoch 300/300: loss=0.177795
  Stage 3 epoch 100/300: loss=0.373413
  Stage 3 epoch 200/300: loss=0.378167
  Stage 3 epoch 300/300: loss=0.374412
    MFPT: GT=1.185 learned=1.524 err=28.6%
    Rate: GT=1.9000 learned=1.3958 err=26.5%

  --- C ---
      Epoch 100/500: loss=0.071329
      Epoch 200/500: loss=0.045551
      Epoch 300/500: loss=0.034623
      Epoch 400/500: loss=0.034288
      Epoch 500/500: loss=0.032920
    recon=0.032978
    E_mu=4.9523  E_Sigma=15.6406
  Stage 2 epoch 100/300: loss=0.102999
  Stage 2 epoch 200/300: loss=0.122620
  Stage 2 epoch 300/300: loss=0.113819
  Stage 3 epoch 100/300: loss=0.364290
  Stage 3 epoch 200/300: loss=0.367354
  Stage 3 epoch 300/300: loss=0.362159
    MFPT: GT=1.185 learned=0.247 err=79.1%
    Rate: GT=1.9000 learned=0.8467 err=55.4%

  --- T+F ---
      Epoch 100/500: loss=0.068786
      Epoch 200/500: loss=0.010875
      Epoch 300/500: loss=0.006130
      Epoch 400/500: loss=0.007463
      Epoch 500/500: loss=0.001657
    recon=0.000027
    E_mu=0.0425  E_Sigma=0.0217
  Stage 2 epoch 100/300: loss=0.526610
  Stage 2 epoch 200/300: loss=0.461804
  Stage 2 epoch 300/300: loss=0.354575
  Stage 3 epoch 100/300: loss=0.029908
  Stage 3 epoch 200/300: loss=0.021059
  Stage 3 epoch 300/300: loss=0.013186
    MFPT: GT=1.185 learned=1.827 err=54.1%
    Rate: GT=1.9000 learned=0.6102 err=67.9%

============================================================
  paraboloid | seed=7042
============================================================

  --- baseline ---
      Epoch 100/500: loss=0.010754
      Epoch 200/500: loss=0.003307
      Epoch 300/500: loss=0.000741
      Epoch 400/500: loss=0.000758
      Epoch 500/500: loss=0.000269
    recon=0.000325
    E_mu=0.4181  E_Sigma=0.3577
  Stage 2 epoch 100/300: loss=0.790239
  Stage 2 epoch 200/300: loss=0.342119
  Stage 2 epoch 300/300: loss=0.280683
  Stage 3 epoch 100/300: loss=0.055948
  Stage 3 epoch 200/300: loss=0.059530
  Stage 3 epoch 300/300: loss=0.050632
    MFPT: GT=1.162 learned=0.500 err=56.9%
    Rate: GT=1.9382 learned=2.6308 err=35.7%

  --- T ---
      Epoch 100/500: loss=0.012395
      Epoch 200/500: loss=0.005540
      Epoch 300/500: loss=0.007244
      Epoch 400/500: loss=0.003885
      Epoch 500/500: loss=0.001738
    recon=0.000248
    E_mu=0.0279  E_Sigma=0.0188
  Stage 2 epoch 100/300: loss=0.821932
  Stage 2 epoch 200/300: loss=0.357384
  Stage 2 epoch 300/300: loss=0.306786
  Stage 3 epoch 100/300: loss=0.022077
  Stage 3 epoch 200/300: loss=0.008021
  Stage 3 epoch 300/300: loss=0.003706
slurmstepd: error: *** JOB 60147 ON dgx22 CANCELLED AT 2026-03-14T19:14:18 ***
